{"par":201,"whiteIs":"A","ptsW":null,"res":"tope","plies":110,"balW":-593,"secs":753.4,"apertura":"0,-2,3>0,-1,3 -2,3,1>-2,2,1 4,-2,0>3,-1,-1 2,3,-3>2,2,-3 1,-2,2>0,0,1 -3,3,1>-2,2,2"}
{"par":201,"whiteIs":"B","ptsW":null,"res":"tope","plies":110,"balW":148,"secs":559,"apertura":"0,-2,3>0,-1,3 -2,3,1>-2,2,1 4,-2,0>3,-1,-1 2,3,-3>2,2,-3 1,-2,2>0,0,1 -3,3,1>-2,2,2"}
{"par":202,"whiteIs":"A","ptsW":null,"res":"tope","plies":110,"balW":77,"secs":804.9,"apertura":"4,-2,0>3,-1,-1 0,3,-1>1,1,0 4,-3,0>4,-2,0 -1,4,-2>0,2,-1 1,-2,3>0,0,2 0,2,-1>-3,2,3"}
{"par":202,"whiteIs":"B","ptsW":null,"res":"tope","plies":110,"balW":433,"secs":626.9,"apertura":"4,-2,0>3,-1,-1 0,3,-1>1,1,0 4,-3,0>4,-2,0 -1,4,-2>0,2,-1 1,-2,3>0,0,2 0,2,-1>-3,2,3"}
{"par":203,"whiteIs":"A","ptsW":null,"res":"tope","plies":110,"balW":-293,"secs":684.7,"apertura":"3,-2,0>2,0,-1 -2,3,0>-1,2,1 3,-3,1>3,-2,0 -2,3,1>-1,1,2 3,-2,0>1,0,0 2,3,-3>3,1,-2"}
{"par":203,"whiteIs":"B","ptsW":null,"res":"tope","plies":110,"balW":-30,"secs":344.4,"apertura":"3,-2,0>2,0,-1 -2,3,0>-1,2,1 3,-3,1>3,-2,0 -2,3,1>-1,1,2 3,-2,0>1,0,0 2,3,-3>3,1,-2"}
{"par":204,"whiteIs":"A","ptsW":null,"res":"tope","plies":110,"balW":-323,"secs":684,"apertura":"2,-2,1>1,0,0 -1,3,0>-1,2,0 4,-3,1>2,-1,0 -2,3,0>-1,1,1 1,-2,2>1,-1,2 0,3,-1>0,2,-1"}
{"par":204,"whiteIs":"B","ptsW":null,"res":"tope","plies":110,"balW":-177,"secs":1342.3,"apertura":"2,-2,1>1,0,0 -1,3,0>-1,2,0 4,-3,1>2,-1,0 -2,3,0>-1,1,1 1,-2,2>1,-1,2 0,3,-1>0,2,-1"}
{"par":205,"whiteIs":"A","ptsW":null,"res":"tope","plies":110,"balW":280,"secs":558,"apertura":"1,-2,2>0,0,1 -2,3,0>-1,1,1 4,-3,1>2,-1,0 0,3,-2>1,2,-1 -1,-2,4>-2,0,3 -1,4,-1>0,3,-2"}
{"par":205,"whiteIs":"B","ptsW":0,"res":"mate","plies":78,"balW":-1668,"secs":837.2,"apertura":"1,-2,2>0,0,1 -2,3,0>-1,1,1 4,-3,1>2,-1,0 0,3,-2>1,2,-1 -1,-2,4>-2,0,3 -1,4,-1>0,3,-2"}
{"par":206,"whiteIs":"A","ptsW":null,"res":"tope","plies":110,"balW":242,"secs":5948.9,"apertura":"1,-3,3>1,-1,2 1,3,-3>2,1,-2 3,-2,1>2,-1,0 -2,4,0>-2,2,1 2,-1,0>2,0,0 -2,3,0>-1,1,1"}
{"par":206,"whiteIs":"B","ptsW":null,"res":"tope","plies":110,"balW":-1974,"secs":8366.6,"apertura":"1,-3,3>1,-1,2 1,3,-3>2,1,-2 3,-2,1>2,-1,0 -2,4,0>-2,2,1 2,-1,0>2,0,0 -2,3,0>-1,1,1"}
{"par":207,"whiteIs":"A","ptsW":null,"res":"tope","plies":110,"balW":-140,"secs":17616.8,"apertura":"4,-2,0>3,-1,-1 -2,3,0>-1,2,1 3,-2,1>2,0,0 -3,4,0>0,1,0 4,-2,-1>4,-1,-1 -1,3,0>-1,2,0"}
{"par":207,"whiteIs":"B","ptsW":0.5,"res":"repetition","plies":76,"balW":17,"secs":937.2,"apertura":"4,-2,0>3,-1,-1 -2,3,0>-1,2,1 3,-2,1>2,0,0 -3,4,0>0,1,0 4,-2,-1>4,-1,-1 -1,3,0>-1,2,0"}
{"par":208,"whiteIs":"A","ptsW":null,"res":"tope","plies":110,"balW":0,"secs":567,"apertura":"-1,-2,4>-2,0,3 2,3,-3>3,1,-2 1,-3,3>1,-1,2 -3,3,2>-2,1,3 1,-1,2>2,-1,0 0,3,-2>1,1,-1"}
{"par":208,"whiteIs":"B","ptsW":null,"res":"tope","plies":110,"balW":-317,"secs":705.4,"apertura":"-1,-2,4>-2,0,3 2,3,-3>3,1,-2 1,-3,3>1,-1,2 -3,3,2>-2,1,3 1,-1,2>2,-1,0 0,3,-2>1,1,-1"}
{"par":209,"whiteIs":"A","ptsW":null,"res":"tope","plies":110,"balW":7,"secs":1130.7,"apertura":"3,-2,0>3,-1,0 0,3,-1>1,1,0 4,-2,0>3,0,-1 1,1,0>1,0,0 2,-2,2>1,-1,1 1,3,-2>2,1,-1"}
{"par":209,"whiteIs":"B","ptsW":null,"res":"tope","plies":110,"balW":-217,"secs":2435.5,"apertura":"3,-2,0>3,-1,0 0,3,-1>1,1,0 4,-2,0>3,0,-1 1,1,0>1,0,0 2,-2,2>1,-1,1 1,3,-2>2,1,-1"}
{"par":210,"whiteIs":"A","ptsW":null,"res":"tope","plies":110,"balW":-341,"secs":2141.2,"apertura":"4,-2,-1>4,-1,-1 0,3,-1>0,2,-1 0,-2,4>-1,-1,3 0,3,-2>1,1,-1 1,-3,3>0,-1,3 0,2,-1>1,1,0"}
{"par":210,"whiteIs":"B","ptsW":null,"res":"tope","plies":110,"balW":901,"secs":1300.9,"apertura":"4,-2,-1>4,-1,-1 0,3,-1>0,2,-1 0,-2,4>-1,-1,3 0,3,-2>1,1,-1 1,-3,3>0,-1,3 0,2,-1>1,1,0"}
{"par":211,"whiteIs":"A","ptsW":1,"res":"mate","plies":97,"balW":612,"secs":709.5,"apertura":"1,-3,3>1,-1,2 0,4,-3>2,2,-2 2,-2,2>1,0,1 0,3,-1>1,1,0 1,-1,2>-1,0,2 0,4,-2>0,0,2"}
{"par":211,"whiteIs":"B","ptsW":null,"res":"tope","plies":110,"balW":-417,"secs":819.1,"apertura":"1,-3,3>1,-1,2 0,4,-3>2,2,-2 2,-2,2>1,0,1 0,3,-1>1,1,0 1,-1,2>-1,0,2 0,4,-2>0,0,2"}
{"par":212,"whiteIs":"A","ptsW":null,"res":"tope","plies":110,"balW":163,"secs":538.5,"apertura":"3,-2,0>3,-1,0 -3,3,2>-3,2,2 4,-3,1>2,-1,0 -2,3,1>-1,1,2 3,-3,1>3,0,-2 0,3,-2>1,2,-1"}
{"par":212,"whiteIs":"B","ptsW":null,"res":"tope","plies":110,"balW":794,"secs":1298.7,"apertura":"3,-2,0>3,-1,0 -3,3,2>-3,2,2 4,-3,1>2,-1,0 -2,3,1>-1,1,2 3,-3,1>3,0,-2 0,3,-2>1,2,-1"}
{"par":213,"whiteIs":"A","ptsW":null,"res":"tope","plies":110,"balW":372,"secs":1696.2,"apertura":"3,-2,0>2,0,-1 -2,4,0>-2,2,1 1,-3,3>1,-1,2 -2,2,1>-2,1,3 3,-2,1>2,-1,0 -2,3,1>-1,1,2"}
{"par":213,"whiteIs":"B","ptsW":null,"res":"tope","plies":110,"balW":-77,"secs":665.2,"apertura":"3,-2,0>2,0,-1 -2,4,0>-2,2,1 1,-3,3>1,-1,2 -2,2,1>-2,1,3 3,-2,1>2,-1,0 -2,3,1>-1,1,2"}
{"par":214,"whiteIs":"A","ptsW":null,"res":"tope","plies":110,"balW":242,"secs":906.3,"apertura":"4,-2,0>3,-1,-1 0,4,-3>2,2,-2 0,-2,3>0,-1,3 -3,3,1>-2,1,2 1,-2,2>0,0,1 -2,3,1>-1,1,2"}
{"par":214,"whiteIs":"B","ptsW":null,"res":"tope","plies":110,"balW":-235,"secs":938.1,"apertura":"4,-2,0>3,-1,-1 0,4,-3>2,2,-2 0,-2,3>0,-1,3 -3,3,1>-2,1,2 1,-2,2>0,0,1 -2,3,1>-1,1,2"}
{"par":215,"whiteIs":"A","ptsW":null,"res":"tope","plies":110,"balW":-193,"secs":1634.7,"apertura":"3,-2,1>2,0,0 -2,4,0>-2,2,1 2,0,0>1,1,-1 1,3,-3>2,1,-2 4,-2,0>3,-1,-1 1,3,-2>1,2,-2"}
{"par":215,"whiteIs":"B","ptsW":null,"res":"tope","plies":110,"balW":-177,"secs":1710.2,"apertura":"3,-2,1>2,0,0 -2,4,0>-2,2,1 2,0,0>1,1,-1 1,3,-3>2,1,-2 4,-2,0>3,-1,-1 1,3,-2>1,2,-2"}
{"par":216,"whiteIs":"A","ptsW":null,"res":"tope","plies":110,"balW":-248,"secs":1131.8,"apertura":"0,-2,4>-1,0,3 -2,4,0>-3,2,2 3,-2,0>2,0,-1 0,3,-2>1,2,-1 1,-3,3>-1,-1,4 -1,3,-1>0,1,0"}
{"par":216,"whiteIs":"B","ptsW":null,"res":"tope","plies":110,"balW":-215,"secs":1200.4,"apertura":"0,-2,4>-1,0,3 -2,4,0>-3,2,2 3,-2,0>2,0,-1 0,3,-2>1,2,-1 1,-3,3>-1,-1,4 -1,3,-1>0,1,0"}
{"par":217,"whiteIs":"A","ptsW":null,"res":"tope","plies":110,"balW":623,"secs":708.4,"apertura":"2,-2,1>1,0,0 1,3,-3>2,1,-2 3,-3,2>2,-1,1 -1,3,-1>0,1,0 0,-2,4>-1,-1,3 -3,3,1>-2,2,2"}
{"par":217,"whiteIs":"B","ptsW":null,"res":"tope","plies":110,"balW":130,"secs":781,"apertura":"2,-2,1>1,0,0 1,3,-3>2,1,-2 3,-3,2>2,-1,1 -1,3,-1>0,1,0 0,-2,4>-1,-1,3 -3,3,1>-2,2,2"}
{"par":218,"whiteIs":"A","ptsW":null,"res":"tope","plies":110,"balW":117,"secs":508.8,"apertura":"4,-3,1>3,-1,-1 1,3,-2>2,1,-1 3,-2,1>2,0,0 -1,3,0>0,1,1 1,-3,3>2,-1,1 2,3,-3>2,2,-3"}
{"par":218,"whiteIs":"B","ptsW":null,"res":"tope","plies":110,"balW":0,"secs":756.5,"apertura":"4,-3,1>3,-1,-1 1,3,-2>2,1,-1 3,-2,1>2,0,0 -1,3,0>0,1,1 1,-3,3>2,-1,1 2,3,-3>2,2,-3"}
{"par":219,"whiteIs":"A","ptsW":null,"res":"tope","plies":110,"balW":-93,"secs":535.3,"apertura":"4,-2,-1>3,0,-2 1,3,-3>2,2,-2 1,-3,3>0,-1,3 -2,4,0>-2,2,1 -1,-2,4>-2,0,3 0,3,-1>0,2,-1"}
{"par":219,"whiteIs":"B","ptsW":null,"res":"tope","plies":110,"balW":-200,"secs":535.7,"apertura":"4,-2,-1>3,0,-2 1,3,-3>2,2,-2 1,-3,3>0,-1,3 -2,4,0>-2,2,1 -1,-2,4>-2,0,3 0,3,-1>0,2,-1"}
{"par":220,"whiteIs":"A","ptsW":null,"res":"tope","plies":110,"balW":365,"secs":1475.4,"apertura":"0,-2,3>0,-1,3 -1,3,-1>0,1,0 3,-2,1>2,-1,0 2,3,-3>2,2,-3 1,-3,3>2,-1,1 0,1,0>1,0,1"}
{"par":220,"whiteIs":"B","ptsW":null,"res":"tope","plies":110,"balW":-370,"secs":846.3,"apertura":"0,-2,3>0,-1,3 -1,3,-1>0,1,0 3,-2,1>2,-1,0 2,3,-3>2,2,-3 1,-3,3>2,-1,1 0,1,0>1,0,1"}
{"par":221,"whiteIs":"A","ptsW":null,"res":"tope","plies":110,"balW":-123,"secs":816,"apertura":"2,-2,1>2,-1,1 -3,3,1>-2,1,2 3,-3,2>2,-2,1 -2,4,0>-1,2,0 3,-2,1>2,0,0 -2,3,1>-2,2,1"}
{"par":221,"whiteIs":"B","ptsW":null,"res":"tope","plies":110,"balW":583,"secs":1195,"apertura":"2,-2,1>2,-1,1 -3,3,1>-2,1,2 3,-3,2>2,-2,1 -2,4,0>-1,2,0 3,-2,1>2,0,0 -2,3,1>-2,2,1"}
