{"par":301,"whiteIs":"A","ptsW":null,"res":"tope","plies":110,"balW":0,"secs":1657.4,"apertura":"4,-3,1>2,-1,0 -2,4,0>0,2,-1 0,-2,4>-1,-1,3 0,2,-1>-2,4,0 -1,-2,4>-2,0,3 2,3,-3>2,2,-3"}
{"par":301,"whiteIs":"B","ptsW":null,"res":"tope","plies":110,"balW":-100,"secs":833,"apertura":"4,-3,1>2,-1,0 -2,4,0>0,2,-1 0,-2,4>-1,-1,3 0,2,-1>-2,4,0 -1,-2,4>-2,0,3 2,3,-3>2,2,-3"}
{"par":302,"whiteIs":"A","ptsW":null,"res":"tope","plies":110,"balW":152,"secs":554.3,"apertura":"2,-2,1>1,0,0 -1,3,0>-1,2,0 1,-2,2>1,-1,2 0,4,-3>1,2,-1 3,-3,2>2,-1,1 1,3,-2>2,1,-1"}
{"par":302,"whiteIs":"B","ptsW":0,"res":"mate","plies":108,"balW":-335,"secs":2253.4,"apertura":"2,-2,1>1,0,0 -1,3,0>-1,2,0 1,-2,2>1,-1,2 0,4,-3>1,2,-1 3,-3,2>2,-1,1 1,3,-2>2,1,-1"}
{"par":303,"whiteIs":"A","ptsW":null,"res":"tope","plies":110,"balW":130,"secs":637.2,"apertura":"4,-2,0>3,-1,-1 1,3,-3>2,2,-2 1,-3,3>0,-1,3 2,3,-3>2,2,-3 0,-1,3>-2,-1,4 -1,3,-1>0,2,0"}
{"par":303,"whiteIs":"B","ptsW":0,"res":"mate","plies":78,"balW":-660,"secs":879.9,"apertura":"4,-2,0>3,-1,-1 1,3,-3>2,2,-2 1,-3,3>0,-1,3 2,3,-3>2,2,-3 0,-1,3>-2,-1,4 -1,3,-1>0,2,0"}
{"par":304,"whiteIs":"A","ptsW":null,"res":"tope","plies":110,"balW":875,"secs":4090.8,"apertura":"-1,-2,4>-2,0,3 0,3,-2>1,1,-1 2,-2,2>1,-1,1 -2,4,0>-1,2,0 4,-2,0>3,-1,-1 2,3,-3>2,2,-3"}
{"par":304,"whiteIs":"B","ptsW":null,"res":"tope","plies":110,"balW":-1538,"secs":11140.7,"apertura":"-1,-2,4>-2,0,3 0,3,-2>1,1,-1 2,-2,2>1,-1,1 -2,4,0>-1,2,0 4,-2,0>3,-1,-1 2,3,-3>2,2,-3"}
{"par":305,"whiteIs":"A","ptsW":1,"res":"mate","plies":75,"balW":2099,"secs":7131.7,"apertura":"1,-2,3>0,0,2 0,3,-2>1,2,-1 1,-3,3>1,-1,2 -2,4,0>0,3,-2 0,0,2>-1,1,1 0,4,-3>2,2,-2"}
{"par":305,"whiteIs":"B","ptsW":null,"res":"tope","plies":110,"balW":170,"secs":9337.1,"apertura":"1,-2,3>0,0,2 0,3,-2>1,2,-1 1,-3,3>1,-1,2 -2,4,0>0,3,-2 0,0,2>-1,1,1 0,4,-3>2,2,-2"}
{"par":306,"whiteIs":"A","ptsW":0,"res":"mate","plies":76,"balW":59,"secs":855.1,"apertura":"1,-2,3>0,-1,2 -1,3,0>0,1,1 3,-2,0>3,-1,0 2,3,-3>2,2,-3 4,-3,1>2,-1,0 0,4,-3>2,2,-2"}
{"par":306,"whiteIs":"B","ptsW":null,"res":"tope","plies":110,"balW":200,"secs":731.1,"apertura":"1,-2,3>0,-1,2 -1,3,0>0,1,1 3,-2,0>3,-1,0 2,3,-3>2,2,-3 4,-3,1>2,-1,0 0,4,-3>2,2,-2"}
{"par":307,"whiteIs":"A","ptsW":null,"res":"tope","plies":110,"balW":-235,"secs":871.7,"apertura":"3,-2,0>3,-1,0 -1,3,0>0,1,1 4,-2,-1>4,-1,-1 -2,4,0>-1,2,0 3,-3,1>3,-1,-1 -2,3,1>-1,1,2"}
{"par":307,"whiteIs":"B","ptsW":null,"res":"tope","plies":110,"balW":-25,"secs":714.3,"apertura":"3,-2,0>3,-1,0 -1,3,0>0,1,1 4,-2,-1>4,-1,-1 -2,4,0>-1,2,0 3,-3,1>3,-1,-1 -2,3,1>-1,1,2"}
{"par":308,"whiteIs":"A","ptsW":null,"res":"tope","plies":110,"balW":477,"secs":719.8,"apertura":"1,-2,3>0,0,2 -1,3,-1>0,2,0 2,-3,2>1,-2,3 0,4,-3>2,2,-2 1,-3,3>2,-1,1 -2,4,0>-1,2,0"}
{"par":308,"whiteIs":"B","ptsW":1,"res":"mate","plies":97,"balW":2945,"secs":677.8,"apertura":"1,-2,3>0,0,2 -1,3,-1>0,2,0 2,-3,2>1,-2,3 0,4,-3>2,2,-2 1,-3,3>2,-1,1 -2,4,0>-1,2,0"}
{"par":309,"whiteIs":"A","ptsW":null,"res":"tope","plies":110,"balW":-100,"secs":1298.9,"apertura":"4,-2,0>3,-1,-1 -2,4,0>-2,2,1 1,-2,2>1,-1,2 0,3,-1>0,2,-1 2,-2,1>1,0,0 1,3,-2>1,2,-2"}
{"par":309,"whiteIs":"B","ptsW":null,"res":"tope","plies":110,"balW":118,"secs":1111,"apertura":"4,-2,0>3,-1,-1 -2,4,0>-2,2,1 1,-2,2>1,-1,2 0,3,-1>0,2,-1 2,-2,1>1,0,0 1,3,-2>1,2,-2"}
{"par":310,"whiteIs":"A","ptsW":null,"res":"tope","plies":110,"balW":-323,"secs":2125.4,"apertura":"1,-3,3>-1,-1,4 -1,3,-1>0,2,0 3,-2,1>2,0,0 -1,3,0>0,1,1 2,-2,2>1,-1,1 0,3,-2>1,1,-1"}
{"par":310,"whiteIs":"B","ptsW":null,"res":"tope","plies":110,"balW":566,"secs":1785.9,"apertura":"1,-3,3>-1,-1,4 -1,3,-1>0,2,0 3,-2,1>2,0,0 -1,3,0>0,1,1 2,-2,2>1,-1,1 0,3,-2>1,1,-1"}
{"par":311,"whiteIs":"A","ptsW":null,"res":"tope","plies":110,"balW":118,"secs":1027.5,"apertura":"1,-2,3>0,0,2 -1,3,0>-1,2,0 2,-3,2>1,-2,3 -3,3,1>-2,1,2 0,-2,3>0,-1,3 2,3,-3>2,2,-3"}
{"par":311,"whiteIs":"B","ptsW":null,"res":"tope","plies":110,"balW":-265,"secs":234.7,"apertura":"1,-2,3>0,0,2 -1,3,0>-1,2,0 2,-3,2>1,-2,3 -3,3,1>-2,1,2 0,-2,3>0,-1,3 2,3,-3>2,2,-3"}
{"par":312,"whiteIs":"A","ptsW":null,"res":"tope","plies":110,"balW":-23,"secs":360.6,"apertura":"1,-3,3>1,-1,2 0,3,-1>0,2,-1 0,-2,4>-1,0,3 1,3,-3>2,2,-2 1,-3,4>0,-2,4 -3,3,2>-2,1,3"}
{"par":312,"whiteIs":"B","ptsW":null,"res":"tope","plies":110,"balW":341,"secs":269.3,"apertura":"1,-3,3>1,-1,2 0,3,-1>0,2,-1 0,-2,4>-1,0,3 1,3,-3>2,2,-2 1,-3,4>0,-2,4 -3,3,2>-2,1,3"}
{"par":313,"whiteIs":"A","ptsW":null,"res":"tope","plies":110,"balW":-248,"secs":2677.8,"apertura":"0,-2,3>-1,0,2 -2,3,0>-1,2,1 1,-3,3>1,-1,2 -3,3,1>-2,2,2 1,-1,2>-1,-1,3 -2,4,0>0,2,-1"}
{"par":313,"whiteIs":"B","ptsW":null,"res":"tope","plies":110,"balW":23,"secs":2820.4,"apertura":"0,-2,3>-1,0,2 -2,3,0>-1,2,1 1,-3,3>1,-1,2 -3,3,1>-2,2,2 1,-1,2>-1,-1,3 -2,4,0>0,2,-1"}
{"par":314,"whiteIs":"A","ptsW":null,"res":"tope","plies":110,"balW":535,"secs":862.4,"apertura":"1,-2,2>1,-1,2 2,3,-3>3,1,-2 1,-3,3>2,-1,1 -2,4,0>-2,2,1 2,-1,1>2,0,-1 0,4,-3>2,3,-3"}
{"par":314,"whiteIs":"B","ptsW":null,"res":"tope","plies":110,"balW":-242,"secs":1818.6,"apertura":"1,-2,2>1,-1,2 2,3,-3>3,1,-2 1,-3,3>2,-1,1 -2,4,0>-2,2,1 2,-1,1>2,0,-1 0,4,-3>2,3,-3"}
{"par":315,"whiteIs":"A","ptsW":null,"res":"tope","plies":110,"balW":365,"secs":1064.2,"apertura":"4,-2,0>3,-1,-1 -1,3,-1>0,1,0 2,-2,1>1,0,0 0,3,-2>1,2,-1 1,-3,3>2,-1,1 0,3,-1>0,2,-1"}
{"par":315,"whiteIs":"B","ptsW":null,"res":"tope","plies":110,"balW":323,"secs":2008.7,"apertura":"4,-2,0>3,-1,-1 -1,3,-1>0,1,0 2,-2,1>1,0,0 0,3,-2>1,2,-1 1,-3,3>2,-1,1 0,3,-1>0,2,-1"}
{"par":316,"whiteIs":"A","ptsW":null,"res":"tope","plies":110,"balW":-1141,"secs":683,"apertura":"0,-2,3>-1,0,2 0,4,-3>1,2,-1 1,-3,3>-1,-1,4 0,3,-1>1,1,0 2,-2,1>2,-1,1 1,3,-2>2,1,-1"}
{"par":316,"whiteIs":"B","ptsW":null,"res":"tope","plies":110,"balW":35,"secs":974.8,"apertura":"0,-2,3>-1,0,2 0,4,-3>1,2,-1 1,-3,3>-1,-1,4 0,3,-1>1,1,0 2,-2,1>2,-1,1 1,3,-2>2,1,-1"}
{"par":317,"whiteIs":"A","ptsW":null,"res":"tope","plies":110,"balW":-300,"secs":615.1,"apertura":"1,-2,3>0,0,2 -2,3,1>-1,1,2 2,-2,2>1,0,1 -2,4,0>-2,2,1 1,-3,3>1,-1,2 0,3,-2>1,2,-1"}
{"par":317,"whiteIs":"B","ptsW":null,"res":"tope","plies":110,"balW":-300,"secs":615,"apertura":"1,-2,3>0,0,2 -2,3,1>-1,1,2 2,-2,2>1,0,1 -2,4,0>-2,2,1 1,-3,3>1,-1,2 0,3,-2>1,2,-1"}
{"par":318,"whiteIs":"A","ptsW":null,"res":"tope","plies":110,"balW":165,"secs":586.6,"apertura":"1,-2,3>0,-1,2 -1,3,0>-1,2,0 2,-2,2>1,-1,1 0,3,-1>0,2,-1 1,-1,1>1,0,1 -2,4,-1>-1,3,0"}
{"par":318,"whiteIs":"B","ptsW":null,"res":"tope","plies":110,"balW":-317,"secs":488.1,"apertura":"1,-2,3>0,-1,2 -1,3,0>-1,2,0 2,-2,2>1,-1,1 0,3,-1>0,2,-1 1,-1,1>1,0,1 -2,4,-1>-1,3,0"}
{"par":319,"whiteIs":"A","ptsW":null,"res":"tope","plies":110,"balW":235,"secs":472.1,"apertura":"1,-2,2>1,-1,2 -2,4,0>-3,2,2 1,-1,2>0,0,1 -2,3,1>-2,2,1 2,-2,1>1,0,0 -3,2,2>-1,1,2"}
{"par":319,"whiteIs":"B","ptsW":null,"res":"tope","plies":110,"balW":-200,"secs":985.7,"apertura":"1,-2,2>1,-1,2 -2,4,0>-3,2,2 1,-1,2>0,0,1 -2,3,1>-2,2,1 2,-2,1>1,0,0 -3,2,2>-1,1,2"}
{"par":320,"whiteIs":"A","ptsW":0.5,"res":"repetition","plies":101,"balW":125,"secs":513.4,"apertura":"3,-2,1>2,-1,0 2,3,-3>3,1,-2 -1,-2,4>-2,0,3 0,3,-2>1,2,-1 -2,0,3>-2,1,3 -1,3,0>0,1,1"}
{"par":320,"whiteIs":"B","ptsW":null,"res":"tope","plies":110,"balW":200,"secs":1650,"apertura":"3,-2,1>2,-1,0 2,3,-3>3,1,-2 -1,-2,4>-2,0,3 0,3,-2>1,2,-1 -2,0,3>-2,1,3 -1,3,0>0,1,1"}
