{"par":201,"whiteIs":"A","ptsW":null,"res":"tope","plies":110,"balW":-358,"secs":742.2,"apertura":"0,-2,3>0,-1,3 -2,3,1>-2,2,1 4,-2,0>3,-1,-1 2,3,-3>2,2,-3 1,-2,2>0,0,1 -3,3,1>-2,2,2"}
{"par":201,"whiteIs":"B","ptsW":1,"res":"mate","plies":65,"balW":-211,"secs":246.5,"apertura":"0,-2,3>0,-1,3 -2,3,1>-2,2,1 4,-2,0>3,-1,-1 2,3,-3>2,2,-3 1,-2,2>0,0,1 -3,3,1>-2,2,2"}
{"par":202,"whiteIs":"A","ptsW":null,"res":"tope","plies":110,"balW":-206,"secs":1284,"apertura":"4,-2,0>3,-1,-1 0,3,-1>1,1,0 4,-3,0>4,-2,0 -1,4,-2>0,2,-1 1,-2,3>0,0,2 0,2,-1>-3,2,3"}
{"par":202,"whiteIs":"B","ptsW":null,"res":"tope","plies":110,"balW":270,"secs":1165,"apertura":"4,-2,0>3,-1,-1 0,3,-1>1,1,0 4,-3,0>4,-2,0 -1,4,-2>0,2,-1 1,-2,3>0,0,2 0,2,-1>-3,2,3"}
{"par":203,"whiteIs":"A","ptsW":null,"res":"tope","plies":110,"balW":172,"secs":962.9,"apertura":"3,-2,0>2,0,-1 -2,3,0>-1,2,1 3,-3,1>3,-2,0 -2,3,1>-1,1,2 3,-2,0>1,0,0 2,3,-3>3,1,-2"}
{"par":203,"whiteIs":"B","ptsW":null,"res":"tope","plies":110,"balW":393,"secs":1537.1,"apertura":"3,-2,0>2,0,-1 -2,3,0>-1,2,1 3,-3,1>3,-2,0 -2,3,1>-1,1,2 3,-2,0>1,0,0 2,3,-3>3,1,-2"}
{"par":204,"whiteIs":"A","ptsW":null,"res":"tope","plies":110,"balW":-270,"secs":1349.2,"apertura":"2,-2,1>1,0,0 -1,3,0>-1,2,0 4,-3,1>2,-1,0 -2,3,0>-1,1,1 1,-2,2>1,-1,2 0,3,-1>0,2,-1"}
{"par":204,"whiteIs":"B","ptsW":1,"res":"mate","plies":103,"balW":3128,"secs":7483,"apertura":"2,-2,1>1,0,0 -1,3,0>-1,2,0 4,-3,1>2,-1,0 -2,3,0>-1,1,1 1,-2,2>1,-1,2 0,3,-1>0,2,-1"}
{"par":205,"whiteIs":"A","ptsW":null,"res":"tope","plies":110,"balW":-48,"secs":22354.4,"apertura":"1,-2,2>0,0,1 -2,3,0>-1,1,1 4,-3,1>2,-1,0 0,3,-2>1,2,-1 -1,-2,4>-2,0,3 -1,4,-1>0,3,-2"}
{"par":205,"whiteIs":"B","ptsW":null,"res":"tope","plies":110,"balW":-377,"secs":2577.9,"apertura":"1,-2,2>0,0,1 -2,3,0>-1,1,1 4,-3,1>2,-1,0 0,3,-2>1,2,-1 -1,-2,4>-2,0,3 -1,4,-1>0,3,-2"}
{"par":206,"whiteIs":"A","ptsW":null,"res":"tope","plies":110,"balW":-283,"secs":487,"apertura":"1,-3,3>1,-1,2 1,3,-3>2,1,-2 3,-2,1>2,-1,0 -2,4,0>-2,2,1 2,-1,0>2,0,0 -2,3,0>-1,1,1"}
{"par":206,"whiteIs":"B","ptsW":null,"res":"tope","plies":110,"balW":528,"secs":1018.5,"apertura":"1,-3,3>1,-1,2 1,3,-3>2,1,-2 3,-2,1>2,-1,0 -2,4,0>-2,2,1 2,-1,0>2,0,0 -2,3,0>-1,1,1"}
{"par":207,"whiteIs":"A","ptsW":null,"res":"tope","plies":110,"balW":7,"secs":4983.6,"apertura":"4,-2,0>3,-1,-1 -2,3,0>-1,2,1 3,-2,1>2,0,0 -3,4,0>0,1,0 4,-2,-1>4,-1,-1 -1,3,0>-1,2,0"}
{"par":207,"whiteIs":"B","ptsW":null,"res":"tope","plies":110,"balW":-107,"secs":1945.3,"apertura":"4,-2,0>3,-1,-1 -2,3,0>-1,2,1 3,-2,1>2,0,0 -3,4,0>0,1,0 4,-2,-1>4,-1,-1 -1,3,0>-1,2,0"}
{"par":208,"whiteIs":"A","ptsW":null,"res":"tope","plies":110,"balW":172,"secs":1534.4,"apertura":"-1,-2,4>-2,0,3 2,3,-3>3,1,-2 1,-3,3>1,-1,2 -3,3,2>-2,1,3 1,-1,2>2,-1,0 0,3,-2>1,1,-1"}
{"par":208,"whiteIs":"B","ptsW":null,"res":"tope","plies":110,"balW":5,"secs":762.2,"apertura":"-1,-2,4>-2,0,3 2,3,-3>3,1,-2 1,-3,3>1,-1,2 -3,3,2>-2,1,3 1,-1,2>2,-1,0 0,3,-2>1,1,-1"}
{"par":209,"whiteIs":"A","ptsW":null,"res":"tope","plies":110,"balW":-123,"secs":1557.3,"apertura":"3,-2,0>3,-1,0 0,3,-1>1,1,0 4,-2,0>3,0,-1 1,1,0>1,0,0 2,-2,2>1,-1,1 1,3,-2>2,1,-1"}
{"par":209,"whiteIs":"B","ptsW":1,"res":"mate","plies":105,"balW":1156,"secs":1694.4,"apertura":"3,-2,0>3,-1,0 0,3,-1>1,1,0 4,-2,0>3,0,-1 1,1,0>1,0,0 2,-2,2>1,-1,1 1,3,-2>2,1,-1"}
{"par":210,"whiteIs":"A","ptsW":0,"res":"mate","plies":94,"balW":-2039,"secs":1555.4,"apertura":"4,-2,-1>4,-1,-1 0,3,-1>0,2,-1 0,-2,4>-1,-1,3 0,3,-2>1,1,-1 1,-3,3>0,-1,3 0,2,-1>1,1,0"}
{"par":210,"whiteIs":"B","ptsW":null,"res":"tope","plies":110,"balW":-507,"secs":2243.7,"apertura":"4,-2,-1>4,-1,-1 0,3,-1>0,2,-1 0,-2,4>-1,-1,3 0,3,-2>1,1,-1 1,-3,3>0,-1,3 0,2,-1>1,1,0"}
{"par":211,"whiteIs":"A","ptsW":null,"res":"tope","plies":110,"balW":224,"secs":447.4,"apertura":"1,-3,3>1,-1,2 0,4,-3>2,2,-2 2,-2,2>1,0,1 0,3,-1>1,1,0 1,-1,2>-1,0,2 0,4,-2>0,0,2"}
{"par":211,"whiteIs":"B","ptsW":null,"res":"tope","plies":110,"balW":-520,"secs":867.8,"apertura":"1,-3,3>1,-1,2 0,4,-3>2,2,-2 2,-2,2>1,0,1 0,3,-1>1,1,0 1,-1,2>-1,0,2 0,4,-2>0,0,2"}
{"par":212,"whiteIs":"A","ptsW":null,"res":"tope","plies":110,"balW":428,"secs":1345.9,"apertura":"3,-2,0>3,-1,0 -3,3,2>-3,2,2 4,-3,1>2,-1,0 -2,3,1>-1,1,2 3,-3,1>3,0,-2 0,3,-2>1,2,-1"}
{"par":212,"whiteIs":"B","ptsW":1,"res":"mate","plies":89,"balW":1304,"secs":987.1,"apertura":"3,-2,0>3,-1,0 -3,3,2>-3,2,2 4,-3,1>2,-1,0 -2,3,1>-1,1,2 3,-3,1>3,0,-2 0,3,-2>1,2,-1"}
{"par":213,"whiteIs":"A","ptsW":null,"res":"tope","plies":110,"balW":-163,"secs":1441,"apertura":"3,-2,0>2,0,-1 -2,4,0>-2,2,1 1,-3,3>1,-1,2 -2,2,1>-2,1,3 3,-2,1>2,-1,0 -2,3,1>-1,1,2"}
{"par":213,"whiteIs":"B","ptsW":null,"res":"tope","plies":110,"balW":248,"secs":755.3,"apertura":"3,-2,0>2,0,-1 -2,4,0>-2,2,1 1,-3,3>1,-1,2 -2,2,1>-2,1,3 3,-2,1>2,-1,0 -2,3,1>-1,1,2"}
{"par":214,"whiteIs":"A","ptsW":null,"res":"tope","plies":110,"balW":9,"secs":1335.7,"apertura":"4,-2,0>3,-1,-1 0,4,-3>2,2,-2 0,-2,3>0,-1,3 -3,3,1>-2,1,2 1,-2,2>0,0,1 -2,3,1>-1,1,2"}
{"par":214,"whiteIs":"B","ptsW":null,"res":"tope","plies":110,"balW":23,"secs":1195.9,"apertura":"4,-2,0>3,-1,-1 0,4,-3>2,2,-2 0,-2,3>0,-1,3 -3,3,1>-2,1,2 1,-2,2>0,0,1 -2,3,1>-1,1,2"}
{"par":215,"whiteIs":"A","ptsW":null,"res":"tope","plies":110,"balW":-123,"secs":779.6,"apertura":"3,-2,1>2,0,0 -2,4,0>-2,2,1 2,0,0>1,1,-1 1,3,-3>2,1,-2 4,-2,0>3,-1,-1 1,3,-2>1,2,-2"}
{"par":215,"whiteIs":"B","ptsW":null,"res":"tope","plies":110,"balW":-1576,"secs":566.6,"apertura":"3,-2,1>2,0,0 -2,4,0>-2,2,1 2,0,0>1,1,-1 1,3,-3>2,1,-2 4,-2,0>3,-1,-1 1,3,-2>1,2,-2"}
{"par":216,"whiteIs":"A","ptsW":null,"res":"tope","plies":110,"balW":-170,"secs":568.9,"apertura":"0,-2,4>-1,0,3 -2,4,0>-3,2,2 3,-2,0>2,0,-1 0,3,-2>1,2,-1 1,-3,3>-1,-1,4 -1,3,-1>0,1,0"}
{"par":216,"whiteIs":"B","ptsW":1,"res":"mate","plies":75,"balW":918,"secs":845.7,"apertura":"0,-2,4>-1,0,3 -2,4,0>-3,2,2 3,-2,0>2,0,-1 0,3,-2>1,2,-1 1,-3,3>-1,-1,4 -1,3,-1>0,1,0"}
{"par":217,"whiteIs":"A","ptsW":null,"res":"tope","plies":110,"balW":-23,"secs":689.9,"apertura":"2,-2,1>1,0,0 1,3,-3>2,1,-2 3,-3,2>2,-1,1 -1,3,-1>0,1,0 0,-2,4>-1,-1,3 -3,3,1>-2,2,2"}
{"par":217,"whiteIs":"B","ptsW":null,"res":"tope","plies":110,"balW":653,"secs":441.6,"apertura":"2,-2,1>1,0,0 1,3,-3>2,1,-2 3,-3,2>2,-1,1 -1,3,-1>0,1,0 0,-2,4>-1,-1,3 -3,3,1>-2,2,2"}
{"par":218,"whiteIs":"A","ptsW":null,"res":"tope","plies":110,"balW":-265,"secs":625.9,"apertura":"4,-3,1>3,-1,-1 1,3,-2>2,1,-1 3,-2,1>2,0,0 -1,3,0>0,1,1 1,-3,3>2,-1,1 2,3,-3>2,2,-3"}
