{"par":301,"whiteIs":"A","ptsW":null,"res":"tope","plies":110,"balW":17,"secs":325.3,"apertura":"4,-3,1>2,-1,0 -2,4,0>0,2,-1 0,-2,4>-1,-1,3 0,2,-1>-2,4,0 -1,-2,4>-2,0,3 2,3,-3>2,2,-3"}
{"par":301,"whiteIs":"B","ptsW":null,"res":"tope","plies":110,"balW":23,"secs":1965.6,"apertura":"4,-3,1>2,-1,0 -2,4,0>0,2,-1 0,-2,4>-1,-1,3 0,2,-1>-2,4,0 -1,-2,4>-2,0,3 2,3,-3>2,2,-3"}
{"par":302,"whiteIs":"A","ptsW":null,"res":"tope","plies":110,"balW":17,"secs":1242,"apertura":"2,-2,1>1,0,0 -1,3,0>-1,2,0 1,-2,2>1,-1,2 0,4,-3>1,2,-1 3,-3,2>2,-1,1 1,3,-2>2,1,-1"}
{"par":302,"whiteIs":"B","ptsW":null,"res":"tope","plies":110,"balW":466,"secs":508.1,"apertura":"2,-2,1>1,0,0 -1,3,0>-1,2,0 1,-2,2>1,-1,2 0,4,-3>1,2,-1 3,-3,2>2,-1,1 1,3,-2>2,1,-1"}
{"par":303,"whiteIs":"A","ptsW":null,"res":"tope","plies":110,"balW":117,"secs":382.8,"apertura":"4,-2,0>3,-1,-1 1,3,-3>2,2,-2 1,-3,3>0,-1,3 2,3,-3>2,2,-3 0,-1,3>-2,-1,4 -1,3,-1>0,2,0"}
{"par":303,"whiteIs":"B","ptsW":0,"res":"mate","plies":102,"balW":-242,"secs":1113.3,"apertura":"4,-2,0>3,-1,-1 1,3,-3>2,2,-2 1,-3,3>0,-1,3 2,3,-3>2,2,-3 0,-1,3>-2,-1,4 -1,3,-1>0,2,0"}
{"par":304,"whiteIs":"A","ptsW":null,"res":"tope","plies":110,"balW":65,"secs":1108.5,"apertura":"-1,-2,4>-2,0,3 0,3,-2>1,1,-1 2,-2,2>1,-1,1 -2,4,0>-1,2,0 4,-2,0>3,-1,-1 2,3,-3>2,2,-3"}
{"par":304,"whiteIs":"B","ptsW":null,"res":"tope","plies":110,"balW":1739,"secs":761.1,"apertura":"-1,-2,4>-2,0,3 0,3,-2>1,1,-1 2,-2,2>1,-1,1 -2,4,0>-1,2,0 4,-2,0>3,-1,-1 2,3,-3>2,2,-3"}
{"par":305,"whiteIs":"A","ptsW":null,"res":"tope","plies":110,"balW":224,"secs":20702.9,"apertura":"1,-2,3>0,0,2 0,3,-2>1,2,-1 1,-3,3>1,-1,2 -2,4,0>0,3,-2 0,0,2>-1,1,1 0,4,-3>2,2,-2"}
{"par":305,"whiteIs":"B","ptsW":null,"res":"tope","plies":110,"balW":100,"secs":10576.3,"apertura":"1,-2,3>0,0,2 0,3,-2>1,2,-1 1,-3,3>1,-1,2 -2,4,0>0,3,-2 0,0,2>-1,1,1 0,4,-3>2,2,-2"}
{"par":306,"whiteIs":"A","ptsW":null,"res":"tope","plies":110,"balW":107,"secs":2986.7,"apertura":"1,-2,3>0,-1,2 -1,3,0>0,1,1 3,-2,0>3,-1,0 2,3,-3>2,2,-3 4,-3,1>2,-1,0 0,4,-3>2,2,-2"}
{"par":306,"whiteIs":"B","ptsW":null,"res":"tope","plies":110,"balW":28,"secs":3299.8,"apertura":"1,-2,3>0,-1,2 -1,3,0>0,1,1 3,-2,0>3,-1,0 2,3,-3>2,2,-3 4,-3,1>2,-1,0 0,4,-3>2,2,-2"}
{"par":307,"whiteIs":"A","ptsW":null,"res":"tope","plies":110,"balW":-95,"secs":2241.8,"apertura":"3,-2,0>3,-1,0 -1,3,0>0,1,1 4,-2,-1>4,-1,-1 -2,4,0>-1,2,0 3,-3,1>3,-1,-1 -2,3,1>-1,1,2"}
{"par":307,"whiteIs":"B","ptsW":null,"res":"tope","plies":110,"balW":23,"secs":2499.9,"apertura":"3,-2,0>3,-1,0 -1,3,0>0,1,1 4,-2,-1>4,-1,-1 -2,4,0>-1,2,0 3,-3,1>3,-1,-1 -2,3,1>-1,1,2"}
{"par":308,"whiteIs":"A","ptsW":0,"res":"mate","plies":48,"balW":7,"secs":529.3,"apertura":"1,-2,3>0,0,2 -1,3,-1>0,2,0 2,-3,2>1,-2,3 0,4,-3>2,2,-2 1,-3,3>2,-1,1 -2,4,0>-1,2,0"}
{"par":308,"whiteIs":"B","ptsW":null,"res":"tope","plies":110,"balW":93,"secs":2179.7,"apertura":"1,-2,3>0,0,2 -1,3,-1>0,2,0 2,-3,2>1,-2,3 0,4,-3>2,2,-2 1,-3,3>2,-1,1 -2,4,0>-1,2,0"}
{"par":309,"whiteIs":"A","ptsW":null,"res":"tope","plies":110,"balW":-293,"secs":1264.6,"apertura":"4,-2,0>3,-1,-1 -2,4,0>-2,2,1 1,-2,2>1,-1,2 0,3,-1>0,2,-1 2,-2,1>1,0,0 1,3,-2>1,2,-2"}
{"par":309,"whiteIs":"B","ptsW":null,"res":"tope","plies":110,"balW":735,"secs":1760.8,"apertura":"4,-2,0>3,-1,-1 -2,4,0>-2,2,1 1,-2,2>1,-1,2 0,3,-1>0,2,-1 2,-2,1>1,0,0 1,3,-2>1,2,-2"}
{"par":310,"whiteIs":"A","ptsW":null,"res":"tope","plies":110,"balW":290,"secs":649.7,"apertura":"1,-3,3>-1,-1,4 -1,3,-1>0,2,0 3,-2,1>2,0,0 -1,3,0>0,1,1 2,-2,2>1,-1,1 0,3,-2>1,1,-1"}
{"par":310,"whiteIs":"B","ptsW":null,"res":"tope","plies":110,"balW":271,"secs":766,"apertura":"1,-3,3>-1,-1,4 -1,3,-1>0,2,0 3,-2,1>2,0,0 -1,3,0>0,1,1 2,-2,2>1,-1,1 0,3,-2>1,1,-1"}
{"par":311,"whiteIs":"A","ptsW":null,"res":"tope","plies":110,"balW":-123,"secs":2307.7,"apertura":"1,-2,3>0,0,2 -1,3,0>-1,2,0 2,-3,2>1,-2,3 -3,3,1>-2,1,2 0,-2,3>0,-1,3 2,3,-3>2,2,-3"}
{"par":311,"whiteIs":"B","ptsW":null,"res":"tope","plies":110,"balW":618,"secs":692.4,"apertura":"1,-2,3>0,0,2 -1,3,0>-1,2,0 2,-3,2>1,-2,3 -3,3,1>-2,1,2 0,-2,3>0,-1,3 2,3,-3>2,2,-3"}
{"par":312,"whiteIs":"A","ptsW":null,"res":"tope","plies":110,"balW":-100,"secs":1256.3,"apertura":"1,-3,3>1,-1,2 0,3,-1>0,2,-1 0,-2,4>-1,0,3 1,3,-3>2,2,-2 1,-3,4>0,-2,4 -3,3,2>-2,1,3"}
{"par":312,"whiteIs":"B","ptsW":null,"res":"tope","plies":110,"balW":876,"secs":1420.1,"apertura":"1,-3,3>1,-1,2 0,3,-1>0,2,-1 0,-2,4>-1,0,3 1,3,-3>2,2,-2 1,-3,4>0,-2,4 -3,3,2>-2,1,3"}
{"par":313,"whiteIs":"A","ptsW":null,"res":"tope","plies":110,"balW":147,"secs":2784.7,"apertura":"0,-2,3>-1,0,2 -2,3,0>-1,2,1 1,-3,3>1,-1,2 -3,3,1>-2,2,2 1,-1,2>-1,-1,3 -2,4,0>0,2,-1"}
{"par":313,"whiteIs":"B","ptsW":null,"res":"tope","plies":110,"balW":248,"secs":629.9,"apertura":"0,-2,3>-1,0,2 -2,3,0>-1,2,1 1,-3,3>1,-1,2 -3,3,1>-2,2,2 1,-1,2>-1,-1,3 -2,4,0>0,2,-1"}
{"par":314,"whiteIs":"A","ptsW":0,"res":"mate","plies":94,"balW":-1469,"secs":1726.2,"apertura":"1,-2,2>1,-1,2 2,3,-3>3,1,-2 1,-3,3>2,-1,1 -2,4,0>-2,2,1 2,-1,1>2,0,-1 0,4,-3>2,3,-3"}
{"par":314,"whiteIs":"B","ptsW":null,"res":"tope","plies":110,"balW":-77,"secs":747.9,"apertura":"1,-2,2>1,-1,2 2,3,-3>3,1,-2 1,-3,3>2,-1,1 -2,4,0>-2,2,1 2,-1,1>2,0,-1 0,4,-3>2,3,-3"}
{"par":315,"whiteIs":"A","ptsW":0,"res":"mate","plies":88,"balW":-45,"secs":714.9,"apertura":"4,-2,0>3,-1,-1 -1,3,-1>0,1,0 2,-2,1>1,0,0 0,3,-2>1,2,-1 1,-3,3>2,-1,1 0,3,-1>0,2,-1"}
{"par":315,"whiteIs":"B","ptsW":null,"res":"tope","plies":110,"balW":746,"secs":1220.6,"apertura":"4,-2,0>3,-1,-1 -1,3,-1>0,1,0 2,-2,1>1,0,0 0,3,-2>1,2,-1 1,-3,3>2,-1,1 0,3,-1>0,2,-1"}
