{"par":101,"whiteIs":"A","ptsW":null,"res":"tope","plies":110,"balW":1081,"secs":6219.4,"apertura":"3,-2,1>2,0,0 -3,3,1>-2,2,2 2,-2,1>1,0,0 -1,3,0>0,1,1 3,-3,1>-1,1,1 -1,3,-1>0,2,0"}
{"par":101,"whiteIs":"B","ptsW":null,"res":"tope","plies":110,"balW":-32,"secs":3547.5,"apertura":"3,-2,1>2,0,0 -3,3,1>-2,2,2 2,-2,1>1,0,0 -1,3,0>0,1,1 3,-3,1>-1,1,1 -1,3,-1>0,2,0"}
{"par":102,"whiteIs":"A","ptsW":1,"res":"mate","plies":109,"balW":1889,"secs":6724.5,"apertura":"2,-2,1>2,-1,1 0,3,-2>1,1,-1 1,-2,2>0,0,1 1,1,-1>2,0,0 2,-3,3>1,-2,2 -2,3,1>-1,1,2"}
{"par":102,"whiteIs":"B","ptsW":null,"res":"tope","plies":110,"balW":100,"secs":6167.9,"apertura":"2,-2,1>2,-1,1 0,3,-2>1,1,-1 1,-2,2>0,0,1 1,1,-1>2,0,0 2,-3,3>1,-2,2 -2,3,1>-1,1,2"}
{"par":103,"whiteIs":"A","ptsW":0,"res":"mate","plies":84,"balW":-1758,"secs":14508.8,"apertura":"1,-2,2>0,0,1 -3,3,1>-2,2,2 1,-3,3>-1,-1,4 0,4,-3>1,2,-1 -1,-1,4>-3,0,4 -2,4,0>0,2,-1"}
{"par":103,"whiteIs":"B","ptsW":null,"res":"tope","plies":110,"balW":1081,"secs":7596.4,"apertura":"1,-2,2>0,0,1 -3,3,1>-2,2,2 1,-3,3>-1,-1,4 0,4,-3>1,2,-1 -1,-1,4>-3,0,4 -2,4,0>0,2,-1"}
{"par":104,"whiteIs":"A","ptsW":0,"res":"mate","plies":104,"balW":-1816,"secs":5113.2,"apertura":"2,-2,2>1,-1,1 -2,3,0>-1,2,1 0,-2,3>-1,0,2 1,3,-3>2,2,-2 3,-2,1>2,-1,0 -2,4,0>-1,2,0"}
{"par":104,"whiteIs":"B","ptsW":null,"res":"tope","plies":110,"balW":175,"secs":7295.8,"apertura":"2,-2,2>1,-1,1 -2,3,0>-1,2,1 0,-2,3>-1,0,2 1,3,-3>2,2,-2 3,-2,1>2,-1,0 -2,4,0>-1,2,0"}
{"par":105,"whiteIs":"A","ptsW":null,"res":"tope","plies":110,"balW":-871,"secs":9321.7,"apertura":"3,-2,1>2,-1,0 1,3,-2>1,2,-2 2,-3,2>3,-2,1 0,4,-2>1,3,-2 2,-1,0>2,0,0 -2,3,1>-1,1,2"}
{"par":105,"whiteIs":"B","ptsW":0,"res":"mate","plies":102,"balW":-1581,"secs":11768,"apertura":"3,-2,1>2,-1,0 1,3,-2>1,2,-2 2,-3,2>3,-2,1 0,4,-2>1,3,-2 2,-1,0>2,0,0 -2,3,1>-1,1,2"}
{"par":106,"whiteIs":"A","ptsW":0,"res":"mate","plies":102,"balW":-1576,"secs":5196.1,"apertura":"-1,-2,4>-2,0,3 -1,3,-1>0,2,0 -2,0,3>-2,1,3 0,4,-3>1,2,-1 3,-2,0>2,0,-1 0,3,-1>0,2,-1"}
{"par":106,"whiteIs":"B","ptsW":null,"res":"tope","plies":110,"balW":-300,"secs":7380.8,"apertura":"-1,-2,4>-2,0,3 -1,3,-1>0,2,0 -2,0,3>-2,1,3 0,4,-3>1,2,-1 3,-2,0>2,0,-1 0,3,-1>0,2,-1"}
{"par":107,"whiteIs":"A","ptsW":1,"res":"mate","plies":61,"balW":395,"secs":11567.3,"apertura":"4,-2,-1>4,-1,-1 -2,4,0>-2,2,1 4,-1,-1>3,0,-2 -2,3,0>-1,1,1 1,-3,3>1,-1,2 -3,3,1>-2,2,2"}
{"par":107,"whiteIs":"B","ptsW":null,"res":"tope","plies":110,"balW":1218,"secs":1138.4,"apertura":"4,-2,-1>4,-1,-1 -2,4,0>-2,2,1 4,-1,-1>3,0,-2 -2,3,0>-1,1,1 1,-3,3>1,-1,2 -3,3,1>-2,2,2"}
{"par":108,"whiteIs":"A","ptsW":null,"res":"tope","plies":110,"balW":-635,"secs":5999.5,"apertura":"2,-2,2>1,-1,1 0,3,-2>1,1,-1 3,-2,1>2,0,0 0,3,-1>1,1,0 -1,-2,4>-1,-1,4 1,3,-3>2,1,-2"}
{"par":108,"whiteIs":"B","ptsW":0,"res":"mate","plies":98,"balW":-1664,"secs":1626.6,"apertura":"2,-2,2>1,-1,1 0,3,-2>1,1,-1 3,-2,1>2,0,0 0,3,-1>1,1,0 -1,-2,4>-1,-1,4 1,3,-3>2,1,-2"}
{"par":109,"whiteIs":"A","ptsW":null,"res":"tope","plies":110,"balW":-883,"secs":21602.1,"apertura":"3,-2,1>2,-1,0 -2,3,1>-1,1,2 1,-2,2>1,-1,2 -2,4,0>0,2,-1 0,-2,3>-1,0,2 -2,3,0>-1,1,1"}
{"par":109,"whiteIs":"B","ptsW":0,"res":"mate","plies":52,"balW":-77,"secs":2013.3,"apertura":"3,-2,1>2,-1,0 -2,3,1>-1,1,2 1,-2,2>1,-1,2 -2,4,0>0,2,-1 0,-2,3>-1,0,2 -2,3,0>-1,1,1"}
{"par":110,"whiteIs":"A","ptsW":0,"res":"mate","plies":82,"balW":-1083,"secs":2374.1,"apertura":"2,-2,2>1,0,1 1,3,-2>1,2,-2 4,-3,1>2,-1,0 -2,3,0>-1,1,1 1,-3,3>0,-1,3 -3,4,0>-1,2,0"}
{"par":110,"whiteIs":"B","ptsW":null,"res":"tope","plies":110,"balW":-283,"secs":803.3,"apertura":"2,-2,2>1,0,1 1,3,-2>1,2,-2 4,-3,1>2,-1,0 -2,3,0>-1,1,1 1,-3,3>0,-1,3 -3,4,0>-1,2,0"}
{"par":111,"whiteIs":"A","ptsW":1,"res":"mate","plies":71,"balW":883,"secs":1993.3,"apertura":"4,-2,-1>4,-1,-1 -2,3,1>-1,1,2 1,-2,3>0,-1,2 -3,3,1>-2,2,2 4,-2,0>3,-1,-1 -3,4,1>-3,3,1"}
{"par":111,"whiteIs":"B","ptsW":null,"res":"tope","plies":110,"balW":-22,"secs":38642.3,"apertura":"4,-2,-1>4,-1,-1 -2,3,1>-1,1,2 1,-2,3>0,-1,2 -3,3,1>-2,2,2 4,-2,0>3,-1,-1 -3,4,1>-3,3,1"}
{"par":112,"whiteIs":"A","ptsW":null,"res":"tope","plies":110,"balW":365,"secs":1316.7,"apertura":"4,-3,1>2,-1,0 -1,3,-1>0,2,0 1,-2,3>0,0,2 1,3,-2>2,1,-1 2,-2,1>1,0,0 0,4,-2>2,2,-2"}
{"par":112,"whiteIs":"B","ptsW":null,"res":"tope","plies":110,"balW":1151,"secs":3947.8,"apertura":"4,-3,1>2,-1,0 -1,3,-1>0,2,0 1,-2,3>0,0,2 1,3,-2>2,1,-1 2,-2,1>1,0,0 0,4,-2>2,2,-2"}
{"par":113,"whiteIs":"A","ptsW":null,"res":"tope","plies":110,"balW":-235,"secs":2066.3,"apertura":"-1,-2,4>-2,0,3 -2,4,0>-3,2,2 3,-2,0>2,0,-1 -2,3,0>-1,2,1 0,-2,4>-1,-1,3 -3,4,0>-1,2,0"}
