{"par":201,"whiteIs":"A","ptsW":null,"res":"tope","plies":110,"balW":-831,"secs":4313.4,"apertura":"0,-2,3>0,-1,3 -2,3,1>-2,2,1 4,-2,0>3,-1,-1 2,3,-3>2,2,-3 1,-2,2>1,-1,2 -3,3,1>-2,2,2"}
{"par":201,"whiteIs":"B","ptsW":1,"res":"mate","plies":41,"balW":-48,"secs":3597.4,"apertura":"0,-2,3>0,-1,3 -2,3,1>-2,2,1 4,-2,0>3,-1,-1 2,3,-3>2,2,-3 1,-2,2>1,-1,2 -3,3,1>-2,2,2"}
{"par":202,"whiteIs":"A","ptsW":null,"res":"tope","plies":110,"balW":523,"secs":9427.2,"apertura":"4,-2,0>3,-1,-1 0,3,-1>1,1,0 4,-3,0>4,-2,0 -1,4,-2>0,2,-1 1,-2,2>1,-1,2 0,2,-1>0,0,2"}
{"par":202,"whiteIs":"B","ptsW":1,"res":"mate","plies":79,"balW":1639,"secs":1233.1,"apertura":"4,-2,0>3,-1,-1 0,3,-1>1,1,0 4,-3,0>4,-2,0 -1,4,-2>0,2,-1 1,-2,2>1,-1,2 0,2,-1>0,0,2"}
{"par":203,"whiteIs":"A","ptsW":null,"res":"tope","plies":110,"balW":218,"secs":35594.5,"apertura":"3,-2,0>2,0,-1 -2,3,0>-1,2,1 3,-3,1>3,-2,0 -2,3,1>-1,1,2 3,-2,0>1,0,0 2,3,-3>3,1,-2"}
{"par":203,"whiteIs":"B","ptsW":null,"res":"tope","plies":110,"balW":-120,"secs":10569.3,"apertura":"3,-2,0>2,0,-1 -2,3,0>-1,2,1 3,-3,1>3,-2,0 -2,3,1>-1,1,2 3,-2,0>1,0,0 2,3,-3>3,1,-2"}
{"par":204,"whiteIs":"A","ptsW":null,"res":"tope","plies":110,"balW":1431,"secs":7162.3,"apertura":"2,-2,1>1,0,0 -1,3,0>-1,2,0 4,-3,1>2,-1,0 -2,3,0>-1,1,1 1,-2,2>1,-1,2 0,3,-1>0,2,-1"}
{"par":204,"whiteIs":"B","ptsW":1,"res":"mate","plies":33,"balW":451,"secs":4143.7,"apertura":"2,-2,1>1,0,0 -1,3,0>-1,2,0 4,-3,1>2,-1,0 -2,3,0>-1,1,1 1,-2,2>1,-1,2 0,3,-1>0,2,-1"}
{"par":205,"whiteIs":"A","ptsW":null,"res":"tope","plies":110,"balW":-100,"secs":7265.2,"apertura":"1,-2,2>0,0,1 -2,3,0>-1,1,1 4,-3,1>2,-1,0 0,3,-2>1,2,-1 -1,-2,4>-1,-1,4 -1,4,-1>0,3,-2"}
{"par":205,"whiteIs":"B","ptsW":null,"res":"tope","plies":110,"balW":-65,"secs":8961,"apertura":"1,-2,2>0,0,1 -2,3,0>-1,1,1 4,-3,1>2,-1,0 0,3,-2>1,2,-1 -1,-2,4>-1,-1,4 -1,4,-1>0,3,-2"}
{"par":206,"whiteIs":"A","ptsW":null,"res":"tope","plies":110,"balW":200,"secs":6765.2,"apertura":"1,-3,3>1,-1,2 1,3,-3>2,1,-2 3,-2,1>2,-1,0 -2,4,0>-2,2,1 2,-1,0>2,0,0 -2,3,0>-1,2,1"}
{"par":206,"whiteIs":"B","ptsW":null,"res":"tope","plies":110,"balW":488,"secs":4937.1,"apertura":"1,-3,3>1,-1,2 1,3,-3>2,1,-2 3,-2,1>2,-1,0 -2,4,0>-2,2,1 2,-1,0>2,0,0 -2,3,0>-1,2,1"}
{"par":207,"whiteIs":"A","ptsW":null,"res":"tope","plies":110,"balW":410,"secs":4524.3,"apertura":"4,-2,0>3,-1,-1 -2,3,0>-1,2,1 3,-2,1>2,0,0 -3,4,0>0,1,0 4,-2,-1>4,-1,-1 -1,3,0>-1,2,0"}
{"par":207,"whiteIs":"B","ptsW":null,"res":"tope","plies":110,"balW":241,"secs":18575.7,"apertura":"4,-2,0>3,-1,-1 -2,3,0>-1,2,1 3,-2,1>2,0,0 -3,4,0>0,1,0 4,-2,-1>4,-1,-1 -1,3,0>-1,2,0"}
{"par":208,"whiteIs":"A","ptsW":1,"res":"mate","plies":69,"balW":265,"secs":5325.6,"apertura":"-1,-2,4>-2,0,3 2,3,-3>3,1,-2 1,-3,3>1,-1,2 -3,3,2>-2,1,3 1,-1,2>2,-1,0 0,3,-2>1,1,-1"}
{"par":208,"whiteIs":"B","ptsW":1,"res":"mate","plies":73,"balW":1118,"secs":5208.7,"apertura":"-1,-2,4>-2,0,3 2,3,-3>3,1,-2 1,-3,3>1,-1,2 -3,3,2>-2,1,3 1,-1,2>2,-1,0 0,3,-2>1,1,-1"}
{"par":209,"whiteIs":"A","ptsW":null,"res":"tope","plies":110,"balW":225,"secs":6265.2,"apertura":"3,-2,0>3,-1,0 0,3,-1>1,1,0 4,-2,0>3,0,-1 1,1,0>1,0,0 2,-2,2>1,-1,1 1,3,-2>2,1,-1"}
{"par":209,"whiteIs":"B","ptsW":1,"res":"mate","plies":87,"balW":698,"secs":3192.5,"apertura":"3,-2,0>3,-1,0 0,3,-1>1,1,0 4,-2,0>3,0,-1 1,1,0>1,0,0 2,-2,2>1,-1,1 1,3,-2>2,1,-1"}
{"par":210,"whiteIs":"A","ptsW":null,"res":"tope","plies":110,"balW":-358,"secs":8145.7,"apertura":"4,-2,-1>4,-1,-1 0,3,-1>0,2,-1 0,-2,4>-1,-1,3 0,3,-2>1,1,-1 1,-3,3>2,-1,1 0,2,-1>1,1,0"}
{"par":210,"whiteIs":"B","ptsW":null,"res":"tope","plies":110,"balW":-783,"secs":3447.6,"apertura":"4,-2,-1>4,-1,-1 0,3,-1>0,2,-1 0,-2,4>-1,-1,3 0,3,-2>1,1,-1 1,-3,3>2,-1,1 0,2,-1>1,1,0"}
{"par":211,"whiteIs":"A","ptsW":1,"res":"mate","plies":105,"balW":1266,"secs":4880.1,"apertura":"1,-3,3>1,-1,2 0,4,-3>2,2,-2 2,-2,2>1,0,1 0,3,-1>1,1,0 1,-1,2>-1,0,2 0,4,-2>0,-1,3"}
{"par":211,"whiteIs":"B","ptsW":null,"res":"tope","plies":110,"balW":1701,"secs":11490,"apertura":"1,-3,3>1,-1,2 0,4,-3>2,2,-2 2,-2,2>1,0,1 0,3,-1>1,1,0 1,-1,2>-1,0,2 0,4,-2>0,-1,3"}
{"par":212,"whiteIs":"A","ptsW":null,"res":"tope","plies":110,"balW":966,"secs":5736.6,"apertura":"3,-2,0>3,-1,0 -3,3,2>-3,2,2 4,-3,1>2,-1,0 -2,3,1>-1,1,2 3,-3,1>3,1,-3 0,3,-2>1,2,-1"}
{"par":212,"whiteIs":"B","ptsW":null,"res":"tope","plies":110,"balW":-465,"secs":3468.6,"apertura":"3,-2,0>3,-1,0 -3,3,2>-3,2,2 4,-3,1>2,-1,0 -2,3,1>-1,1,2 3,-3,1>3,1,-3 0,3,-2>1,2,-1"}
