{"par":101,"whiteIs":"A","ptsW":1,"res":"mate","plies":105,"balW":1716,"secs":3586.4,"apertura":"3,-2,1>2,0,0 -3,3,1>-2,2,2 2,-2,1>1,0,0 -1,3,0>0,1,1 3,-3,1>-1,1,1 -1,3,-1>0,2,0"}
{"par":101,"whiteIs":"B","ptsW":null,"res":"tope","plies":110,"balW":941,"secs":6315.8,"apertura":"3,-2,1>2,0,0 -3,3,1>-2,2,2 2,-2,1>1,0,0 -1,3,0>0,1,1 3,-3,1>-1,1,1 -1,3,-1>0,2,0"}
{"par":102,"whiteIs":"A","ptsW":null,"res":"tope","plies":110,"balW":-783,"secs":5053.2,"apertura":"2,-2,1>2,-1,1 0,3,-2>1,1,-1 1,-2,2>0,0,1 1,1,-1>2,0,0 2,-3,3>1,-2,2 -2,3,1>-1,1,2"}
{"par":102,"whiteIs":"B","ptsW":0,"res":"mate","plies":80,"balW":-1041,"secs":2108.3,"apertura":"2,-2,1>2,-1,1 0,3,-2>1,1,-1 1,-2,2>0,0,1 1,1,-1>2,0,0 2,-3,3>1,-2,2 -2,3,1>-1,1,2"}
{"par":103,"whiteIs":"A","ptsW":null,"res":"tope","plies":110,"balW":-926,"secs":5598.6,"apertura":"1,-2,2>0,0,1 -3,3,1>-2,2,2 1,-3,3>-1,-1,4 0,4,-3>1,2,-1 -1,-1,4>-3,0,4 -2,4,0>0,2,-1"}
{"par":103,"whiteIs":"B","ptsW":null,"res":"tope","plies":110,"balW":100,"secs":30523.3,"apertura":"1,-2,2>0,0,1 -3,3,1>-2,2,2 1,-3,3>-1,-1,4 0,4,-3>1,2,-1 -1,-1,4>-3,0,4 -2,4,0>0,2,-1"}
{"par":104,"whiteIs":"A","ptsW":1,"res":"mate","plies":65,"balW":223,"secs":9256.5,"apertura":"2,-2,2>1,-1,1 -2,3,0>-1,2,1 0,-2,3>-1,0,2 1,3,-3>2,2,-2 3,-2,1>2,-1,0 -2,4,0>-1,2,0"}
{"par":104,"whiteIs":"B","ptsW":null,"res":"tope","plies":110,"balW":-100,"secs":3973.8,"apertura":"2,-2,2>1,-1,1 -2,3,0>-1,2,1 0,-2,3>-1,0,2 1,3,-3>2,2,-2 3,-2,1>2,-1,0 -2,4,0>-1,2,0"}
{"par":105,"whiteIs":"A","ptsW":1,"res":"mate","plies":65,"balW":1071,"secs":1186,"apertura":"3,-2,1>2,-1,0 1,3,-2>1,2,-2 2,-3,2>3,-2,1 0,4,-2>1,3,-2 2,-1,0>2,0,0 -2,3,1>-1,1,2"}
{"par":105,"whiteIs":"B","ptsW":null,"res":"tope","plies":110,"balW":65,"secs":1909.1,"apertura":"3,-2,1>2,-1,0 1,3,-2>1,2,-2 2,-3,2>3,-2,1 0,4,-2>1,3,-2 2,-1,0>2,0,0 -2,3,1>-1,1,2"}
{"par":106,"whiteIs":"A","ptsW":null,"res":"tope","plies":110,"balW":2062,"secs":10413.2,"apertura":"-1,-2,4>-2,0,3 -1,3,-1>0,2,0 -2,0,3>-2,1,3 0,4,-3>1,2,-1 3,-2,0>2,0,-1 0,3,-1>0,2,-1"}
{"par":106,"whiteIs":"B","ptsW":0,"res":"mate","plies":88,"balW":-1381,"secs":3530.4,"apertura":"-1,-2,4>-2,0,3 -1,3,-1>0,2,0 -2,0,3>-2,1,3 0,4,-3>1,2,-1 3,-2,0>2,0,-1 0,3,-1>0,2,-1"}
{"par":107,"whiteIs":"A","ptsW":null,"res":"tope","plies":110,"balW":687,"secs":8091.6,"apertura":"4,-2,-1>4,-1,-1 -2,4,0>-2,2,1 4,-1,-1>3,0,-2 -2,3,0>-1,1,1 1,-3,3>1,-1,2 -3,3,1>-2,2,2"}
{"par":107,"whiteIs":"B","ptsW":null,"res":"tope","plies":110,"balW":-1281,"secs":6278.5,"apertura":"4,-2,-1>4,-1,-1 -2,4,0>-2,2,1 4,-1,-1>3,0,-2 -2,3,0>-1,1,1 1,-3,3>1,-1,2 -3,3,1>-2,2,2"}
{"par":108,"whiteIs":"A","ptsW":null,"res":"tope","plies":110,"balW":0,"secs":6923.4,"apertura":"2,-2,2>1,-1,1 0,3,-2>1,1,-1 3,-2,1>2,0,0 0,3,-1>1,1,0 -1,-2,4>-1,-1,4 1,3,-3>2,1,-2"}
{"par":108,"whiteIs":"B","ptsW":null,"res":"tope","plies":110,"balW":-583,"secs":1623.9,"apertura":"2,-2,2>1,-1,1 0,3,-2>1,1,-1 3,-2,1>2,0,0 0,3,-1>1,1,0 -1,-2,4>-1,-1,4 1,3,-3>2,1,-2"}
{"par":109,"whiteIs":"A","ptsW":0,"res":"mate","plies":70,"balW":-1166,"secs":2508.7,"apertura":"3,-2,1>2,-1,0 -2,3,1>-1,1,2 1,-2,2>1,-1,2 -2,4,0>0,2,-1 0,-2,3>-1,0,2 -2,3,0>-1,1,1"}
{"par":109,"whiteIs":"B","ptsW":null,"res":"tope","plies":110,"balW":178,"secs":14101.9,"apertura":"3,-2,1>2,-1,0 -2,3,1>-1,1,2 1,-2,2>1,-1,2 -2,4,0>0,2,-1 0,-2,3>-1,0,2 -2,3,0>-1,1,1"}
{"par":110,"whiteIs":"A","ptsW":null,"res":"tope","plies":110,"balW":-100,"secs":2707.8,"apertura":"2,-2,2>1,0,1 1,3,-2>1,2,-2 4,-3,1>2,-1,0 -2,3,0>-1,1,1 1,-3,3>0,-1,3 -3,4,0>-1,2,0"}
{"par":110,"whiteIs":"B","ptsW":null,"res":"tope","plies":110,"balW":-613,"secs":2791.8,"apertura":"2,-2,2>1,0,1 1,3,-2>1,2,-2 4,-3,1>2,-1,0 -2,3,0>-1,1,1 1,-3,3>0,-1,3 -3,4,0>-1,2,0"}
{"par":111,"whiteIs":"A","ptsW":null,"res":"tope","plies":110,"balW":-1401,"secs":6878,"apertura":"4,-2,-1>4,-1,-1 -2,3,1>-1,1,2 1,-2,3>0,-1,2 -3,3,1>-2,2,2 4,-2,0>3,-1,-1 -3,4,1>-3,3,1"}
{"par":111,"whiteIs":"B","ptsW":0,"res":"mate","plies":68,"balW":-783,"secs":9350.1,"apertura":"4,-2,-1>4,-1,-1 -2,3,1>-1,1,2 1,-2,3>0,-1,2 -3,3,1>-2,2,2 4,-2,0>3,-1,-1 -3,4,1>-3,3,1"}
{"par":112,"whiteIs":"A","ptsW":1,"res":"mate","plies":73,"balW":1159,"secs":911.5,"apertura":"4,-3,1>2,-1,0 -1,3,-1>0,2,0 1,-2,3>0,0,2 1,3,-2>2,1,-1 2,-2,1>1,0,0 0,4,-2>2,2,-2"}
{"par":112,"whiteIs":"B","ptsW":null,"res":"tope","plies":110,"balW":-82,"secs":2711.4,"apertura":"4,-3,1>2,-1,0 -1,3,-1>0,2,0 1,-2,3>0,0,2 1,3,-2>2,1,-1 2,-2,1>1,0,0 0,4,-2>2,2,-2"}
{"par":113,"whiteIs":"A","ptsW":1,"res":"mate","plies":59,"balW":621,"secs":8401.6,"apertura":"-1,-2,4>-2,0,3 -2,4,0>-3,2,2 3,-2,0>2,0,-1 -2,3,0>-1,2,1 0,-2,4>-1,-1,3 -3,4,0>-1,2,0"}
{"par":113,"whiteIs":"B","ptsW":0,"res":"mate","plies":74,"balW":0,"secs":19749.8,"apertura":"-1,-2,4>-2,0,3 -2,4,0>-3,2,2 3,-2,0>2,0,-1 -2,3,0>-1,2,1 0,-2,4>-1,-1,3 -3,4,0>-1,2,0"}
{"par":114,"whiteIs":"A","ptsW":1,"res":"mate","plies":95,"balW":1982,"secs":3435.9,"apertura":"1,-2,2>0,0,1 2,3,-3>2,2,-3 2,-2,2>1,0,1 1,3,-2>2,1,-1 4,-3,1>2,-1,0 -1,3,-1>0,2,0"}
{"par":114,"whiteIs":"B","ptsW":null,"res":"tope","plies":110,"balW":-393,"secs":2680.3,"apertura":"1,-2,2>0,0,1 2,3,-3>2,2,-3 2,-2,2>1,0,1 1,3,-2>2,1,-1 4,-3,1>2,-1,0 -1,3,-1>0,2,0"}
