{"par":201,"whiteIs":"A","ptsW":null,"res":"tope","plies":110,"balW":-590,"secs":6337.9,"apertura":"0,-2,3>0,-1,3 -2,3,1>-2,2,1 4,-2,0>3,-1,-1 2,3,-3>2,2,-3 1,-2,2>1,-1,2 -3,3,1>-2,2,2"}
{"par":201,"whiteIs":"B","ptsW":1,"res":"mate","plies":77,"balW":2221,"secs":7582.4,"apertura":"0,-2,3>0,-1,3 -2,3,1>-2,2,1 4,-2,0>3,-1,-1 2,3,-3>2,2,-3 1,-2,2>1,-1,2 -3,3,1>-2,2,2"}
{"par":202,"whiteIs":"A","ptsW":1,"res":"mate","plies":79,"balW":1629,"secs":5339.8,"apertura":"4,-2,0>3,-1,-1 0,3,-1>1,1,0 4,-3,0>4,-2,0 -1,4,-2>0,2,-1 1,-2,2>1,-1,2 0,2,-1>0,0,2"}
{"par":202,"whiteIs":"B","ptsW":null,"res":"tope","plies":110,"balW":433,"secs":1917.8,"apertura":"4,-2,0>3,-1,-1 0,3,-1>1,1,0 4,-3,0>4,-2,0 -1,4,-2>0,2,-1 1,-2,2>1,-1,2 0,2,-1>0,0,2"}
{"par":203,"whiteIs":"A","ptsW":null,"res":"tope","plies":110,"balW":-193,"secs":4240.2,"apertura":"3,-2,0>2,0,-1 -2,3,0>-1,2,1 3,-3,1>3,-2,0 -2,3,1>-1,1,2 3,-2,0>1,0,0 2,3,-3>3,1,-2"}
{"par":203,"whiteIs":"B","ptsW":null,"res":"tope","plies":110,"balW":-941,"secs":19389.4,"apertura":"3,-2,0>2,0,-1 -2,3,0>-1,2,1 3,-3,1>3,-2,0 -2,3,1>-1,1,2 3,-2,0>1,0,0 2,3,-3>3,1,-2"}
{"par":204,"whiteIs":"A","ptsW":1,"res":"mate","plies":105,"balW":1964,"secs":8156.6,"apertura":"2,-2,1>1,0,0 -1,3,0>-1,2,0 4,-3,1>2,-1,0 -2,3,0>-1,1,1 1,-2,2>1,-1,2 0,3,-1>0,2,-1"}
{"par":204,"whiteIs":"B","ptsW":null,"res":"tope","plies":110,"balW":-7,"secs":9261.2,"apertura":"2,-2,1>1,0,0 -1,3,0>-1,2,0 4,-3,1>2,-1,0 -2,3,0>-1,1,1 1,-2,2>1,-1,2 0,3,-1>0,2,-1"}
{"par":205,"whiteIs":"A","ptsW":0,"res":"mate","plies":102,"balW":-1581,"secs":3991.1,"apertura":"1,-2,2>0,0,1 -2,3,0>-1,1,1 4,-3,1>2,-1,0 0,3,-2>1,2,-1 -1,-2,4>-1,-1,4 -1,4,-1>0,3,-2"}
{"par":205,"whiteIs":"B","ptsW":1,"res":"mate","plies":65,"balW":1218,"secs":2312.1,"apertura":"1,-2,2>0,0,1 -2,3,0>-1,1,1 4,-3,1>2,-1,0 0,3,-2>1,2,-1 -1,-2,4>-1,-1,4 -1,4,-1>0,3,-2"}
{"par":206,"whiteIs":"A","ptsW":null,"res":"tope","plies":110,"balW":498,"secs":14602.5,"apertura":"1,-3,3>1,-1,2 1,3,-3>2,1,-2 3,-2,1>2,-1,0 -2,4,0>-2,2,1 2,-1,0>2,0,0 -2,3,0>-1,2,1"}
{"par":206,"whiteIs":"B","ptsW":null,"res":"tope","plies":110,"balW":-100,"secs":9810.8,"apertura":"1,-3,3>1,-1,2 1,3,-3>2,1,-2 3,-2,1>2,-1,0 -2,4,0>-2,2,1 2,-1,0>2,0,0 -2,3,0>-1,2,1"}
{"par":207,"whiteIs":"A","ptsW":null,"res":"tope","plies":110,"balW":683,"secs":5621.8,"apertura":"4,-2,0>3,-1,-1 -2,3,0>-1,2,1 3,-2,1>2,0,0 -3,4,0>0,1,0 4,-2,-1>4,-1,-1 -1,3,0>-1,2,0"}
{"par":207,"whiteIs":"B","ptsW":0,"res":"mate","plies":88,"balW":-2557,"secs":2704.4,"apertura":"4,-2,0>3,-1,-1 -2,3,0>-1,2,1 3,-2,1>2,0,0 -3,4,0>0,1,0 4,-2,-1>4,-1,-1 -1,3,0>-1,2,0"}
{"par":208,"whiteIs":"A","ptsW":null,"res":"tope","plies":110,"balW":300,"secs":3158.2,"apertura":"-1,-2,4>-2,0,3 2,3,-3>3,1,-2 1,-3,3>1,-1,2 -3,3,2>-2,1,3 1,-1,2>2,-1,0 0,3,-2>1,1,-1"}
{"par":208,"whiteIs":"B","ptsW":null,"res":"tope","plies":110,"balW":200,"secs":4408.2,"apertura":"-1,-2,4>-2,0,3 2,3,-3>3,1,-2 1,-3,3>1,-1,2 -3,3,2>-2,1,3 1,-1,2>2,-1,0 0,3,-2>1,1,-1"}
{"par":209,"whiteIs":"A","ptsW":null,"res":"tope","plies":110,"balW":-923,"secs":640.2,"apertura":"3,-2,0>3,-1,0 0,3,-1>1,1,0 4,-2,0>3,0,-1 1,1,0>1,0,0 2,-2,2>1,-1,1 1,3,-2>2,1,-1"}
{"par":209,"whiteIs":"B","ptsW":null,"res":"tope","plies":110,"balW":200,"secs":16098.1,"apertura":"3,-2,0>3,-1,0 0,3,-1>1,1,0 4,-2,0>3,0,-1 1,1,0>1,0,0 2,-2,2>1,-1,1 1,3,-2>2,1,-1"}
{"par":210,"whiteIs":"A","ptsW":null,"res":"tope","plies":110,"balW":223,"secs":3085.6,"apertura":"4,-2,-1>4,-1,-1 0,3,-1>0,2,-1 0,-2,4>-1,-1,3 0,3,-2>1,1,-1 1,-3,3>2,-1,1 0,2,-1>1,1,0"}
{"par":210,"whiteIs":"B","ptsW":null,"res":"tope","plies":110,"balW":665,"secs":5555.6,"apertura":"4,-2,-1>4,-1,-1 0,3,-1>0,2,-1 0,-2,4>-1,-1,3 0,3,-2>1,1,-1 1,-3,3>2,-1,1 0,2,-1>1,1,0"}
{"par":211,"whiteIs":"A","ptsW":0,"res":"mate","plies":90,"balW":-283,"secs":2772.1,"apertura":"1,-3,3>1,-1,2 0,4,-3>2,2,-2 2,-2,2>1,0,1 0,3,-1>1,1,0 1,-1,2>-1,0,2 0,4,-2>0,-1,3"}
{"par":211,"whiteIs":"B","ptsW":1,"res":"mate","plies":109,"balW":1311,"secs":7534,"apertura":"1,-3,3>1,-1,2 0,4,-3>2,2,-2 2,-2,2>1,0,1 0,3,-1>1,1,0 1,-1,2>-1,0,2 0,4,-2>0,-1,3"}
{"par":212,"whiteIs":"A","ptsW":1,"res":"mate","plies":107,"balW":77,"secs":10992.4,"apertura":"3,-2,0>3,-1,0 -3,3,2>-3,2,2 4,-3,1>2,-1,0 -2,3,1>-1,1,2 3,-3,1>3,1,-3 0,3,-2>1,2,-1"}
{"par":212,"whiteIs":"B","ptsW":null,"res":"tope","plies":110,"balW":988,"secs":22527.8,"apertura":"3,-2,0>3,-1,0 -3,3,2>-3,2,2 4,-3,1>2,-1,0 -2,3,1>-1,1,2 3,-3,1>3,1,-3 0,3,-2>1,2,-1"}
{"par":213,"whiteIs":"A","ptsW":1,"res":"mate","plies":85,"balW":1974,"secs":4982.3,"apertura":"3,-2,0>2,0,-1 -2,4,0>-2,2,1 1,-3,3>1,-1,2 -2,2,1>-2,1,3 3,-2,1>2,-1,0 -2,3,1>-1,1,2"}
{"par":213,"whiteIs":"B","ptsW":null,"res":"tope","plies":110,"balW":-100,"secs":5147.1,"apertura":"3,-2,0>2,0,-1 -2,4,0>-2,2,1 1,-3,3>1,-1,2 -2,2,1>-2,1,3 3,-2,1>2,-1,0 -2,3,1>-1,1,2"}
