{"par":51,"whiteIs":"A","ptsW":null,"res":"tope","plies":200,"balW":-1650,"secs":1044.8,"apertura":"3,-2,1>2,0,0 -2,3,1>-1,1,2 2,-2,2>1,0,1 -1,3,0>-1,2,0 1,-2,2>0,0,1 1,3,-3>2,1,-2"}
{"par":51,"whiteIs":"B","ptsW":null,"res":"tope","plies":200,"balW":-600,"secs":1209.7,"apertura":"3,-2,1>2,0,0 -2,3,1>-1,1,2 2,-2,2>1,0,1 -1,3,0>-1,2,0 1,-2,2>0,0,1 1,3,-3>2,1,-2"}
{"par":52,"whiteIs":"A","ptsW":null,"res":"tope","plies":200,"balW":-960,"secs":787.5,"apertura":"3,-2,0>3,-1,0 1,3,-2>2,1,-1 3,-1,0>2,0,-1 1,3,-3>2,2,-2 1,-3,3>-1,-1,4 2,2,-2>2,1,-2"}
{"par":52,"whiteIs":"B","ptsW":null,"res":"tope","plies":200,"balW":1000,"secs":1014.3,"apertura":"3,-2,0>3,-1,0 1,3,-2>2,1,-1 3,-1,0>2,0,-1 1,3,-3>2,2,-2 1,-3,3>-1,-1,4 2,2,-2>2,1,-2"}
{"par":53,"whiteIs":"A","ptsW":null,"res":"tope","plies":200,"balW":-700,"secs":1811.7,"apertura":"4,-2,-1>3,0,-2 1,3,-3>2,2,-2 0,-2,3>-1,0,2 -1,3,-1>0,1,0 2,-2,2>1,0,1 -1,3,0>-1,2,0"}
{"par":53,"whiteIs":"B","ptsW":null,"res":"tope","plies":200,"balW":-270,"secs":3115.2,"apertura":"4,-2,-1>3,0,-2 1,3,-3>2,2,-2 0,-2,3>-1,0,2 -1,3,-1>0,1,0 2,-2,2>1,0,1 -1,3,0>-1,2,0"}
{"par":54,"whiteIs":"A","ptsW":0,"res":"mate","plies":172,"balW":-1300,"secs":333.2,"apertura":"3,-2,0>2,0,-1 -1,3,-1>0,2,0 4,-2,-1>3,0,-2 1,3,-2>1,2,-2 -1,-2,4>-2,0,3 -1,3,0>-1,2,0"}
{"par":54,"whiteIs":"B","ptsW":null,"res":"tope","plies":200,"balW":-770,"secs":4715.4,"apertura":"3,-2,0>2,0,-1 -1,3,-1>0,2,0 4,-2,-1>3,0,-2 1,3,-2>1,2,-2 -1,-2,4>-2,0,3 -1,3,0>-1,2,0"}
{"par":55,"whiteIs":"A","ptsW":null,"res":"tope","plies":200,"balW":-400,"secs":2610.9,"apertura":"1,-2,2>1,-1,2 -3,3,2>-3,2,2 0,-2,4>-1,-1,3 -2,4,0>-1,2,0 3,-2,1>2,0,0 0,3,-2>1,1,-1"}
{"par":55,"whiteIs":"B","ptsW":null,"res":"tope","plies":200,"balW":730,"secs":1868,"apertura":"1,-2,2>1,-1,2 -3,3,2>-3,2,2 0,-2,4>-1,-1,3 -2,4,0>-1,2,0 3,-2,1>2,0,0 0,3,-2>1,1,-1"}
{"par":56,"whiteIs":"A","ptsW":null,"res":"tope","plies":200,"balW":230,"secs":1301.7,"apertura":"0,-2,3>-1,0,2 -1,3,0>0,1,1 1,-2,3>0,-1,2 2,3,-3>2,2,-3 2,-3,2>1,-2,3 -1,3,-1>0,1,0"}
{"par":56,"whiteIs":"B","ptsW":0,"res":"mate","plies":158,"balW":-730,"secs":2386.4,"apertura":"0,-2,3>-1,0,2 -1,3,0>0,1,1 1,-2,3>0,-1,2 2,3,-3>2,2,-3 2,-3,2>1,-2,3 -1,3,-1>0,1,0"}
{"par":57,"whiteIs":"A","ptsW":null,"res":"tope","plies":200,"balW":-880,"secs":755.4,"apertura":"3,-2,0>2,0,-1 -3,3,2>-2,1,3 1,-2,2>1,-1,2 1,3,-3>2,2,-2 4,-2,-1>3,0,-2 -2,1,3>-2,0,3"}
{"par":57,"whiteIs":"B","ptsW":null,"res":"tope","plies":200,"balW":1450,"secs":2086.6,"apertura":"3,-2,0>2,0,-1 -3,3,2>-2,1,3 1,-2,2>1,-1,2 1,3,-3>2,2,-2 4,-2,-1>3,0,-2 -2,1,3>-2,0,3"}
{"par":58,"whiteIs":"A","ptsW":1,"res":"mate","plies":153,"balW":1000,"secs":785.8,"apertura":"3,-2,0>3,-1,0 2,3,-3>3,1,-2 4,-2,-1>3,0,-2 -3,3,2>-2,1,3 0,-2,3>-1,0,2 -2,3,1>-2,2,1"}
{"par":58,"whiteIs":"B","ptsW":null,"res":"tope","plies":200,"balW":-270,"secs":658,"apertura":"3,-2,0>3,-1,0 2,3,-3>3,1,-2 4,-2,-1>3,0,-2 -3,3,2>-2,1,3 0,-2,3>-1,0,2 -2,3,1>-2,2,1"}
{"par":59,"whiteIs":"A","ptsW":null,"res":"tope","plies":200,"balW":170,"secs":1798.1,"apertura":"4,-2,0>3,0,-1 -1,3,-1>0,2,0 3,0,-1>2,1,-2 1,3,-3>2,2,-2 0,-2,3>-1,0,2 0,2,0>0,1,0"}
{"par":59,"whiteIs":"B","ptsW":1,"res":"mate","plies":103,"balW":50,"secs":1328.7,"apertura":"4,-2,0>3,0,-1 -1,3,-1>0,2,0 3,0,-1>2,1,-2 1,3,-3>2,2,-2 0,-2,3>-1,0,2 0,2,0>0,1,0"}
{"par":60,"whiteIs":"A","ptsW":1,"res":"mate","plies":61,"balW":470,"secs":1503.5,"apertura":"4,-2,-1>3,0,-2 0,3,-2>1,2,-1 3,-2,1>2,-1,0 -1,4,-1>0,3,-2 1,-3,3>0,-1,3 2,3,-3>3,1,-2"}
{"par":60,"whiteIs":"B","ptsW":1,"res":"mate","plies":195,"balW":2100,"secs":6769,"apertura":"4,-2,-1>3,0,-2 0,3,-2>1,2,-1 3,-2,1>2,-1,0 -1,4,-1>0,3,-2 1,-3,3>0,-1,3 2,3,-3>3,1,-2"}
{"par":61,"whiteIs":"A","ptsW":0,"res":"mate","plies":192,"balW":-1450,"secs":1190.6,"apertura":"3,-2,1>2,-1,0 0,3,-1>1,1,0 4,-2,-1>4,-1,-1 1,3,-2>2,1,-1 -1,-2,4>-2,0,3 -1,4,-2>0,2,-1"}
{"par":61,"whiteIs":"B","ptsW":1,"res":"mate","plies":157,"balW":1930,"secs":3735.4,"apertura":"3,-2,1>2,-1,0 0,3,-1>1,1,0 4,-2,-1>4,-1,-1 1,3,-2>2,1,-1 -1,-2,4>-2,0,3 -1,4,-2>0,2,-1"}
{"par":62,"whiteIs":"A","ptsW":null,"res":"tope","plies":200,"balW":-100,"secs":1114.3,"apertura":"4,-3,1>2,-1,0 1,3,-3>2,1,-2 2,-1,0>4,0,-2 1,3,-2>2,1,-1 4,-2,0>3,-1,-1 1,4,-3>1,0,0"}
{"par":62,"whiteIs":"B","ptsW":1,"res":"mate","plies":115,"balW":1100,"secs":327.8,"apertura":"4,-3,1>2,-1,0 1,3,-3>2,1,-2 2,-1,0>4,0,-2 1,3,-2>2,1,-1 4,-2,0>3,-1,-1 1,4,-3>1,0,0"}
{"par":63,"whiteIs":"A","ptsW":null,"res":"tope","plies":200,"balW":930,"secs":394.9,"apertura":"0,-2,4>-1,0,3 -1,3,-1>0,1,0 1,-3,4>0,-2,4 -2,4,0>-2,2,1 0,-2,4>1,-3,4 -1,3,0>0,1,1"}
{"par":63,"whiteIs":"B","ptsW":null,"res":"tope","plies":200,"balW":1100,"secs":318.8,"apertura":"0,-2,4>-1,0,3 -1,3,-1>0,1,0 1,-3,4>0,-2,4 -2,4,0>-2,2,1 0,-2,4>1,-3,4 -1,3,0>0,1,1"}
{"par":64,"whiteIs":"A","ptsW":null,"res":"tope","plies":200,"balW":670,"secs":1063.9,"apertura":"1,-2,3>0,0,2 2,3,-3>3,1,-2 0,-2,3>-1,0,2 -3,3,1>-2,1,2 2,-2,1>2,-1,1 -1,3,-1>0,2,0"}
{"par":64,"whiteIs":"B","ptsW":1,"res":"mate","plies":61,"balW":350,"secs":518.4,"apertura":"1,-2,3>0,0,2 2,3,-3>3,1,-2 0,-2,3>-1,0,2 -3,3,1>-2,1,2 2,-2,1>2,-1,1 -1,3,-1>0,2,0"}
{"par":65,"whiteIs":"A","ptsW":null,"res":"tope","plies":200,"balW":-530,"secs":319.1,"apertura":"2,-2,2>1,-1,1 0,3,-2>1,2,-1 1,-3,3>0,-1,3 -3,3,2>-3,2,2 3,-2,0>2,0,-1 -1,3,0>0,1,1"}
{"par":65,"whiteIs":"B","ptsW":null,"res":"tope","plies":200,"balW":800,"secs":792.9,"apertura":"2,-2,2>1,-1,1 0,3,-2>1,2,-1 1,-3,3>0,-1,3 -3,3,2>-3,2,2 3,-2,0>2,0,-1 -1,3,0>0,1,1"}
{"par":66,"whiteIs":"A","ptsW":null,"res":"tope","plies":200,"balW":-650,"secs":557.2,"apertura":"1,-3,3>-1,-1,4 0,4,-3>1,2,-1 0,-2,3>-1,0,2 1,2,-1>0,4,-3 -1,-1,4>-3,0,4 0,4,-3>1,2,-1"}
{"par":66,"whiteIs":"B","ptsW":0,"res":"mate","plies":88,"balW":-900,"secs":652.8,"apertura":"1,-3,3>-1,-1,4 0,4,-3>1,2,-1 0,-2,3>-1,0,2 1,2,-1>0,4,-3 -1,-1,4>-3,0,4 0,4,-3>1,2,-1"}
{"par":67,"whiteIs":"A","ptsW":1,"res":"mate","plies":1,"balW":100,"secs":0,"apertura":"1,-3,3>-1,-1,4 0,3,-2>1,1,-1 -1,-1,4>-3,1,3 2,3,-3>2,2,-3 0,-2,4>-1,0,3 0,4,-3>1,2,-1"}
{"par":67,"whiteIs":"B","ptsW":1,"res":"mate","plies":1,"balW":100,"secs":0,"apertura":"1,-3,3>-1,-1,4 0,3,-2>1,1,-1 -1,-1,4>-3,1,3 2,3,-3>2,2,-3 0,-2,4>-1,0,3 0,4,-3>1,2,-1"}
{"par":68,"whiteIs":"A","ptsW":null,"res":"tope","plies":200,"balW":420,"secs":1116,"apertura":"1,-2,3>0,-1,2 -2,4,0>-2,2,1 3,-2,0>2,0,-1 0,4,-3>1,2,-1 3,-3,1>3,1,-3 1,3,-3>2,2,-2"}
{"par":68,"whiteIs":"B","ptsW":null,"res":"tope","plies":200,"balW":360,"secs":1525.2,"apertura":"1,-2,3>0,-1,2 -2,4,0>-2,2,1 3,-2,0>2,0,-1 0,4,-3>1,2,-1 3,-3,1>3,1,-3 1,3,-3>2,2,-2"}
{"par":69,"whiteIs":"A","ptsW":null,"res":"tope","plies":200,"balW":-180,"secs":4673.9,"apertura":"0,-2,3>0,-1,3 1,3,-3>2,2,-2 1,-2,3>0,-1,2 0,3,-2>1,2,-1 2,-3,2>1,-2,3 -2,4,0>0,2,-1"}
{"par":69,"whiteIs":"B","ptsW":null,"res":"tope","plies":200,"balW":150,"secs":2752.3,"apertura":"0,-2,3>0,-1,3 1,3,-3>2,2,-2 1,-2,3>0,-1,2 0,3,-2>1,2,-1 2,-3,2>1,-2,3 -2,4,0>0,2,-1"}
{"par":70,"whiteIs":"A","ptsW":null,"res":"tope","plies":200,"balW":800,"secs":793.1,"apertura":"1,-3,3>2,-1,1 -3,3,2>-3,2,2 1,-2,2>1,-1,2 -3,3,1>-2,1,2 3,-2,1>2,0,0 -2,3,1>-1,1,2"}
{"par":70,"whiteIs":"B","ptsW":null,"res":"tope","plies":200,"balW":730,"secs":1049.1,"apertura":"1,-3,3>2,-1,1 -3,3,2>-3,2,2 1,-2,2>1,-1,2 -3,3,1>-2,1,2 3,-2,1>2,0,0 -2,3,1>-1,1,2"}
{"par":71,"whiteIs":"A","ptsW":1,"res":"mate","plies":135,"balW":470,"secs":339.4,"apertura":"2,-2,1>2,-1,1 -2,3,1>-1,1,2 3,-3,1>0,0,1 1,3,-3>2,2,-2 1,-2,3>0,0,2 1,3,-2>1,2,-2"}
{"par":71,"whiteIs":"B","ptsW":0,"res":"mate","plies":174,"balW":-1700,"secs":1416.3,"apertura":"2,-2,1>2,-1,1 -2,3,1>-1,1,2 3,-3,1>0,0,1 1,3,-3>2,2,-2 1,-2,3>0,0,2 1,3,-2>1,2,-2"}
{"par":72,"whiteIs":"A","ptsW":null,"res":"tope","plies":200,"balW":100,"secs":1393,"apertura":"1,-3,3>1,-1,2 1,3,-2>1,2,-2 1,-1,2>1,-3,3 0,4,-2>2,2,-2 3,-2,0>2,0,-1 2,2,-2>3,1,-2"}
{"par":72,"whiteIs":"B","ptsW":0,"res":"mate","plies":100,"balW":-1450,"secs":1466.1,"apertura":"1,-3,3>1,-1,2 1,3,-2>1,2,-2 1,-1,2>1,-3,3 0,4,-2>2,2,-2 3,-2,0>2,0,-1 2,2,-2>3,1,-2"}
{"par":73,"whiteIs":"A","ptsW":null,"res":"tope","plies":200,"balW":150,"secs":3366.1,"apertura":"2,-2,2>1,0,1 -2,4,0>-2,2,1 2,-2,1>2,-1,1 -1,3,0>0,1,1 2,-3,3>2,-2,2 1,3,-3>2,2,-2"}
{"par":73,"whiteIs":"B","ptsW":null,"res":"tope","plies":200,"balW":0,"secs":860.6,"apertura":"2,-2,2>1,0,1 -2,4,0>-2,2,1 2,-2,1>2,-1,1 -1,3,0>0,1,1 2,-3,3>2,-2,2 1,3,-3>2,2,-2"}
