{"par":1,"whiteIs":"A","ptsW":null,"res":"tope","plies":200,"balW":0,"secs":4600.3,"apertura":"1,-3,3>1,-1,2 -1,3,-1>0,1,0 1,-1,2>-1,0,2 2,3,-3>2,2,-3 1,-2,2>0,0,1 -2,4,0>-3,2,2"}
{"par":1,"whiteIs":"B","ptsW":null,"res":"tope","plies":200,"balW":1500,"secs":426.5,"apertura":"1,-3,3>1,-1,2 -1,3,-1>0,1,0 1,-1,2>-1,0,2 2,3,-3>2,2,-3 1,-2,2>0,0,1 -2,4,0>-3,2,2"}
{"par":2,"whiteIs":"A","ptsW":null,"res":"tope","plies":200,"balW":270,"secs":300.4,"apertura":"3,-2,0>2,0,-1 -1,3,-1>0,2,0 2,-2,2>1,0,1 -3,3,2>-2,1,3 1,-2,3>0,0,2 -3,3,1>-2,2,2"}
{"par":2,"whiteIs":"B","ptsW":0,"res":"mate","plies":118,"balW":480,"secs":1364,"apertura":"3,-2,0>2,0,-1 -1,3,-1>0,2,0 2,-2,2>1,0,1 -3,3,2>-2,1,3 1,-2,3>0,0,2 -3,3,1>-2,2,2"}
{"par":3,"whiteIs":"A","ptsW":null,"res":"tope","plies":200,"balW":-570,"secs":1790.4,"apertura":"0,-2,3>0,-1,3 -2,3,1>-2,2,1 1,-2,2>1,-1,2 0,4,-3>2,2,-2 2,-3,3>1,-2,2 2,2,-2>1,0,0"}
{"par":3,"whiteIs":"B","ptsW":1,"res":"mate","plies":161,"balW":2080,"secs":1205.3,"apertura":"0,-2,3>0,-1,3 -2,3,1>-2,2,1 1,-2,2>1,-1,2 0,4,-3>2,2,-2 2,-3,3>1,-2,2 2,2,-2>1,0,0"}
{"par":4,"whiteIs":"A","ptsW":null,"res":"tope","plies":200,"balW":0,"secs":690.4,"apertura":"1,-2,2>0,0,1 -2,3,0>-1,1,1 2,-3,3>1,-2,2 -3,3,1>-2,1,2 1,-2,2>1,-1,2 0,4,-3>2,2,-2"}
{"par":4,"whiteIs":"B","ptsW":1,"res":"mate","plies":115,"balW":1580,"secs":534.9,"apertura":"1,-2,2>0,0,1 -2,3,0>-1,1,1 2,-3,3>1,-2,2 -3,3,1>-2,1,2 1,-2,2>1,-1,2 0,4,-3>2,2,-2"}
{"par":5,"whiteIs":"A","ptsW":null,"res":"tope","plies":200,"balW":500,"secs":1121.4,"apertura":"1,-2,3>0,0,2 2,3,-3>2,2,-3 4,-2,-1>3,0,-2 -1,3,0>0,1,1 -1,-2,4>-2,0,3 0,3,-2>1,2,-1"}
{"par":5,"whiteIs":"B","ptsW":1,"res":"mate","plies":141,"balW":680,"secs":1571.2,"apertura":"1,-2,3>0,0,2 2,3,-3>2,2,-3 4,-2,-1>3,0,-2 -1,3,0>0,1,1 -1,-2,4>-2,0,3 0,3,-2>1,2,-1"}
{"par":6,"whiteIs":"A","ptsW":1,"res":"mate","plies":177,"balW":1600,"secs":2006.7,"apertura":"2,-2,1>2,-1,1 1,3,-2>1,2,-2 3,-3,1>1,-1,1 0,4,-2>3,1,-2 1,-1,1>0,-1,2 -1,3,0>-1,2,0"}
{"par":6,"whiteIs":"B","ptsW":0,"res":"mate","plies":198,"balW":-1600,"secs":1811.6,"apertura":"2,-2,1>2,-1,1 1,3,-2>1,2,-2 3,-3,1>1,-1,1 0,4,-2>3,1,-2 1,-1,1>0,-1,2 -1,3,0>-1,2,0"}
{"par":7,"whiteIs":"A","ptsW":null,"res":"tope","plies":200,"balW":-300,"secs":390.3,"apertura":"3,-2,0>2,0,-1 0,3,-1>0,2,-1 4,-3,1>3,-1,-1 0,3,-2>1,2,-1 1,-3,3>0,-1,3 -2,3,1>-2,2,1"}
{"par":7,"whiteIs":"B","ptsW":null,"res":"tope","plies":200,"balW":1350,"secs":1218.5,"apertura":"3,-2,0>2,0,-1 0,3,-1>0,2,-1 4,-3,1>3,-1,-1 0,3,-2>1,2,-1 1,-3,3>0,-1,3 -2,3,1>-2,2,1"}
{"par":8,"whiteIs":"A","ptsW":null,"res":"tope","plies":200,"balW":-600,"secs":1014.1,"apertura":"1,-2,2>1,-1,2 1,3,-2>1,2,-2 0,-2,4>-1,-1,3 0,4,-2>4,0,-2 3,-2,1>2,-1,0 2,3,-3>2,2,-3"}
{"par":8,"whiteIs":"B","ptsW":1,"res":"mate","plies":141,"balW":1830,"secs":1733.4,"apertura":"1,-2,2>1,-1,2 1,3,-2>1,2,-2 0,-2,4>-1,-1,3 0,4,-2>4,0,-2 3,-2,1>2,-1,0 2,3,-3>2,2,-3"}
{"par":9,"whiteIs":"A","ptsW":0,"res":"mate","plies":178,"balW":-530,"secs":4354.4,"apertura":"4,-3,1>3,-1,-1 1,3,-3>2,2,-2 0,-2,4>-1,-1,3 -2,4,0>-3,2,2 0,-2,3>-1,0,2 -3,2,2>-2,4,0"}
{"par":9,"whiteIs":"B","ptsW":null,"res":"tope","plies":200,"balW":-950,"secs":988.6,"apertura":"4,-3,1>3,-1,-1 1,3,-3>2,2,-2 0,-2,4>-1,-1,3 -2,4,0>-3,2,2 0,-2,3>-1,0,2 -3,2,2>-2,4,0"}
{"par":10,"whiteIs":"A","ptsW":0,"res":"mate","plies":164,"balW":-470,"secs":839.5,"apertura":"1,-3,3>1,-1,2 1,3,-2>2,1,-1 2,-2,1>2,-1,1 -3,3,2>-3,2,2 -1,-2,4>-1,-1,4 0,4,-2>4,0,-2"}
{"par":10,"whiteIs":"B","ptsW":null,"res":"tope","plies":200,"balW":-270,"secs":893.5,"apertura":"1,-3,3>1,-1,2 1,3,-2>2,1,-1 2,-2,1>2,-1,1 -3,3,2>-3,2,2 -1,-2,4>-1,-1,4 0,4,-2>4,0,-2"}
{"par":11,"whiteIs":"A","ptsW":0,"res":"mate","plies":128,"balW":350,"secs":1560.4,"apertura":"2,-2,2>1,0,1 -3,3,1>-2,1,2 3,-2,0>2,0,-1 0,3,-2>1,2,-1 2,-2,1>1,0,0 -2,4,0>-3,2,2"}
{"par":11,"whiteIs":"B","ptsW":null,"res":"tope","plies":200,"balW":-600,"secs":638,"apertura":"2,-2,2>1,0,1 -3,3,1>-2,1,2 3,-2,0>2,0,-1 0,3,-2>1,2,-1 2,-2,1>1,0,0 -2,4,0>-3,2,2"}
{"par":12,"whiteIs":"A","ptsW":null,"res":"tope","plies":200,"balW":-530,"secs":2189.1,"apertura":"1,-2,3>0,0,2 1,3,-2>1,2,-2 4,-3,1>3,-1,-1 -1,3,-1>0,2,0 0,0,2>-1,1,1 -3,3,1>-2,1,2"}
{"par":12,"whiteIs":"B","ptsW":null,"res":"tope","plies":200,"balW":600,"secs":614.1,"apertura":"1,-2,3>0,0,2 1,3,-2>1,2,-2 4,-3,1>3,-1,-1 -1,3,-1>0,2,0 0,0,2>-1,1,1 -3,3,1>-2,1,2"}
{"par":13,"whiteIs":"A","ptsW":null,"res":"tope","plies":200,"balW":0,"secs":1530.8,"apertura":"0,-2,3>0,-1,3 -3,3,1>-2,2,2 0,-1,3>-1,0,2 -1,3,0>0,1,1 2,-2,1>1,0,0 -3,3,2>-3,2,2"}
{"par":13,"whiteIs":"B","ptsW":null,"res":"tope","plies":200,"balW":430,"secs":762.3,"apertura":"0,-2,3>0,-1,3 -3,3,1>-2,2,2 0,-1,3>-1,0,2 -1,3,0>0,1,1 2,-2,1>1,0,0 -3,3,2>-3,2,2"}
{"par":14,"whiteIs":"A","ptsW":0,"res":"mate","plies":182,"balW":-2200,"secs":598.4,"apertura":"3,-2,0>2,0,-1 -1,3,-1>0,1,0 4,-2,-1>3,0,-2 -2,4,0>-2,2,1 4,-3,1>4,-2,-1 -1,4,-1>-1,3,-1"}
{"par":14,"whiteIs":"B","ptsW":null,"res":"tope","plies":200,"balW":1330,"secs":466.5,"apertura":"3,-2,0>2,0,-1 -1,3,-1>0,1,0 4,-2,-1>3,0,-2 -2,4,0>-2,2,1 4,-3,1>4,-2,-1 -1,4,-1>-1,3,-1"}
{"par":15,"whiteIs":"A","ptsW":null,"res":"tope","plies":200,"balW":0,"secs":864.9,"apertura":"0,-2,4>-1,0,3 1,3,-2>2,1,-1 1,-3,3>-1,-1,4 -2,4,0>0,2,-1 -1,0,3>-2,1,2 0,2,-1>1,0,1"}
{"par":15,"whiteIs":"B","ptsW":0,"res":"mate","plies":118,"balW":280,"secs":707,"apertura":"0,-2,4>-1,0,3 1,3,-2>2,1,-1 1,-3,3>-1,-1,4 -2,4,0>0,2,-1 -1,0,3>-2,1,2 0,2,-1>1,0,1"}
{"par":16,"whiteIs":"A","ptsW":null,"res":"tope","plies":200,"balW":1230,"secs":3868.1,"apertura":"1,-3,3>-1,-1,4 0,4,-3>1,2,-1 1,-2,3>0,-1,2 1,4,-3>0,4,-3 1,-3,4>1,1,0 1,2,-1>3,1,-3"}
{"par":16,"whiteIs":"B","ptsW":null,"res":"tope","plies":200,"balW":820,"secs":781.7,"apertura":"1,-3,3>-1,-1,4 0,4,-3>1,2,-1 1,-2,3>0,-1,2 1,4,-3>0,4,-3 1,-3,4>1,1,0 1,2,-1>3,1,-3"}
{"par":17,"whiteIs":"A","ptsW":1,"res":"mate","plies":179,"balW":1800,"secs":516,"apertura":"0,-2,4>-1,-1,3 -1,3,-1>0,2,0 -1,-2,4>-1,-1,4 -3,3,1>-2,2,2 4,-2,-1>4,-1,-1 -2,4,0>-2,2,1"}
{"par":17,"whiteIs":"B","ptsW":1,"res":"mate","plies":135,"balW":1530,"secs":1008.9,"apertura":"0,-2,4>-1,-1,3 -1,3,-1>0,2,0 -1,-2,4>-1,-1,4 -3,3,1>-2,2,2 4,-2,-1>4,-1,-1 -2,4,0>-2,2,1"}
{"par":18,"whiteIs":"A","ptsW":0,"res":"mate","plies":78,"balW":50,"secs":469.2,"apertura":"3,-2,1>2,0,0 -3,3,2>-2,1,3 4,-2,0>3,-1,-1 -2,3,1>-2,2,1 4,-2,-1>3,0,-2 -1,3,0>0,1,1"}
{"par":18,"whiteIs":"B","ptsW":null,"res":"tope","plies":200,"balW":-1100,"secs":1928.7,"apertura":"3,-2,1>2,0,0 -3,3,2>-2,1,3 4,-2,0>3,-1,-1 -2,3,1>-2,2,1 4,-2,-1>3,0,-2 -1,3,0>0,1,1"}
{"par":19,"whiteIs":"A","ptsW":0,"res":"mate","plies":170,"balW":-1600,"secs":464.7,"apertura":"0,-2,3>0,-1,3 0,4,-3>1,2,-1 1,-3,3>-1,-1,4 1,2,-1>0,0,1 0,-2,4>-1,0,3 0,3,-2>1,2,-1"}
{"par":19,"whiteIs":"B","ptsW":null,"res":"tope","plies":200,"balW":-1100,"secs":1001.5,"apertura":"0,-2,3>0,-1,3 0,4,-3>1,2,-1 1,-3,3>-1,-1,4 1,2,-1>0,0,1 0,-2,4>-1,0,3 0,3,-2>1,2,-1"}
{"par":20,"whiteIs":"A","ptsW":1,"res":"mate","plies":197,"balW":2500,"secs":1080.6,"apertura":"3,-2,0>3,-1,0 -3,3,1>-2,2,2 4,-2,-1>3,0,-2 -3,4,0>-3,1,3 2,-2,1>1,0,0 -3,1,3>-2,0,3"}
{"par":20,"whiteIs":"B","ptsW":null,"res":"tope","plies":200,"balW":-770,"secs":1286.3,"apertura":"3,-2,0>3,-1,0 -3,3,1>-2,2,2 4,-2,-1>3,0,-2 -3,4,0>-3,1,3 2,-2,1>1,0,0 -3,1,3>-2,0,3"}
{"par":21,"whiteIs":"A","ptsW":1,"res":"mate","plies":147,"balW":370,"secs":4045.3,"apertura":"1,-3,3>0,-1,3 -2,4,0>-2,2,1 3,-2,0>2,0,-1 -1,3,-1>0,2,0 0,-1,3>-2,-1,4 -3,3,1>-2,2,2"}
{"par":21,"whiteIs":"B","ptsW":null,"res":"tope","plies":200,"balW":-800,"secs":3148.3,"apertura":"1,-3,3>0,-1,3 -2,4,0>-2,2,1 3,-2,0>2,0,-1 -1,3,-1>0,2,0 0,-1,3>-2,-1,4 -3,3,1>-2,2,2"}
{"par":22,"whiteIs":"A","ptsW":null,"res":"tope","plies":200,"balW":1200,"secs":915.4,"apertura":"0,-2,4>-1,-1,3 1,3,-2>1,2,-2 3,-2,0>2,0,-1 1,3,-3>2,2,-2 1,-2,2>1,-1,2 0,3,-1>1,1,0"}
{"par":22,"whiteIs":"B","ptsW":1,"res":"mate","plies":139,"balW":1900,"secs":278.2,"apertura":"0,-2,4>-1,-1,3 1,3,-2>1,2,-2 3,-2,0>2,0,-1 1,3,-3>2,2,-2 1,-2,2>1,-1,2 0,3,-1>1,1,0"}
{"par":23,"whiteIs":"A","ptsW":1,"res":"mate","plies":135,"balW":2600,"secs":1728.7,"apertura":"4,-3,1>3,-1,-1 -2,3,1>-1,1,2 1,-2,2>1,-1,2 0,4,-3>2,2,-2 4,-3,0>4,-3,1 2,3,-3>2,2,-3"}
{"par":23,"whiteIs":"B","ptsW":1,"res":"mate","plies":187,"balW":1550,"secs":2617.5,"apertura":"4,-3,1>3,-1,-1 -2,3,1>-1,1,2 1,-2,2>1,-1,2 0,4,-3>2,2,-2 4,-3,0>4,-3,1 2,3,-3>2,2,-3"}
{"par":24,"whiteIs":"A","ptsW":null,"res":"tope","plies":200,"balW":-200,"secs":2830.5,"apertura":"1,-3,3>-1,-1,4 0,4,-3>2,2,-2 -1,-1,4>0,-1,2 2,2,-2>3,0,-2 4,-3,1>3,-1,-1 3,0,-2>1,2,-1"}
{"par":24,"whiteIs":"B","ptsW":null,"res":"tope","plies":200,"balW":30,"secs":2092.3,"apertura":"1,-3,3>-1,-1,4 0,4,-3>2,2,-2 -1,-1,4>0,-1,2 2,2,-2>3,0,-2 4,-3,1>3,-1,-1 3,0,-2>1,2,-1"}
{"par":25,"whiteIs":"A","ptsW":null,"res":"tope","plies":200,"balW":-430,"secs":4773.1,"apertura":"-1,-2,4>-1,-1,4 -1,3,-1>0,2,0 1,-2,3>0,0,2 -2,4,-1>-1,3,-1 0,-2,3>-1,0,2 -3,3,1>-2,2,2"}
