{"par":51,"whiteIs":"A","ptsW":0,"res":"mate","plies":176,"balW":-1150,"secs":1116.9,"apertura":"3,-2,1>2,0,0 -2,3,1>-1,1,2 2,-2,2>1,0,1 -1,3,0>-1,2,0 1,-2,2>0,0,1 1,3,-3>2,1,-2"}
{"par":51,"whiteIs":"B","ptsW":1,"res":"mate","plies":187,"balW":1350,"secs":329.9,"apertura":"3,-2,1>2,0,0 -2,3,1>-1,1,2 2,-2,2>1,0,1 -1,3,0>-1,2,0 1,-2,2>0,0,1 1,3,-3>2,1,-2"}
{"par":52,"whiteIs":"A","ptsW":null,"res":"tope","plies":200,"balW":-400,"secs":1457.9,"apertura":"3,-2,0>3,-1,0 1,3,-2>2,1,-1 3,-1,0>2,0,-1 1,3,-3>2,2,-2 1,-3,3>-1,-1,4 2,2,-2>2,1,-2"}
{"par":52,"whiteIs":"B","ptsW":null,"res":"tope","plies":200,"balW":280,"secs":220.7,"apertura":"3,-2,0>3,-1,0 1,3,-2>2,1,-1 3,-1,0>2,0,-1 1,3,-3>2,2,-2 1,-3,3>-1,-1,4 2,2,-2>2,1,-2"}
{"par":53,"whiteIs":"A","ptsW":null,"res":"tope","plies":200,"balW":-130,"secs":298.5,"apertura":"4,-2,-1>3,0,-2 1,3,-3>2,2,-2 0,-2,3>-1,0,2 -1,3,-1>0,1,0 2,-2,2>1,0,1 -1,3,0>-1,2,0"}
{"par":53,"whiteIs":"B","ptsW":null,"res":"tope","plies":200,"balW":-170,"secs":485,"apertura":"4,-2,-1>3,0,-2 1,3,-3>2,2,-2 0,-2,3>-1,0,2 -1,3,-1>0,1,0 2,-2,2>1,0,1 -1,3,0>-1,2,0"}
{"par":54,"whiteIs":"A","ptsW":0,"res":"mate","plies":166,"balW":-1200,"secs":1817.3,"apertura":"3,-2,0>2,0,-1 -1,3,-1>0,2,0 4,-2,-1>3,0,-2 1,3,-2>1,2,-2 -1,-2,4>-2,0,3 -1,3,0>-1,2,0"}
{"par":54,"whiteIs":"B","ptsW":1,"res":"mate","plies":105,"balW":1950,"secs":1069.8,"apertura":"3,-2,0>2,0,-1 -1,3,-1>0,2,0 4,-2,-1>3,0,-2 1,3,-2>1,2,-2 -1,-2,4>-2,0,3 -1,3,0>-1,2,0"}
{"par":55,"whiteIs":"A","ptsW":null,"res":"tope","plies":200,"balW":-30,"secs":676.7,"apertura":"1,-2,2>1,-1,2 -3,3,2>-3,2,2 0,-2,4>-1,-1,3 -2,4,0>-1,2,0 3,-2,1>2,0,0 0,3,-2>1,1,-1"}
{"par":55,"whiteIs":"B","ptsW":1,"res":"mate","plies":89,"balW":500,"secs":600.7,"apertura":"1,-2,2>1,-1,2 -3,3,2>-3,2,2 0,-2,4>-1,-1,3 -2,4,0>-1,2,0 3,-2,1>2,0,0 0,3,-2>1,1,-1"}
{"par":56,"whiteIs":"A","ptsW":0.5,"res":"stalemate","plies":175,"balW":1630,"secs":1217,"apertura":"0,-2,3>-1,0,2 -1,3,0>0,1,1 1,-2,3>0,-1,2 2,3,-3>2,2,-3 2,-3,2>1,-2,3 -1,3,-1>0,1,0"}
{"par":56,"whiteIs":"B","ptsW":1,"res":"mate","plies":73,"balW":1170,"secs":1089,"apertura":"0,-2,3>-1,0,2 -1,3,0>0,1,1 1,-2,3>0,-1,2 2,3,-3>2,2,-3 2,-3,2>1,-2,3 -1,3,-1>0,1,0"}
{"par":57,"whiteIs":"A","ptsW":0,"res":"mate","plies":80,"balW":-1200,"secs":459.9,"apertura":"3,-2,0>2,0,-1 -3,3,2>-2,1,3 1,-2,2>1,-1,2 1,3,-3>2,2,-2 4,-2,-1>3,0,-2 -2,1,3>-2,0,3"}
{"par":57,"whiteIs":"B","ptsW":0,"res":"mate","plies":132,"balW":-2250,"secs":427,"apertura":"3,-2,0>2,0,-1 -3,3,2>-2,1,3 1,-2,2>1,-1,2 1,3,-3>2,2,-2 4,-2,-1>3,0,-2 -2,1,3>-2,0,3"}
{"par":58,"whiteIs":"A","ptsW":null,"res":"tope","plies":200,"balW":-300,"secs":1693,"apertura":"3,-2,0>3,-1,0 2,3,-3>3,1,-2 4,-2,-1>3,0,-2 -3,3,2>-2,1,3 0,-2,3>-1,0,2 -2,3,1>-2,2,1"}
{"par":58,"whiteIs":"B","ptsW":null,"res":"tope","plies":200,"balW":200,"secs":705.7,"apertura":"3,-2,0>3,-1,0 2,3,-3>3,1,-2 4,-2,-1>3,0,-2 -3,3,2>-2,1,3 0,-2,3>-1,0,2 -2,3,1>-2,2,1"}
{"par":59,"whiteIs":"A","ptsW":0,"res":"mate","plies":80,"balW":-280,"secs":1054.7,"apertura":"4,-2,0>3,0,-1 -1,3,-1>0,2,0 3,0,-1>2,1,-2 1,3,-3>2,2,-2 0,-2,3>-1,0,2 0,2,0>0,1,0"}
{"par":59,"whiteIs":"B","ptsW":1,"res":"mate","plies":83,"balW":1280,"secs":330.5,"apertura":"4,-2,0>3,0,-1 -1,3,-1>0,2,0 3,0,-1>2,1,-2 1,3,-3>2,2,-2 0,-2,3>-1,0,2 0,2,0>0,1,0"}
{"par":60,"whiteIs":"A","ptsW":null,"res":"tope","plies":200,"balW":-800,"secs":820.9,"apertura":"4,-2,-1>3,0,-2 0,3,-2>1,2,-1 3,-2,1>2,-1,0 -1,4,-1>0,3,-2 1,-3,3>0,-1,3 2,3,-3>3,1,-2"}
{"par":60,"whiteIs":"B","ptsW":null,"res":"tope","plies":200,"balW":160,"secs":1684.4,"apertura":"4,-2,-1>3,0,-2 0,3,-2>1,2,-1 3,-2,1>2,-1,0 -1,4,-1>0,3,-2 1,-3,3>0,-1,3 2,3,-3>3,1,-2"}
{"par":61,"whiteIs":"A","ptsW":null,"res":"tope","plies":200,"balW":1100,"secs":2022.6,"apertura":"3,-2,1>2,-1,0 0,3,-1>1,1,0 4,-2,-1>4,-1,-1 1,3,-2>2,1,-1 -1,-2,4>-2,0,3 -1,4,-2>0,2,-1"}
{"par":61,"whiteIs":"B","ptsW":null,"res":"tope","plies":200,"balW":-550,"secs":636.4,"apertura":"3,-2,1>2,-1,0 0,3,-1>1,1,0 4,-2,-1>4,-1,-1 1,3,-2>2,1,-1 -1,-2,4>-2,0,3 -1,4,-2>0,2,-1"}
{"par":62,"whiteIs":"A","ptsW":null,"res":"tope","plies":200,"balW":730,"secs":534.1,"apertura":"4,-3,1>2,-1,0 1,3,-3>2,1,-2 2,-1,0>4,0,-2 1,3,-2>2,1,-1 4,-2,0>3,-1,-1 1,4,-3>1,0,0"}
{"par":62,"whiteIs":"B","ptsW":1,"res":"mate","plies":83,"balW":30,"secs":557.6,"apertura":"4,-3,1>2,-1,0 1,3,-3>2,1,-2 2,-1,0>4,0,-2 1,3,-2>2,1,-1 4,-2,0>3,-1,-1 1,4,-3>1,0,0"}
{"par":63,"whiteIs":"A","ptsW":null,"res":"tope","plies":200,"balW":150,"secs":839.5,"apertura":"0,-2,4>-1,0,3 -1,3,-1>0,1,0 1,-3,4>0,-2,4 -2,4,0>-2,2,1 0,-2,4>1,-3,4 -1,3,0>0,1,1"}
{"par":63,"whiteIs":"B","ptsW":null,"res":"tope","plies":200,"balW":1100,"secs":1431.9,"apertura":"0,-2,4>-1,0,3 -1,3,-1>0,1,0 1,-3,4>0,-2,4 -2,4,0>-2,2,1 0,-2,4>1,-3,4 -1,3,0>0,1,1"}
{"par":64,"whiteIs":"A","ptsW":null,"res":"tope","plies":200,"balW":600,"secs":1810.4,"apertura":"1,-2,3>0,0,2 2,3,-3>3,1,-2 0,-2,3>-1,0,2 -3,3,1>-2,1,2 2,-2,1>2,-1,1 -1,3,-1>0,2,0"}
{"par":64,"whiteIs":"B","ptsW":1,"res":"mate","plies":141,"balW":1200,"secs":2333.6,"apertura":"1,-2,3>0,0,2 2,3,-3>3,1,-2 0,-2,3>-1,0,2 -3,3,1>-2,1,2 2,-2,1>2,-1,1 -1,3,-1>0,2,0"}
{"par":65,"whiteIs":"A","ptsW":null,"res":"tope","plies":200,"balW":-1430,"secs":774.5,"apertura":"2,-2,2>1,-1,1 0,3,-2>1,2,-1 1,-3,3>0,-1,3 -3,3,2>-3,2,2 3,-2,0>2,0,-1 -1,3,0>0,1,1"}
{"par":65,"whiteIs":"B","ptsW":null,"res":"tope","plies":200,"balW":600,"secs":2445.6,"apertura":"2,-2,2>1,-1,1 0,3,-2>1,2,-1 1,-3,3>0,-1,3 -3,3,2>-3,2,2 3,-2,0>2,0,-1 -1,3,0>0,1,1"}
{"par":66,"whiteIs":"A","ptsW":0,"res":"mate","plies":126,"balW":-1750,"secs":923.2,"apertura":"1,-3,3>-1,-1,4 0,4,-3>1,2,-1 0,-2,3>-1,0,2 1,2,-1>0,4,-3 -1,-1,4>-3,0,4 0,4,-3>1,2,-1"}
{"par":66,"whiteIs":"B","ptsW":null,"res":"tope","plies":200,"balW":100,"secs":927.5,"apertura":"1,-3,3>-1,-1,4 0,4,-3>1,2,-1 0,-2,3>-1,0,2 1,2,-1>0,4,-3 -1,-1,4>-3,0,4 0,4,-3>1,2,-1"}
{"par":67,"whiteIs":"A","ptsW":1,"res":"mate","plies":1,"balW":100,"secs":0,"apertura":"1,-3,3>-1,-1,4 0,3,-2>1,1,-1 -1,-1,4>-3,1,3 2,3,-3>2,2,-3 0,-2,4>-1,0,3 0,4,-3>1,2,-1"}
{"par":67,"whiteIs":"B","ptsW":1,"res":"mate","plies":1,"balW":100,"secs":0,"apertura":"1,-3,3>-1,-1,4 0,3,-2>1,1,-1 -1,-1,4>-3,1,3 2,3,-3>2,2,-3 0,-2,4>-1,0,3 0,4,-3>1,2,-1"}
{"par":68,"whiteIs":"A","ptsW":null,"res":"tope","plies":200,"balW":-900,"secs":1098.2,"apertura":"1,-2,3>0,-1,2 -2,4,0>-2,2,1 3,-2,0>2,0,-1 0,4,-3>1,2,-1 3,-3,1>3,1,-3 1,3,-3>2,2,-2"}
{"par":68,"whiteIs":"B","ptsW":null,"res":"tope","plies":200,"balW":300,"secs":822,"apertura":"1,-2,3>0,-1,2 -2,4,0>-2,2,1 3,-2,0>2,0,-1 0,4,-3>1,2,-1 3,-3,1>3,1,-3 1,3,-3>2,2,-2"}
{"par":69,"whiteIs":"A","ptsW":null,"res":"tope","plies":200,"balW":-80,"secs":1475,"apertura":"0,-2,3>0,-1,3 1,3,-3>2,2,-2 1,-2,3>0,-1,2 0,3,-2>1,2,-1 2,-3,2>1,-2,3 -2,4,0>0,2,-1"}
{"par":69,"whiteIs":"B","ptsW":null,"res":"tope","plies":200,"balW":-150,"secs":1246.1,"apertura":"0,-2,3>0,-1,3 1,3,-3>2,2,-2 1,-2,3>0,-1,2 0,3,-2>1,2,-1 2,-3,2>1,-2,3 -2,4,0>0,2,-1"}
{"par":70,"whiteIs":"A","ptsW":null,"res":"tope","plies":200,"balW":-430,"secs":4686.8,"apertura":"1,-3,3>2,-1,1 -3,3,2>-3,2,2 1,-2,2>1,-1,2 -3,3,1>-2,1,2 3,-2,1>2,0,0 -2,3,1>-1,1,2"}
{"par":70,"whiteIs":"B","ptsW":0,"res":"mate","plies":124,"balW":-2200,"secs":766.6,"apertura":"1,-3,3>2,-1,1 -3,3,2>-3,2,2 1,-2,2>1,-1,2 -3,3,1>-2,1,2 3,-2,1>2,0,0 -2,3,1>-1,1,2"}
{"par":71,"whiteIs":"A","ptsW":null,"res":"tope","plies":200,"balW":1000,"secs":1733.3,"apertura":"2,-2,1>2,-1,1 -2,3,1>-1,1,2 3,-3,1>0,0,1 1,3,-3>2,2,-2 1,-2,3>0,0,2 1,3,-2>1,2,-2"}
{"par":71,"whiteIs":"B","ptsW":1,"res":"mate","plies":179,"balW":1400,"secs":627.8,"apertura":"2,-2,1>2,-1,1 -2,3,1>-1,1,2 3,-3,1>0,0,1 1,3,-3>2,2,-2 1,-2,3>0,0,2 1,3,-2>1,2,-2"}
{"par":72,"whiteIs":"A","ptsW":null,"res":"tope","plies":200,"balW":-130,"secs":428.5,"apertura":"1,-3,3>1,-1,2 1,3,-2>1,2,-2 1,-1,2>1,-3,3 0,4,-2>2,2,-2 3,-2,0>2,0,-1 2,2,-2>3,1,-2"}
{"par":72,"whiteIs":"B","ptsW":null,"res":"tope","plies":200,"balW":-170,"secs":2014.6,"apertura":"1,-3,3>1,-1,2 1,3,-2>1,2,-2 1,-1,2>1,-3,3 0,4,-2>2,2,-2 3,-2,0>2,0,-1 2,2,-2>3,1,-2"}
{"par":73,"whiteIs":"A","ptsW":null,"res":"tope","plies":200,"balW":-200,"secs":938.5,"apertura":"2,-2,2>1,0,1 -2,4,0>-2,2,1 2,-2,1>2,-1,1 -1,3,0>0,1,1 2,-3,3>2,-2,2 1,3,-3>2,2,-2"}
{"par":73,"whiteIs":"B","ptsW":null,"res":"tope","plies":200,"balW":-50,"secs":751.6,"apertura":"2,-2,2>1,0,1 -2,4,0>-2,2,1 2,-2,1>2,-1,1 -1,3,0>0,1,1 2,-3,3>2,-2,2 1,3,-3>2,2,-2"}
{"par":74,"whiteIs":"A","ptsW":0,"res":"mate","plies":98,"balW":-1400,"secs":179,"apertura":"-1,-2,4>-1,-1,4 -1,3,0>0,1,1 1,-3,3>1,-1,2 0,3,-1>0,2,-1 1,-1,2>-1,-1,3 0,3,-2>1,2,-1"}
{"par":74,"whiteIs":"B","ptsW":0,"res":"mate","plies":184,"balW":-800,"secs":1379.7,"apertura":"-1,-2,4>-1,-1,4 -1,3,0>0,1,1 1,-3,3>1,-1,2 0,3,-1>0,2,-1 1,-1,2>-1,-1,3 0,3,-2>1,2,-1"}
{"par":75,"whiteIs":"A","ptsW":1,"res":"mate","plies":165,"balW":2100,"secs":1491,"apertura":"2,-2,2>1,0,1 -3,3,1>-2,2,2 0,-2,3>0,-1,3 -2,4,0>0,2,-1 3,-2,0>2,0,-1 0,2,-1>0,1,1"}
{"par":75,"whiteIs":"B","ptsW":0,"res":"mate","plies":120,"balW":-1000,"secs":2299.1,"apertura":"2,-2,2>1,0,1 -3,3,1>-2,2,2 0,-2,3>0,-1,3 -2,4,0>0,2,-1 3,-2,0>2,0,-1 0,2,-1>0,1,1"}
{"par":76,"whiteIs":"A","ptsW":1,"res":"mate","plies":173,"balW":2000,"secs":1850,"apertura":"2,-2,2>1,0,1 0,4,-3>2,2,-2 3,-2,0>3,-1,0 -1,3,-1>0,2,0 1,-2,3>0,0,2 -3,3,1>-2,2,2"}
{"par":76,"whiteIs":"B","ptsW":1,"res":"mate","plies":125,"balW":1050,"secs":414.1,"apertura":"2,-2,2>1,0,1 0,4,-3>2,2,-2 3,-2,0>3,-1,0 -1,3,-1>0,2,0 1,-2,3>0,0,2 -3,3,1>-2,2,2"}
{"par":77,"whiteIs":"A","ptsW":null,"res":"tope","plies":200,"balW":-230,"secs":2901,"apertura":"0,-2,3>0,-1,3 0,3,-1>1,1,0 0,-1,3>-1,0,2 -2,3,1>-2,2,1 1,-3,3>1,-1,2 1,3,-3>2,1,-2"}
{"par":77,"whiteIs":"B","ptsW":null,"res":"tope","plies":200,"balW":-100,"secs":846.9,"apertura":"0,-2,3>0,-1,3 0,3,-1>1,1,0 0,-1,3>-1,0,2 -2,3,1>-2,2,1 1,-3,3>1,-1,2 1,3,-3>2,1,-2"}
{"par":78,"whiteIs":"A","ptsW":null,"res":"tope","plies":200,"balW":320,"secs":558.1,"apertura":"1,-2,3>0,0,2 2,3,-3>2,2,-3 1,-3,4>1,-1,2 -1,3,-1>0,2,0 1,-1,2>2,-1,1 -1,4,-1>-1,3,-1"}
{"par":78,"whiteIs":"B","ptsW":1,"res":"mate","plies":173,"balW":1830,"secs":1330.4,"apertura":"1,-2,3>0,0,2 2,3,-3>2,2,-3 1,-3,4>1,-1,2 -1,3,-1>0,2,0 1,-1,2>2,-1,1 -1,4,-1>-1,3,-1"}
{"par":79,"whiteIs":"A","ptsW":null,"res":"tope","plies":200,"balW":-150,"secs":1739.9,"apertura":"1,-3,3>0,-1,3 -3,3,1>-2,2,2 4,-3,1>3,-1,-1 -2,3,0>-1,1,1 3,-1,-1>3,1,-2 1,3,-2>1,2,-2"}
{"par":79,"whiteIs":"B","ptsW":null,"res":"tope","plies":200,"balW":-230,"secs":2367.7,"apertura":"1,-3,3>0,-1,3 -3,3,1>-2,2,2 4,-3,1>3,-1,-1 -2,3,0>-1,1,1 3,-1,-1>3,1,-2 1,3,-2>1,2,-2"}
{"par":80,"whiteIs":"A","ptsW":1,"res":"mate","plies":161,"balW":1600,"secs":3443.8,"apertura":"1,-3,3>0,-1,3 -3,3,1>-2,2,2 0,-1,3>1,-1,1 -2,2,2>-2,1,2 4,-2,0>3,0,-1 -3,3,2>-2,1,3"}
{"par":80,"whiteIs":"B","ptsW":null,"res":"tope","plies":200,"balW":650,"secs":3230.6,"apertura":"1,-3,3>0,-1,3 -3,3,1>-2,2,2 0,-1,3>1,-1,1 -2,2,2>-2,1,2 4,-2,0>3,0,-1 -3,3,2>-2,1,3"}
