{"par":51,"whiteIs":"A","ptsW":0,"res":"mate","plies":90,"balW":-1250,"secs":643.2,"apertura":"3,-2,1>2,0,0 -2,3,1>-1,1,2 2,-2,2>1,0,1 -1,3,0>-1,2,0 1,-2,2>0,0,1 1,3,-3>2,1,-2"}
{"par":51,"whiteIs":"B","ptsW":0,"res":"mate","plies":54,"balW":-800,"secs":1352,"apertura":"3,-2,1>2,0,0 -2,3,1>-1,1,2 2,-2,2>1,0,1 -1,3,0>-1,2,0 1,-2,2>0,0,1 1,3,-3>2,1,-2"}
{"par":52,"whiteIs":"A","ptsW":null,"res":"tope","plies":200,"balW":-120,"secs":1469.1,"apertura":"3,-2,0>3,-1,0 1,3,-2>2,1,-1 3,-1,0>2,0,-1 1,3,-3>2,2,-2 1,-3,3>-1,-1,4 2,2,-2>2,1,-2"}
{"par":52,"whiteIs":"B","ptsW":0,"res":"mate","plies":188,"balW":-1350,"secs":465.2,"apertura":"3,-2,0>3,-1,0 1,3,-2>2,1,-1 3,-1,0>2,0,-1 1,3,-3>2,2,-2 1,-3,3>-1,-1,4 2,2,-2>2,1,-2"}
{"par":53,"whiteIs":"A","ptsW":null,"res":"tope","plies":200,"balW":-600,"secs":677.4,"apertura":"4,-2,-1>3,0,-2 1,3,-3>2,2,-2 0,-2,3>-1,0,2 -1,3,-1>0,1,0 2,-2,2>1,0,1 -1,3,0>-1,2,0"}
{"par":53,"whiteIs":"B","ptsW":null,"res":"tope","plies":200,"balW":200,"secs":591.1,"apertura":"4,-2,-1>3,0,-2 1,3,-3>2,2,-2 0,-2,3>-1,0,2 -1,3,-1>0,1,0 2,-2,2>1,0,1 -1,3,0>-1,2,0"}
{"par":54,"whiteIs":"A","ptsW":null,"res":"tope","plies":200,"balW":-430,"secs":680.5,"apertura":"3,-2,0>2,0,-1 -1,3,-1>0,2,0 4,-2,-1>3,0,-2 1,3,-2>1,2,-2 -1,-2,4>-2,0,3 -1,3,0>-1,2,0"}
{"par":54,"whiteIs":"B","ptsW":null,"res":"tope","plies":200,"balW":600,"secs":467.6,"apertura":"3,-2,0>2,0,-1 -1,3,-1>0,2,0 4,-2,-1>3,0,-2 1,3,-2>1,2,-2 -1,-2,4>-2,0,3 -1,3,0>-1,2,0"}
{"par":55,"whiteIs":"A","ptsW":null,"res":"tope","plies":200,"balW":600,"secs":443.8,"apertura":"1,-2,2>1,-1,2 -3,3,2>-3,2,2 0,-2,4>-1,-1,3 -2,4,0>-1,2,0 3,-2,1>2,0,0 0,3,-2>1,1,-1"}
{"par":55,"whiteIs":"B","ptsW":null,"res":"tope","plies":200,"balW":520,"secs":622.7,"apertura":"1,-2,2>1,-1,2 -3,3,2>-3,2,2 0,-2,4>-1,-1,3 -2,4,0>-1,2,0 3,-2,1>2,0,0 0,3,-2>1,1,-1"}
{"par":56,"whiteIs":"A","ptsW":1,"res":"mate","plies":145,"balW":1800,"secs":1275.7,"apertura":"0,-2,3>-1,0,2 -1,3,0>0,1,1 1,-2,3>0,-1,2 2,3,-3>2,2,-3 2,-3,2>1,-2,3 -1,3,-1>0,1,0"}
{"par":56,"whiteIs":"B","ptsW":null,"res":"tope","plies":200,"balW":200,"secs":2717.7,"apertura":"0,-2,3>-1,0,2 -1,3,0>0,1,1 1,-2,3>0,-1,2 2,3,-3>2,2,-3 2,-3,2>1,-2,3 -1,3,-1>0,1,0"}
{"par":57,"whiteIs":"A","ptsW":null,"res":"tope","plies":200,"balW":-650,"secs":446.5,"apertura":"3,-2,0>2,0,-1 -3,3,2>-2,1,3 1,-2,2>1,-1,2 1,3,-3>2,2,-2 4,-2,-1>3,0,-2 -2,1,3>-2,0,3"}
{"par":57,"whiteIs":"B","ptsW":0.5,"res":"repetition","plies":22,"balW":0,"secs":966.2,"apertura":"3,-2,0>2,0,-1 -3,3,2>-2,1,3 1,-2,2>1,-1,2 1,3,-3>2,2,-2 4,-2,-1>3,0,-2 -2,1,3>-2,0,3"}
{"par":58,"whiteIs":"A","ptsW":0,"res":"mate","plies":200,"balW":-1500,"secs":259.8,"apertura":"3,-2,0>3,-1,0 2,3,-3>3,1,-2 4,-2,-1>3,0,-2 -3,3,2>-2,1,3 0,-2,3>-1,0,2 -2,3,1>-2,2,1"}
{"par":58,"whiteIs":"B","ptsW":1,"res":"mate","plies":95,"balW":830,"secs":711.6,"apertura":"3,-2,0>3,-1,0 2,3,-3>3,1,-2 4,-2,-1>3,0,-2 -3,3,2>-2,1,3 0,-2,3>-1,0,2 -2,3,1>-2,2,1"}
{"par":59,"whiteIs":"A","ptsW":null,"res":"tope","plies":200,"balW":270,"secs":596.1,"apertura":"4,-2,0>3,0,-1 -1,3,-1>0,2,0 3,0,-1>2,1,-2 1,3,-3>2,2,-2 0,-2,3>-1,0,2 0,2,0>0,1,0"}
{"par":59,"whiteIs":"B","ptsW":1,"res":"mate","plies":173,"balW":1530,"secs":1864.9,"apertura":"4,-2,0>3,0,-1 -1,3,-1>0,2,0 3,0,-1>2,1,-2 1,3,-3>2,2,-2 0,-2,3>-1,0,2 0,2,0>0,1,0"}
{"par":60,"whiteIs":"A","ptsW":null,"res":"tope","plies":200,"balW":-700,"secs":621.3,"apertura":"4,-2,-1>3,0,-2 0,3,-2>1,2,-1 3,-2,1>2,-1,0 -1,4,-1>0,3,-2 1,-3,3>0,-1,3 2,3,-3>3,1,-2"}
{"par":60,"whiteIs":"B","ptsW":1,"res":"mate","plies":143,"balW":1600,"secs":800.8,"apertura":"4,-2,-1>3,0,-2 0,3,-2>1,2,-1 3,-2,1>2,-1,0 -1,4,-1>0,3,-2 1,-3,3>0,-1,3 2,3,-3>3,1,-2"}
{"par":61,"whiteIs":"A","ptsW":0,"res":"mate","plies":118,"balW":-2030,"secs":801.5,"apertura":"3,-2,1>2,-1,0 0,3,-1>1,1,0 4,-2,-1>4,-1,-1 1,3,-2>2,1,-1 -1,-2,4>-2,0,3 -1,4,-2>0,2,-1"}
{"par":61,"whiteIs":"B","ptsW":null,"res":"tope","plies":200,"balW":350,"secs":1577.2,"apertura":"3,-2,1>2,-1,0 0,3,-1>1,1,0 4,-2,-1>4,-1,-1 1,3,-2>2,1,-1 -1,-2,4>-2,0,3 -1,4,-2>0,2,-1"}
{"par":62,"whiteIs":"A","ptsW":null,"res":"tope","plies":200,"balW":600,"secs":958.8,"apertura":"4,-3,1>2,-1,0 1,3,-3>2,1,-2 2,-1,0>4,0,-2 1,3,-2>2,1,-1 4,-2,0>3,-1,-1 1,4,-3>1,0,0"}
{"par":62,"whiteIs":"B","ptsW":0.5,"res":"repetition","plies":184,"balW":30,"secs":551.8,"apertura":"4,-3,1>2,-1,0 1,3,-3>2,1,-2 2,-1,0>4,0,-2 1,3,-2>2,1,-1 4,-2,0>3,-1,-1 1,4,-3>1,0,0"}
{"par":63,"whiteIs":"A","ptsW":0,"res":"mate","plies":106,"balW":-160,"secs":2476.8,"apertura":"0,-2,4>-1,0,3 -1,3,-1>0,1,0 1,-3,4>0,-2,4 -2,4,0>-2,2,1 0,-2,4>1,-3,4 -1,3,0>0,1,1"}
{"par":63,"whiteIs":"B","ptsW":1,"res":"mate","plies":195,"balW":2380,"secs":631.4,"apertura":"0,-2,4>-1,0,3 -1,3,-1>0,1,0 1,-3,4>0,-2,4 -2,4,0>-2,2,1 0,-2,4>1,-3,4 -1,3,0>0,1,1"}
{"par":64,"whiteIs":"A","ptsW":0,"res":"mate","plies":78,"balW":-1030,"secs":842,"apertura":"1,-2,3>0,0,2 2,3,-3>3,1,-2 0,-2,3>-1,0,2 -3,3,1>-2,1,2 2,-2,1>2,-1,1 -1,3,-1>0,2,0"}
{"par":64,"whiteIs":"B","ptsW":null,"res":"tope","plies":200,"balW":30,"secs":840.6,"apertura":"1,-2,3>0,0,2 2,3,-3>3,1,-2 0,-2,3>-1,0,2 -3,3,1>-2,1,2 2,-2,1>2,-1,1 -1,3,-1>0,2,0"}
{"par":65,"whiteIs":"A","ptsW":null,"res":"tope","plies":200,"balW":-700,"secs":2740.9,"apertura":"2,-2,2>1,-1,1 0,3,-2>1,2,-1 1,-3,3>0,-1,3 -3,3,2>-3,2,2 3,-2,0>2,0,-1 -1,3,0>0,1,1"}
{"par":65,"whiteIs":"B","ptsW":0.5,"res":"repetition","plies":132,"balW":-50,"secs":2085.2,"apertura":"2,-2,2>1,-1,1 0,3,-2>1,2,-1 1,-3,3>0,-1,3 -3,3,2>-3,2,2 3,-2,0>2,0,-1 -1,3,0>0,1,1"}
{"par":66,"whiteIs":"A","ptsW":0,"res":"mate","plies":142,"balW":-570,"secs":1406.4,"apertura":"1,-3,3>-1,-1,4 0,4,-3>1,2,-1 0,-2,3>-1,0,2 1,2,-1>0,4,-3 -1,-1,4>-3,0,4 0,4,-3>1,2,-1"}
{"par":66,"whiteIs":"B","ptsW":1,"res":"mate","plies":107,"balW":1180,"secs":941,"apertura":"1,-3,3>-1,-1,4 0,4,-3>1,2,-1 0,-2,3>-1,0,2 1,2,-1>0,4,-3 -1,-1,4>-3,0,4 0,4,-3>1,2,-1"}
{"par":67,"whiteIs":"A","ptsW":1,"res":"mate","plies":1,"balW":100,"secs":0.1,"apertura":"1,-3,3>-1,-1,4 0,3,-2>1,1,-1 -1,-1,4>-3,1,3 2,3,-3>2,2,-3 0,-2,4>-1,0,3 0,4,-3>1,2,-1"}
{"par":67,"whiteIs":"B","ptsW":1,"res":"mate","plies":1,"balW":100,"secs":0,"apertura":"1,-3,3>-1,-1,4 0,3,-2>1,1,-1 -1,-1,4>-3,1,3 2,3,-3>2,2,-3 0,-2,4>-1,0,3 0,4,-3>1,2,-1"}
{"par":68,"whiteIs":"A","ptsW":0.5,"res":"repetition","plies":145,"balW":200,"secs":872.1,"apertura":"1,-2,3>0,-1,2 -2,4,0>-2,2,1 3,-2,0>2,0,-1 0,4,-3>1,2,-1 3,-3,1>3,1,-3 1,3,-3>2,2,-2"}
{"par":68,"whiteIs":"B","ptsW":1,"res":"mate","plies":123,"balW":650,"secs":280.3,"apertura":"1,-2,3>0,-1,2 -2,4,0>-2,2,1 3,-2,0>2,0,-1 0,4,-3>1,2,-1 3,-3,1>3,1,-3 1,3,-3>2,2,-2"}
{"par":69,"whiteIs":"A","ptsW":null,"res":"tope","plies":200,"balW":0,"secs":1947.5,"apertura":"0,-2,3>0,-1,3 1,3,-3>2,2,-2 1,-2,3>0,-1,2 0,3,-2>1,2,-1 2,-3,2>1,-2,3 -2,4,0>0,2,-1"}
{"par":69,"whiteIs":"B","ptsW":null,"res":"tope","plies":200,"balW":770,"secs":538,"apertura":"0,-2,3>0,-1,3 1,3,-3>2,2,-2 1,-2,3>0,-1,2 0,3,-2>1,2,-1 2,-3,2>1,-2,3 -2,4,0>0,2,-1"}
{"par":70,"whiteIs":"A","ptsW":1,"res":"mate","plies":137,"balW":1500,"secs":622,"apertura":"1,-3,3>2,-1,1 -3,3,2>-3,2,2 1,-2,2>1,-1,2 -3,3,1>-2,1,2 3,-2,1>2,0,0 -2,3,1>-1,1,2"}
{"par":70,"whiteIs":"B","ptsW":null,"res":"tope","plies":200,"balW":780,"secs":4452.6,"apertura":"1,-3,3>2,-1,1 -3,3,2>-3,2,2 1,-2,2>1,-1,2 -3,3,1>-2,1,2 3,-2,1>2,0,0 -2,3,1>-1,1,2"}
{"par":71,"whiteIs":"A","ptsW":null,"res":"tope","plies":200,"balW":-150,"secs":1110.3,"apertura":"2,-2,1>2,-1,1 -2,3,1>-1,1,2 3,-3,1>0,0,1 1,3,-3>2,2,-2 1,-2,3>0,0,2 1,3,-2>1,2,-2"}
{"par":71,"whiteIs":"B","ptsW":1,"res":"mate","plies":197,"balW":800,"secs":2089.3,"apertura":"2,-2,1>2,-1,1 -2,3,1>-1,1,2 3,-3,1>0,0,1 1,3,-3>2,2,-2 1,-2,3>0,0,2 1,3,-2>1,2,-2"}
{"par":72,"whiteIs":"A","ptsW":null,"res":"tope","plies":200,"balW":370,"secs":1594.9,"apertura":"1,-3,3>1,-1,2 1,3,-2>1,2,-2 1,-1,2>1,-3,3 0,4,-2>2,2,-2 3,-2,0>2,0,-1 2,2,-2>3,1,-2"}
{"par":72,"whiteIs":"B","ptsW":null,"res":"tope","plies":200,"balW":-50,"secs":343.5,"apertura":"1,-3,3>1,-1,2 1,3,-2>1,2,-2 1,-1,2>1,-3,3 0,4,-2>2,2,-2 3,-2,0>2,0,-1 2,2,-2>3,1,-2"}
{"par":73,"whiteIs":"A","ptsW":null,"res":"tope","plies":200,"balW":900,"secs":542.5,"apertura":"2,-2,2>1,0,1 -2,4,0>-2,2,1 2,-2,1>2,-1,1 -1,3,0>0,1,1 2,-3,3>2,-2,2 1,3,-3>2,2,-2"}
{"par":73,"whiteIs":"B","ptsW":null,"res":"tope","plies":200,"balW":100,"secs":1324.5,"apertura":"2,-2,2>1,0,1 -2,4,0>-2,2,1 2,-2,1>2,-1,1 -1,3,0>0,1,1 2,-3,3>2,-2,2 1,3,-3>2,2,-2"}
{"par":74,"whiteIs":"A","ptsW":null,"res":"tope","plies":200,"balW":70,"secs":291.9,"apertura":"-1,-2,4>-1,-1,4 -1,3,0>0,1,1 1,-3,3>1,-1,2 0,3,-1>0,2,-1 1,-1,2>-1,-1,3 0,3,-2>1,2,-1"}
{"par":74,"whiteIs":"B","ptsW":0.5,"res":"repetition","plies":62,"balW":-270,"secs":187.4,"apertura":"-1,-2,4>-1,-1,4 -1,3,0>0,1,1 1,-3,3>1,-1,2 0,3,-1>0,2,-1 1,-1,2>-1,-1,3 0,3,-2>1,2,-1"}
{"par":75,"whiteIs":"A","ptsW":null,"res":"tope","plies":200,"balW":650,"secs":540.8,"apertura":"2,-2,2>1,0,1 -3,3,1>-2,2,2 0,-2,3>0,-1,3 -2,4,0>0,2,-1 3,-2,0>2,0,-1 0,2,-1>0,1,1"}
{"par":75,"whiteIs":"B","ptsW":null,"res":"tope","plies":200,"balW":1230,"secs":744.4,"apertura":"2,-2,2>1,0,1 -3,3,1>-2,2,2 0,-2,3>0,-1,3 -2,4,0>0,2,-1 3,-2,0>2,0,-1 0,2,-1>0,1,1"}
{"par":76,"whiteIs":"A","ptsW":null,"res":"tope","plies":200,"balW":-130,"secs":2666.7,"apertura":"2,-2,2>1,0,1 0,4,-3>2,2,-2 3,-2,0>3,-1,0 -1,3,-1>0,2,0 1,-2,3>0,0,2 -3,3,1>-2,2,2"}
{"par":76,"whiteIs":"B","ptsW":1,"res":"mate","plies":179,"balW":1800,"secs":1583.2,"apertura":"2,-2,2>1,0,1 0,4,-3>2,2,-2 3,-2,0>3,-1,0 -1,3,-1>0,2,0 1,-2,3>0,0,2 -3,3,1>-2,2,2"}
{"par":77,"whiteIs":"A","ptsW":0,"res":"mate","plies":110,"balW":300,"secs":790.4,"apertura":"0,-2,3>0,-1,3 0,3,-1>1,1,0 0,-1,3>-1,0,2 -2,3,1>-2,2,1 1,-3,3>1,-1,2 1,3,-3>2,1,-2"}
{"par":77,"whiteIs":"B","ptsW":0,"res":"mate","plies":112,"balW":-1020,"secs":713.2,"apertura":"0,-2,3>0,-1,3 0,3,-1>1,1,0 0,-1,3>-1,0,2 -2,3,1>-2,2,1 1,-3,3>1,-1,2 1,3,-3>2,1,-2"}
{"par":78,"whiteIs":"A","ptsW":null,"res":"tope","plies":200,"balW":-150,"secs":388.9,"apertura":"1,-2,3>0,0,2 2,3,-3>2,2,-3 1,-3,4>1,-1,2 -1,3,-1>0,2,0 1,-1,2>2,-1,1 -1,4,-1>-1,3,-1"}
{"par":78,"whiteIs":"B","ptsW":1,"res":"mate","plies":131,"balW":2000,"secs":1049.4,"apertura":"1,-2,3>0,0,2 2,3,-3>2,2,-3 1,-3,4>1,-1,2 -1,3,-1>0,2,0 1,-1,2>2,-1,1 -1,4,-1>-1,3,-1"}
{"par":79,"whiteIs":"A","ptsW":null,"res":"tope","plies":200,"balW":-600,"secs":877.4,"apertura":"1,-3,3>0,-1,3 -3,3,1>-2,2,2 4,-3,1>3,-1,-1 -2,3,0>-1,1,1 3,-1,-1>3,1,-2 1,3,-2>1,2,-2"}
{"par":79,"whiteIs":"B","ptsW":null,"res":"tope","plies":200,"balW":400,"secs":1285.2,"apertura":"1,-3,3>0,-1,3 -3,3,1>-2,2,2 4,-3,1>3,-1,-1 -2,3,0>-1,1,1 3,-1,-1>3,1,-2 1,3,-2>1,2,-2"}
{"par":80,"whiteIs":"A","ptsW":0,"res":"mate","plies":196,"balW":-800,"secs":1013.7,"apertura":"1,-3,3>0,-1,3 -3,3,1>-2,2,2 0,-1,3>1,-1,1 -2,2,2>-2,1,2 4,-2,0>3,0,-1 -3,3,2>-2,1,3"}
{"par":80,"whiteIs":"B","ptsW":1,"res":"mate","plies":101,"balW":1550,"secs":511.5,"apertura":"1,-3,3>0,-1,3 -3,3,1>-2,2,2 0,-1,3>1,-1,1 -2,2,2>-2,1,2 4,-2,0>3,0,-1 -3,3,2>-2,1,3"}
{"par":81,"whiteIs":"A","ptsW":null,"res":"tope","plies":200,"balW":0,"secs":1866.8,"apertura":"2,-2,2>1,0,1 -1,3,-1>0,1,0 1,-3,3>-1,-1,4 0,3,-1>1,1,0 0,-2,4>-1,-1,3 0,4,-2>0,3,-1"}
{"par":81,"whiteIs":"B","ptsW":1,"res":"mate","plies":195,"balW":1330,"secs":377.3,"apertura":"2,-2,2>1,0,1 -1,3,-1>0,1,0 1,-3,3>-1,-1,4 0,3,-1>1,1,0 0,-2,4>-1,-1,3 0,4,-2>0,3,-1"}
{"par":82,"whiteIs":"A","ptsW":0,"res":"mate","plies":134,"balW":-1400,"secs":307.8,"apertura":"4,-2,0>3,0,-1 -3,3,1>-2,1,2 0,-2,3>-1,0,2 -2,1,2>-1,0,3 0,-2,4>-1,-1,3 1,3,-2>2,1,-1"}
{"par":82,"whiteIs":"B","ptsW":null,"res":"tope","plies":200,"balW":-1100,"secs":630.7,"apertura":"4,-2,0>3,0,-1 -3,3,1>-2,1,2 0,-2,3>-1,0,2 -2,1,2>-1,0,3 0,-2,4>-1,-1,3 1,3,-2>2,1,-1"}
{"par":83,"whiteIs":"A","ptsW":null,"res":"tope","plies":200,"balW":-100,"secs":806.7,"apertura":"2,-2,2>1,-1,1 0,4,-3>2,2,-2 3,-2,0>2,0,-1 0,3,-2>1,2,-1 1,-3,3>0,-1,3 2,2,-2>0,4,-3"}
{"par":83,"whiteIs":"B","ptsW":null,"res":"tope","plies":200,"balW":600,"secs":1077.6,"apertura":"2,-2,2>1,-1,1 0,4,-3>2,2,-2 3,-2,0>2,0,-1 0,3,-2>1,2,-1 1,-3,3>0,-1,3 2,2,-2>0,4,-3"}
{"par":84,"whiteIs":"A","ptsW":0,"res":"mate","plies":188,"balW":-1000,"secs":2270,"apertura":"2,-2,1>2,-1,1 1,3,-2>1,2,-2 1,-3,3>-1,-1,4 -1,3,-1>0,2,0 -1,-1,4>1,-3,3 -3,3,2>-3,2,2"}
{"par":84,"whiteIs":"B","ptsW":null,"res":"tope","plies":200,"balW":1280,"secs":767.3,"apertura":"2,-2,1>2,-1,1 1,3,-2>1,2,-2 1,-3,3>-1,-1,4 -1,3,-1>0,2,0 -1,-1,4>1,-3,3 -3,3,2>-3,2,2"}
{"par":85,"whiteIs":"A","ptsW":null,"res":"tope","plies":200,"balW":100,"secs":3653.6,"apertura":"4,-2,0>3,0,-1 -1,3,-1>0,1,0 1,-3,3>-1,-1,4 1,3,-3>2,2,-2 3,0,-1>2,1,-2 -3,3,2>-2,1,3"}
