# {"fecha":"2026-08-03T22:16:40.168Z","modalidad":"dekle","A":{"nombre":"vigente","cfg":{"depth":24,"mobility":true,"order":true,"quiesce":true,"nodes":4500}},"B":{"nombre":"mat","cfg":{"depth":24,"mobility":true,"order":true,"quiesce":true,"nodes":4500,"pieceValues":{"P":100,"R":424,"B":348,"Q":823,"U":413,"N":323,"K":0}}},"MAX_PLIES":80,"FIFTY":40,"OPENING_PLIES":6,"SEED":25004,"FIRST":160,"PAIRS":53,"libro":"libro-dekle.json"}
{"par":160,"whiteIs":"A","ptsW":null,"res":"tope","plies":80,"balW":20,"secs":4.6,"apertura":"1,-3,3>2,-1,1 -1,3,-1>0,2,0 2,-3,2>1,-1,2 0,2,0>0,1,0 2,-3,3>1,-3,3 -2,3,0>-1,2,1"}
{"par":160,"whiteIs":"B","ptsW":null,"res":"tope","plies":80,"balW":-800,"secs":3.8,"apertura":"1,-3,3>2,-1,1 -1,3,-1>0,2,0 2,-3,2>1,-1,2 0,2,0>0,1,0 2,-3,3>1,-3,3 -2,3,0>-1,2,1"}
{"par":161,"whiteIs":"A","ptsW":0,"res":"mate","plies":54,"balW":100,"secs":2.9,"apertura":"4,-3,1>2,-1,0 0,3,-2>1,1,-1 4,-2,-1>4,-1,-1 -2,4,0>-3,2,2 4,-2,0>3,0,-1 1,1,-1>2,0,0"}
{"par":161,"whiteIs":"B","ptsW":null,"res":"tope","plies":80,"balW":-80,"secs":4.9,"apertura":"4,-3,1>2,-1,0 0,3,-2>1,1,-1 4,-2,-1>4,-1,-1 -2,4,0>-3,2,2 4,-2,0>3,0,-1 1,1,-1>2,0,0"}
{"par":162,"whiteIs":"A","ptsW":1,"res":"mate","plies":51,"balW":60,"secs":3.2,"apertura":"4,-3,1>3,-1,-1 0,3,-1>1,1,0 3,-2,0>2,0,-1 -1,4,-2>0,3,-1 0,-2,3>-1,0,2 -3,3,2>-2,1,3"}
{"par":162,"whiteIs":"B","ptsW":null,"res":"tope","plies":80,"balW":-200,"secs":4.4,"apertura":"4,-3,1>3,-1,-1 0,3,-1>1,1,0 3,-2,0>2,0,-1 -1,4,-2>0,3,-1 0,-2,3>-1,0,2 -3,3,2>-2,1,3"}
{"par":163,"whiteIs":"A","ptsW":1,"res":"mate","plies":65,"balW":420,"secs":3.6,"apertura":"2,-2,2>1,-1,1 0,4,-3>2,2,-2 1,-2,2>1,-1,2 -1,3,-1>0,1,0 2,-3,2>2,-1,1 -2,3,1>-1,1,2"}
{"par":163,"whiteIs":"B","ptsW":null,"res":"tope","plies":80,"balW":-1940,"secs":3.6,"apertura":"2,-2,2>1,-1,1 0,4,-3>2,2,-2 1,-2,2>1,-1,2 -1,3,-1>0,1,0 2,-3,2>2,-1,1 -2,3,1>-1,1,2"}
{"par":164,"whiteIs":"A","ptsW":null,"res":"tope","plies":80,"balW":-1520,"secs":4.3,"apertura":"3,-2,1>2,-1,0 0,3,-1>1,1,0 3,-2,0>3,-1,0 -2,3,0>-1,2,1 -1,-2,4>-1,-1,4 -1,2,1>-1,1,1"}
{"par":164,"whiteIs":"B","ptsW":null,"res":"tope","plies":80,"balW":-520,"secs":3.7,"apertura":"3,-2,1>2,-1,0 0,3,-1>1,1,0 3,-2,0>3,-1,0 -2,3,0>-1,2,1 -1,-2,4>-1,-1,4 -1,2,1>-1,1,1"}
{"par":165,"whiteIs":"A","ptsW":null,"res":"tope","plies":80,"balW":-780,"secs":4.5,"apertura":"4,-2,-1>3,0,-2 -3,3,1>-2,2,2 4,-3,1>3,-1,-1 1,3,-3>2,1,-2 -1,-2,4>-1,-1,4 -1,4,-1>-1,2,0"}
{"par":165,"whiteIs":"B","ptsW":null,"res":"tope","plies":80,"balW":120,"secs":3.8,"apertura":"4,-2,-1>3,0,-2 -3,3,1>-2,2,2 4,-3,1>3,-1,-1 1,3,-3>2,1,-2 -1,-2,4>-1,-1,4 -1,4,-1>-1,2,0"}
{"par":166,"whiteIs":"A","ptsW":null,"res":"tope","plies":80,"balW":-1420,"secs":4.7,"apertura":"4,-3,1>2,-1,0 1,3,-2>1,2,-2 0,-2,4>-1,0,3 -1,4,-1>-1,2,0 2,-2,2>1,0,1 0,3,-2>1,1,-1"}
{"par":166,"whiteIs":"B","ptsW":null,"res":"tope","plies":80,"balW":-780,"secs":4.8,"apertura":"4,-3,1>2,-1,0 1,3,-2>1,2,-2 0,-2,4>-1,0,3 -1,4,-1>-1,2,0 2,-2,2>1,0,1 0,3,-2>1,1,-1"}
{"par":167,"whiteIs":"A","ptsW":null,"res":"tope","plies":80,"balW":400,"secs":4.1,"apertura":"4,-2,-1>4,-1,-1 1,3,-3>2,1,-2 0,-2,3>-1,0,2 -1,3,0>0,1,1 3,-2,1>2,-1,0 2,1,-2>3,0,-1"}
{"par":167,"whiteIs":"B","ptsW":0,"res":"mate","plies":56,"balW":100,"secs":2.9,"apertura":"4,-2,-1>4,-1,-1 1,3,-3>2,1,-2 0,-2,3>-1,0,2 -1,3,0>0,1,1 3,-2,1>2,-1,0 2,1,-2>3,0,-1"}
{"par":168,"whiteIs":"A","ptsW":null,"res":"tope","plies":80,"balW":0,"secs":5.3,"apertura":"0,-2,4>-1,0,3 1,3,-2>2,1,-1 1,-2,2>0,0,1 -1,3,-1>0,2,0 0,-3,4>0,-2,4 0,4,-3>1,2,-1"}
{"par":168,"whiteIs":"B","ptsW":null,"res":"tope","plies":80,"balW":1020,"secs":4.4,"apertura":"0,-2,4>-1,0,3 1,3,-2>2,1,-1 1,-2,2>0,0,1 -1,3,-1>0,2,0 0,-3,4>0,-2,4 0,4,-3>1,2,-1"}
{"par":169,"whiteIs":"A","ptsW":null,"res":"tope","plies":80,"balW":-720,"secs":4.3,"apertura":"2,-2,1>2,-1,1 1,3,-3>2,2,-2 3,-2,1>2,0,0 -1,4,-1>-1,2,0 0,-2,4>-1,0,3 -3,3,2>-3,2,2"}
{"par":169,"whiteIs":"B","ptsW":null,"res":"tope","plies":80,"balW":220,"secs":4.8,"apertura":"2,-2,1>2,-1,1 1,3,-3>2,2,-2 3,-2,1>2,0,0 -1,4,-1>-1,2,0 0,-2,4>-1,0,3 -3,3,2>-3,2,2"}
{"par":170,"whiteIs":"A","ptsW":null,"res":"tope","plies":80,"balW":-920,"secs":4.7,"apertura":"1,-2,2>1,-1,2 2,3,-3>2,2,-3 1,-1,2>0,0,1 0,3,-1>1,1,0 4,-3,1>3,-1,-1 -3,3,2>-2,1,3"}
{"par":170,"whiteIs":"B","ptsW":null,"res":"tope","plies":80,"balW":620,"secs":5.4,"apertura":"1,-2,2>1,-1,2 2,3,-3>2,2,-3 1,-1,2>0,0,1 0,3,-1>1,1,0 4,-3,1>3,-1,-1 -3,3,2>-2,1,3"}
{"par":171,"whiteIs":"A","ptsW":null,"res":"tope","plies":80,"balW":-1000,"secs":4.4,"apertura":"2,-2,1>2,-1,1 -1,3,-1>0,2,0 1,-2,3>0,-1,2 1,3,-2>1,2,-2 4,-2,0>3,-1,-1 0,4,-3>2,2,-2"}
{"par":171,"whiteIs":"B","ptsW":null,"res":"tope","plies":80,"balW":-900,"secs":4.4,"apertura":"2,-2,1>2,-1,1 -1,3,-1>0,2,0 1,-2,3>0,-1,2 1,3,-2>1,2,-2 4,-2,0>3,-1,-1 0,4,-3>2,2,-2"}
{"par":172,"whiteIs":"A","ptsW":0,"res":"mate","plies":54,"balW":-420,"secs":3.5,"apertura":"0,-2,3>-1,0,2 -3,3,1>-2,2,2 1,-2,3>0,-1,2 -2,3,0>-1,1,1 4,-2,-1>3,0,-2 0,3,-2>1,2,-1"}
{"par":172,"whiteIs":"B","ptsW":null,"res":"tope","plies":80,"balW":800,"secs":4.4,"apertura":"0,-2,3>-1,0,2 -3,3,1>-2,2,2 1,-2,3>0,-1,2 -2,3,0>-1,1,1 4,-2,-1>3,0,-2 0,3,-2>1,2,-1"}
{"par":173,"whiteIs":"A","ptsW":null,"res":"tope","plies":80,"balW":-40,"secs":4.2,"apertura":"4,-3,1>2,-1,0 -1,4,-1>-1,2,0 4,-2,0>3,0,-1 1,3,-3>2,1,-2 1,-2,2>1,-1,2 -1,2,0>1,1,0"}
{"par":173,"whiteIs":"B","ptsW":null,"res":"tope","plies":80,"balW":920,"secs":4.3,"apertura":"4,-3,1>2,-1,0 -1,4,-1>-1,2,0 4,-2,0>3,0,-1 1,3,-3>2,1,-2 1,-2,2>1,-1,2 -1,2,0>1,1,0"}
{"par":174,"whiteIs":"A","ptsW":1,"res":"mate","plies":77,"balW":-420,"secs":4.7,"apertura":"2,-3,2>1,-1,2 -2,3,0>-1,2,1 4,-3,1>3,-1,-1 -3,3,1>-2,2,2 3,-3,2>2,-3,2 2,3,-3>2,2,-3"}
{"par":174,"whiteIs":"B","ptsW":null,"res":"tope","plies":80,"balW":-20,"secs":4.9,"apertura":"2,-3,2>1,-1,2 -2,3,0>-1,2,1 4,-3,1>3,-1,-1 -3,3,1>-2,2,2 3,-3,2>2,-3,2 2,3,-3>2,2,-3"}
{"par":175,"whiteIs":"A","ptsW":null,"res":"tope","plies":80,"balW":-720,"secs":4.9,"apertura":"4,-2,0>3,0,-1 -1,4,-1>-1,2,0 2,-2,1>1,0,0 -3,3,1>-2,2,2 0,-2,4>-1,0,3 -3,3,2>-2,1,3"}
{"par":175,"whiteIs":"B","ptsW":null,"res":"tope","plies":80,"balW":320,"secs":4.3,"apertura":"4,-2,0>3,0,-1 -1,4,-1>-1,2,0 2,-2,1>1,0,0 -3,3,1>-2,2,2 0,-2,4>-1,0,3 -3,3,2>-2,1,3"}
{"par":176,"whiteIs":"A","ptsW":null,"res":"tope","plies":80,"balW":100,"secs":4.6,"apertura":"4,-2,-1>3,0,-2 2,3,-3>2,2,-3 -1,-2,4>-1,-1,4 1,3,-3>2,1,-2 1,-2,3>0,-1,2 0,4,-2>1,3,-3"}
{"par":176,"whiteIs":"B","ptsW":1,"res":"mate","plies":71,"balW":300,"secs":4,"apertura":"4,-2,-1>3,0,-2 2,3,-3>2,2,-3 -1,-2,4>-1,-1,4 1,3,-3>2,1,-2 1,-2,3>0,-1,2 0,4,-2>1,3,-3"}
{"par":177,"whiteIs":"A","ptsW":null,"res":"tope","plies":80,"balW":-80,"secs":5.1,"apertura":"4,-2,0>3,-1,-1 -3,3,2>-2,1,3 4,-3,0>4,-2,0 0,3,-1>0,2,-1 2,-2,2>1,0,1 0,3,-2>1,2,-1"}
{"par":177,"whiteIs":"B","ptsW":1,"res":"mate","plies":35,"balW":-500,"secs":2.1,"apertura":"4,-2,0>3,-1,-1 -3,3,2>-2,1,3 4,-3,0>4,-2,0 0,3,-1>0,2,-1 2,-2,2>1,0,1 0,3,-2>1,2,-1"}
{"par":178,"whiteIs":"A","ptsW":null,"res":"tope","plies":80,"balW":480,"secs":5,"apertura":"1,-3,3>-1,-1,4 1,3,-3>2,2,-2 4,-2,-1>3,0,-2 0,3,-1>0,2,-1 2,-2,2>1,-1,1 0,2,-1>1,1,0"}
{"par":178,"whiteIs":"B","ptsW":null,"res":"tope","plies":80,"balW":-2300,"secs":4.8,"apertura":"1,-3,3>-1,-1,4 1,3,-3>2,2,-2 4,-2,-1>3,0,-2 0,3,-1>0,2,-1 2,-2,2>1,-1,1 0,2,-1>1,1,0"}
{"par":179,"whiteIs":"A","ptsW":null,"res":"tope","plies":80,"balW":1400,"secs":4.7,"apertura":"3,-2,0>3,-1,0 -2,4,0>-3,2,2 4,-2,-1>3,0,-2 1,3,-3>2,2,-2 2,-2,1>2,-1,1 -2,3,1>-2,2,1"}
{"par":179,"whiteIs":"B","ptsW":null,"res":"tope","plies":80,"balW":400,"secs":4.7,"apertura":"3,-2,0>3,-1,0 -2,4,0>-3,2,2 4,-2,-1>3,0,-2 1,3,-3>2,2,-2 2,-2,1>2,-1,1 -2,3,1>-2,2,1"}
{"par":180,"whiteIs":"A","ptsW":null,"res":"tope","plies":80,"balW":-120,"secs":3.9,"apertura":"2,-3,2>1,-1,2 -1,3,0>0,1,1 -1,-2,4>-2,0,3 0,3,-2>1,2,-1 2,-2,2>1,0,1 2,3,-3>2,2,-3"}
{"par":180,"whiteIs":"B","ptsW":null,"res":"tope","plies":80,"balW":640,"secs":4.2,"apertura":"2,-3,2>1,-1,2 -1,3,0>0,1,1 -1,-2,4>-2,0,3 0,3,-2>1,2,-1 2,-2,2>1,0,1 2,3,-3>2,2,-3"}
{"par":181,"whiteIs":"A","ptsW":0,"res":"mate","plies":76,"balW":-1020,"secs":4.4,"apertura":"2,-2,1>1,0,0 -2,3,1>-1,1,2 4,-2,0>3,0,-1 2,3,-3>2,2,-3 3,-2,1>2,0,0 0,3,-1>0,2,-1"}
{"par":181,"whiteIs":"B","ptsW":null,"res":"tope","plies":80,"balW":100,"secs":3.8,"apertura":"2,-2,1>1,0,0 -2,3,1>-1,1,2 4,-2,0>3,0,-1 2,3,-3>2,2,-3 3,-2,1>2,0,0 0,3,-1>0,2,-1"}
{"par":182,"whiteIs":"A","ptsW":null,"res":"tope","plies":80,"balW":-1280,"secs":5.9,"apertura":"1,-2,3>0,-1,2 0,3,-1>1,1,0 0,-2,3>0,-1,3 -3,3,1>-2,1,2 3,-2,0>2,0,-1 -2,3,1>-2,2,1"}
{"par":182,"whiteIs":"B","ptsW":null,"res":"tope","plies":80,"balW":400,"secs":5.2,"apertura":"1,-2,3>0,-1,2 0,3,-1>1,1,0 0,-2,3>0,-1,3 -3,3,1>-2,1,2 3,-2,0>2,0,-1 -2,3,1>-2,2,1"}
{"par":183,"whiteIs":"A","ptsW":0,"res":"mate","plies":64,"balW":1020,"secs":4.1,"apertura":"2,-3,2>1,-1,2 -3,3,2>-2,1,3 -1,-2,4>-2,0,3 1,3,-2>2,1,-1 1,-1,2>-1,-1,3 -1,3,-1>0,1,0"}
{"par":183,"whiteIs":"B","ptsW":null,"res":"tope","plies":80,"balW":1000,"secs":3.9,"apertura":"2,-3,2>1,-1,2 -3,3,2>-2,1,3 -1,-2,4>-2,0,3 1,3,-2>2,1,-1 1,-1,2>-1,-1,3 -1,3,-1>0,1,0"}
{"par":184,"whiteIs":"A","ptsW":null,"res":"tope","plies":80,"balW":-200,"secs":4.2,"apertura":"0,-2,4>-1,-1,3 2,3,-3>2,2,-3 -1,-2,4>-1,-1,4 0,3,-1>1,1,0 1,-2,2>1,-1,2 -2,3,1>-1,1,2"}
{"par":184,"whiteIs":"B","ptsW":null,"res":"tope","plies":80,"balW":-400,"secs":4.6,"apertura":"0,-2,4>-1,-1,3 2,3,-3>2,2,-3 -1,-2,4>-1,-1,4 0,3,-1>1,1,0 1,-2,2>1,-1,2 -2,3,1>-1,1,2"}
{"par":185,"whiteIs":"A","ptsW":null,"res":"tope","plies":80,"balW":100,"secs":4.5,"apertura":"1,-2,3>0,-1,2 -1,4,-1>-1,2,0 2,-3,2>1,-1,2 -1,2,0>1,1,0 1,-1,2>2,-1,0 -1,3,-1>0,1,0"}
{"par":185,"whiteIs":"B","ptsW":null,"res":"tope","plies":80,"balW":-100,"secs":4.5,"apertura":"1,-2,3>0,-1,2 -1,4,-1>-1,2,0 2,-3,2>1,-1,2 -1,2,0>1,1,0 1,-1,2>2,-1,0 -1,3,-1>0,1,0"}
{"par":186,"whiteIs":"A","ptsW":null,"res":"tope","plies":80,"balW":-1700,"secs":4.1,"apertura":"2,-2,1>1,0,0 1,3,-3>2,1,-2 0,-2,4>-1,0,3 -3,3,2>-2,1,3 4,-2,0>3,-1,-1 -2,1,3>-2,0,3"}
{"par":186,"whiteIs":"B","ptsW":null,"res":"tope","plies":80,"balW":780,"secs":3.9,"apertura":"2,-2,1>1,0,0 1,3,-3>2,1,-2 0,-2,4>-1,0,3 -3,3,2>-2,1,3 4,-2,0>3,-1,-1 -2,1,3>-2,0,3"}
{"par":187,"whiteIs":"A","ptsW":null,"res":"tope","plies":80,"balW":640,"secs":4.9,"apertura":"2,-2,1>2,-1,1 1,3,-2>2,1,-1 3,-3,2>2,-2,1 0,4,-3>1,2,-1 2,-2,2>1,0,1 1,3,-3>2,2,-2"}
{"par":187,"whiteIs":"B","ptsW":null,"res":"tope","plies":80,"balW":20,"secs":4.9,"apertura":"2,-2,1>2,-1,1 1,3,-2>2,1,-1 3,-3,2>2,-2,1 0,4,-3>1,2,-1 2,-2,2>1,0,1 1,3,-3>2,2,-2"}
{"par":188,"whiteIs":"A","ptsW":null,"res":"tope","plies":80,"balW":280,"secs":4.4,"apertura":"4,-3,1>2,-1,0 -2,4,0>0,2,-1 2,-2,1>2,-1,1 -2,3,1>-1,1,2 1,-2,2>0,0,1 -1,3,0>-1,2,0"}
{"par":188,"whiteIs":"B","ptsW":null,"res":"tope","plies":80,"balW":-300,"secs":3.6,"apertura":"4,-3,1>2,-1,0 -2,4,0>0,2,-1 2,-2,1>2,-1,1 -2,3,1>-1,1,2 1,-2,2>0,0,1 -1,3,0>-1,2,0"}
{"par":189,"whiteIs":"A","ptsW":1,"res":"mate","plies":39,"balW":600,"secs":2,"apertura":"2,-2,2>1,0,1 -1,4,-1>-1,2,0 3,-2,0>3,-1,0 -2,3,0>-1,1,1 2,-2,1>2,-1,1 -3,3,1>-2,1,2"}
{"par":189,"whiteIs":"B","ptsW":0,"res":"mate","plies":54,"balW":-500,"secs":3.6,"apertura":"2,-2,2>1,0,1 -1,4,-1>-1,2,0 3,-2,0>3,-1,0 -2,3,0>-1,1,1 2,-2,1>2,-1,1 -3,3,1>-2,1,2"}
{"par":190,"whiteIs":"A","ptsW":null,"res":"tope","plies":80,"balW":520,"secs":3.4,"apertura":"2,-3,2>2,-1,1 -1,4,-1>-1,2,0 4,-3,1>2,-1,0 2,3,-3>2,2,-3 4,-2,0>3,0,-1 -1,3,-1>0,1,0"}
{"par":190,"whiteIs":"B","ptsW":null,"res":"tope","plies":80,"balW":720,"secs":4.5,"apertura":"2,-3,2>2,-1,1 -1,4,-1>-1,2,0 4,-3,1>2,-1,0 2,3,-3>2,2,-3 4,-2,0>3,0,-1 -1,3,-1>0,1,0"}
{"par":191,"whiteIs":"A","ptsW":null,"res":"tope","plies":80,"balW":720,"secs":4.1,"apertura":"-1,-2,4>-1,-1,4 -1,3,0>-1,2,0 1,-2,2>0,0,1 2,3,-3>3,1,-2 1,-2,3>0,-1,2 -3,3,2>-3,2,2"}
{"par":191,"whiteIs":"B","ptsW":null,"res":"tope","plies":80,"balW":200,"secs":4.2,"apertura":"-1,-2,4>-1,-1,4 -1,3,0>-1,2,0 1,-2,2>0,0,1 2,3,-3>3,1,-2 1,-2,3>0,-1,2 -3,3,2>-3,2,2"}
{"par":192,"whiteIs":"A","ptsW":1,"res":"mate","plies":49,"balW":-200,"secs":2.8,"apertura":"0,-2,4>-1,0,3 1,3,-3>2,1,-2 -1,-2,4>-1,-1,4 1,4,-3>2,2,-2 2,-2,1>1,0,0 0,3,-1>0,2,-1"}
{"par":192,"whiteIs":"B","ptsW":null,"res":"tope","plies":80,"balW":-620,"secs":5.2,"apertura":"0,-2,4>-1,0,3 1,3,-3>2,1,-2 -1,-2,4>-1,-1,4 1,4,-3>2,2,-2 2,-2,1>1,0,0 0,3,-1>0,2,-1"}
{"par":193,"whiteIs":"A","ptsW":null,"res":"tope","plies":80,"balW":-620,"secs":4.9,"apertura":"4,-2,0>3,-1,-1 0,4,-3>1,2,-1 3,-2,1>2,-1,0 1,2,-1>-1,1,1 3,-2,0>3,-1,0 0,3,-1>0,2,-1"}
{"par":193,"whiteIs":"B","ptsW":null,"res":"tope","plies":80,"balW":-420,"secs":4.3,"apertura":"4,-2,0>3,-1,-1 0,4,-3>1,2,-1 3,-2,1>2,-1,0 1,2,-1>-1,1,1 3,-2,0>3,-1,0 0,3,-1>0,2,-1"}
{"par":194,"whiteIs":"A","ptsW":null,"res":"tope","plies":80,"balW":220,"secs":5,"apertura":"3,-2,1>2,-1,0 -2,3,0>-1,2,1 0,-2,3>-1,0,2 0,3,-2>1,2,-1 2,-2,2>1,-1,1 1,3,-2>2,1,-1"}
{"par":194,"whiteIs":"B","ptsW":null,"res":"tope","plies":80,"balW":-320,"secs":4.7,"apertura":"3,-2,1>2,-1,0 -2,3,0>-1,2,1 0,-2,3>-1,0,2 0,3,-2>1,2,-1 2,-2,2>1,-1,1 1,3,-2>2,1,-1"}
{"par":195,"whiteIs":"A","ptsW":null,"res":"tope","plies":80,"balW":580,"secs":3.9,"apertura":"-1,-2,4>-1,-1,4 -2,3,0>-1,1,1 1,-3,3>2,-1,1 -2,3,1>-1,1,2 2,-1,1>1,-3,3 -3,3,2>-2,1,3"}
{"par":195,"whiteIs":"B","ptsW":null,"res":"tope","plies":80,"balW":180,"secs":4.3,"apertura":"-1,-2,4>-1,-1,4 -2,3,0>-1,1,1 1,-3,3>2,-1,1 -2,3,1>-1,1,2 2,-1,1>1,-3,3 -3,3,2>-2,1,3"}
{"par":196,"whiteIs":"A","ptsW":null,"res":"tope","plies":80,"balW":1100,"secs":4.6,"apertura":"2,-2,2>1,0,1 -1,3,-1>0,2,0 3,-2,0>3,-1,0 -1,3,0>0,1,1 1,-2,2>1,-1,2 0,4,-2>-2,2,1"}
{"par":196,"whiteIs":"B","ptsW":null,"res":"tope","plies":80,"balW":2120,"secs":4.2,"apertura":"2,-2,2>1,0,1 -1,3,-1>0,2,0 3,-2,0>3,-1,0 -1,3,0>0,1,1 1,-2,2>1,-1,2 0,4,-2>-2,2,1"}
{"par":197,"whiteIs":"A","ptsW":1,"res":"mate","plies":31,"balW":100,"secs":2,"apertura":"0,-2,4>-1,0,3 -3,3,1>-2,1,2 2,-2,2>1,0,1 -2,3,0>-1,1,1 4,-2,0>3,0,-1 2,3,-3>2,2,-3"}
{"par":197,"whiteIs":"B","ptsW":null,"res":"tope","plies":80,"balW":-900,"secs":4.5,"apertura":"0,-2,4>-1,0,3 -3,3,1>-2,1,2 2,-2,2>1,0,1 -2,3,0>-1,1,1 4,-2,0>3,0,-1 2,3,-3>2,2,-3"}
{"par":198,"whiteIs":"A","ptsW":null,"res":"tope","plies":80,"balW":100,"secs":4.1,"apertura":"0,-2,4>-1,-1,3 -3,3,2>-2,1,3 2,-2,2>1,0,1 -3,3,1>-2,1,2 4,-3,1>3,-1,-1 -2,3,1>-2,2,1"}
{"par":198,"whiteIs":"B","ptsW":null,"res":"tope","plies":80,"balW":-1000,"secs":4,"apertura":"0,-2,4>-1,-1,3 -3,3,2>-2,1,3 2,-2,2>1,0,1 -3,3,1>-2,1,2 4,-3,1>3,-1,-1 -2,3,1>-2,2,1"}
{"par":199,"whiteIs":"A","ptsW":null,"res":"tope","plies":80,"balW":480,"secs":4.6,"apertura":"3,-2,1>2,-1,0 -3,3,2>-3,2,2 4,-2,-1>4,-1,-1 -2,3,0>-1,2,1 2,-2,1>1,0,0 -1,4,-1>0,2,-1"}
{"par":199,"whiteIs":"B","ptsW":null,"res":"tope","plies":80,"balW":800,"secs":4.5,"apertura":"3,-2,1>2,-1,0 -3,3,2>-3,2,2 4,-2,-1>4,-1,-1 -2,3,0>-1,2,1 2,-2,1>1,0,0 -1,4,-1>0,2,-1"}
{"par":200,"whiteIs":"A","ptsW":null,"res":"tope","plies":80,"balW":620,"secs":4.1,"apertura":"1,-2,3>0,-1,2 -2,4,0>0,2,-1 0,-2,4>-1,-1,3 1,3,-2>1,2,-2 4,-2,-1>3,0,-2 -1,4,-1>-1,2,0"}
{"par":200,"whiteIs":"B","ptsW":null,"res":"tope","plies":80,"balW":-20,"secs":4.9,"apertura":"1,-2,3>0,-1,2 -2,4,0>0,2,-1 0,-2,4>-1,-1,3 1,3,-2>1,2,-2 4,-2,-1>3,0,-2 -1,4,-1>-1,2,0"}
{"par":201,"whiteIs":"A","ptsW":null,"res":"tope","plies":80,"balW":420,"secs":4.4,"apertura":"2,-3,2>2,-1,1 0,3,-2>1,2,-1 2,-1,1>3,-1,-1 -2,3,1>-2,2,1 -1,-2,4>-1,-1,4 -2,3,0>-1,2,1"}
{"par":201,"whiteIs":"B","ptsW":1,"res":"mate","plies":29,"balW":100,"secs":1.5,"apertura":"2,-3,2>2,-1,1 0,3,-2>1,2,-1 2,-1,1>3,-1,-1 -2,3,1>-2,2,1 -1,-2,4>-1,-1,4 -2,3,0>-1,2,1"}
{"par":202,"whiteIs":"A","ptsW":null,"res":"tope","plies":80,"balW":-540,"secs":4,"apertura":"4,-2,-1>3,0,-2 0,4,-3>2,2,-2 2,-2,2>1,0,1 -3,3,2>-3,2,2 3,-3,1>2,-2,2 2,2,-2>0,1,0"}
{"par":202,"whiteIs":"B","ptsW":null,"res":"tope","plies":80,"balW":-120,"secs":4,"apertura":"4,-2,-1>3,0,-2 0,4,-3>2,2,-2 2,-2,2>1,0,1 -3,3,2>-3,2,2 3,-3,1>2,-2,2 2,2,-2>0,1,0"}
{"par":203,"whiteIs":"A","ptsW":null,"res":"tope","plies":80,"balW":-900,"secs":4.2,"apertura":"3,-2,0>3,-1,0 -2,4,0>-3,2,2 1,-3,3>2,-1,1 0,3,-1>0,2,-1 4,-3,1>3,-1,-1 -2,3,1>-2,2,1"}
{"par":203,"whiteIs":"B","ptsW":null,"res":"tope","plies":80,"balW":-920,"secs":4.2,"apertura":"3,-2,0>3,-1,0 -2,4,0>-3,2,2 1,-3,3>2,-1,1 0,3,-1>0,2,-1 4,-3,1>3,-1,-1 -2,3,1>-2,2,1"}
{"par":204,"whiteIs":"A","ptsW":null,"res":"tope","plies":80,"balW":-280,"secs":4.4,"apertura":"1,-3,3>-1,-1,4 1,3,-2>1,2,-2 1,-2,3>0,-1,2 -1,3,0>-1,2,0 -1,-1,4>1,-3,3 0,3,-1>1,1,0"}
{"par":204,"whiteIs":"B","ptsW":null,"res":"tope","plies":80,"balW":320,"secs":4.7,"apertura":"1,-3,3>-1,-1,4 1,3,-2>1,2,-2 1,-2,3>0,-1,2 -1,3,0>-1,2,0 -1,-1,4>1,-3,3 0,3,-1>1,1,0"}
{"par":205,"whiteIs":"A","ptsW":null,"res":"tope","plies":80,"balW":600,"secs":4.6,"apertura":"1,-2,2>1,-1,2 0,3,-1>0,2,-1 2,-2,2>1,0,1 -3,3,1>-2,2,2 3,-2,0>3,-1,0 -2,3,0>-1,1,1"}
{"par":205,"whiteIs":"B","ptsW":0,"res":"mate","plies":38,"balW":-420,"secs":2.1,"apertura":"1,-2,2>1,-1,2 0,3,-1>0,2,-1 2,-2,2>1,0,1 -3,3,1>-2,2,2 3,-2,0>3,-1,0 -2,3,0>-1,1,1"}
{"par":206,"whiteIs":"A","ptsW":null,"res":"tope","plies":80,"balW":-800,"secs":3.8,"apertura":"2,-2,2>1,-1,1 -2,3,0>-1,2,1 1,-2,3>0,0,2 0,4,-3>2,2,-2 2,-2,1>2,-1,1 2,3,-3>2,2,-3"}
{"par":206,"whiteIs":"B","ptsW":null,"res":"tope","plies":80,"balW":820,"secs":4.6,"apertura":"2,-2,2>1,-1,1 -2,3,0>-1,2,1 1,-2,3>0,0,2 0,4,-3>2,2,-2 2,-2,1>2,-1,1 2,3,-3>2,2,-3"}
{"par":207,"whiteIs":"A","ptsW":null,"res":"tope","plies":80,"balW":-120,"secs":4.1,"apertura":"0,-2,3>0,-1,3 -2,3,1>-2,2,1 4,-2,0>3,-1,-1 2,3,-3>2,2,-3 1,-2,3>0,0,2 -3,3,2>-2,1,3"}
{"par":207,"whiteIs":"B","ptsW":null,"res":"tope","plies":80,"balW":-400,"secs":4.4,"apertura":"0,-2,3>0,-1,3 -2,3,1>-2,2,1 4,-2,0>3,-1,-1 2,3,-3>2,2,-3 1,-2,3>0,0,2 -3,3,2>-2,1,3"}
{"par":208,"whiteIs":"A","ptsW":null,"res":"tope","plies":80,"balW":-620,"secs":4,"apertura":"4,-2,0>3,-1,-1 0,3,-1>1,1,0 4,-3,1>2,-1,0 -1,4,-2>0,3,-1 1,-2,2>1,-1,2 0,3,-1>4,1,-3"}
{"par":208,"whiteIs":"B","ptsW":null,"res":"tope","plies":80,"balW":-700,"secs":4.2,"apertura":"4,-2,0>3,-1,-1 0,3,-1>1,1,0 4,-3,1>2,-1,0 -1,4,-2>0,3,-1 1,-2,2>1,-1,2 0,3,-1>4,1,-3"}
{"par":209,"whiteIs":"A","ptsW":null,"res":"tope","plies":80,"balW":420,"secs":4.8,"apertura":"3,-2,0>2,0,-1 -2,3,0>-1,2,1 4,-3,1>2,-1,0 -1,3,-1>0,2,0 2,-1,0>0,0,2 2,3,-3>3,1,-2"}
{"par":209,"whiteIs":"B","ptsW":null,"res":"tope","plies":80,"balW":20,"secs":4.3,"apertura":"3,-2,0>2,0,-1 -2,3,0>-1,2,1 4,-3,1>2,-1,0 -1,3,-1>0,2,0 2,-1,0>0,0,2 2,3,-3>3,1,-2"}
{"par":210,"whiteIs":"A","ptsW":null,"res":"tope","plies":80,"balW":-80,"secs":4.8,"apertura":"2,-2,1>1,0,0 -1,3,0>-1,2,0 0,-2,4>-1,-1,3 -2,3,0>-1,1,1 1,-2,3>0,0,2 0,3,-1>1,1,0"}
{"par":210,"whiteIs":"B","ptsW":null,"res":"tope","plies":80,"balW":-940,"secs":4.7,"apertura":"2,-2,1>1,0,0 -1,3,0>-1,2,0 0,-2,4>-1,-1,3 -2,3,0>-1,1,1 1,-2,3>0,0,2 0,3,-1>1,1,0"}
{"par":211,"whiteIs":"A","ptsW":null,"res":"tope","plies":80,"balW":-100,"secs":4.5,"apertura":"1,-2,2>0,0,1 -2,3,0>-1,1,1 4,-3,1>2,-1,0 1,3,-2>1,2,-2 -1,-2,4>-1,-1,4 -3,3,1>-2,1,2"}
{"par":211,"whiteIs":"B","ptsW":null,"res":"tope","plies":80,"balW":1220,"secs":5,"apertura":"1,-2,2>0,0,1 -2,3,0>-1,1,1 4,-3,1>2,-1,0 1,3,-2>1,2,-2 -1,-2,4>-1,-1,4 -3,3,1>-2,1,2"}
{"par":212,"whiteIs":"A","ptsW":null,"res":"tope","plies":80,"balW":1320,"secs":4,"apertura":"2,-3,2>1,-1,2 1,3,-3>2,1,-2 2,-2,1>2,-1,1 0,4,-2>1,3,-3 2,-1,1>1,0,0 -3,3,1>-2,2,2"}
{"par":212,"whiteIs":"B","ptsW":null,"res":"tope","plies":80,"balW":820,"secs":4,"apertura":"2,-3,2>1,-1,2 1,3,-3>2,1,-2 2,-2,1>2,-1,1 0,4,-2>1,3,-3 2,-1,1>1,0,0 -3,3,1>-2,2,2"}
