# {"fecha":"2026-08-03T22:16:40.429Z","modalidad":"dekle","A":{"nombre":"vigente","cfg":{"depth":24,"mobility":true,"order":true,"quiesce":true,"nodes":4500}},"B":{"nombre":"all","cfg":{"depth":24,"mobility":true,"order":true,"quiesce":true,"nodes":4500,"pieceValues":{"P":100,"R":392,"B":320,"Q":750,"U":378,"N":298,"K":0},"positionWeights":{"P":{"centrality":-1,"advance":-20},"B":{"centrality":-3},"Q":{"centrality":23},"U":{"centrality":4},"N":{"centrality":-12}},"mobilityWeight":7.63}},"MAX_PLIES":80,"FIFTY":40,"OPENING_PLIES":6,"SEED":25003,"FIRST":107,"PAIRS":53,"libro":"libro-dekle.json"}
{"par":107,"whiteIs":"A","ptsW":null,"res":"tope","plies":80,"balW":-20,"secs":5.5,"apertura":"2,-2,2>1,-1,1 -2,3,0>-1,2,1 1,-2,3>0,-1,2 1,3,-3>2,1,-2 3,-2,1>2,-1,0 0,4,-3>1,2,-1"}
{"par":107,"whiteIs":"B","ptsW":1,"res":"mate","plies":61,"balW":1000,"secs":3.7,"apertura":"2,-2,2>1,-1,1 -2,3,0>-1,2,1 1,-2,3>0,-1,2 1,3,-3>2,1,-2 3,-2,1>2,-1,0 0,4,-3>1,2,-1"}
{"par":108,"whiteIs":"A","ptsW":null,"res":"tope","plies":80,"balW":-600,"secs":5.1,"apertura":"4,-2,0>3,0,-1 -2,4,0>-3,2,2 3,-2,0>3,-1,0 1,3,-3>2,1,-2 3,-3,1>4,-2,0 -3,2,2>-2,0,4"}
{"par":108,"whiteIs":"B","ptsW":null,"res":"tope","plies":80,"balW":700,"secs":4.5,"apertura":"4,-2,0>3,0,-1 -2,4,0>-3,2,2 3,-2,0>3,-1,0 1,3,-3>2,1,-2 3,-3,1>4,-2,0 -3,2,2>-2,0,4"}
{"par":109,"whiteIs":"A","ptsW":null,"res":"tope","plies":80,"balW":-620,"secs":4.1,"apertura":"3,-2,1>2,-1,0 1,3,-2>1,2,-2 2,-3,2>1,-1,2 0,4,-3>2,2,-2 1,-1,2>2,-3,2 -2,3,1>-1,1,2"}
{"par":109,"whiteIs":"B","ptsW":null,"res":"tope","plies":80,"balW":-900,"secs":4.4,"apertura":"3,-2,1>2,-1,0 1,3,-2>1,2,-2 2,-3,2>1,-1,2 0,4,-3>2,2,-2 1,-1,2>2,-3,2 -2,3,1>-1,1,2"}
{"par":110,"whiteIs":"A","ptsW":null,"res":"tope","plies":80,"balW":-1240,"secs":4.3,"apertura":"-1,-2,4>-2,0,3 -1,3,-1>0,2,0 -2,0,3>-2,1,3 0,4,-3>1,2,-1 3,-2,0>2,0,-1 -1,3,0>0,1,1"}
{"par":110,"whiteIs":"B","ptsW":null,"res":"tope","plies":80,"balW":900,"secs":3.9,"apertura":"-1,-2,4>-2,0,3 -1,3,-1>0,2,0 -2,0,3>-2,1,3 0,4,-3>1,2,-1 3,-2,0>2,0,-1 -1,3,0>0,1,1"}
{"par":111,"whiteIs":"A","ptsW":null,"res":"tope","plies":80,"balW":-200,"secs":5.7,"apertura":"4,-2,-1>4,-1,-1 -1,4,-1>0,2,-1 4,-1,-1>3,0,-2 -3,3,1>-2,1,2 2,-3,2>1,-1,2 -2,3,0>-1,2,1"}
{"par":111,"whiteIs":"B","ptsW":null,"res":"tope","plies":80,"balW":-620,"secs":4,"apertura":"4,-2,-1>4,-1,-1 -1,4,-1>0,2,-1 4,-1,-1>3,0,-2 -3,3,1>-2,1,2 2,-3,2>1,-1,2 -2,3,0>-1,2,1"}
{"par":112,"whiteIs":"A","ptsW":null,"res":"tope","plies":80,"balW":-1200,"secs":4.4,"apertura":"2,-2,2>1,-1,1 0,3,-2>1,1,-1 3,-2,1>2,0,0 0,3,-1>1,1,0 0,-2,4>-1,-1,3 2,3,-3>2,2,-3"}
{"par":112,"whiteIs":"B","ptsW":null,"res":"tope","plies":80,"balW":-1700,"secs":4.5,"apertura":"2,-2,2>1,-1,1 0,3,-2>1,1,-1 3,-2,1>2,0,0 0,3,-1>1,1,0 0,-2,4>-1,-1,3 2,3,-3>2,2,-3"}
{"par":113,"whiteIs":"A","ptsW":null,"res":"tope","plies":80,"balW":-520,"secs":4.1,"apertura":"3,-2,1>2,-1,0 -2,3,1>-1,1,2 1,-2,2>0,0,1 -3,4,0>-2,3,1 0,-2,3>-1,0,2 -3,3,1>-2,1,2"}
{"par":113,"whiteIs":"B","ptsW":null,"res":"tope","plies":80,"balW":-980,"secs":4.4,"apertura":"3,-2,1>2,-1,0 -2,3,1>-1,1,2 1,-2,2>0,0,1 -3,4,0>-2,3,1 0,-2,3>-1,0,2 -3,3,1>-2,1,2"}
{"par":114,"whiteIs":"A","ptsW":null,"res":"tope","plies":80,"balW":-1080,"secs":4.8,"apertura":"2,-2,2>1,0,1 1,3,-2>1,2,-2 4,-3,1>3,-1,-1 -1,3,0>-1,2,0 2,-3,2>2,-1,1 -2,4,0>-3,2,2"}
{"par":114,"whiteIs":"B","ptsW":null,"res":"tope","plies":80,"balW":300,"secs":4.4,"apertura":"2,-2,2>1,0,1 1,3,-2>1,2,-2 4,-3,1>3,-1,-1 -1,3,0>-1,2,0 2,-3,2>2,-1,1 -2,4,0>-3,2,2"}
{"par":115,"whiteIs":"A","ptsW":null,"res":"tope","plies":80,"balW":-380,"secs":5.2,"apertura":"4,-2,-1>4,-1,-1 -2,3,1>-1,1,2 1,-2,3>0,0,2 -3,3,2>-2,1,3 4,-2,0>3,0,-1 -3,3,1>-2,2,2"}
{"par":115,"whiteIs":"B","ptsW":null,"res":"tope","plies":80,"balW":600,"secs":4.4,"apertura":"4,-2,-1>4,-1,-1 -2,3,1>-1,1,2 1,-2,3>0,0,2 -3,3,2>-2,1,3 4,-2,0>3,0,-1 -3,3,1>-2,2,2"}
{"par":116,"whiteIs":"A","ptsW":null,"res":"tope","plies":80,"balW":-1340,"secs":4.9,"apertura":"4,-3,1>2,-1,0 -1,3,-1>0,2,0 1,-2,3>0,-1,2 1,3,-2>2,1,-1 3,-2,0>2,0,-1 0,4,-3>2,2,-2"}
{"par":116,"whiteIs":"B","ptsW":null,"res":"tope","plies":80,"balW":-680,"secs":4.9,"apertura":"4,-3,1>2,-1,0 -1,3,-1>0,2,0 1,-2,3>0,-1,2 1,3,-2>2,1,-1 3,-2,0>2,0,-1 0,4,-3>2,2,-2"}
{"par":117,"whiteIs":"A","ptsW":1,"res":"mate","plies":57,"balW":220,"secs":3.8,"apertura":"-1,-2,4>-2,0,3 -2,4,0>-3,2,2 3,-2,0>2,0,-1 -2,3,1>-2,2,1 0,-2,3>-1,0,2 -2,4,-1>-2,4,0"}
{"par":117,"whiteIs":"B","ptsW":null,"res":"tope","plies":80,"balW":-420,"secs":4.6,"apertura":"-1,-2,4>-2,0,3 -2,4,0>-3,2,2 3,-2,0>2,0,-1 -2,3,1>-2,2,1 0,-2,3>-1,0,2 -2,4,-1>-2,4,0"}
{"par":118,"whiteIs":"A","ptsW":null,"res":"tope","plies":80,"balW":-220,"secs":4.2,"apertura":"1,-2,2>0,0,1 2,3,-3>2,2,-3 2,-2,2>1,0,1 1,3,-2>2,1,-1 3,-3,1>-1,-1,3 0,3,-1>0,2,-1"}
{"par":118,"whiteIs":"B","ptsW":null,"res":"tope","plies":80,"balW":-220,"secs":4.9,"apertura":"1,-2,2>0,0,1 2,3,-3>2,2,-3 2,-2,2>1,0,1 1,3,-2>2,1,-1 3,-3,1>-1,-1,3 0,3,-1>0,2,-1"}
{"par":119,"whiteIs":"A","ptsW":null,"res":"tope","plies":80,"balW":-220,"secs":4.3,"apertura":"4,-3,1>2,-1,0 0,3,-1>1,1,0 2,-3,2>2,-1,1 -2,3,1>-2,2,1 0,-2,4>-1,-1,3 -3,3,1>-2,2,2"}
{"par":119,"whiteIs":"B","ptsW":null,"res":"tope","plies":80,"balW":-800,"secs":4.8,"apertura":"4,-3,1>2,-1,0 0,3,-1>1,1,0 2,-3,2>2,-1,1 -2,3,1>-2,2,1 0,-2,4>-1,-1,3 -3,3,1>-2,2,2"}
{"par":120,"whiteIs":"A","ptsW":null,"res":"tope","plies":80,"balW":920,"secs":5.2,"apertura":"2,-2,2>1,-1,1 -1,3,-1>0,2,0 3,-2,0>2,0,-1 0,4,-3>2,2,-2 1,-2,2>1,-1,2 -2,3,0>-1,1,1"}
{"par":120,"whiteIs":"B","ptsW":null,"res":"tope","plies":80,"balW":-80,"secs":4.6,"apertura":"2,-2,2>1,-1,1 -1,3,-1>0,2,0 3,-2,0>2,0,-1 0,4,-3>2,2,-2 1,-2,2>1,-1,2 -2,3,0>-1,1,1"}
{"par":121,"whiteIs":"A","ptsW":null,"res":"tope","plies":80,"balW":-600,"secs":3.9,"apertura":"4,-2,0>3,-1,-1 1,3,-3>2,2,-2 2,-3,2>1,-1,2 2,3,-3>2,2,-3 -1,-2,4>-1,-1,4 -1,4,-1>0,2,-1"}
{"par":121,"whiteIs":"B","ptsW":null,"res":"tope","plies":80,"balW":140,"secs":4.7,"apertura":"4,-2,0>3,-1,-1 1,3,-3>2,2,-2 2,-3,2>1,-1,2 2,3,-3>2,2,-3 -1,-2,4>-1,-1,4 -1,4,-1>0,2,-1"}
{"par":122,"whiteIs":"A","ptsW":null,"res":"tope","plies":80,"balW":-20,"secs":4.9,"apertura":"4,-2,0>3,-1,-1 -3,3,2>-2,1,3 -1,-2,4>-2,0,3 -2,3,0>-1,2,1 3,-2,0>3,-1,0 0,4,-3>1,2,-1"}
{"par":122,"whiteIs":"B","ptsW":null,"res":"tope","plies":80,"balW":1020,"secs":4.1,"apertura":"4,-2,0>3,-1,-1 -3,3,2>-2,1,3 -1,-2,4>-2,0,3 -2,3,0>-1,2,1 3,-2,0>3,-1,0 0,4,-3>1,2,-1"}
{"par":123,"whiteIs":"A","ptsW":null,"res":"tope","plies":80,"balW":320,"secs":4.6,"apertura":"2,-2,1>1,0,0 -2,3,0>-1,2,1 1,-2,2>0,0,1 -1,3,-1>0,1,0 3,-2,0>2,0,-1 0,4,-2>-1,3,-1"}
{"par":123,"whiteIs":"B","ptsW":null,"res":"tope","plies":80,"balW":620,"secs":5,"apertura":"2,-2,1>1,0,0 -2,3,0>-1,2,1 1,-2,2>0,0,1 -1,3,-1>0,1,0 3,-2,0>2,0,-1 0,4,-2>-1,3,-1"}
{"par":124,"whiteIs":"A","ptsW":null,"res":"tope","plies":80,"balW":200,"secs":4.4,"apertura":"2,-2,2>1,0,1 -1,4,-1>-1,2,0 2,-3,2>1,-1,2 2,3,-3>3,1,-2 2,-2,1>1,0,0 -2,3,0>-1,2,1"}
{"par":124,"whiteIs":"B","ptsW":null,"res":"tope","plies":80,"balW":-680,"secs":4.4,"apertura":"2,-2,2>1,0,1 -1,4,-1>-1,2,0 2,-3,2>1,-1,2 2,3,-3>3,1,-2 2,-2,1>1,0,0 -2,3,0>-1,2,1"}
{"par":125,"whiteIs":"A","ptsW":null,"res":"tope","plies":80,"balW":0,"secs":4.3,"apertura":"0,-2,4>-1,0,3 -3,3,1>-2,2,2 4,-3,1>2,-1,0 -2,3,1>-1,1,2 2,-2,1>2,-1,1 -2,2,2>-2,1,2"}
{"par":125,"whiteIs":"B","ptsW":null,"res":"tope","plies":80,"balW":920,"secs":4,"apertura":"0,-2,4>-1,0,3 -3,3,1>-2,2,2 4,-3,1>2,-1,0 -2,3,1>-1,1,2 2,-2,1>2,-1,1 -2,2,2>-2,1,2"}
{"par":126,"whiteIs":"A","ptsW":null,"res":"tope","plies":80,"balW":700,"secs":4,"apertura":"2,-3,2>2,-1,1 1,3,-2>2,1,-1 1,-2,3>0,0,2 -1,3,0>0,1,1 3,-2,1>2,-1,0 -1,3,-1>0,1,0"}
{"par":126,"whiteIs":"B","ptsW":1,"res":"mate","plies":41,"balW":-100,"secs":2.6,"apertura":"2,-3,2>2,-1,1 1,3,-2>2,1,-1 1,-2,3>0,0,2 -1,3,0>0,1,1 3,-2,1>2,-1,0 -1,3,-1>0,1,0"}
{"par":127,"whiteIs":"A","ptsW":null,"res":"tope","plies":80,"balW":-700,"secs":4.5,"apertura":"2,-3,2>1,-1,2 1,3,-3>2,1,-2 1,-1,2>2,-1,0 0,3,-1>0,2,-1 -1,-2,4>-1,-1,4 -2,4,0>-3,2,2"}
{"par":127,"whiteIs":"B","ptsW":null,"res":"tope","plies":80,"balW":100,"secs":5.1,"apertura":"2,-3,2>1,-1,2 1,3,-3>2,1,-2 1,-1,2>2,-1,0 0,3,-1>0,2,-1 -1,-2,4>-1,-1,4 -2,4,0>-3,2,2"}
{"par":128,"whiteIs":"A","ptsW":null,"res":"tope","plies":80,"balW":80,"secs":5.3,"apertura":"2,-2,1>2,-1,1 2,3,-3>3,1,-2 4,-2,0>3,-1,-1 -2,3,0>-1,2,1 4,-2,-1>3,0,-2 -3,3,2>-3,2,2"}
{"par":128,"whiteIs":"B","ptsW":null,"res":"tope","plies":80,"balW":1320,"secs":5.4,"apertura":"2,-2,1>2,-1,1 2,3,-3>3,1,-2 4,-2,0>3,-1,-1 -2,3,0>-1,2,1 4,-2,-1>3,0,-2 -3,3,2>-3,2,2"}
{"par":129,"whiteIs":"A","ptsW":null,"res":"tope","plies":80,"balW":420,"secs":4.8,"apertura":"4,-3,1>3,-1,-1 -3,3,1>-2,1,2 3,-1,-1>1,0,1 -2,4,0>-3,2,2 1,-2,3>0,0,2 -3,2,2>-2,4,0"}
{"par":129,"whiteIs":"B","ptsW":null,"res":"tope","plies":80,"balW":-280,"secs":4,"apertura":"4,-3,1>3,-1,-1 -3,3,1>-2,1,2 3,-1,-1>1,0,1 -2,4,0>-3,2,2 1,-2,3>0,0,2 -3,2,2>-2,4,0"}
{"par":130,"whiteIs":"A","ptsW":null,"res":"tope","plies":80,"balW":20,"secs":5,"apertura":"4,-2,-1>3,0,-2 -1,3,0>0,1,1 3,-2,0>3,-1,0 1,3,-2>1,2,-2 -1,-2,4>-2,0,3 -3,3,2>-3,2,2"}
{"par":130,"whiteIs":"B","ptsW":null,"res":"tope","plies":80,"balW":220,"secs":4.2,"apertura":"4,-2,-1>3,0,-2 -1,3,0>0,1,1 3,-2,0>3,-1,0 1,3,-2>1,2,-2 -1,-2,4>-2,0,3 -3,3,2>-3,2,2"}
{"par":131,"whiteIs":"A","ptsW":null,"res":"tope","plies":80,"balW":-500,"secs":4.1,"apertura":"1,-2,3>0,-1,2 -3,3,1>-2,2,2 0,-2,3>0,-1,3 -2,3,1>-1,1,2 -1,-2,4>-2,0,3 0,4,-3>2,2,-2"}
{"par":131,"whiteIs":"B","ptsW":null,"res":"tope","plies":80,"balW":-580,"secs":4.7,"apertura":"1,-2,3>0,-1,2 -3,3,1>-2,2,2 0,-2,3>0,-1,3 -2,3,1>-1,1,2 -1,-2,4>-2,0,3 0,4,-3>2,2,-2"}
{"par":132,"whiteIs":"A","ptsW":null,"res":"tope","plies":80,"balW":940,"secs":5.4,"apertura":"2,-3,2>1,-1,2 -1,3,0>-1,2,0 0,-2,3>0,-1,3 -1,2,0>0,1,1 2,-2,1>2,-1,1 2,3,-3>3,1,-2"}
{"par":132,"whiteIs":"B","ptsW":0,"res":"mate","plies":78,"balW":1020,"secs":4.4,"apertura":"2,-3,2>1,-1,2 -1,3,0>-1,2,0 0,-2,3>0,-1,3 -1,2,0>0,1,1 2,-2,1>2,-1,1 2,3,-3>3,1,-2"}
{"par":133,"whiteIs":"A","ptsW":null,"res":"tope","plies":80,"balW":400,"secs":5.3,"apertura":"0,-2,3>0,-1,3 -1,3,-1>0,2,0 2,-3,2>1,-1,2 0,4,-3>2,2,-2 1,-2,3>0,-1,2 2,2,-2>0,1,0"}
{"par":133,"whiteIs":"B","ptsW":null,"res":"tope","plies":80,"balW":-320,"secs":5,"apertura":"0,-2,3>0,-1,3 -1,3,-1>0,2,0 2,-3,2>1,-1,2 0,4,-3>2,2,-2 1,-2,3>0,-1,2 2,2,-2>0,1,0"}
{"par":134,"whiteIs":"A","ptsW":null,"res":"tope","plies":80,"balW":-800,"secs":4.7,"apertura":"1,-3,3>2,-1,1 0,3,-2>1,2,-1 4,-3,1>3,-1,-1 -3,3,2>-2,1,3 2,-3,3>1,-3,3 1,3,-3>2,1,-2"}
{"par":134,"whiteIs":"B","ptsW":1,"res":"mate","plies":49,"balW":420,"secs":3.2,"apertura":"1,-3,3>2,-1,1 0,3,-2>1,2,-1 4,-3,1>3,-1,-1 -3,3,2>-2,1,3 2,-3,3>1,-3,3 1,3,-3>2,1,-2"}
{"par":135,"whiteIs":"A","ptsW":null,"res":"tope","plies":80,"balW":400,"secs":4.8,"apertura":"3,-2,1>2,0,0 0,3,-1>0,2,-1 0,-2,3>0,-1,3 0,4,-3>1,2,-1 2,0,0>1,1,-1 1,4,-3>0,4,-3"}
{"par":135,"whiteIs":"B","ptsW":null,"res":"tope","plies":80,"balW":-2320,"secs":4.1,"apertura":"3,-2,1>2,0,0 0,3,-1>0,2,-1 0,-2,3>0,-1,3 0,4,-3>1,2,-1 2,0,0>1,1,-1 1,4,-3>0,4,-3"}
{"par":136,"whiteIs":"A","ptsW":null,"res":"tope","plies":80,"balW":1180,"secs":4.7,"apertura":"4,-2,0>3,0,-1 0,3,-2>1,1,-1 1,-2,3>0,-1,2 -2,4,0>0,2,-1 2,-3,2>2,-1,1 1,3,-2>2,1,-1"}
{"par":136,"whiteIs":"B","ptsW":null,"res":"tope","plies":80,"balW":-100,"secs":4.3,"apertura":"4,-2,0>3,0,-1 0,3,-2>1,1,-1 1,-2,3>0,-1,2 -2,4,0>0,2,-1 2,-3,2>2,-1,1 1,3,-2>2,1,-1"}
{"par":137,"whiteIs":"A","ptsW":null,"res":"tope","plies":80,"balW":-280,"secs":5,"apertura":"-1,-2,4>-1,-1,4 1,3,-3>2,2,-2 4,-2,0>3,-1,-1 0,3,-1>0,2,-1 4,-2,-1>3,0,-2 -2,3,1>-2,2,1"}
{"par":137,"whiteIs":"B","ptsW":null,"res":"tope","plies":80,"balW":200,"secs":5.2,"apertura":"-1,-2,4>-1,-1,4 1,3,-3>2,2,-2 4,-2,0>3,-1,-1 0,3,-1>0,2,-1 4,-2,-1>3,0,-2 -2,3,1>-2,2,1"}
{"par":138,"whiteIs":"A","ptsW":null,"res":"tope","plies":80,"balW":0,"secs":4.3,"apertura":"2,-2,1>2,-1,1 0,3,-2>1,2,-1 -1,-2,4>-1,-1,4 -3,3,1>-2,1,2 -1,-1,4>-2,0,3 1,3,-2>2,1,-1"}
{"par":138,"whiteIs":"B","ptsW":null,"res":"tope","plies":80,"balW":100,"secs":4.7,"apertura":"2,-2,1>2,-1,1 0,3,-2>1,2,-1 -1,-2,4>-1,-1,4 -3,3,1>-2,1,2 -1,-1,4>-2,0,3 1,3,-2>2,1,-1"}
{"par":139,"whiteIs":"A","ptsW":null,"res":"tope","plies":80,"balW":-600,"secs":5.1,"apertura":"4,-3,1>3,-1,-1 1,3,-3>2,1,-2 -1,-2,4>-1,-1,4 -1,3,-1>0,2,0 3,-1,-1>1,1,0 1,4,-3>2,2,-2"}
{"par":139,"whiteIs":"B","ptsW":null,"res":"tope","plies":80,"balW":-320,"secs":5.5,"apertura":"4,-3,1>3,-1,-1 1,3,-3>2,1,-2 -1,-2,4>-1,-1,4 -1,3,-1>0,2,0 3,-1,-1>1,1,0 1,4,-3>2,2,-2"}
{"par":140,"whiteIs":"A","ptsW":null,"res":"tope","plies":80,"balW":380,"secs":4.4,"apertura":"4,-2,-1>3,0,-2 0,3,-2>1,1,-1 0,-2,3>-1,0,2 -1,4,-1>0,2,-1 3,-2,0>2,0,-1 -1,4,-2>-1,4,-1"}
{"par":140,"whiteIs":"B","ptsW":null,"res":"tope","plies":80,"balW":920,"secs":4.2,"apertura":"4,-2,-1>3,0,-2 0,3,-2>1,1,-1 0,-2,3>-1,0,2 -1,4,-1>0,2,-1 3,-2,0>2,0,-1 -1,4,-2>-1,4,-1"}
{"par":141,"whiteIs":"A","ptsW":null,"res":"tope","plies":80,"balW":-1220,"secs":5,"apertura":"4,-2,-1>3,0,-2 -2,3,1>-1,1,2 1,-3,3>-1,-1,4 -1,3,-1>0,2,0 1,-2,3>0,0,2 -3,3,1>-2,2,2"}
{"par":141,"whiteIs":"B","ptsW":null,"res":"tope","plies":80,"balW":-1140,"secs":5,"apertura":"4,-2,-1>3,0,-2 -2,3,1>-1,1,2 1,-3,3>-1,-1,4 -1,3,-1>0,2,0 1,-2,3>0,0,2 -3,3,1>-2,2,2"}
{"par":142,"whiteIs":"A","ptsW":null,"res":"tope","plies":80,"balW":-620,"secs":4.3,"apertura":"4,-2,-1>3,0,-2 0,3,-1>0,2,-1 0,-2,4>-1,0,3 0,3,-2>1,2,-1 4,-3,1>3,-1,-1 1,3,-2>2,1,-1"}
{"par":142,"whiteIs":"B","ptsW":0.5,"res":"repetition","plies":64,"balW":-300,"secs":3.9,"apertura":"4,-2,-1>3,0,-2 0,3,-1>0,2,-1 0,-2,4>-1,0,3 0,3,-2>1,2,-1 4,-3,1>3,-1,-1 1,3,-2>2,1,-1"}
{"par":143,"whiteIs":"A","ptsW":null,"res":"tope","plies":80,"balW":180,"secs":5.5,"apertura":"0,-2,4>-1,0,3 -1,3,-1>0,1,0 2,-3,2>1,-1,2 2,3,-3>2,2,-3 3,-2,0>3,-1,0 0,3,-2>1,1,-1"}
{"par":143,"whiteIs":"B","ptsW":null,"res":"tope","plies":80,"balW":-1200,"secs":4.3,"apertura":"0,-2,4>-1,0,3 -1,3,-1>0,1,0 2,-3,2>1,-1,2 2,3,-3>2,2,-3 3,-2,0>3,-1,0 0,3,-2>1,1,-1"}
{"par":144,"whiteIs":"A","ptsW":null,"res":"tope","plies":80,"balW":0,"secs":4.5,"apertura":"1,-2,2>0,0,1 -1,4,-1>-1,2,0 3,-2,0>2,0,-1 -2,4,0>-3,2,2 0,-2,3>0,-1,3 2,3,-3>3,1,-2"}
{"par":144,"whiteIs":"B","ptsW":null,"res":"tope","plies":80,"balW":100,"secs":5.9,"apertura":"1,-2,2>0,0,1 -1,4,-1>-1,2,0 3,-2,0>2,0,-1 -2,4,0>-3,2,2 0,-2,3>0,-1,3 2,3,-3>3,1,-2"}
{"par":145,"whiteIs":"A","ptsW":null,"res":"tope","plies":80,"balW":-1120,"secs":4.7,"apertura":"0,-2,3>0,-1,3 1,3,-3>2,1,-2 1,-3,3>-1,-1,4 0,3,-1>1,1,0 -1,-1,4>-3,1,3 -1,4,-2>0,2,-1"}
{"par":145,"whiteIs":"B","ptsW":null,"res":"tope","plies":80,"balW":-180,"secs":4.7,"apertura":"0,-2,3>0,-1,3 1,3,-3>2,1,-2 1,-3,3>-1,-1,4 0,3,-1>1,1,0 -1,-1,4>-3,1,3 -1,4,-2>0,2,-1"}
{"par":146,"whiteIs":"A","ptsW":null,"res":"tope","plies":80,"balW":1000,"secs":4.2,"apertura":"1,-2,3>0,0,2 -2,3,0>-1,2,1 0,-2,3>0,-1,3 0,3,-1>1,1,0 4,-3,1>3,-1,-1 1,3,-3>2,1,-2"}
{"par":146,"whiteIs":"B","ptsW":null,"res":"tope","plies":80,"balW":-200,"secs":4.8,"apertura":"1,-2,3>0,0,2 -2,3,0>-1,2,1 0,-2,3>0,-1,3 0,3,-1>1,1,0 4,-3,1>3,-1,-1 1,3,-3>2,1,-2"}
{"par":147,"whiteIs":"A","ptsW":null,"res":"tope","plies":80,"balW":420,"secs":5,"apertura":"2,-3,2>2,-1,1 2,3,-3>3,1,-2 4,-2,0>3,-1,-1 -1,3,-1>0,2,0 4,-3,0>4,-2,0 -3,3,1>-2,1,2"}
{"par":147,"whiteIs":"B","ptsW":null,"res":"tope","plies":80,"balW":120,"secs":5.5,"apertura":"2,-3,2>2,-1,1 2,3,-3>3,1,-2 4,-2,0>3,-1,-1 -1,3,-1>0,2,0 4,-3,0>4,-2,0 -3,3,1>-2,1,2"}
{"par":148,"whiteIs":"A","ptsW":0,"res":"mate","plies":44,"balW":-400,"secs":2.7,"apertura":"2,-3,2>1,-1,2 -2,3,1>-1,1,2 3,-2,1>2,-1,0 1,3,-3>2,2,-2 0,-2,3>0,-1,3 0,3,-1>1,1,0"}
{"par":148,"whiteIs":"B","ptsW":null,"res":"tope","plies":80,"balW":600,"secs":4.8,"apertura":"2,-3,2>1,-1,2 -2,3,1>-1,1,2 3,-2,1>2,-1,0 1,3,-3>2,2,-2 0,-2,3>0,-1,3 0,3,-1>1,1,0"}
{"par":149,"whiteIs":"A","ptsW":null,"res":"tope","plies":80,"balW":600,"secs":4.7,"apertura":"2,-2,1>1,0,0 -1,3,0>-1,2,0 4,-3,1>2,-1,0 -3,3,2>-3,2,2 2,-1,0>4,-3,1 -3,2,2>-2,1,3"}
{"par":149,"whiteIs":"B","ptsW":null,"res":"tope","plies":80,"balW":100,"secs":4.9,"apertura":"2,-2,1>1,0,0 -1,3,0>-1,2,0 4,-3,1>2,-1,0 -3,3,2>-3,2,2 2,-1,0>4,-3,1 -3,2,2>-2,1,3"}
{"par":150,"whiteIs":"A","ptsW":null,"res":"tope","plies":80,"balW":-320,"secs":5.5,"apertura":"2,-2,2>1,0,1 -2,3,1>-2,2,1 0,-2,4>-1,-1,3 -3,3,1>-2,2,2 3,-2,1>2,0,0 -3,4,0>-2,3,1"}
{"par":150,"whiteIs":"B","ptsW":null,"res":"tope","plies":80,"balW":-700,"secs":4.7,"apertura":"2,-2,2>1,0,1 -2,3,1>-2,2,1 0,-2,4>-1,-1,3 -3,3,1>-2,2,2 3,-2,1>2,0,0 -3,4,0>-2,3,1"}
{"par":151,"whiteIs":"A","ptsW":null,"res":"tope","plies":80,"balW":-300,"secs":4.2,"apertura":"2,-2,1>1,0,0 -3,3,2>-3,2,2 2,-2,2>1,-1,1 2,3,-3>3,1,-2 2,-3,2>2,-1,1 0,4,-3>2,2,-2"}
{"par":151,"whiteIs":"B","ptsW":1,"res":"mate","plies":29,"balW":700,"secs":1.8,"apertura":"2,-2,1>1,0,0 -3,3,2>-3,2,2 2,-2,2>1,-1,1 2,3,-3>3,1,-2 2,-3,2>2,-1,1 0,4,-3>2,2,-2"}
{"par":152,"whiteIs":"A","ptsW":null,"res":"tope","plies":80,"balW":1380,"secs":4.9,"apertura":"2,-2,2>1,-1,1 1,3,-3>2,1,-2 0,-2,3>0,-1,3 -1,3,-1>0,1,0 1,-1,1>1,0,1 0,3,-1>0,2,-1"}
{"par":152,"whiteIs":"B","ptsW":null,"res":"tope","plies":80,"balW":1000,"secs":4,"apertura":"2,-2,2>1,-1,1 1,3,-3>2,1,-2 0,-2,3>0,-1,3 -1,3,-1>0,1,0 1,-1,1>1,0,1 0,3,-1>0,2,-1"}
{"par":153,"whiteIs":"A","ptsW":null,"res":"tope","plies":80,"balW":580,"secs":4.7,"apertura":"4,-2,0>3,-1,-1 -2,3,0>-1,2,1 0,-2,4>-1,0,3 -2,3,1>-2,2,1 3,-2,0>3,-1,0 -1,2,1>-1,1,1"}
{"par":153,"whiteIs":"B","ptsW":null,"res":"tope","plies":80,"balW":300,"secs":4,"apertura":"4,-2,0>3,-1,-1 -2,3,0>-1,2,1 0,-2,4>-1,0,3 -2,3,1>-2,2,1 3,-2,0>3,-1,0 -1,2,1>-1,1,1"}
{"par":154,"whiteIs":"A","ptsW":null,"res":"tope","plies":80,"balW":200,"secs":4.8,"apertura":"0,-2,3>-1,0,2 1,3,-2>2,1,-1 1,-3,4>0,-2,3 -2,4,0>-3,2,2 3,-2,0>2,0,-1 -3,3,1>-2,2,2"}
{"par":154,"whiteIs":"B","ptsW":1,"res":"mate","plies":77,"balW":460,"secs":3.8,"apertura":"0,-2,3>-1,0,2 1,3,-2>2,1,-1 1,-3,4>0,-2,3 -2,4,0>-3,2,2 3,-2,0>2,0,-1 -3,3,1>-2,2,2"}
{"par":155,"whiteIs":"A","ptsW":null,"res":"tope","plies":80,"balW":420,"secs":4.6,"apertura":"3,-2,1>2,0,0 -2,4,0>-3,2,2 2,0,0>1,1,-1 -2,3,1>-2,2,1 1,-2,2>0,0,1 -2,2,1>-1,1,2"}
{"par":155,"whiteIs":"B","ptsW":null,"res":"tope","plies":80,"balW":-20,"secs":4.5,"apertura":"3,-2,1>2,0,0 -2,4,0>-3,2,2 2,0,0>1,1,-1 -2,3,1>-2,2,1 1,-2,2>0,0,1 -2,2,1>-1,1,2"}
{"par":156,"whiteIs":"A","ptsW":null,"res":"tope","plies":80,"balW":-400,"secs":4,"apertura":"2,-2,2>1,-1,1 -1,4,-1>-1,2,0 4,-2,0>3,-1,-1 -3,3,2>-3,2,2 3,-3,1>4,-2,0 1,3,-3>2,1,-2"}
{"par":156,"whiteIs":"B","ptsW":null,"res":"tope","plies":80,"balW":-880,"secs":3.9,"apertura":"2,-2,2>1,-1,1 -1,4,-1>-1,2,0 4,-2,0>3,-1,-1 -3,3,2>-3,2,2 3,-3,1>4,-2,0 1,3,-3>2,1,-2"}
{"par":157,"whiteIs":"A","ptsW":null,"res":"tope","plies":80,"balW":-40,"secs":2.6,"apertura":"-1,-2,4>-2,0,3 -3,3,2>-2,1,3 1,-3,3>2,-1,1 -1,3,0>0,1,1 1,-2,3>0,-1,2 1,3,-2>1,2,-2"}
{"par":157,"whiteIs":"B","ptsW":null,"res":"tope","plies":80,"balW":-320,"secs":3,"apertura":"-1,-2,4>-2,0,3 -3,3,2>-2,1,3 1,-3,3>2,-1,1 -1,3,0>0,1,1 1,-2,3>0,-1,2 1,3,-2>1,2,-2"}
{"par":158,"whiteIs":"A","ptsW":null,"res":"tope","plies":80,"balW":-420,"secs":2.1,"apertura":"2,-3,2>2,-1,1 -2,4,0>-3,2,2 3,-2,0>3,-1,0 0,3,-1>0,2,-1 4,-3,1>3,-1,-1 -2,3,1>-1,1,2"}
{"par":158,"whiteIs":"B","ptsW":null,"res":"tope","plies":80,"balW":900,"secs":2.2,"apertura":"2,-3,2>2,-1,1 -2,4,0>-3,2,2 3,-2,0>3,-1,0 0,3,-1>0,2,-1 4,-3,1>3,-1,-1 -2,3,1>-1,1,2"}
{"par":159,"whiteIs":"A","ptsW":null,"res":"tope","plies":80,"balW":-720,"secs":1.6,"apertura":"0,-2,4>-1,0,3 0,3,-1>1,1,0 3,-2,0>2,0,-1 0,3,-2>1,2,-1 -1,-2,4>-2,0,3 2,3,-3>2,2,-3"}
{"par":159,"whiteIs":"B","ptsW":null,"res":"tope","plies":80,"balW":1100,"secs":1.6,"apertura":"0,-2,4>-1,0,3 0,3,-1>1,1,0 3,-2,0>2,0,-1 0,3,-2>1,2,-1 -1,-2,4>-2,0,3 2,3,-3>2,2,-3"}
