# {"fecha":"2026-08-03T22:16:40.159Z","modalidad":"dekle","A":{"nombre":"vigente","cfg":{"depth":24,"mobility":true,"order":true,"quiesce":true,"nodes":4500}},"B":{"nombre":"mat","cfg":{"depth":24,"mobility":true,"order":true,"quiesce":true,"nodes":4500,"pieceValues":{"P":100,"R":424,"B":348,"Q":823,"U":413,"N":323,"K":0}}},"MAX_PLIES":80,"FIFTY":40,"OPENING_PLIES":6,"SEED":25002,"FIRST":54,"PAIRS":53,"libro":"libro-dekle.json"}
{"par":54,"whiteIs":"A","ptsW":null,"res":"tope","plies":80,"balW":-200,"secs":5.2,"apertura":"3,-2,0>3,-1,0 1,3,-2>2,1,-1 3,-1,0>2,0,-1 1,3,-3>2,2,-2 1,-3,3>-1,-1,4 2,2,-2>2,1,-2"}
{"par":54,"whiteIs":"B","ptsW":null,"res":"tope","plies":80,"balW":0,"secs":4.3,"apertura":"3,-2,0>3,-1,0 1,3,-2>2,1,-1 3,-1,0>2,0,-1 1,3,-3>2,2,-2 1,-3,3>-1,-1,4 2,2,-2>2,1,-2"}
{"par":55,"whiteIs":"A","ptsW":null,"res":"tope","plies":80,"balW":-620,"secs":4.8,"apertura":"4,-2,-1>3,0,-2 1,3,-3>2,2,-2 0,-2,3>-1,0,2 -1,3,-1>0,1,0 2,-2,2>1,-1,1 -1,3,0>0,1,1"}
{"par":55,"whiteIs":"B","ptsW":null,"res":"tope","plies":80,"balW":220,"secs":4.6,"apertura":"4,-2,-1>3,0,-2 1,3,-3>2,2,-2 0,-2,3>-1,0,2 -1,3,-1>0,1,0 2,-2,2>1,-1,1 -1,3,0>0,1,1"}
{"par":56,"whiteIs":"A","ptsW":null,"res":"tope","plies":80,"balW":1200,"secs":4,"apertura":"3,-2,0>2,0,-1 -1,3,-1>0,2,0 4,-2,-1>3,0,-2 1,3,-2>2,1,-1 0,-2,4>-1,0,3 -1,3,0>0,1,1"}
{"par":56,"whiteIs":"B","ptsW":null,"res":"tope","plies":80,"balW":180,"secs":3.8,"apertura":"3,-2,0>2,0,-1 -1,3,-1>0,2,0 4,-2,-1>3,0,-2 1,3,-2>2,1,-1 0,-2,4>-1,0,3 -1,3,0>0,1,1"}
{"par":57,"whiteIs":"A","ptsW":null,"res":"tope","plies":80,"balW":-440,"secs":4,"apertura":"1,-2,2>1,-1,2 -3,3,2>-3,2,2 0,-2,4>-1,-1,3 -1,4,-1>-1,2,0 3,-2,0>3,-1,0 0,3,-1>0,2,-1"}
{"par":57,"whiteIs":"B","ptsW":null,"res":"tope","plies":80,"balW":0,"secs":4.3,"apertura":"1,-2,2>1,-1,2 -3,3,2>-3,2,2 0,-2,4>-1,-1,3 -1,4,-1>-1,2,0 3,-2,0>3,-1,0 0,3,-1>0,2,-1"}
{"par":58,"whiteIs":"A","ptsW":null,"res":"tope","plies":80,"balW":-820,"secs":3.8,"apertura":"0,-2,3>-1,0,2 -1,3,0>0,1,1 0,-2,4>-1,0,3 2,3,-3>2,2,-3 4,-3,1>3,-1,-1 -1,3,-1>0,1,0"}
{"par":58,"whiteIs":"B","ptsW":null,"res":"tope","plies":80,"balW":-220,"secs":4.8,"apertura":"0,-2,3>-1,0,2 -1,3,0>0,1,1 0,-2,4>-1,0,3 2,3,-3>2,2,-3 4,-3,1>3,-1,-1 -1,3,-1>0,1,0"}
{"par":59,"whiteIs":"A","ptsW":null,"res":"tope","plies":80,"balW":-100,"secs":4.9,"apertura":"3,-2,0>2,0,-1 -3,3,2>-2,1,3 2,-2,2>1,-1,1 1,3,-3>2,2,-2 4,-2,-1>3,0,-2 -2,1,3>-2,0,3"}
{"par":59,"whiteIs":"B","ptsW":null,"res":"tope","plies":80,"balW":800,"secs":4.1,"apertura":"3,-2,0>2,0,-1 -3,3,2>-2,1,3 2,-2,2>1,-1,1 1,3,-3>2,2,-2 4,-2,-1>3,0,-2 -2,1,3>-2,0,3"}
{"par":60,"whiteIs":"A","ptsW":null,"res":"tope","plies":80,"balW":-800,"secs":3.9,"apertura":"3,-2,0>3,-1,0 2,3,-3>3,1,-2 4,-2,-1>3,0,-2 -3,3,1>-2,2,2 1,-2,3>0,0,2 -2,3,1>-2,2,1"}
{"par":60,"whiteIs":"B","ptsW":null,"res":"tope","plies":80,"balW":-480,"secs":4,"apertura":"3,-2,0>3,-1,0 2,3,-3>3,1,-2 4,-2,-1>3,0,-2 -3,3,1>-2,2,2 1,-2,3>0,0,2 -2,3,1>-2,2,1"}
{"par":61,"whiteIs":"A","ptsW":1,"res":"mate","plies":15,"balW":620,"secs":0.8,"apertura":"4,-2,0>3,0,-1 -1,3,-1>0,2,0 3,0,-1>2,1,-2 1,3,-3>2,2,-2 0,-2,3>0,-1,3 0,2,0>0,1,0"}
{"par":61,"whiteIs":"B","ptsW":null,"res":"tope","plies":80,"balW":0,"secs":3.5,"apertura":"4,-2,0>3,0,-1 -1,3,-1>0,2,0 3,0,-1>2,1,-2 1,3,-3>2,2,-2 0,-2,3>0,-1,3 0,2,0>0,1,0"}
{"par":62,"whiteIs":"A","ptsW":null,"res":"tope","plies":80,"balW":1520,"secs":4.3,"apertura":"4,-2,-1>3,0,-2 0,3,-2>1,2,-1 3,-2,1>2,-1,0 0,4,-3>2,2,-2 1,-3,3>2,-1,1 2,2,-2>0,1,0"}
{"par":62,"whiteIs":"B","ptsW":null,"res":"tope","plies":80,"balW":120,"secs":4.7,"apertura":"4,-2,-1>3,0,-2 0,3,-2>1,2,-1 3,-2,1>2,-1,0 0,4,-3>2,2,-2 1,-3,3>2,-1,1 2,2,-2>0,1,0"}
{"par":63,"whiteIs":"A","ptsW":null,"res":"tope","plies":80,"balW":120,"secs":5.3,"apertura":"3,-2,1>2,-1,0 0,3,-1>1,1,0 4,-2,-1>4,-1,-1 1,3,-3>2,2,-2 0,-2,4>-1,-1,3 -1,4,-2>0,3,-1"}
{"par":63,"whiteIs":"B","ptsW":null,"res":"tope","plies":80,"balW":520,"secs":4.4,"apertura":"3,-2,1>2,-1,0 0,3,-1>1,1,0 4,-2,-1>4,-1,-1 1,3,-3>2,2,-2 0,-2,4>-1,-1,3 -1,4,-2>0,3,-1"}
{"par":64,"whiteIs":"A","ptsW":null,"res":"tope","plies":80,"balW":200,"secs":4.5,"apertura":"4,-3,1>2,-1,0 1,3,-3>2,1,-2 4,-2,-1>3,0,-2 2,3,-3>2,2,-3 4,-2,0>3,0,-1 -3,3,1>-2,2,2"}
{"par":64,"whiteIs":"B","ptsW":0,"res":"mate","plies":50,"balW":-1100,"secs":3.4,"apertura":"4,-3,1>2,-1,0 1,3,-3>2,1,-2 4,-2,-1>3,0,-2 2,3,-3>2,2,-3 4,-2,0>3,0,-1 -3,3,1>-2,2,2"}
{"par":65,"whiteIs":"A","ptsW":null,"res":"tope","plies":80,"balW":-1120,"secs":4.6,"apertura":"0,-2,4>-1,0,3 -1,3,-1>0,1,0 0,-3,4>-1,-1,3 -1,4,-1>0,2,-1 4,-2,0>3,0,-1 -2,3,0>-1,2,1"}
{"par":65,"whiteIs":"B","ptsW":null,"res":"tope","plies":80,"balW":-1000,"secs":4.4,"apertura":"0,-2,4>-1,0,3 -1,3,-1>0,1,0 0,-3,4>-1,-1,3 -1,4,-1>0,2,-1 4,-2,0>3,0,-1 -2,3,0>-1,2,1"}
{"par":66,"whiteIs":"A","ptsW":null,"res":"tope","plies":80,"balW":-1420,"secs":3.8,"apertura":"1,-2,3>0,0,2 2,3,-3>3,1,-2 2,-2,2>1,-1,1 -2,3,1>-2,2,1 3,-2,1>2,-1,0 0,3,-1>0,2,-1"}
{"par":66,"whiteIs":"B","ptsW":null,"res":"tope","plies":80,"balW":-160,"secs":4.4,"apertura":"1,-2,3>0,0,2 2,3,-3>3,1,-2 2,-2,2>1,-1,1 -2,3,1>-2,2,1 3,-2,1>2,-1,0 0,3,-1>0,2,-1"}
{"par":67,"whiteIs":"A","ptsW":null,"res":"tope","plies":80,"balW":-220,"secs":4.9,"apertura":"2,-2,2>1,-1,1 0,3,-2>1,2,-1 2,-3,2>2,-1,1 -3,3,2>-3,2,2 3,-2,0>3,-1,0 -1,3,-1>0,2,0"}
{"par":67,"whiteIs":"B","ptsW":null,"res":"tope","plies":80,"balW":-80,"secs":4.2,"apertura":"2,-2,2>1,-1,1 0,3,-2>1,2,-1 2,-3,2>2,-1,1 -3,3,2>-3,2,2 3,-2,0>3,-1,0 -1,3,-1>0,2,0"}
{"par":68,"whiteIs":"A","ptsW":null,"res":"tope","plies":80,"balW":220,"secs":4.6,"apertura":"1,-3,3>-1,-1,4 0,3,-2>1,1,-1 4,-2,-1>3,0,-2 2,3,-3>2,2,-3 0,-2,4>-1,-1,3 -3,3,2>-3,2,2"}
{"par":68,"whiteIs":"B","ptsW":null,"res":"tope","plies":80,"balW":80,"secs":4,"apertura":"1,-3,3>-1,-1,4 0,3,-2>1,1,-1 4,-2,-1>3,0,-2 2,3,-3>2,2,-3 0,-2,4>-1,-1,3 -3,3,2>-3,2,2"}
{"par":69,"whiteIs":"A","ptsW":null,"res":"tope","plies":80,"balW":0,"secs":4.7,"apertura":"1,-2,3>0,-1,2 -3,3,1>-2,2,2 1,-3,3>2,-1,1 -1,4,-1>-1,2,0 4,-2,-1>3,0,-2 -1,2,0>-1,1,2"}
{"par":69,"whiteIs":"B","ptsW":null,"res":"tope","plies":80,"balW":-380,"secs":4.7,"apertura":"1,-2,3>0,-1,2 -3,3,1>-2,2,2 1,-3,3>2,-1,1 -1,4,-1>-1,2,0 4,-2,-1>3,0,-2 -1,2,0>-1,1,2"}
{"par":70,"whiteIs":"A","ptsW":null,"res":"tope","plies":80,"balW":620,"secs":4.2,"apertura":"1,-2,3>0,-1,2 -1,4,-1>0,2,-1 4,-2,0>3,-1,-1 -1,4,-2>-1,4,-1 0,-2,4>-1,0,3 -1,3,-1>0,2,0"}
{"par":70,"whiteIs":"B","ptsW":null,"res":"tope","plies":80,"balW":-180,"secs":4,"apertura":"1,-2,3>0,-1,2 -1,4,-1>0,2,-1 4,-2,0>3,-1,-1 -1,4,-2>-1,4,-1 0,-2,4>-1,0,3 -1,3,-1>0,2,0"}
{"par":71,"whiteIs":"A","ptsW":null,"res":"tope","plies":80,"balW":520,"secs":4.2,"apertura":"0,-2,3>0,-1,3 1,3,-3>2,2,-2 0,-2,4>-1,0,3 0,3,-2>1,2,-1 4,-3,1>3,-1,-1 -2,4,0>0,2,-1"}
{"par":71,"whiteIs":"B","ptsW":1,"res":"mate","plies":63,"balW":100,"secs":3.7,"apertura":"0,-2,3>0,-1,3 1,3,-3>2,2,-2 0,-2,4>-1,0,3 0,3,-2>1,2,-1 4,-3,1>3,-1,-1 -2,4,0>0,2,-1"}
{"par":72,"whiteIs":"A","ptsW":null,"res":"tope","plies":80,"balW":980,"secs":4.2,"apertura":"1,-3,3>2,-1,1 -3,3,2>-3,2,2 0,-2,3>-1,0,2 -3,3,1>-2,1,2 2,-2,2>1,0,1 -2,3,0>-1,1,1"}
{"par":72,"whiteIs":"B","ptsW":null,"res":"tope","plies":80,"balW":920,"secs":4.1,"apertura":"1,-3,3>2,-1,1 -3,3,2>-3,2,2 0,-2,3>-1,0,2 -3,3,1>-2,1,2 2,-2,2>1,0,1 -2,3,0>-1,1,1"}
{"par":73,"whiteIs":"A","ptsW":null,"res":"tope","plies":80,"balW":-1000,"secs":3.4,"apertura":"1,-2,3>0,0,2 0,4,-3>1,2,-1 4,-2,0>3,0,-1 1,3,-2>1,2,-2 2,-3,2>1,-1,2 -2,3,1>-1,1,2"}
{"par":73,"whiteIs":"B","ptsW":null,"res":"tope","plies":80,"balW":-100,"secs":5.4,"apertura":"1,-2,3>0,0,2 0,4,-3>1,2,-1 4,-2,0>3,0,-1 1,3,-2>1,2,-2 2,-3,2>1,-1,2 -2,3,1>-1,1,2"}
{"par":74,"whiteIs":"A","ptsW":null,"res":"tope","plies":80,"balW":400,"secs":5.4,"apertura":"2,-2,1>2,-1,1 -2,3,1>-1,1,2 -1,-2,4>-1,-1,4 1,3,-2>2,1,-1 1,-2,3>0,-1,2 0,3,-2>1,1,-1"}
{"par":74,"whiteIs":"B","ptsW":null,"res":"tope","plies":80,"balW":-320,"secs":4.8,"apertura":"2,-2,1>2,-1,1 -2,3,1>-1,1,2 -1,-2,4>-1,-1,4 1,3,-2>2,1,-1 1,-2,3>0,-1,2 0,3,-2>1,1,-1"}
{"par":75,"whiteIs":"A","ptsW":null,"res":"tope","plies":80,"balW":420,"secs":4.1,"apertura":"2,-3,2>1,-1,2 1,3,-2>1,2,-2 1,-1,2>2,-3,2 0,4,-3>2,2,-2 3,-2,1>2,0,0 0,3,-1>1,1,0"}
{"par":75,"whiteIs":"B","ptsW":1,"res":"mate","plies":47,"balW":-420,"secs":2.7,"apertura":"2,-3,2>1,-1,2 1,3,-2>1,2,-2 1,-1,2>2,-3,2 0,4,-3>2,2,-2 3,-2,1>2,0,0 0,3,-1>1,1,0"}
{"par":76,"whiteIs":"A","ptsW":null,"res":"tope","plies":80,"balW":20,"secs":5,"apertura":"2,-2,2>1,0,1 -1,4,-1>0,2,-1 2,-2,1>1,0,0 -2,3,1>-1,1,2 2,-3,2>2,-1,1 1,3,-2>1,2,-2"}
{"par":76,"whiteIs":"B","ptsW":null,"res":"tope","plies":80,"balW":-200,"secs":5.4,"apertura":"2,-2,2>1,0,1 -1,4,-1>0,2,-1 2,-2,1>1,0,0 -2,3,1>-1,1,2 2,-3,2>2,-1,1 1,3,-2>1,2,-2"}
{"par":77,"whiteIs":"A","ptsW":null,"res":"tope","plies":80,"balW":100,"secs":4.5,"apertura":"-1,-2,4>-1,-1,4 -1,3,0>0,1,1 2,-3,2>1,-1,2 0,3,-1>0,2,-1 1,-1,2>2,-1,0 0,3,-2>1,1,-1"}
{"par":77,"whiteIs":"B","ptsW":null,"res":"tope","plies":80,"balW":400,"secs":4.3,"apertura":"-1,-2,4>-1,-1,4 -1,3,0>0,1,1 2,-3,2>1,-1,2 0,3,-1>0,2,-1 1,-1,2>2,-1,0 0,3,-2>1,1,-1"}
{"par":78,"whiteIs":"A","ptsW":0,"res":"mate","plies":60,"balW":-1520,"secs":3.1,"apertura":"2,-2,2>1,0,1 -3,3,1>-2,2,2 0,-2,3>-1,0,2 0,4,-3>2,2,-2 3,-2,0>2,0,-1 2,2,-2>0,1,0"}
{"par":78,"whiteIs":"B","ptsW":null,"res":"tope","plies":80,"balW":540,"secs":4.9,"apertura":"2,-2,2>1,0,1 -3,3,1>-2,2,2 0,-2,3>-1,0,2 0,4,-3>2,2,-2 3,-2,0>2,0,-1 2,2,-2>0,1,0"}
{"par":79,"whiteIs":"A","ptsW":null,"res":"tope","plies":80,"balW":-1100,"secs":5.1,"apertura":"2,-2,2>1,0,1 0,4,-3>2,2,-2 3,-2,0>3,-1,0 -1,3,0>0,1,1 2,-2,1>2,-1,1 -3,3,1>-2,1,2"}
{"par":79,"whiteIs":"B","ptsW":1,"res":"mate","plies":41,"balW":-300,"secs":2.6,"apertura":"2,-2,2>1,0,1 0,4,-3>2,2,-2 3,-2,0>3,-1,0 -1,3,0>0,1,1 2,-2,1>2,-1,1 -3,3,1>-2,1,2"}
{"par":80,"whiteIs":"A","ptsW":null,"res":"tope","plies":80,"balW":-240,"secs":4.6,"apertura":"0,-2,3>0,-1,3 0,3,-1>1,1,0 0,-1,3>-1,0,2 -2,3,0>-1,1,1 2,-3,2>2,-1,1 2,3,-3>3,1,-2"}
{"par":80,"whiteIs":"B","ptsW":null,"res":"tope","plies":80,"balW":-280,"secs":4.5,"apertura":"0,-2,3>0,-1,3 0,3,-1>1,1,0 0,-1,3>-1,0,2 -2,3,0>-1,1,1 2,-3,2>2,-1,1 2,3,-3>3,1,-2"}
{"par":81,"whiteIs":"A","ptsW":null,"res":"tope","plies":80,"balW":320,"secs":4,"apertura":"1,-2,3>0,0,2 2,3,-3>2,2,-3 1,-3,3>2,-1,1 -1,3,-1>0,2,0 4,-2,0>3,-1,-1 0,4,-2>-1,3,-1"}
{"par":81,"whiteIs":"B","ptsW":null,"res":"tope","plies":80,"balW":1040,"secs":3.9,"apertura":"1,-2,3>0,0,2 2,3,-3>2,2,-3 1,-3,3>2,-1,1 -1,3,-1>0,2,0 4,-2,0>3,-1,-1 0,4,-2>-1,3,-1"}
{"par":82,"whiteIs":"A","ptsW":null,"res":"tope","plies":80,"balW":1060,"secs":5,"apertura":"2,-3,2>2,-1,1 -3,3,1>-2,2,2 3,-3,2>2,-3,2 -1,3,-1>0,2,0 2,-3,2>3,-3,2 1,3,-3>2,1,-2"}
{"par":82,"whiteIs":"B","ptsW":null,"res":"tope","plies":80,"balW":200,"secs":4.9,"apertura":"2,-3,2>2,-1,1 -3,3,1>-2,2,2 3,-3,2>2,-3,2 -1,3,-1>0,2,0 2,-3,2>3,-3,2 1,3,-3>2,1,-2"}
{"par":83,"whiteIs":"A","ptsW":null,"res":"tope","plies":80,"balW":-820,"secs":4.3,"apertura":"2,-3,2>2,-1,1 -3,3,1>-2,2,2 2,-1,1>0,-1,2 -2,2,2>-2,1,2 3,-2,1>2,0,0 -2,3,0>-1,2,1"}
{"par":83,"whiteIs":"B","ptsW":null,"res":"tope","plies":80,"balW":-440,"secs":4.6,"apertura":"2,-3,2>2,-1,1 -3,3,1>-2,2,2 2,-1,1>0,-1,2 -2,2,2>-2,1,2 3,-2,1>2,0,0 -2,3,0>-1,2,1"}
{"par":84,"whiteIs":"A","ptsW":null,"res":"tope","plies":80,"balW":-100,"secs":4.8,"apertura":"2,-2,2>1,0,1 -1,3,-1>0,1,0 1,-3,3>-1,-1,4 0,3,-2>1,2,-1 0,-2,4>-1,-1,3 0,4,-3>2,2,-2"}
{"par":84,"whiteIs":"B","ptsW":null,"res":"tope","plies":80,"balW":700,"secs":4.9,"apertura":"2,-2,2>1,0,1 -1,3,-1>0,1,0 1,-3,3>-1,-1,4 0,3,-2>1,2,-1 0,-2,4>-1,-1,3 0,4,-3>2,2,-2"}
{"par":85,"whiteIs":"A","ptsW":0.5,"res":"repetition","plies":75,"balW":620,"secs":4,"apertura":"4,-2,0>3,0,-1 -3,3,1>-2,1,2 0,-2,3>0,-1,3 2,3,-3>3,1,-2 -1,-2,4>-2,0,3 1,3,-3>2,1,-2"}
{"par":85,"whiteIs":"B","ptsW":null,"res":"tope","plies":80,"balW":-620,"secs":4.2,"apertura":"4,-2,0>3,0,-1 -3,3,1>-2,1,2 0,-2,3>0,-1,3 2,3,-3>3,1,-2 -1,-2,4>-2,0,3 1,3,-3>2,1,-2"}
{"par":86,"whiteIs":"A","ptsW":null,"res":"tope","plies":80,"balW":700,"secs":4.9,"apertura":"2,-2,2>1,-1,1 0,4,-3>2,2,-2 3,-2,0>2,0,-1 0,3,-1>0,2,-1 2,-3,2>2,-1,1 2,3,-3>3,1,-2"}
{"par":86,"whiteIs":"B","ptsW":null,"res":"tope","plies":80,"balW":-800,"secs":4,"apertura":"2,-2,2>1,-1,1 0,4,-3>2,2,-2 3,-2,0>2,0,-1 0,3,-1>0,2,-1 2,-3,2>2,-1,1 2,3,-3>3,1,-2"}
{"par":87,"whiteIs":"A","ptsW":null,"res":"tope","plies":80,"balW":-220,"secs":5.5,"apertura":"2,-2,1>2,-1,1 1,3,-2>1,2,-2 1,-3,3>-1,-1,4 0,3,-1>0,2,-1 2,-1,1>1,0,0 -2,3,1>-2,2,1"}
{"par":87,"whiteIs":"B","ptsW":1,"res":"mate","plies":61,"balW":-180,"secs":4.3,"apertura":"2,-2,1>2,-1,1 1,3,-2>1,2,-2 1,-3,3>-1,-1,4 0,3,-1>0,2,-1 2,-1,1>1,0,0 -2,3,1>-2,2,1"}
{"par":88,"whiteIs":"A","ptsW":null,"res":"tope","plies":80,"balW":-1220,"secs":4.3,"apertura":"4,-2,0>3,0,-1 -1,3,-1>0,1,0 1,-3,3>-1,-1,4 1,3,-3>2,2,-2 3,-2,0>2,0,-1 -3,3,1>-2,1,2"}
{"par":88,"whiteIs":"B","ptsW":null,"res":"tope","plies":80,"balW":-200,"secs":4.5,"apertura":"4,-2,0>3,0,-1 -1,3,-1>0,1,0 1,-3,3>-1,-1,4 1,3,-3>2,2,-2 3,-2,0>2,0,-1 -3,3,1>-2,1,2"}
{"par":89,"whiteIs":"A","ptsW":1,"res":"mate","plies":25,"balW":2100,"secs":2,"apertura":"3,-2,1>2,0,0 0,3,-1>0,2,-1 0,-2,4>-1,0,3 2,3,-3>3,1,-2 2,-2,1>1,0,0 -1,4,-2>0,3,-1"}
{"par":89,"whiteIs":"B","ptsW":null,"res":"tope","plies":80,"balW":0,"secs":4.6,"apertura":"3,-2,1>2,0,0 0,3,-1>0,2,-1 0,-2,4>-1,0,3 2,3,-3>3,1,-2 2,-2,1>1,0,0 -1,4,-2>0,3,-1"}
{"par":90,"whiteIs":"A","ptsW":null,"res":"tope","plies":80,"balW":-200,"secs":4.8,"apertura":"0,-2,3>-1,0,2 0,3,-1>1,1,0 1,-2,2>0,0,1 -1,3,0>0,1,1 4,-2,-1>4,-1,-1 -3,3,2>-2,1,3"}
{"par":90,"whiteIs":"B","ptsW":null,"res":"tope","plies":80,"balW":-320,"secs":4.7,"apertura":"0,-2,3>-1,0,2 0,3,-1>1,1,0 1,-2,2>0,0,1 -1,3,0>0,1,1 4,-2,-1>4,-1,-1 -3,3,2>-2,1,3"}
{"par":91,"whiteIs":"A","ptsW":null,"res":"tope","plies":80,"balW":80,"secs":3.9,"apertura":"3,-2,0>2,0,-1 0,3,-1>1,1,0 4,-2,-1>4,-1,-1 -3,3,2>-2,1,3 1,-2,3>0,0,2 0,3,-2>1,1,-1"}
{"par":91,"whiteIs":"B","ptsW":null,"res":"tope","plies":80,"balW":-400,"secs":4.7,"apertura":"3,-2,0>2,0,-1 0,3,-1>1,1,0 4,-2,-1>4,-1,-1 -3,3,2>-2,1,3 1,-2,3>0,0,2 0,3,-2>1,1,-1"}
{"par":92,"whiteIs":"A","ptsW":null,"res":"tope","plies":80,"balW":-220,"secs":4.7,"apertura":"1,-3,3>2,-1,1 -3,3,1>-2,1,2 2,-1,1>1,-3,3 -2,1,2>-1,0,3 2,-2,1>1,0,0 2,3,-3>3,1,-2"}
{"par":92,"whiteIs":"B","ptsW":null,"res":"tope","plies":80,"balW":180,"secs":4.5,"apertura":"1,-3,3>2,-1,1 -3,3,1>-2,1,2 2,-1,1>1,-3,3 -2,1,2>-1,0,3 2,-2,1>1,0,0 2,3,-3>3,1,-2"}
{"par":93,"whiteIs":"A","ptsW":null,"res":"tope","plies":80,"balW":40,"secs":5.1,"apertura":"3,-2,1>2,-1,0 -2,3,1>-1,1,2 1,-2,3>0,-1,2 1,3,-2>1,2,-2 0,-2,4>-1,-1,3 -3,4,0>-2,3,1"}
{"par":93,"whiteIs":"B","ptsW":null,"res":"tope","plies":80,"balW":1140,"secs":4.6,"apertura":"3,-2,1>2,-1,0 -2,3,1>-1,1,2 1,-2,3>0,-1,2 1,3,-2>1,2,-2 0,-2,4>-1,-1,3 -3,4,0>-2,3,1"}
{"par":94,"whiteIs":"A","ptsW":null,"res":"tope","plies":80,"balW":-300,"secs":4.7,"apertura":"0,-2,3>-1,0,2 -3,3,1>-2,2,2 2,-2,1>1,0,0 0,4,-3>1,2,-1 0,-2,4>-1,0,3 1,2,-1>-1,1,1"}
{"par":94,"whiteIs":"B","ptsW":null,"res":"tope","plies":80,"balW":800,"secs":3.8,"apertura":"0,-2,3>-1,0,2 -3,3,1>-2,2,2 2,-2,1>1,0,0 0,4,-3>1,2,-1 0,-2,4>-1,0,3 1,2,-1>-1,1,1"}
{"par":95,"whiteIs":"A","ptsW":null,"res":"tope","plies":80,"balW":1420,"secs":3.7,"apertura":"4,-2,0>3,-1,-1 0,4,-3>1,2,-1 3,-1,-1>3,0,-1 1,3,-3>2,2,-2 2,-2,2>1,-1,1 -3,3,2>-2,1,3"}
{"par":95,"whiteIs":"B","ptsW":null,"res":"tope","plies":80,"balW":-20,"secs":5,"apertura":"4,-2,0>3,-1,-1 0,4,-3>1,2,-1 3,-1,-1>3,0,-1 1,3,-3>2,2,-2 2,-2,2>1,-1,1 -3,3,2>-2,1,3"}
{"par":96,"whiteIs":"A","ptsW":null,"res":"tope","plies":80,"balW":240,"secs":3.9,"apertura":"2,-2,1>2,-1,1 -2,3,0>-1,2,1 2,-3,2>1,-1,2 -2,3,1>-2,2,1 3,-2,0>3,-1,0 1,3,-2>2,1,-1"}
{"par":96,"whiteIs":"B","ptsW":null,"res":"tope","plies":80,"balW":-20,"secs":4.4,"apertura":"2,-2,1>2,-1,1 -2,3,0>-1,2,1 2,-3,2>1,-1,2 -2,3,1>-2,2,1 3,-2,0>3,-1,0 1,3,-2>2,1,-1"}
{"par":97,"whiteIs":"A","ptsW":null,"res":"tope","plies":80,"balW":180,"secs":5.3,"apertura":"-1,-2,4>-1,-1,4 -2,3,1>-2,2,1 2,-2,1>2,-1,1 -1,3,0>0,1,1 4,-2,-1>3,0,-2 -3,3,1>-2,2,2"}
{"par":97,"whiteIs":"B","ptsW":null,"res":"tope","plies":80,"balW":200,"secs":4.4,"apertura":"-1,-2,4>-1,-1,4 -2,3,1>-2,2,1 2,-2,1>2,-1,1 -1,3,0>0,1,1 4,-2,-1>3,0,-2 -3,3,1>-2,2,2"}
{"par":98,"whiteIs":"A","ptsW":0,"res":"mate","plies":36,"balW":-420,"secs":2.1,"apertura":"0,-2,4>-1,-1,3 -2,3,1>-1,1,2 1,-2,2>0,0,1 -3,4,0>-2,3,1 4,-2,-1>4,-1,-1 -3,3,1>-2,2,2"}
{"par":98,"whiteIs":"B","ptsW":null,"res":"tope","plies":80,"balW":20,"secs":4.7,"apertura":"0,-2,4>-1,-1,3 -2,3,1>-1,1,2 1,-2,2>0,0,1 -3,4,0>-2,3,1 4,-2,-1>4,-1,-1 -3,3,1>-2,2,2"}
{"par":99,"whiteIs":"A","ptsW":null,"res":"tope","plies":80,"balW":820,"secs":3.9,"apertura":"3,-2,0>2,0,-1 -2,3,0>-1,2,1 2,-3,2>1,-1,2 1,3,-2>2,1,-1 1,-3,3>2,-1,1 -2,4,0>0,2,-1"}
{"par":99,"whiteIs":"B","ptsW":null,"res":"tope","plies":80,"balW":-80,"secs":4.8,"apertura":"3,-2,0>2,0,-1 -2,3,0>-1,2,1 2,-3,2>1,-1,2 1,3,-2>2,1,-1 1,-3,3>2,-1,1 -2,4,0>0,2,-1"}
{"par":100,"whiteIs":"A","ptsW":null,"res":"tope","plies":80,"balW":100,"secs":3.8,"apertura":"1,-3,3>-1,-1,4 -2,3,1>-2,2,1 4,-2,-1>4,-1,-1 1,3,-2>1,2,-2 0,-2,3>0,-1,3 -1,3,-1>0,2,0"}
{"par":100,"whiteIs":"B","ptsW":null,"res":"tope","plies":80,"balW":20,"secs":4.9,"apertura":"1,-3,3>-1,-1,4 -2,3,1>-2,2,1 4,-2,-1>4,-1,-1 1,3,-2>1,2,-2 0,-2,3>0,-1,3 -1,3,-1>0,2,0"}
{"par":101,"whiteIs":"A","ptsW":null,"res":"tope","plies":80,"balW":80,"secs":4.4,"apertura":"1,-3,3>-1,-1,4 1,3,-2>2,1,-1 -1,-1,4>-3,1,3 2,3,-3>2,2,-3 2,-3,2>1,-1,2 -1,3,-1>0,2,0"}
{"par":101,"whiteIs":"B","ptsW":null,"res":"tope","plies":80,"balW":320,"secs":4.5,"apertura":"1,-3,3>-1,-1,4 1,3,-2>2,1,-1 -1,-1,4>-3,1,3 2,3,-3>2,2,-3 2,-3,2>1,-1,2 -1,3,-1>0,2,0"}
{"par":102,"whiteIs":"A","ptsW":null,"res":"tope","plies":80,"balW":-380,"secs":3.5,"apertura":"2,-2,1>1,0,0 0,3,-1>0,2,-1 3,-2,0>2,0,-1 1,3,-2>2,1,-1 2,-2,2>1,0,1 0,3,-2>1,1,-1"}
{"par":102,"whiteIs":"B","ptsW":null,"res":"tope","plies":80,"balW":0,"secs":4.3,"apertura":"2,-2,1>1,0,0 0,3,-1>0,2,-1 3,-2,0>2,0,-1 1,3,-2>2,1,-1 2,-2,2>1,0,1 0,3,-2>1,1,-1"}
{"par":103,"whiteIs":"A","ptsW":1,"res":"mate","plies":73,"balW":1220,"secs":3.7,"apertura":"2,-2,2>1,0,1 -2,3,1>-1,1,2 1,-2,2>0,0,1 -2,4,0>-3,2,2 4,-3,1>3,-1,-1 -1,3,0>0,1,1"}
{"par":103,"whiteIs":"B","ptsW":0,"res":"mate","plies":62,"balW":-300,"secs":3.8,"apertura":"2,-2,2>1,0,1 -2,3,1>-1,1,2 1,-2,2>0,0,1 -2,4,0>-3,2,2 4,-3,1>3,-1,-1 -1,3,0>0,1,1"}
{"par":104,"whiteIs":"A","ptsW":null,"res":"tope","plies":80,"balW":-700,"secs":4.6,"apertura":"3,-2,1>2,0,0 -3,3,1>-2,2,2 3,-2,0>3,-1,0 -1,3,-1>0,1,0 -1,-2,4>-2,0,3 0,3,-1>0,2,-1"}
{"par":104,"whiteIs":"B","ptsW":0,"res":"mate","plies":20,"balW":-100,"secs":1.1,"apertura":"3,-2,1>2,0,0 -3,3,1>-2,2,2 3,-2,0>3,-1,0 -1,3,-1>0,1,0 -1,-2,4>-2,0,3 0,3,-1>0,2,-1"}
{"par":105,"whiteIs":"A","ptsW":0,"res":"mate","plies":70,"balW":-200,"secs":4,"apertura":"2,-2,1>2,-1,1 0,3,-2>1,1,-1 2,-2,2>1,0,1 1,1,-1>2,0,0 3,-3,1>2,-2,2 -2,3,1>-1,1,2"}
{"par":105,"whiteIs":"B","ptsW":null,"res":"tope","plies":80,"balW":1240,"secs":5.9,"apertura":"2,-2,1>2,-1,1 0,3,-2>1,1,-1 2,-2,2>1,0,1 1,1,-1>2,0,0 3,-3,1>2,-2,2 -2,3,1>-1,1,2"}
{"par":106,"whiteIs":"A","ptsW":null,"res":"tope","plies":80,"balW":200,"secs":4.4,"apertura":"1,-2,2>0,0,1 -3,3,1>-2,2,2 1,-3,3>-1,-1,4 -2,3,1>-2,2,1 -1,-1,4>-2,1,2 -1,4,-1>-1,2,0"}
{"par":106,"whiteIs":"B","ptsW":null,"res":"tope","plies":80,"balW":-820,"secs":4.1,"apertura":"1,-2,2>0,0,1 -3,3,1>-2,2,2 1,-3,3>-1,-1,4 -2,3,1>-2,2,1 -1,-1,4>-2,1,2 -1,4,-1>-1,2,0"}
