# {"fecha":"2026-08-03T21:48:23.697Z","modalidad":"salas-1998","A":{"nombre":"vigente","cfg":{"depth":24,"mobility":true,"order":true,"quiesce":true,"nodes":4500}},"B":{"nombre":"mat","cfg":{"depth":24,"mobility":true,"order":true,"quiesce":true,"nodes":4500,"pieceValues":{"P":100,"R":376,"B":355,"Q":816,"N":272,"K":0}}},"MAX_PLIES":80,"FIFTY":40,"OPENING_PLIES":6,"SEED":25003,"FIRST":107,"PAIRS":53,"libro":"libro-salas-1998.json"}
{"par":107,"whiteIs":"A","ptsW":null,"res":"tope","plies":80,"balW":1263,"secs":4,"apertura":"0,-2,4>-1,-1,3 -1,3,0>0,1,1 -1,-1,3>-1,0,3 -2,4,0>3,-1,0 2,-2,1>1,0,0 -2,3,0>-1,1,1"}
{"par":107,"whiteIs":"B","ptsW":null,"res":"tope","plies":80,"balW":-130,"secs":4.2,"apertura":"0,-2,4>-1,-1,3 -1,3,0>0,1,1 -1,-1,3>-1,0,3 -2,4,0>3,-1,0 2,-2,1>1,0,0 -2,3,0>-1,1,1"}
{"par":108,"whiteIs":"A","ptsW":null,"res":"tope","plies":80,"balW":-100,"secs":4.2,"apertura":"3,-2,0>3,-1,0 0,4,-2>-1,2,0 3,-1,0>2,0,-1 -2,3,1>-1,1,2 3,-3,1>1,-1,2 -2,3,0>-1,2,1"}
{"par":108,"whiteIs":"B","ptsW":null,"res":"tope","plies":80,"balW":-53,"secs":3.9,"apertura":"3,-2,0>3,-1,0 0,4,-2>-1,2,0 3,-1,0>2,0,-1 -2,3,1>-1,1,2 3,-3,1>1,-1,2 -2,3,0>-1,2,1"}
{"par":109,"whiteIs":"A","ptsW":null,"res":"tope","plies":80,"balW":-100,"secs":3.6,"apertura":"1,-2,2>0,0,1 0,3,-1>1,1,0 2,-2,2>1,-1,1 -1,3,-1>0,1,0 3,-3,2>1,-1,2 1,3,-2>2,1,-1"}
{"par":109,"whiteIs":"B","ptsW":null,"res":"tope","plies":80,"balW":335,"secs":3.2,"apertura":"1,-2,2>0,0,1 0,3,-1>1,1,0 2,-2,2>1,-1,1 -1,3,-1>0,1,0 3,-3,2>1,-1,2 1,3,-2>2,1,-1"}
{"par":110,"whiteIs":"A","ptsW":null,"res":"tope","plies":80,"balW":-65,"secs":3.3,"apertura":"2,-2,1>2,-1,1 -2,3,1>-1,1,2 1,-2,3>0,0,2 -3,4,0>-1,2,1 0,-2,4>-1,0,3 -3,3,1>-2,1,2"}
{"par":110,"whiteIs":"B","ptsW":null,"res":"tope","plies":80,"balW":1510,"secs":3.5,"apertura":"2,-2,1>2,-1,1 -2,3,1>-1,1,2 1,-2,3>0,0,2 -3,4,0>-1,2,1 0,-2,4>-1,0,3 -3,3,1>-2,1,2"}
{"par":111,"whiteIs":"A","ptsW":null,"res":"tope","plies":80,"balW":-107,"secs":3.7,"apertura":"2,-2,2>1,-1,1 0,3,-2>1,2,-1 3,-3,2>0,0,2 -2,3,0>-1,2,1 2,-3,3>2,-2,2 -3,4,1>-2,3,0"}
{"par":111,"whiteIs":"B","ptsW":null,"res":"tope","plies":80,"balW":-800,"secs":4,"apertura":"2,-2,2>1,-1,1 0,3,-2>1,2,-1 3,-3,2>0,0,2 -2,3,0>-1,2,1 2,-3,3>2,-2,2 -3,4,1>-2,3,0"}
{"par":112,"whiteIs":"A","ptsW":1,"res":"mate","plies":45,"balW":23,"secs":2.5,"apertura":"3,-2,0>2,0,-1 -2,3,1>-1,1,2 0,-2,3>-1,0,2 0,4,-2>0,2,-1 3,-2,1>2,-1,0 -3,3,1>-2,2,2"}
{"par":112,"whiteIs":"B","ptsW":1,"res":"mate","plies":63,"balW":580,"secs":3.6,"apertura":"3,-2,0>2,0,-1 -2,3,1>-1,1,2 0,-2,3>-1,0,2 0,4,-2>0,2,-1 3,-2,1>2,-1,0 -3,3,1>-2,2,2"}
{"par":113,"whiteIs":"A","ptsW":1,"res":"mate","plies":73,"balW":1345,"secs":4.3,"apertura":"3,-3,1>2,-1,1 -1,3,0>0,1,1 1,-2,3>0,0,2 0,3,-1>1,1,0 3,-2,1>2,0,0 -1,4,-1>1,2,-1"}
{"par":113,"whiteIs":"B","ptsW":null,"res":"tope","plies":80,"balW":-123,"secs":3.6,"apertura":"3,-3,1>2,-1,1 -1,3,0>0,1,1 1,-2,3>0,0,2 0,3,-1>1,1,0 3,-2,1>2,0,0 -1,4,-1>1,2,-1"}
{"par":114,"whiteIs":"A","ptsW":null,"res":"tope","plies":80,"balW":-651,"secs":4.1,"apertura":"0,-2,4>-1,-1,3 -3,4,0>-2,2,2 3,-2,1>2,-1,0 -2,3,1>-1,1,2 3,-3,1>3,-1,0 -3,4,1>-3,4,0"}
{"par":114,"whiteIs":"B","ptsW":null,"res":"tope","plies":80,"balW":172,"secs":4.6,"apertura":"0,-2,4>-1,-1,3 -3,4,0>-2,2,2 3,-2,1>2,-1,0 -2,3,1>-1,1,2 3,-3,1>3,-1,0 -3,4,1>-3,4,0"}
{"par":115,"whiteIs":"A","ptsW":1,"res":"mate","plies":39,"balW":230,"secs":2.5,"apertura":"1,-2,2>1,-1,2 1,3,-2>1,2,-2 0,-2,3>0,-1,3 0,3,-2>1,2,-1 1,-3,3>0,-2,3 -1,3,0>0,1,1"}
{"par":115,"whiteIs":"B","ptsW":null,"res":"tope","plies":80,"balW":288,"secs":5.1,"apertura":"1,-2,2>1,-1,2 1,3,-2>1,2,-2 0,-2,3>0,-1,3 0,3,-2>1,2,-1 1,-3,3>0,-2,3 -1,3,0>0,1,1"}
{"par":116,"whiteIs":"A","ptsW":null,"res":"tope","plies":80,"balW":-640,"secs":4.7,"apertura":"3,-3,1>2,-1,1 -1,3,-1>0,1,0 2,-3,2>3,-3,1 0,4,-2>0,2,-1 0,-2,4>-1,-1,3 -3,3,1>-2,2,2"}
{"par":116,"whiteIs":"B","ptsW":null,"res":"tope","plies":80,"balW":-370,"secs":4.6,"apertura":"3,-3,1>2,-1,1 -1,3,-1>0,1,0 2,-3,2>3,-3,1 0,4,-2>0,2,-1 0,-2,4>-1,-1,3 -3,3,1>-2,2,2"}
{"par":117,"whiteIs":"A","ptsW":null,"res":"tope","plies":80,"balW":558,"secs":3.3,"apertura":"1,-2,2>0,0,1 -1,3,0>0,1,1 2,-2,2>1,0,1 -2,4,0>1,1,0 3,-3,1>3,-1,0 -2,3,1>-1,1,2"}
{"par":117,"whiteIs":"B","ptsW":null,"res":"tope","plies":80,"balW":-393,"secs":4.3,"apertura":"1,-2,2>0,0,1 -1,3,0>0,1,1 2,-2,2>1,0,1 -2,4,0>1,1,0 3,-3,1>3,-1,0 -2,3,1>-1,1,2"}
{"par":118,"whiteIs":"A","ptsW":null,"res":"tope","plies":80,"balW":0,"secs":3.9,"apertura":"3,-2,1>2,0,0 0,3,-2>1,1,-1 2,-3,2>3,-2,1 1,3,-2>1,2,-2 3,-3,1>2,-1,1 -1,4,-1>0,3,-2"}
{"par":118,"whiteIs":"B","ptsW":null,"res":"tope","plies":80,"balW":-335,"secs":4.1,"apertura":"3,-2,1>2,0,0 0,3,-2>1,1,-1 2,-3,2>3,-2,1 1,3,-2>1,2,-2 3,-3,1>2,-1,1 -1,4,-1>0,3,-2"}
{"par":119,"whiteIs":"A","ptsW":null,"res":"tope","plies":80,"balW":358,"secs":5,"apertura":"3,-2,1>2,0,0 -3,3,1>-2,2,2 3,-3,1>3,-1,0 -2,3,0>-1,2,1 3,-1,0>1,1,-1 0,4,-2>-2,3,0"}
{"par":119,"whiteIs":"B","ptsW":null,"res":"tope","plies":80,"balW":40,"secs":5.3,"apertura":"3,-2,1>2,0,0 -3,3,1>-2,2,2 3,-3,1>3,-1,0 -2,3,0>-1,2,1 3,-1,0>1,1,-1 0,4,-2>-2,3,0"}
{"par":120,"whiteIs":"A","ptsW":null,"res":"tope","plies":80,"balW":70,"secs":4.5,"apertura":"2,-2,2>1,0,1 -2,3,0>-1,2,1 1,-2,3>0,-1,2 -1,3,0>-1,2,0 1,-2,2>0,0,1 -3,4,0>-1,3,0"}
{"par":120,"whiteIs":"B","ptsW":null,"res":"tope","plies":80,"balW":228,"secs":4.3,"apertura":"2,-2,2>1,0,1 -2,3,0>-1,2,1 1,-2,3>0,-1,2 -1,3,0>-1,2,0 1,-2,2>0,0,1 -3,4,0>-1,3,0"}
{"par":121,"whiteIs":"A","ptsW":null,"res":"tope","plies":80,"balW":-235,"secs":4.3,"apertura":"2,-2,2>1,-1,1 0,4,-2>-1,2,0 2,-3,2>2,-2,2 -1,2,0>0,4,-2 2,-2,1>2,-1,1 -1,3,0>-1,2,0"}
{"par":121,"whiteIs":"B","ptsW":null,"res":"tope","plies":80,"balW":-165,"secs":5.1,"apertura":"2,-2,2>1,-1,1 0,4,-2>-1,2,0 2,-3,2>2,-2,2 -1,2,0>0,4,-2 2,-2,1>2,-1,1 -1,3,0>-1,2,0"}
{"par":122,"whiteIs":"A","ptsW":null,"res":"tope","plies":80,"balW":-112,"secs":4.1,"apertura":"0,-2,3>0,-1,3 -3,3,1>-2,1,2 3,-3,1>2,-1,1 -2,3,1>-1,1,2 3,-2,1>2,-1,0 -2,1,2>-1,0,3"}
{"par":122,"whiteIs":"B","ptsW":null,"res":"tope","plies":80,"balW":-975,"secs":3.8,"apertura":"0,-2,3>0,-1,3 -3,3,1>-2,1,2 3,-3,1>2,-1,1 -2,3,1>-1,1,2 3,-2,1>2,-1,0 -2,1,2>-1,0,3"}
{"par":123,"whiteIs":"A","ptsW":null,"res":"tope","plies":80,"balW":845,"secs":4,"apertura":"1,-3,4>0,-1,2 0,3,-2>1,2,-1 1,-2,2>0,0,1 -2,3,0>-1,1,1 2,-2,2>1,-1,1 -1,3,0>-1,2,0"}
{"par":123,"whiteIs":"B","ptsW":0,"res":"mate","plies":54,"balW":-910,"secs":2.8,"apertura":"1,-3,4>0,-1,2 0,3,-2>1,2,-1 1,-2,2>0,0,1 -2,3,0>-1,1,1 2,-2,2>1,-1,1 -1,3,0>-1,2,0"}
{"par":124,"whiteIs":"A","ptsW":null,"res":"tope","plies":80,"balW":-458,"secs":3.9,"apertura":"3,-3,1>1,-1,2 1,3,-2>1,2,-2 1,-1,2>-1,-1,3 -1,3,-1>0,1,0 0,-2,3>-1,0,2 -3,4,0>-1,2,1"}
{"par":124,"whiteIs":"B","ptsW":1,"res":"mate","plies":67,"balW":880,"secs":4.3,"apertura":"3,-3,1>1,-1,2 1,3,-2>1,2,-2 1,-1,2>-1,-1,3 -1,3,-1>0,1,0 0,-2,3>-1,0,2 -3,4,0>-1,2,1"}
{"par":125,"whiteIs":"A","ptsW":0,"res":"mate","plies":28,"balW":65,"secs":1.8,"apertura":"2,-2,2>1,0,1 1,3,-2>2,1,-1 2,-2,1>1,0,0 -2,3,1>-1,1,2 3,-2,0>2,0,-1 0,4,-2>1,2,-2"}
{"par":125,"whiteIs":"B","ptsW":null,"res":"tope","plies":80,"balW":-945,"secs":4,"apertura":"2,-2,2>1,0,1 1,3,-2>2,1,-1 2,-2,1>1,0,0 -2,3,1>-1,1,2 3,-2,0>2,0,-1 0,4,-2>1,2,-2"}
{"par":126,"whiteIs":"A","ptsW":null,"res":"tope","plies":80,"balW":165,"secs":4.5,"apertura":"3,-3,1>3,-1,0 -2,3,1>-2,2,1 3,-1,0>3,-3,1 -2,4,0>-2,3,1 1,-2,2>0,0,1 -2,3,1>-2,2,2"}
{"par":126,"whiteIs":"B","ptsW":null,"res":"tope","plies":80,"balW":200,"secs":4.5,"apertura":"3,-3,1>3,-1,0 -2,3,1>-2,2,1 3,-1,0>3,-3,1 -2,4,0>-2,3,1 1,-2,2>0,0,1 -2,3,1>-2,2,2"}
{"par":127,"whiteIs":"A","ptsW":null,"res":"tope","plies":80,"balW":-158,"secs":4.1,"apertura":"3,-2,0>2,0,-1 -1,3,0>-1,2,0 2,-2,1>1,0,0 0,3,-1>0,2,-1 3,-3,1>3,-1,0 -2,4,-1>-1,3,0"}
{"par":127,"whiteIs":"B","ptsW":null,"res":"tope","plies":80,"balW":193,"secs":4.1,"apertura":"3,-2,0>2,0,-1 -1,3,0>-1,2,0 2,-2,1>1,0,0 0,3,-1>0,2,-1 3,-3,1>3,-1,0 -2,4,-1>-1,3,0"}
{"par":128,"whiteIs":"A","ptsW":null,"res":"tope","plies":80,"balW":893,"secs":4.4,"apertura":"1,-2,3>0,-1,2 -3,3,1>-2,1,2 0,-2,4>-1,0,3 -2,3,1>-1,1,2 3,-3,1>1,-2,3 0,4,-2>-1,2,0"}
{"par":128,"whiteIs":"B","ptsW":null,"res":"tope","plies":80,"balW":1103,"secs":4.6,"apertura":"1,-2,3>0,-1,2 -3,3,1>-2,1,2 0,-2,4>-1,0,3 -2,3,1>-1,1,2 3,-3,1>1,-2,3 0,4,-2>-1,2,0"}
{"par":129,"whiteIs":"A","ptsW":null,"res":"tope","plies":80,"balW":-600,"secs":5.2,"apertura":"3,-3,1>1,-1,2 -2,3,0>-1,1,1 1,-2,3>0,-1,2 -1,1,1>0,0,2 2,-2,1>2,-1,1 1,3,-2>2,1,-1"}
{"par":129,"whiteIs":"B","ptsW":null,"res":"tope","plies":80,"balW":-1282,"secs":4,"apertura":"3,-3,1>1,-1,2 -2,3,0>-1,1,1 1,-2,3>0,-1,2 -1,1,1>0,0,2 2,-2,1>2,-1,1 1,3,-2>2,1,-1"}
{"par":130,"whiteIs":"A","ptsW":null,"res":"tope","plies":80,"balW":-52,"secs":4.4,"apertura":"0,-2,3>0,-1,3 -1,3,0>0,1,1 1,-3,3>-1,-1,3 -2,4,0>1,1,0 2,-2,2>1,-1,1 1,1,0>1,-1,2"}
{"par":130,"whiteIs":"B","ptsW":null,"res":"tope","plies":80,"balW":451,"secs":4.2,"apertura":"0,-2,3>0,-1,3 -1,3,0>0,1,1 1,-3,3>-1,-1,3 -2,4,0>1,1,0 2,-2,2>1,-1,1 1,1,0>1,-1,2"}
{"par":131,"whiteIs":"A","ptsW":null,"res":"tope","plies":80,"balW":300,"secs":4.1,"apertura":"1,-3,4>0,-1,2 0,3,-1>0,2,-1 3,-3,1>2,-1,1 0,4,-2>1,2,-2 0,-3,4>1,-3,4 0,2,-1>1,1,0"}
{"par":131,"whiteIs":"B","ptsW":null,"res":"tope","plies":80,"balW":-1000,"secs":3.9,"apertura":"1,-3,4>0,-1,2 0,3,-1>0,2,-1 3,-3,1>2,-1,1 0,4,-2>1,2,-2 0,-3,4>1,-3,4 0,2,-1>1,1,0"}
{"par":132,"whiteIs":"A","ptsW":null,"res":"tope","plies":80,"balW":370,"secs":4.1,"apertura":"2,-2,2>1,-1,1 -1,3,0>-1,2,0 3,-3,1>3,-1,0 -2,3,1>-1,1,2 3,-1,0>1,0,0 1,3,-2>2,1,-1"}
{"par":132,"whiteIs":"B","ptsW":null,"res":"tope","plies":80,"balW":30,"secs":3.6,"apertura":"2,-2,2>1,-1,1 -1,3,0>-1,2,0 3,-3,1>3,-1,0 -2,3,1>-1,1,2 3,-1,0>1,0,0 1,3,-2>2,1,-1"}
{"par":133,"whiteIs":"A","ptsW":1,"res":"mate","plies":39,"balW":717,"secs":2.4,"apertura":"3,-2,0>3,-1,0 0,3,-1>1,1,0 1,-2,3>0,0,2 -3,4,0>-1,2,1 1,-3,4>-1,-1,3 1,3,-2>1,2,-2"}
{"par":133,"whiteIs":"B","ptsW":null,"res":"tope","plies":80,"balW":-816,"secs":4.2,"apertura":"3,-2,0>3,-1,0 0,3,-1>1,1,0 1,-2,3>0,0,2 -3,4,0>-1,2,1 1,-3,4>-1,-1,3 1,3,-2>1,2,-2"}
{"par":134,"whiteIs":"A","ptsW":null,"res":"tope","plies":80,"balW":-77,"secs":5.3,"apertura":"2,-2,2>1,-1,1 0,3,-1>0,2,-1 3,-3,2>1,-1,2 -3,3,1>-2,2,2 1,-1,2>0,-1,3 0,3,-2>1,2,-1"}
{"par":134,"whiteIs":"B","ptsW":null,"res":"tope","plies":80,"balW":-158,"secs":4,"apertura":"2,-2,2>1,-1,1 0,3,-1>0,2,-1 3,-3,2>1,-1,2 -3,3,1>-2,2,2 1,-1,2>0,-1,3 0,3,-2>1,2,-1"}
{"par":135,"whiteIs":"A","ptsW":null,"res":"tope","plies":80,"balW":-88,"secs":3.7,"apertura":"3,-3,1>3,-1,0 1,3,-2>1,2,-2 4,-3,1>3,-3,1 -1,3,-1>0,2,0 3,-1,0>1,1,-1 -1,4,-2>-1,-1,3"}
{"par":135,"whiteIs":"B","ptsW":null,"res":"tope","plies":80,"balW":170,"secs":3.5,"apertura":"3,-3,1>3,-1,0 1,3,-2>1,2,-2 4,-3,1>3,-3,1 -1,3,-1>0,2,0 3,-1,0>1,1,-1 -1,4,-2>-1,-1,3"}
{"par":136,"whiteIs":"A","ptsW":null,"res":"tope","plies":80,"balW":1010,"secs":4.5,"apertura":"3,-2,0>2,0,-1 0,3,-1>1,1,0 0,-2,3>0,-1,3 -1,4,-1>1,2,-1 3,-2,1>2,-1,0 -2,4,-1>-1,4,-1"}
{"par":136,"whiteIs":"B","ptsW":null,"res":"tope","plies":80,"balW":-35,"secs":4.5,"apertura":"3,-2,0>2,0,-1 0,3,-1>1,1,0 0,-2,3>0,-1,3 -1,4,-1>1,2,-1 3,-2,1>2,-1,0 -2,4,-1>-1,4,-1"}
{"par":137,"whiteIs":"A","ptsW":null,"res":"tope","plies":80,"balW":-1568,"secs":4.1,"apertura":"3,-2,0>2,0,-1 -2,3,1>-1,1,2 1,-3,4>-1,-1,3 -1,3,0>0,1,1 1,-2,3>0,-1,2 -1,4,-1>-1,3,0"}
{"par":137,"whiteIs":"B","ptsW":null,"res":"tope","plies":80,"balW":365,"secs":4.7,"apertura":"3,-2,0>2,0,-1 -2,3,1>-1,1,2 1,-3,4>-1,-1,3 -1,3,0>0,1,1 1,-2,3>0,-1,2 -1,4,-1>-1,3,0"}
{"par":138,"whiteIs":"A","ptsW":null,"res":"tope","plies":80,"balW":-70,"secs":4.1,"apertura":"3,-2,0>2,0,-1 -1,3,-1>0,2,0 0,-2,4>-1,-1,3 -2,3,0>-1,1,1 4,-3,1>3,-2,0 0,3,-1>1,1,0"}
{"par":138,"whiteIs":"B","ptsW":null,"res":"tope","plies":80,"balW":-123,"secs":3.9,"apertura":"3,-2,0>2,0,-1 -1,3,-1>0,2,0 0,-2,4>-1,-1,3 -2,3,0>-1,1,1 4,-3,1>3,-2,0 0,3,-1>1,1,0"}
{"par":139,"whiteIs":"A","ptsW":null,"res":"tope","plies":80,"balW":-405,"secs":5.2,"apertura":"0,-2,3>0,-1,3 -1,3,-1>0,2,0 3,-3,1>1,-1,2 1,3,-2>2,1,-1 3,-2,0>3,-1,0 -1,3,0>0,1,1"}
{"par":139,"whiteIs":"B","ptsW":null,"res":"tope","plies":80,"balW":358,"secs":4.4,"apertura":"0,-2,3>0,-1,3 -1,3,-1>0,2,0 3,-3,1>1,-1,2 1,3,-2>2,1,-1 3,-2,0>3,-1,0 -1,3,0>0,1,1"}
{"par":140,"whiteIs":"A","ptsW":null,"res":"tope","plies":80,"balW":100,"secs":4.5,"apertura":"1,-2,2>1,-1,2 0,4,-2>-1,2,0 2,-2,1>1,0,0 -3,4,0>-2,2,2 2,-3,2>-2,1,2 -1,2,0>-1,1,2"}
{"par":140,"whiteIs":"B","ptsW":0,"res":"mate","plies":52,"balW":-387,"secs":3.6,"apertura":"1,-2,2>1,-1,2 0,4,-2>-1,2,0 2,-2,1>1,0,0 -3,4,0>-2,2,2 2,-3,2>-2,1,2 -1,2,0>-1,1,2"}
{"par":141,"whiteIs":"A","ptsW":null,"res":"tope","plies":80,"balW":-281,"secs":3.9,"apertura":"0,-2,3>0,-1,3 1,3,-2>1,2,-2 1,-3,4>0,-1,2 -1,3,-1>0,1,0 0,-1,2>0,1,1 -1,4,-2>-1,3,-1"}
{"par":141,"whiteIs":"B","ptsW":1,"res":"mate","plies":59,"balW":0,"secs":3.4,"apertura":"0,-2,3>0,-1,3 1,3,-2>1,2,-2 1,-3,4>0,-1,2 -1,3,-1>0,1,0 0,-1,2>0,1,1 -1,4,-2>-1,3,-1"}
{"par":142,"whiteIs":"A","ptsW":0.5,"res":"repetition","plies":63,"balW":-600,"secs":3.4,"apertura":"1,-2,3>0,0,2 -2,3,0>-1,2,1 0,-2,4>-1,-1,3 -1,3,-1>0,1,0 3,-3,1>1,-1,2 0,3,-2>1,2,-1"}
{"par":142,"whiteIs":"B","ptsW":null,"res":"tope","plies":80,"balW":435,"secs":3.4,"apertura":"1,-2,3>0,0,2 -2,3,0>-1,2,1 0,-2,4>-1,-1,3 -1,3,-1>0,1,0 3,-3,1>1,-1,2 0,3,-2>1,2,-1"}
{"par":143,"whiteIs":"A","ptsW":null,"res":"tope","plies":80,"balW":480,"secs":4.6,"apertura":"1,-3,4>0,-1,2 1,3,-2>2,1,-1 3,-2,0>2,0,-1 -1,3,0>-1,2,0 4,-3,1>3,-2,0 -1,4,-1>-1,1,2"}
{"par":143,"whiteIs":"B","ptsW":null,"res":"tope","plies":80,"balW":745,"secs":4.1,"apertura":"1,-3,4>0,-1,2 1,3,-2>2,1,-1 3,-2,0>2,0,-1 -1,3,0>-1,2,0 4,-3,1>3,-2,0 -1,4,-1>-1,1,2"}
{"par":144,"whiteIs":"A","ptsW":null,"res":"tope","plies":80,"balW":-23,"secs":4.1,"apertura":"3,-2,0>2,0,-1 -1,3,0>0,1,1 1,-2,3>0,0,2 1,3,-2>1,2,-2 0,0,2>-1,1,1 -2,4,0>2,0,0"}
{"par":144,"whiteIs":"B","ptsW":null,"res":"tope","plies":80,"balW":1910,"secs":3.5,"apertura":"3,-2,0>2,0,-1 -1,3,0>0,1,1 1,-2,3>0,0,2 1,3,-2>1,2,-2 0,0,2>-1,1,1 -2,4,0>2,0,0"}
{"par":145,"whiteIs":"A","ptsW":null,"res":"tope","plies":80,"balW":107,"secs":4.4,"apertura":"3,-3,1>1,-1,2 -2,3,1>-1,1,2 3,-2,1>2,-1,0 0,3,-2>1,1,-1 0,-2,3>0,-1,3 -1,3,-1>0,1,0"}
{"par":145,"whiteIs":"B","ptsW":0,"res":"mate","plies":34,"balW":100,"secs":2.5,"apertura":"3,-3,1>1,-1,2 -2,3,1>-1,1,2 3,-2,1>2,-1,0 0,3,-2>1,1,-1 0,-2,3>0,-1,3 -1,3,-1>0,1,0"}
{"par":146,"whiteIs":"A","ptsW":null,"res":"tope","plies":80,"balW":-65,"secs":3.5,"apertura":"2,-2,2>1,0,1 -2,3,0>-1,1,1 3,-3,2>1,-1,2 0,4,-2>-2,3,0 1,-1,2>-1,1,2 -2,3,0>0,2,0"}
{"par":146,"whiteIs":"B","ptsW":null,"res":"tope","plies":80,"balW":230,"secs":4.3,"apertura":"2,-2,2>1,0,1 -2,3,0>-1,1,1 3,-3,2>1,-1,2 0,4,-2>-2,3,0 1,-1,2>-1,1,2 -2,3,0>0,2,0"}
{"par":147,"whiteIs":"A","ptsW":null,"res":"tope","plies":80,"balW":642,"secs":5.2,"apertura":"2,-2,2>1,-1,1 -2,3,1>-1,1,2 3,-3,1>2,-1,1 -3,3,1>-2,2,2 3,-2,0>3,-1,0 -3,4,1>-3,3,1"}
{"par":147,"whiteIs":"B","ptsW":null,"res":"tope","plies":80,"balW":230,"secs":3.5,"apertura":"2,-2,2>1,-1,1 -2,3,1>-1,1,2 3,-3,1>2,-1,1 -3,3,1>-2,2,2 3,-2,0>3,-1,0 -3,4,1>-3,3,1"}
{"par":148,"whiteIs":"A","ptsW":null,"res":"tope","plies":80,"balW":258,"secs":4.1,"apertura":"2,-2,2>1,0,1 -3,3,1>-2,2,2 1,-2,3>0,-1,2 -2,2,2>-2,1,2 2,-3,3>1,-2,3 -3,4,0>-2,2,2"}
{"par":148,"whiteIs":"B","ptsW":null,"res":"tope","plies":80,"balW":-487,"secs":4.6,"apertura":"2,-2,2>1,0,1 -3,3,1>-2,2,2 1,-2,3>0,-1,2 -2,2,2>-2,1,2 2,-3,3>1,-2,3 -3,4,0>-2,2,2"}
{"par":149,"whiteIs":"A","ptsW":null,"res":"tope","plies":80,"balW":723,"secs":3.5,"apertura":"1,-2,2>0,0,1 0,3,-2>1,1,-1 3,-3,1>1,-1,2 -1,3,0>0,1,1 1,-1,2>1,0,0 -2,3,0>-1,2,1"}
{"par":149,"whiteIs":"B","ptsW":null,"res":"tope","plies":80,"balW":-416,"secs":3.9,"apertura":"1,-2,2>0,0,1 0,3,-2>1,1,-1 3,-3,1>1,-1,2 -1,3,0>0,1,1 1,-1,2>1,0,0 -2,3,0>-1,2,1"}
{"par":150,"whiteIs":"A","ptsW":null,"res":"tope","plies":80,"balW":-7,"secs":4.4,"apertura":"3,-2,1>2,0,0 -2,3,0>-1,2,1 0,-2,4>-1,-1,3 -3,3,1>-2,1,2 3,-2,0>3,-1,0 -1,2,1>-1,1,1"}
{"par":150,"whiteIs":"B","ptsW":0,"res":"mate","plies":54,"balW":-1068,"secs":2.7,"apertura":"3,-2,1>2,0,0 -2,3,0>-1,2,1 0,-2,4>-1,-1,3 -3,3,1>-2,1,2 3,-2,0>3,-1,0 -1,2,1>-1,1,1"}
{"par":151,"whiteIs":"A","ptsW":null,"res":"tope","plies":80,"balW":-23,"secs":4.3,"apertura":"0,-2,3>-1,0,2 0,3,-2>1,2,-1 1,-3,4>-1,-1,3 -3,4,0>-2,2,2 3,-2,1>2,-1,0 0,4,-2>-1,2,0"}
{"par":151,"whiteIs":"B","ptsW":0,"res":"mate","plies":74,"balW":-2461,"secs":2.9,"apertura":"0,-2,3>-1,0,2 0,3,-2>1,2,-1 1,-3,4>-1,-1,3 -3,4,0>-2,2,2 3,-2,1>2,-1,0 0,4,-2>-1,2,0"}
{"par":152,"whiteIs":"A","ptsW":null,"res":"tope","plies":80,"balW":100,"secs":4.2,"apertura":"2,-2,1>2,-1,1 -3,4,0>-1,2,1 2,-1,1>1,0,0 -3,3,1>-2,1,2 1,-2,3>0,0,2 -2,1,2>-1,0,3"}
{"par":152,"whiteIs":"B","ptsW":null,"res":"tope","plies":80,"balW":442,"secs":4.6,"apertura":"2,-2,1>2,-1,1 -3,4,0>-1,2,1 2,-1,1>1,0,0 -3,3,1>-2,1,2 1,-2,3>0,0,2 -2,1,2>-1,0,3"}
{"par":153,"whiteIs":"A","ptsW":null,"res":"tope","plies":80,"balW":-481,"secs":4.8,"apertura":"1,-2,2>0,0,1 -3,4,0>-2,2,2 3,-2,1>2,-1,0 0,4,-2>0,2,-1 1,-3,3>1,1,-1 -2,2,2>-3,4,0"}
{"par":153,"whiteIs":"B","ptsW":null,"res":"tope","plies":80,"balW":-277,"secs":4,"apertura":"1,-2,2>0,0,1 -3,4,0>-2,2,2 3,-2,1>2,-1,0 0,4,-2>0,2,-1 1,-3,3>1,1,-1 -2,2,2>-3,4,0"}
{"par":154,"whiteIs":"A","ptsW":null,"res":"tope","plies":80,"balW":30,"secs":4.6,"apertura":"0,-2,4>-1,-1,3 -3,3,1>-2,2,2 1,-3,4>0,-1,2 -1,3,0>0,1,1 1,-2,2>1,-1,2 -1,3,-1>0,1,0"}
{"par":154,"whiteIs":"B","ptsW":null,"res":"tope","plies":80,"balW":365,"secs":3.7,"apertura":"0,-2,4>-1,-1,3 -3,3,1>-2,2,2 1,-3,4>0,-1,2 -1,3,0>0,1,1 1,-2,2>1,-1,2 -1,3,-1>0,1,0"}
{"par":155,"whiteIs":"A","ptsW":null,"res":"tope","plies":80,"balW":200,"secs":4.6,"apertura":"1,-3,4>0,-1,2 -3,4,0>-1,2,1 3,-2,1>2,0,0 0,3,-1>0,2,-1 3,-3,2>3,-1,0 -3,3,1>-2,1,2"}
{"par":155,"whiteIs":"B","ptsW":null,"res":"tope","plies":80,"balW":270,"secs":4.2,"apertura":"1,-3,4>0,-1,2 -3,4,0>-1,2,1 3,-2,1>2,0,0 0,3,-1>0,2,-1 3,-3,2>3,-1,0 -3,3,1>-2,1,2"}
{"par":156,"whiteIs":"A","ptsW":null,"res":"tope","plies":80,"balW":100,"secs":4,"apertura":"0,-2,3>0,-1,3 -1,3,-1>0,1,0 3,-2,1>2,0,0 -1,3,0>0,1,1 3,-3,1>1,-1,2 0,3,-2>1,1,-1"}
{"par":156,"whiteIs":"B","ptsW":null,"res":"tope","plies":80,"balW":100,"secs":4.1,"apertura":"0,-2,3>0,-1,3 -1,3,-1>0,1,0 3,-2,1>2,0,0 -1,3,0>0,1,1 3,-3,1>1,-1,2 0,3,-2>1,1,-1"}
{"par":157,"whiteIs":"A","ptsW":null,"res":"tope","plies":80,"balW":-200,"secs":3.8,"apertura":"1,-3,4>-1,-1,3 -1,3,0>0,1,1 2,-3,3>1,-3,4 0,1,1>0,0,1 2,-3,2>2,-3,3 0,4,-2>0,2,-1"}
{"par":157,"whiteIs":"B","ptsW":null,"res":"tope","plies":80,"balW":335,"secs":3.2,"apertura":"1,-3,4>-1,-1,3 -1,3,0>0,1,1 2,-3,3>1,-3,4 0,1,1>0,0,1 2,-3,2>2,-3,3 0,4,-2>0,2,-1"}
{"par":158,"whiteIs":"A","ptsW":null,"res":"tope","plies":80,"balW":1633,"secs":4.5,"apertura":"3,-3,1>3,-1,0 -1,3,-1>0,1,0 3,-2,1>2,-1,0 -1,4,-1>0,2,0 0,-2,3>0,-1,3 -1,4,-2>-1,0,2"}
{"par":158,"whiteIs":"B","ptsW":null,"res":"tope","plies":80,"balW":-100,"secs":4.7,"apertura":"3,-3,1>3,-1,0 -1,3,-1>0,1,0 3,-2,1>2,-1,0 -1,4,-1>0,2,0 0,-2,3>0,-1,3 -1,4,-2>-1,0,2"}
{"par":159,"whiteIs":"A","ptsW":null,"res":"tope","plies":80,"balW":-435,"secs":4.7,"apertura":"1,-2,2>0,0,1 0,4,-2>1,2,-2 0,-2,4>-1,0,3 -1,3,-1>0,2,0 1,-3,4>0,-1,2 0,4,-3>-1,3,-1"}
{"par":159,"whiteIs":"B","ptsW":null,"res":"tope","plies":80,"balW":70,"secs":3.4,"apertura":"1,-2,2>0,0,1 0,4,-2>1,2,-2 0,-2,4>-1,0,3 -1,3,-1>0,2,0 1,-3,4>0,-1,2 0,4,-3>-1,3,-1"}
