# {"fecha":"2026-08-03T21:48:23.703Z","modalidad":"salas-1998","A":{"nombre":"vigente","cfg":{"depth":24,"mobility":true,"order":true,"quiesce":true,"nodes":4500}},"B":{"nombre":"mat","cfg":{"depth":24,"mobility":true,"order":true,"quiesce":true,"nodes":4500,"pieceValues":{"P":100,"R":376,"B":355,"Q":816,"N":272,"K":0}}},"MAX_PLIES":80,"FIFTY":40,"OPENING_PLIES":6,"SEED":25004,"FIRST":160,"PAIRS":53,"libro":"libro-salas-1998.json"}
{"par":160,"whiteIs":"A","ptsW":null,"res":"tope","plies":80,"balW":77,"secs":3.8,"apertura":"2,-2,1>2,-1,1 -1,3,-1>0,1,0 2,-2,2>1,0,1 -3,3,1>-2,2,2 2,-3,2>2,0,-1 0,3,-2>1,1,-1"}
{"par":160,"whiteIs":"B","ptsW":null,"res":"tope","plies":80,"balW":-335,"secs":4.2,"apertura":"2,-2,1>2,-1,1 -1,3,-1>0,1,0 2,-2,2>1,0,1 -3,3,1>-2,2,2 2,-3,2>2,0,-1 0,3,-2>1,1,-1"}
{"par":161,"whiteIs":"A","ptsW":null,"res":"tope","plies":80,"balW":-658,"secs":3.7,"apertura":"3,-2,0>2,0,-1 -3,3,1>-2,1,2 3,-3,1>3,-1,0 1,3,-2>1,2,-2 4,-3,1>3,-2,0 -3,4,0>-1,2,1"}
{"par":161,"whiteIs":"B","ptsW":null,"res":"tope","plies":80,"balW":-1058,"secs":4.4,"apertura":"3,-2,0>2,0,-1 -3,3,1>-2,1,2 3,-3,1>3,-1,0 1,3,-2>1,2,-2 4,-3,1>3,-2,0 -3,4,0>-1,2,1"}
{"par":162,"whiteIs":"A","ptsW":null,"res":"tope","plies":80,"balW":-170,"secs":4.1,"apertura":"3,-3,1>2,-1,1 0,3,-1>1,1,0 0,-2,3>0,-1,3 -1,4,-1>0,3,-1 3,-2,1>2,-1,0 1,1,0>1,0,0"}
{"par":162,"whiteIs":"B","ptsW":null,"res":"tope","plies":80,"balW":100,"secs":4.1,"apertura":"3,-3,1>2,-1,1 0,3,-1>1,1,0 0,-2,3>0,-1,3 -1,4,-1>0,3,-1 3,-2,1>2,-1,0 1,1,0>1,0,0"}
{"par":163,"whiteIs":"A","ptsW":null,"res":"tope","plies":80,"balW":-458,"secs":4.4,"apertura":"3,-2,0>3,-1,0 1,3,-2>1,2,-2 0,-2,3>-1,0,2 -1,3,0>0,1,1 2,-2,1>2,-1,1 1,2,-2>2,1,-1"}
{"par":163,"whiteIs":"B","ptsW":null,"res":"tope","plies":80,"balW":-100,"secs":4.8,"apertura":"3,-2,0>3,-1,0 1,3,-2>1,2,-2 0,-2,3>-1,0,2 -1,3,0>0,1,1 2,-2,1>2,-1,1 1,2,-2>2,1,-1"}
{"par":164,"whiteIs":"A","ptsW":null,"res":"tope","plies":80,"balW":1933,"secs":3.1,"apertura":"0,-2,3>0,-1,3 0,3,-2>1,2,-1 1,-2,2>0,0,1 -1,3,0>-1,2,0 1,-3,4>-1,-1,3 -2,4,0>3,-1,0"}
{"par":164,"whiteIs":"B","ptsW":null,"res":"tope","plies":80,"balW":710,"secs":4,"apertura":"0,-2,3>0,-1,3 0,3,-2>1,2,-1 1,-2,2>0,0,1 -1,3,0>-1,2,0 1,-3,4>-1,-1,3 -2,4,0>3,-1,0"}
{"par":165,"whiteIs":"A","ptsW":null,"res":"tope","plies":80,"balW":465,"secs":3.6,"apertura":"2,-2,2>1,-1,1 0,3,-2>1,1,-1 1,-2,2>0,0,1 -3,4,0>-2,2,2 3,-3,2>1,-1,2 0,4,-2>1,2,-2"}
{"par":165,"whiteIs":"B","ptsW":0,"res":"mate","plies":62,"balW":-1538,"secs":2.8,"apertura":"2,-2,2>1,-1,1 0,3,-2>1,1,-1 1,-2,2>0,0,1 -3,4,0>-2,2,2 3,-3,2>1,-1,2 0,4,-2>1,2,-2"}
{"par":166,"whiteIs":"A","ptsW":null,"res":"tope","plies":80,"balW":558,"secs":4.1,"apertura":"1,-2,3>0,0,2 1,3,-2>2,1,-1 0,0,2>-1,1,1 -1,3,-1>0,1,0 3,-3,1>1,-1,2 0,4,-2>-1,2,0"}
{"par":166,"whiteIs":"B","ptsW":null,"res":"tope","plies":80,"balW":653,"secs":4.2,"apertura":"1,-2,3>0,0,2 1,3,-2>2,1,-1 0,0,2>-1,1,1 -1,3,-1>0,1,0 3,-3,1>1,-1,2 0,4,-2>-1,2,0"}
{"par":167,"whiteIs":"A","ptsW":null,"res":"tope","plies":80,"balW":-1180,"secs":4.3,"apertura":"2,-2,2>1,-1,1 -1,3,0>0,1,1 0,-2,4>-1,-1,3 0,3,-1>0,2,-1 2,-2,1>1,0,0 -2,4,0>2,0,0"}
{"par":167,"whiteIs":"B","ptsW":null,"res":"tope","plies":80,"balW":0,"secs":3.7,"apertura":"2,-2,2>1,-1,1 -1,3,0>0,1,1 0,-2,4>-1,-1,3 0,3,-1>0,2,-1 2,-2,1>1,0,0 -2,4,0>2,0,0"}
{"par":168,"whiteIs":"A","ptsW":null,"res":"tope","plies":80,"balW":-465,"secs":3.1,"apertura":"0,-2,3>-1,0,2 -3,3,1>-2,1,2 1,-2,3>0,0,2 -2,3,0>-1,1,1 3,-2,0>2,0,-1 -1,3,-1>0,1,0"}
{"par":168,"whiteIs":"B","ptsW":null,"res":"tope","plies":80,"balW":-7,"secs":4.1,"apertura":"0,-2,3>-1,0,2 -3,3,1>-2,1,2 1,-2,3>0,0,2 -2,3,0>-1,1,1 3,-2,0>2,0,-1 -1,3,-1>0,1,0"}
{"par":169,"whiteIs":"A","ptsW":null,"res":"tope","plies":80,"balW":165,"secs":4.8,"apertura":"3,-3,1>2,-1,1 -3,4,0>-2,2,2 2,-1,1>0,1,0 1,3,-2>2,1,-1 3,-2,1>2,-1,0 -2,2,2>-1,2,0"}
{"par":169,"whiteIs":"B","ptsW":null,"res":"tope","plies":80,"balW":-365,"secs":4.5,"apertura":"3,-3,1>2,-1,1 -3,4,0>-2,2,2 2,-1,1>0,1,0 1,3,-2>2,1,-1 3,-2,1>2,-1,0 -2,2,2>-1,2,0"}
{"par":170,"whiteIs":"A","ptsW":null,"res":"tope","plies":80,"balW":46,"secs":4.4,"apertura":"3,-3,1>1,-1,2 -2,3,0>-1,2,1 0,-2,4>-1,-1,3 0,4,-2>1,2,-2 2,-3,2>3,-3,1 1,2,-2>0,2,0"}
{"par":170,"whiteIs":"B","ptsW":null,"res":"tope","plies":80,"balW":-200,"secs":3.9,"apertura":"3,-3,1>1,-1,2 -2,3,0>-1,2,1 0,-2,4>-1,-1,3 0,4,-2>1,2,-2 2,-3,2>3,-3,1 1,2,-2>0,2,0"}
{"par":171,"whiteIs":"A","ptsW":null,"res":"tope","plies":80,"balW":23,"secs":4.1,"apertura":"3,-2,0>3,-1,0 -3,4,0>-2,2,2 2,-2,1>2,-1,1 -2,3,1>-1,1,2 0,-2,3>-1,0,2 -2,3,0>-1,2,1"}
{"par":171,"whiteIs":"B","ptsW":null,"res":"tope","plies":80,"balW":358,"secs":4.2,"apertura":"3,-2,0>3,-1,0 -3,4,0>-2,2,2 2,-2,1>2,-1,1 -2,3,1>-1,1,2 0,-2,3>-1,0,2 -2,3,0>-1,2,1"}
{"par":172,"whiteIs":"A","ptsW":null,"res":"tope","plies":80,"balW":-93,"secs":3.7,"apertura":"3,-2,0>2,0,-1 1,3,-2>1,2,-2 4,-3,1>3,-2,0 0,3,-2>1,1,-1 1,-2,3>0,-1,2 -1,4,-1>1,3,-2"}
{"par":172,"whiteIs":"B","ptsW":null,"res":"tope","plies":80,"balW":107,"secs":4.2,"apertura":"3,-2,0>2,0,-1 1,3,-2>1,2,-2 4,-3,1>3,-2,0 0,3,-2>1,1,-1 1,-2,3>0,-1,2 -1,4,-1>1,3,-2"}
{"par":173,"whiteIs":"A","ptsW":null,"res":"tope","plies":80,"balW":193,"secs":3.7,"apertura":"3,-2,1>2,0,0 -3,3,1>-2,2,2 3,-3,1>1,-1,2 -1,3,-1>0,1,0 2,-2,1>1,0,0 -1,3,0>-1,2,0"}
{"par":173,"whiteIs":"B","ptsW":0,"res":"mate","plies":36,"balW":-295,"secs":2.1,"apertura":"3,-2,1>2,0,0 -3,3,1>-2,2,2 3,-3,1>1,-1,2 -1,3,-1>0,1,0 2,-2,1>1,0,0 -1,3,0>-1,2,0"}
{"par":174,"whiteIs":"A","ptsW":null,"res":"tope","plies":80,"balW":200,"secs":3.9,"apertura":"1,-3,4>-1,-1,3 0,3,-2>1,1,-1 -1,-1,3>1,0,1 -1,3,0>0,1,1 2,-2,2>1,-1,1 0,1,1>0,0,1"}
{"par":174,"whiteIs":"B","ptsW":null,"res":"tope","plies":80,"balW":200,"secs":4,"apertura":"1,-3,4>-1,-1,3 0,3,-2>1,1,-1 -1,-1,3>1,0,1 -1,3,0>0,1,1 2,-2,2>1,-1,1 0,1,1>0,0,1"}
{"par":175,"whiteIs":"A","ptsW":null,"res":"tope","plies":80,"balW":-70,"secs":5.1,"apertura":"3,-2,1>2,-1,0 -3,4,0>-2,2,2 3,-2,0>2,0,-1 1,3,-2>2,1,-1 1,-2,2>1,-1,2 -2,3,1>-2,2,1"}
{"par":175,"whiteIs":"B","ptsW":null,"res":"tope","plies":80,"balW":-833,"secs":5.4,"apertura":"3,-2,1>2,-1,0 -3,4,0>-2,2,2 3,-2,0>2,0,-1 1,3,-2>2,1,-1 1,-2,2>1,-1,2 -2,3,1>-2,2,1"}
{"par":176,"whiteIs":"A","ptsW":null,"res":"tope","plies":80,"balW":-317,"secs":4.7,"apertura":"3,-3,1>1,-1,2 -1,3,0>-1,2,0 0,-2,4>-1,0,3 -2,3,0>-1,1,1 2,-2,1>2,-1,1 0,3,-2>1,2,-1"}
{"par":176,"whiteIs":"B","ptsW":null,"res":"tope","plies":80,"balW":93,"secs":4.6,"apertura":"3,-3,1>1,-1,2 -1,3,0>-1,2,0 0,-2,4>-1,0,3 -2,3,0>-1,1,1 2,-2,1>2,-1,1 0,3,-2>1,2,-1"}
{"par":177,"whiteIs":"A","ptsW":null,"res":"tope","plies":80,"balW":323,"secs":3.9,"apertura":"2,-2,2>1,0,1 -2,3,1>-1,1,2 3,-2,1>2,0,0 1,3,-2>2,1,-1 2,-2,1>2,-1,1 -1,3,-1>0,1,0"}
{"par":177,"whiteIs":"B","ptsW":null,"res":"tope","plies":80,"balW":-288,"secs":3.2,"apertura":"2,-2,2>1,0,1 -2,3,1>-1,1,2 3,-2,1>2,0,0 1,3,-2>2,1,-1 2,-2,1>2,-1,1 -1,3,-1>0,1,0"}
{"par":178,"whiteIs":"A","ptsW":null,"res":"tope","plies":80,"balW":-93,"secs":4.5,"apertura":"1,-2,3>0,-1,2 -1,3,-1>0,1,0 0,-2,4>-1,-1,3 0,4,-2>-1,2,0 3,-2,1>2,-1,0 -2,3,1>-1,1,2"}
{"par":178,"whiteIs":"B","ptsW":null,"res":"tope","plies":80,"balW":622,"secs":4.7,"apertura":"1,-2,3>0,-1,2 -1,3,-1>0,1,0 0,-2,4>-1,-1,3 0,4,-2>-1,2,0 3,-2,1>2,-1,0 -2,3,1>-1,1,2"}
{"par":179,"whiteIs":"A","ptsW":null,"res":"tope","plies":80,"balW":-293,"secs":3.9,"apertura":"3,-3,1>1,-1,2 -3,3,1>-2,2,2 0,-2,3>0,-1,3 0,3,-2>1,1,-1 1,-1,2>2,-1,0 -1,3,0>0,1,1"}
{"par":179,"whiteIs":"B","ptsW":null,"res":"tope","plies":80,"balW":417,"secs":3.8,"apertura":"3,-3,1>1,-1,2 -3,3,1>-2,2,2 0,-2,3>0,-1,3 0,3,-2>1,1,-1 1,-1,2>2,-1,0 -1,3,0>0,1,1"}
{"par":180,"whiteIs":"A","ptsW":1,"res":"mate","plies":41,"balW":545,"secs":3,"apertura":"0,-2,4>-1,0,3 1,3,-2>2,1,-1 3,-3,1>3,-1,0 -1,3,-1>0,2,0 1,-2,3>0,0,2 0,4,-3>1,2,-2"}
{"par":180,"whiteIs":"B","ptsW":null,"res":"tope","plies":80,"balW":-658,"secs":3.9,"apertura":"0,-2,4>-1,0,3 1,3,-2>2,1,-1 3,-3,1>3,-1,0 -1,3,-1>0,2,0 1,-2,3>0,0,2 0,4,-3>1,2,-2"}
{"par":181,"whiteIs":"A","ptsW":null,"res":"tope","plies":80,"balW":-535,"secs":3.9,"apertura":"1,-2,3>0,-1,2 -3,4,0>-2,2,2 2,-3,2>1,-2,3 -2,2,2>-3,4,0 1,-2,3>-1,0,3 -1,3,-1>0,2,0"}
{"par":181,"whiteIs":"B","ptsW":null,"res":"tope","plies":80,"balW":-370,"secs":3.8,"apertura":"1,-2,3>0,-1,2 -3,4,0>-2,2,2 2,-3,2>1,-2,3 -2,2,2>-3,4,0 1,-2,3>-1,0,3 -1,3,-1>0,2,0"}
{"par":182,"whiteIs":"A","ptsW":1,"res":"mate","plies":65,"balW":465,"secs":3.4,"apertura":"2,-2,2>1,0,1 1,3,-2>1,2,-2 3,-3,1>2,-1,1 -2,3,1>-2,2,1 3,-2,0>2,0,-1 -2,2,1>-1,1,2"}
{"par":182,"whiteIs":"B","ptsW":null,"res":"tope","plies":80,"balW":375,"secs":5.1,"apertura":"2,-2,2>1,0,1 1,3,-2>1,2,-2 3,-3,1>2,-1,1 -2,3,1>-2,2,1 3,-2,0>2,0,-1 -2,2,1>-1,1,2"}
{"par":183,"whiteIs":"A","ptsW":null,"res":"tope","plies":80,"balW":170,"secs":4.2,"apertura":"2,-2,2>1,0,1 0,3,-2>1,2,-1 2,-3,3>2,-2,2 -1,4,-2>1,2,-2 0,-2,3>-1,0,2 1,2,-1>1,1,-1"}
{"par":183,"whiteIs":"B","ptsW":0,"res":"mate","plies":46,"balW":-1768,"secs":2.5,"apertura":"2,-2,2>1,0,1 0,3,-2>1,2,-1 2,-3,3>2,-2,2 -1,4,-2>1,2,-2 0,-2,3>-1,0,2 1,2,-1>1,1,-1"}
{"par":184,"whiteIs":"A","ptsW":null,"res":"tope","plies":80,"balW":-135,"secs":4,"apertura":"3,-3,1>2,-1,1 -3,4,0>-1,2,1 3,-2,1>2,-1,0 -1,3,0>-1,2,0 1,-2,3>0,0,2 -3,3,1>-2,1,2"}
{"par":184,"whiteIs":"B","ptsW":null,"res":"tope","plies":80,"balW":1103,"secs":4.4,"apertura":"3,-3,1>2,-1,1 -3,4,0>-1,2,1 3,-2,1>2,-1,0 -1,3,0>-1,2,0 1,-2,3>0,0,2 -3,3,1>-2,1,2"}
{"par":185,"whiteIs":"A","ptsW":null,"res":"tope","plies":80,"balW":1116,"secs":4.1,"apertura":"2,-2,2>1,-1,1 -3,4,0>-2,2,2 2,-2,1>2,-1,1 -1,3,0>0,1,1 1,-2,3>0,-1,2 -1,4,-1>-1,1,2"}
{"par":185,"whiteIs":"B","ptsW":null,"res":"tope","plies":80,"balW":1110,"secs":4.6,"apertura":"2,-2,2>1,-1,1 -3,4,0>-2,2,2 2,-2,1>2,-1,1 -1,3,0>0,1,1 1,-2,3>0,-1,2 -1,4,-1>-1,1,2"}
{"par":186,"whiteIs":"A","ptsW":null,"res":"tope","plies":80,"balW":223,"secs":4.1,"apertura":"1,-3,4>0,-1,2 -3,4,0>-2,2,2 3,-3,1>2,-1,1 1,3,-2>2,1,-1 3,-2,0>2,0,-1 -1,3,0>0,1,1"}
{"par":186,"whiteIs":"B","ptsW":null,"res":"tope","plies":80,"balW":100,"secs":3.8,"apertura":"1,-3,4>0,-1,2 -3,4,0>-2,2,2 3,-3,1>2,-1,1 1,3,-2>2,1,-1 3,-2,0>2,0,-1 -1,3,0>0,1,1"}
{"par":187,"whiteIs":"A","ptsW":null,"res":"tope","plies":80,"balW":153,"secs":4.5,"apertura":"3,-3,1>3,-1,0 -2,3,0>-1,1,1 1,-2,2>1,-1,2 1,3,-2>2,1,-1 2,-3,2>-2,1,2 -1,4,-1>-2,3,0"}
{"par":187,"whiteIs":"B","ptsW":null,"res":"tope","plies":80,"balW":323,"secs":3.7,"apertura":"3,-3,1>3,-1,0 -2,3,0>-1,1,1 1,-2,2>1,-1,2 1,3,-2>2,1,-1 2,-3,2>-2,1,2 -1,4,-1>-2,3,0"}
{"par":188,"whiteIs":"A","ptsW":null,"res":"tope","plies":80,"balW":-300,"secs":3.4,"apertura":"0,-2,4>-1,0,3 1,3,-2>1,2,-2 3,-3,1>3,-1,0 -3,3,1>-2,2,2 2,-2,1>2,-1,1 -1,3,-1>0,1,0"}
{"par":188,"whiteIs":"B","ptsW":null,"res":"tope","plies":80,"balW":-793,"secs":4.1,"apertura":"0,-2,4>-1,0,3 1,3,-2>1,2,-2 3,-3,1>3,-1,0 -3,3,1>-2,2,2 2,-2,1>2,-1,1 -1,3,-1>0,1,0"}
{"par":189,"whiteIs":"A","ptsW":null,"res":"tope","plies":80,"balW":-70,"secs":4.1,"apertura":"3,-2,1>2,0,0 0,4,-2>0,2,-1 2,-2,2>1,0,1 0,2,-1>0,4,-2 1,-2,2>0,0,1 -1,3,-1>0,1,0"}
{"par":189,"whiteIs":"B","ptsW":null,"res":"tope","plies":80,"balW":0,"secs":3.9,"apertura":"3,-2,1>2,0,0 0,4,-2>0,2,-1 2,-2,2>1,0,1 0,2,-1>0,4,-2 1,-2,2>0,0,1 -1,3,-1>0,1,0"}
{"par":190,"whiteIs":"A","ptsW":null,"res":"tope","plies":80,"balW":-70,"secs":3.8,"apertura":"2,-2,1>2,-1,1 -2,3,0>-1,2,1 0,-2,3>0,-1,3 0,3,-1>0,2,-1 1,-2,2>1,-1,2 -1,3,-1>0,1,0"}
{"par":190,"whiteIs":"B","ptsW":null,"res":"tope","plies":80,"balW":-100,"secs":5.3,"apertura":"2,-2,1>2,-1,1 -2,3,0>-1,2,1 0,-2,3>0,-1,3 0,3,-1>0,2,-1 1,-2,2>1,-1,2 -1,3,-1>0,1,0"}
{"par":191,"whiteIs":"A","ptsW":null,"res":"tope","plies":80,"balW":216,"secs":3.7,"apertura":"3,-3,1>3,-1,0 -2,3,0>-1,2,1 1,-3,4>-1,-1,3 -2,3,1>-2,2,1 -1,-1,3>1,-1,2 0,4,-2>-1,2,0"}
{"par":191,"whiteIs":"B","ptsW":null,"res":"tope","plies":80,"balW":23,"secs":4.7,"apertura":"3,-3,1>3,-1,0 -2,3,0>-1,2,1 1,-3,4>-1,-1,3 -2,3,1>-2,2,1 -1,-1,3>1,-1,2 0,4,-2>-1,2,0"}
{"par":192,"whiteIs":"A","ptsW":null,"res":"tope","plies":80,"balW":-535,"secs":5,"apertura":"2,-2,2>1,-1,1 -1,3,0>0,1,1 2,-2,1>2,-1,1 -3,3,1>-2,1,2 0,-2,4>-1,0,3 -2,4,0>1,1,0"}
{"par":192,"whiteIs":"B","ptsW":null,"res":"tope","plies":80,"balW":-100,"secs":4.3,"apertura":"2,-2,2>1,-1,1 -1,3,0>0,1,1 2,-2,1>2,-1,1 -3,3,1>-2,1,2 0,-2,4>-1,0,3 -2,4,0>1,1,0"}
{"par":193,"whiteIs":"A","ptsW":null,"res":"tope","plies":80,"balW":893,"secs":3.7,"apertura":"0,-2,4>-1,0,3 -2,3,1>-2,2,1 2,-2,2>1,-1,1 -2,3,0>-1,1,1 3,-2,0>3,-1,0 1,3,-2>2,1,-1"}
{"par":193,"whiteIs":"B","ptsW":null,"res":"tope","plies":80,"balW":200,"secs":5.8,"apertura":"0,-2,4>-1,0,3 -2,3,1>-2,2,1 2,-2,2>1,-1,1 -2,3,0>-1,1,1 3,-2,0>3,-1,0 1,3,-2>2,1,-1"}
{"par":194,"whiteIs":"A","ptsW":null,"res":"tope","plies":80,"balW":-833,"secs":4.3,"apertura":"0,-2,4>-1,0,3 -3,3,1>-2,2,2 2,-2,2>1,-1,1 -2,3,1>-2,2,1 3,-3,2>1,-1,2 -2,3,0>-1,2,1"}
{"par":194,"whiteIs":"B","ptsW":null,"res":"tope","plies":80,"balW":205,"secs":4.2,"apertura":"0,-2,4>-1,0,3 -3,3,1>-2,2,2 2,-2,2>1,-1,1 -2,3,1>-2,2,1 3,-3,2>1,-1,2 -2,3,0>-1,2,1"}
{"par":195,"whiteIs":"A","ptsW":null,"res":"tope","plies":80,"balW":763,"secs":4.1,"apertura":"2,-2,1>2,-1,1 -3,3,1>-2,2,2 3,-2,0>2,0,-1 -2,3,0>-1,2,1 2,-2,2>1,-1,1 -2,4,-1>-2,3,0"}
{"par":195,"whiteIs":"B","ptsW":null,"res":"tope","plies":80,"balW":300,"secs":4.5,"apertura":"2,-2,1>2,-1,1 -3,3,1>-2,2,2 3,-2,0>2,0,-1 -2,3,0>-1,2,1 2,-2,2>1,-1,1 -2,4,-1>-2,3,0"}
{"par":196,"whiteIs":"A","ptsW":null,"res":"tope","plies":80,"balW":-42,"secs":4.8,"apertura":"1,-2,3>0,-1,2 -3,4,0>-1,2,1 3,-3,1>3,-1,0 1,3,-2>1,2,-2 3,-1,0>3,-3,1 -2,4,-1>-3,4,0"}
{"par":196,"whiteIs":"B","ptsW":null,"res":"tope","plies":80,"balW":235,"secs":3.9,"apertura":"1,-2,3>0,-1,2 -3,4,0>-1,2,1 3,-3,1>3,-1,0 1,3,-2>1,2,-2 3,-1,0>3,-3,1 -2,4,-1>-3,4,0"}
{"par":197,"whiteIs":"A","ptsW":null,"res":"tope","plies":80,"balW":-923,"secs":3.4,"apertura":"3,-3,1>1,-1,2 0,3,-1>0,2,-1 1,-1,2>-1,-1,3 -3,3,1>-2,1,2 0,-2,3>-1,0,2 -2,3,1>-1,1,2"}
{"par":197,"whiteIs":"B","ptsW":null,"res":"tope","plies":80,"balW":-177,"secs":3.6,"apertura":"3,-3,1>1,-1,2 0,3,-1>0,2,-1 1,-1,2>-1,-1,3 -3,3,1>-2,1,2 0,-2,3>-1,0,2 -2,3,1>-1,1,2"}
{"par":198,"whiteIs":"A","ptsW":null,"res":"tope","plies":80,"balW":0,"secs":4.5,"apertura":"3,-2,0>2,0,-1 0,4,-2>1,2,-2 1,-2,2>0,0,1 -3,3,1>-2,2,2 1,-3,3>1,0,0 1,2,-2>1,1,0"}
{"par":198,"whiteIs":"B","ptsW":null,"res":"tope","plies":80,"balW":-258,"secs":4.3,"apertura":"3,-2,0>2,0,-1 0,4,-2>1,2,-2 1,-2,2>0,0,1 -3,3,1>-2,2,2 1,-3,3>1,0,0 1,2,-2>1,1,0"}
{"par":199,"whiteIs":"A","ptsW":null,"res":"tope","plies":80,"balW":-458,"secs":3.7,"apertura":"2,-2,1>1,0,0 -3,4,0>-2,2,2 1,-3,4>0,-1,2 0,3,-1>0,2,-1 2,-3,2>2,-1,0 0,4,-2>1,2,-2"}
{"par":199,"whiteIs":"B","ptsW":null,"res":"tope","plies":80,"balW":388,"secs":3.5,"apertura":"2,-2,1>1,0,0 -3,4,0>-2,2,2 1,-3,4>0,-1,2 0,3,-1>0,2,-1 2,-3,2>2,-1,0 0,4,-2>1,2,-2"}
{"par":200,"whiteIs":"A","ptsW":null,"res":"tope","plies":80,"balW":800,"secs":4.2,"apertura":"1,-3,4>-1,-1,3 0,3,-1>1,1,0 1,-2,3>0,0,2 -2,3,0>-1,2,1 -1,-1,3>0,1,1 -1,3,-1>0,2,0"}
{"par":200,"whiteIs":"B","ptsW":null,"res":"tope","plies":80,"balW":1017,"secs":4.2,"apertura":"1,-3,4>-1,-1,3 0,3,-1>1,1,0 1,-2,3>0,0,2 -2,3,0>-1,2,1 -1,-1,3>0,1,1 -1,3,-1>0,2,0"}
{"par":201,"whiteIs":"A","ptsW":null,"res":"tope","plies":80,"balW":558,"secs":4.3,"apertura":"1,-2,2>1,-1,2 -1,3,-1>0,2,0 0,-2,3>0,-1,3 -1,4,-2>-1,-1,3 2,-2,1>1,0,0 -2,3,0>-1,1,1"}
{"par":201,"whiteIs":"B","ptsW":null,"res":"tope","plies":80,"balW":193,"secs":4.2,"apertura":"1,-2,2>1,-1,2 -1,3,-1>0,2,0 0,-2,3>0,-1,3 -1,4,-2>-1,-1,3 2,-2,1>1,0,0 -2,3,0>-1,1,1"}
{"par":202,"whiteIs":"A","ptsW":null,"res":"tope","plies":80,"balW":0,"secs":4.5,"apertura":"1,-2,2>0,0,1 -2,3,0>-1,2,1 0,-2,4>-1,-1,3 -1,4,-1>-2,3,0 0,-2,3>0,-1,3 -2,3,0>-1,4,-1"}
{"par":202,"whiteIs":"B","ptsW":null,"res":"tope","plies":80,"balW":193,"secs":4.4,"apertura":"1,-2,2>0,0,1 -2,3,0>-1,2,1 0,-2,4>-1,-1,3 -1,4,-1>-2,3,0 0,-2,3>0,-1,3 -2,3,0>-1,4,-1"}
{"par":203,"whiteIs":"A","ptsW":0,"res":"mate","plies":62,"balW":-1080,"secs":2.9,"apertura":"0,-2,3>0,-1,3 -2,3,1>-1,1,2 3,-2,1>2,0,0 1,3,-2>1,2,-2 0,-2,4>-1,0,3 -3,3,1>-2,2,2"}
{"par":203,"whiteIs":"B","ptsW":null,"res":"tope","plies":80,"balW":-1103,"secs":3.6,"apertura":"0,-2,3>0,-1,3 -2,3,1>-1,1,2 3,-2,1>2,0,0 1,3,-2>1,2,-2 0,-2,4>-1,0,3 -3,3,1>-2,2,2"}
{"par":204,"whiteIs":"A","ptsW":null,"res":"tope","plies":80,"balW":1017,"secs":4.4,"apertura":"3,-2,1>2,0,0 -1,3,-1>0,1,0 3,-3,2>3,-1,0 -1,4,-1>0,2,0 1,-2,3>0,0,2 0,2,0>-1,1,2"}
{"par":204,"whiteIs":"B","ptsW":null,"res":"tope","plies":80,"balW":523,"secs":3.4,"apertura":"3,-2,1>2,0,0 -1,3,-1>0,1,0 3,-3,2>3,-1,0 -1,4,-1>0,2,0 1,-2,3>0,0,2 0,2,0>-1,1,2"}
{"par":205,"whiteIs":"A","ptsW":null,"res":"tope","plies":80,"balW":-263,"secs":3.7,"apertura":"3,-2,1>2,-1,0 -2,3,0>-1,2,1 3,-3,2>3,-2,1 -1,3,0>-1,2,0 3,-2,1>1,0,1 1,3,-2>2,1,-1"}
{"par":205,"whiteIs":"B","ptsW":null,"res":"tope","plies":80,"balW":963,"secs":4.8,"apertura":"3,-2,1>2,-1,0 -2,3,0>-1,2,1 3,-3,2>3,-2,1 -1,3,0>-1,2,0 3,-2,1>1,0,1 1,3,-2>2,1,-1"}
{"par":206,"whiteIs":"A","ptsW":null,"res":"tope","plies":80,"balW":-663,"secs":3.8,"apertura":"2,-2,2>1,0,1 -1,3,0>-1,2,0 3,-3,2>-2,2,2 0,4,-2>0,2,-1 1,-2,2>0,0,1 -1,3,-1>0,2,0"}
{"par":206,"whiteIs":"B","ptsW":null,"res":"tope","plies":80,"balW":-100,"secs":4,"apertura":"2,-2,2>1,0,1 -1,3,0>-1,2,0 3,-3,2>-2,2,2 0,4,-2>0,2,-1 1,-2,2>0,0,1 -1,3,-1>0,2,0"}
{"par":207,"whiteIs":"A","ptsW":null,"res":"tope","plies":80,"balW":7,"secs":4.2,"apertura":"1,-2,2>1,-1,2 -2,3,0>-1,1,1 1,-3,3>1,0,0 0,3,-1>0,2,-1 2,-3,2>-1,0,2 0,4,-2>-1,2,0"}
{"par":207,"whiteIs":"B","ptsW":null,"res":"tope","plies":80,"balW":70,"secs":4.1,"apertura":"1,-2,2>1,-1,2 -2,3,0>-1,1,1 1,-3,3>1,0,0 0,3,-1>0,2,-1 2,-3,2>-1,0,2 0,4,-2>-1,2,0"}
{"par":208,"whiteIs":"A","ptsW":null,"res":"tope","plies":80,"balW":0,"secs":4,"apertura":"3,-3,1>1,-1,2 1,3,-2>1,2,-2 2,-2,1>2,-1,1 0,4,-2>-1,2,0 2,-1,1>1,0,0 -2,3,1>-1,1,2"}
{"par":208,"whiteIs":"B","ptsW":null,"res":"tope","plies":80,"balW":335,"secs":4.4,"apertura":"3,-3,1>1,-1,2 1,3,-2>1,2,-2 2,-2,1>2,-1,1 0,4,-2>-1,2,0 2,-1,1>1,0,0 -2,3,1>-1,1,2"}
{"par":209,"whiteIs":"A","ptsW":null,"res":"tope","plies":80,"balW":30,"secs":4.6,"apertura":"3,-2,1>2,0,0 -2,3,0>-1,2,1 2,-2,1>2,-1,1 -3,4,0>-2,2,2 3,-2,0>2,0,-1 -2,3,1>-1,1,2"}
{"par":209,"whiteIs":"B","ptsW":null,"res":"tope","plies":80,"balW":358,"secs":3.6,"apertura":"3,-2,1>2,0,0 -2,3,0>-1,2,1 2,-2,1>2,-1,1 -3,4,0>-2,2,2 3,-2,0>2,0,-1 -2,3,1>-1,1,2"}
{"par":210,"whiteIs":"A","ptsW":null,"res":"tope","plies":80,"balW":46,"secs":4.6,"apertura":"0,-2,4>-1,-1,3 1,3,-2>2,1,-1 3,-3,1>1,-1,2 0,4,-3>1,2,-2 1,-1,2>0,1,0 2,1,-1>2,0,-1"}
{"par":210,"whiteIs":"B","ptsW":null,"res":"tope","plies":80,"balW":363,"secs":4.4,"apertura":"0,-2,4>-1,-1,3 1,3,-2>2,1,-1 3,-3,1>1,-1,2 0,4,-3>1,2,-2 1,-1,2>0,1,0 2,1,-1>2,0,-1"}
{"par":211,"whiteIs":"A","ptsW":null,"res":"tope","plies":80,"balW":358,"secs":4.1,"apertura":"3,-2,0>3,-1,0 -1,3,-1>0,2,0 0,-2,4>-1,0,3 0,3,-1>0,2,-1 3,-3,1>1,-1,2 0,2,0>0,1,0"}
{"par":211,"whiteIs":"B","ptsW":null,"res":"tope","plies":80,"balW":-558,"secs":4,"apertura":"3,-2,0>3,-1,0 -1,3,-1>0,2,0 0,-2,4>-1,0,3 0,3,-1>0,2,-1 3,-3,1>1,-1,2 0,2,0>0,1,0"}
{"par":212,"whiteIs":"A","ptsW":null,"res":"tope","plies":80,"balW":-200,"secs":4.4,"apertura":"3,-3,1>1,-1,2 0,4,-2>1,2,-2 2,-2,2>1,-1,1 -1,3,-1>0,1,0 1,-1,2>-1,0,2 -1,4,-2>-1,2,0"}
{"par":212,"whiteIs":"B","ptsW":null,"res":"tope","plies":80,"balW":535,"secs":3.7,"apertura":"3,-3,1>1,-1,2 0,4,-2>1,2,-2 2,-2,2>1,-1,1 -1,3,-1>0,1,0 1,-1,2>-1,0,2 -1,4,-2>-1,2,0"}
