# {"fecha":"2026-08-03T21:48:23.692Z","modalidad":"salas-1998","A":{"nombre":"vigente","cfg":{"depth":24,"mobility":true,"order":true,"quiesce":true,"nodes":4500}},"B":{"nombre":"mat","cfg":{"depth":24,"mobility":true,"order":true,"quiesce":true,"nodes":4500,"pieceValues":{"P":100,"R":376,"B":355,"Q":816,"N":272,"K":0}}},"MAX_PLIES":80,"FIFTY":40,"OPENING_PLIES":6,"SEED":25002,"FIRST":54,"PAIRS":53,"libro":"libro-salas-1998.json"}
{"par":54,"whiteIs":"A","ptsW":null,"res":"tope","plies":80,"balW":200,"secs":4.5,"apertura":"3,-2,0>2,0,-1 0,3,-2>1,1,-1 0,-2,3>-1,0,2 -1,3,0>0,1,1 1,-2,2>0,0,1 -3,3,1>-2,1,2"}
{"par":54,"whiteIs":"B","ptsW":null,"res":"tope","plies":80,"balW":-893,"secs":3.3,"apertura":"3,-2,0>2,0,-1 0,3,-2>1,1,-1 0,-2,3>-1,0,2 -1,3,0>0,1,1 1,-2,2>0,0,1 -3,3,1>-2,1,2"}
{"par":55,"whiteIs":"A","ptsW":null,"res":"tope","plies":80,"balW":-30,"secs":4.1,"apertura":"3,-2,1>2,-1,0 -1,3,0>0,1,1 2,-1,0>2,0,0 0,3,-1>0,2,-1 0,-2,4>-1,-1,3 -2,3,1>-2,2,1"}
{"par":55,"whiteIs":"B","ptsW":null,"res":"tope","plies":80,"balW":181,"secs":4.2,"apertura":"3,-2,1>2,-1,0 -1,3,0>0,1,1 2,-1,0>2,0,0 0,3,-1>0,2,-1 0,-2,4>-1,-1,3 -2,3,1>-2,2,1"}
{"par":56,"whiteIs":"A","ptsW":null,"res":"tope","plies":80,"balW":123,"secs":4.3,"apertura":"1,-2,2>1,-1,2 -3,3,1>-2,2,2 2,-3,2>1,-2,2 -3,4,0>-1,2,1 1,-2,2>2,-1,0 0,3,-1>0,2,-1"}
{"par":56,"whiteIs":"B","ptsW":null,"res":"tope","plies":80,"balW":-200,"secs":3.4,"apertura":"1,-2,2>1,-1,2 -3,3,1>-2,2,2 2,-3,2>1,-2,2 -3,4,0>-1,2,1 1,-2,2>2,-1,0 0,3,-1>0,2,-1"}
{"par":57,"whiteIs":"A","ptsW":0,"res":"mate","plies":26,"balW":100,"secs":1.5,"apertura":"0,-2,3>-1,0,2 -1,3,0>-1,2,0 0,-2,4>-1,0,3 1,3,-2>1,2,-2 3,-3,1>2,-1,1 -2,3,1>-2,2,1"}
{"par":57,"whiteIs":"B","ptsW":null,"res":"tope","plies":80,"balW":-293,"secs":3.7,"apertura":"0,-2,3>-1,0,2 -1,3,0>-1,2,0 0,-2,4>-1,0,3 1,3,-2>1,2,-2 3,-3,1>2,-1,1 -2,3,1>-2,2,1"}
{"par":58,"whiteIs":"A","ptsW":0,"res":"mate","plies":80,"balW":-235,"secs":4.3,"apertura":"3,-2,1>2,-1,0 -3,3,1>-2,2,2 1,-2,3>0,0,2 0,3,-2>1,1,-1 3,-2,0>2,0,-1 1,1,-1>2,0,0"}
{"par":58,"whiteIs":"B","ptsW":null,"res":"tope","plies":80,"balW":270,"secs":3.7,"apertura":"3,-2,1>2,-1,0 -3,3,1>-2,2,2 1,-2,3>0,0,2 0,3,-2>1,1,-1 3,-2,0>2,0,-1 1,1,-1>2,0,0"}
{"par":59,"whiteIs":"A","ptsW":null,"res":"tope","plies":80,"balW":70,"secs":3.4,"apertura":"3,-2,1>2,-1,0 1,3,-2>2,1,-1 2,-1,0>2,0,0 -3,3,1>-2,2,2 1,-2,3>0,-1,2 -2,3,1>-1,1,2"}
{"par":59,"whiteIs":"B","ptsW":null,"res":"tope","plies":80,"balW":-65,"secs":3.8,"apertura":"3,-2,1>2,-1,0 1,3,-2>2,1,-1 2,-1,0>2,0,0 -3,3,1>-2,2,2 1,-2,3>0,-1,2 -2,3,1>-1,1,2"}
{"par":60,"whiteIs":"A","ptsW":null,"res":"tope","plies":80,"balW":-342,"secs":4,"apertura":"3,-2,0>3,-1,0 -1,3,0>0,1,1 3,-1,0>2,0,-1 0,3,-2>1,2,-1 0,-2,3>-1,0,2 1,2,-1>1,1,-1"}
{"par":60,"whiteIs":"B","ptsW":null,"res":"tope","plies":80,"balW":-40,"secs":4.4,"apertura":"3,-2,0>3,-1,0 -1,3,0>0,1,1 3,-1,0>2,0,-1 0,3,-2>1,2,-1 0,-2,3>-1,0,2 1,2,-1>1,1,-1"}
{"par":61,"whiteIs":"A","ptsW":null,"res":"tope","plies":80,"balW":100,"secs":4.6,"apertura":"3,-2,0>2,0,-1 0,3,-1>0,2,-1 2,-2,1>2,-1,1 -1,4,-1>2,1,-1 2,-3,2>2,-2,1 2,1,-1>-1,1,2"}
{"par":61,"whiteIs":"B","ptsW":null,"res":"tope","plies":80,"balW":293,"secs":4.2,"apertura":"3,-2,0>2,0,-1 0,3,-1>0,2,-1 2,-2,1>2,-1,1 -1,4,-1>2,1,-1 2,-3,2>2,-2,1 2,1,-1>-1,1,2"}
{"par":62,"whiteIs":"A","ptsW":null,"res":"tope","plies":80,"balW":-933,"secs":4.7,"apertura":"2,-2,1>2,-1,1 -1,3,-1>0,1,0 3,-2,0>2,0,-1 0,3,-2>1,2,-1 4,-3,1>3,-1,0 -1,4,-1>-1,3,-1"}
{"par":62,"whiteIs":"B","ptsW":null,"res":"tope","plies":80,"balW":488,"secs":4.2,"apertura":"2,-2,1>2,-1,1 -1,3,-1>0,1,0 3,-2,0>2,0,-1 0,3,-2>1,2,-1 4,-3,1>3,-1,0 -1,4,-1>-1,3,-1"}
{"par":63,"whiteIs":"A","ptsW":null,"res":"tope","plies":80,"balW":-70,"secs":4.2,"apertura":"0,-2,3>0,-1,3 -1,3,-1>0,2,0 1,-3,4>0,-1,2 -1,4,-1>-1,3,-1 0,-1,2>2,0,0 -2,3,0>-1,1,1"}
{"par":63,"whiteIs":"B","ptsW":null,"res":"tope","plies":80,"balW":-388,"secs":4.1,"apertura":"0,-2,3>0,-1,3 -1,3,-1>0,2,0 1,-3,4>0,-1,2 -1,4,-1>-1,3,-1 0,-1,2>2,0,0 -2,3,0>-1,1,1"}
{"par":64,"whiteIs":"A","ptsW":null,"res":"tope","plies":80,"balW":-1080,"secs":4.6,"apertura":"1,-2,3>0,0,2 1,3,-2>2,1,-1 1,-2,2>1,-1,2 -3,3,1>-2,1,2 0,-2,4>-1,0,3 -1,3,0>0,1,1"}
{"par":64,"whiteIs":"B","ptsW":null,"res":"tope","plies":80,"balW":-23,"secs":5,"apertura":"1,-2,3>0,0,2 1,3,-2>2,1,-1 1,-2,2>1,-1,2 -3,3,1>-2,1,2 0,-2,4>-1,0,3 -1,3,0>0,1,1"}
{"par":65,"whiteIs":"A","ptsW":null,"res":"tope","plies":80,"balW":223,"secs":3.7,"apertura":"1,-2,2>0,0,1 0,3,-1>0,2,-1 1,-3,4>1,-2,2 0,4,-2>-1,2,0 3,-2,1>2,-1,0 -1,3,-1>0,1,0"}
{"par":65,"whiteIs":"B","ptsW":null,"res":"tope","plies":80,"balW":293,"secs":3.8,"apertura":"1,-2,2>0,0,1 0,3,-1>0,2,-1 1,-3,4>1,-2,2 0,4,-2>-1,2,0 3,-2,1>2,-1,0 -1,3,-1>0,1,0"}
{"par":66,"whiteIs":"A","ptsW":null,"res":"tope","plies":80,"balW":-142,"secs":4,"apertura":"1,-3,4>-1,-1,3 0,4,-2>0,2,-1 0,-2,3>0,-1,3 0,2,-1>-1,2,1 -1,-1,3>1,-1,2 -1,2,1>-1,0,2"}
{"par":66,"whiteIs":"B","ptsW":null,"res":"tope","plies":80,"balW":-193,"secs":4.6,"apertura":"1,-3,4>-1,-1,3 0,4,-2>0,2,-1 0,-2,3>0,-1,3 0,2,-1>-1,2,1 -1,-1,3>1,-1,2 -1,2,1>-1,0,2"}
{"par":67,"whiteIs":"A","ptsW":null,"res":"tope","plies":80,"balW":-193,"secs":3.9,"apertura":"1,-3,4>-1,-1,3 0,3,-1>0,2,-1 -1,-1,3>1,0,1 1,3,-2>2,1,-1 0,-2,4>-1,-1,3 0,4,-2>1,2,-2"}
{"par":67,"whiteIs":"B","ptsW":null,"res":"tope","plies":80,"balW":-235,"secs":3.5,"apertura":"1,-3,4>-1,-1,3 0,3,-1>0,2,-1 -1,-1,3>1,0,1 1,3,-2>2,1,-1 0,-2,4>-1,-1,3 0,4,-2>1,2,-2"}
{"par":68,"whiteIs":"A","ptsW":null,"res":"tope","plies":80,"balW":235,"secs":4.5,"apertura":"1,-2,3>0,-1,2 -3,3,1>-2,1,2 1,-3,4>-1,-1,3 -3,4,0>-1,2,1 -1,-1,3>1,0,1 -1,2,1>-3,3,1"}
{"par":68,"whiteIs":"B","ptsW":null,"res":"tope","plies":80,"balW":-223,"secs":4.4,"apertura":"1,-2,3>0,-1,2 -3,3,1>-2,1,2 1,-3,4>-1,-1,3 -3,4,0>-1,2,1 -1,-1,3>1,0,1 -1,2,1>-3,3,1"}
{"par":69,"whiteIs":"A","ptsW":null,"res":"tope","plies":80,"balW":-833,"secs":4.1,"apertura":"1,-2,3>0,-1,2 0,4,-2>-1,2,0 3,-2,1>2,0,0 -3,4,0>-2,2,2 3,-3,1>2,-1,1 0,3,-2>1,2,-1"}
{"par":69,"whiteIs":"B","ptsW":0,"res":"mate","plies":78,"balW":-675,"secs":4.8,"apertura":"1,-2,3>0,-1,2 0,4,-2>-1,2,0 3,-2,1>2,0,0 -3,4,0>-2,2,2 3,-3,1>2,-1,1 0,3,-2>1,2,-1"}
{"par":70,"whiteIs":"A","ptsW":null,"res":"tope","plies":80,"balW":-893,"secs":3.8,"apertura":"0,-2,3>-1,0,2 0,3,-2>1,1,-1 0,-2,4>-1,0,3 -1,3,-1>0,1,0 3,-3,1>1,-1,2 -3,4,0>-1,2,1"}
{"par":70,"whiteIs":"B","ptsW":null,"res":"tope","plies":80,"balW":30,"secs":4.9,"apertura":"0,-2,3>-1,0,2 0,3,-2>1,1,-1 0,-2,4>-1,0,3 -1,3,-1>0,1,0 3,-3,1>1,-1,2 -3,4,0>-1,2,1"}
{"par":71,"whiteIs":"A","ptsW":null,"res":"tope","plies":80,"balW":1403,"secs":4.2,"apertura":"1,-3,4>0,-1,2 -3,3,1>-2,2,2 1,-2,2>1,-1,2 -2,3,1>-2,2,1 2,-2,2>1,-1,1 -2,3,0>-1,1,1"}
{"par":71,"whiteIs":"B","ptsW":null,"res":"tope","plies":80,"balW":265,"secs":5.9,"apertura":"1,-3,4>0,-1,2 -3,3,1>-2,2,2 1,-2,2>1,-1,2 -2,3,1>-2,2,1 2,-2,2>1,-1,1 -2,3,0>-1,1,1"}
{"par":72,"whiteIs":"A","ptsW":null,"res":"tope","plies":80,"balW":300,"secs":3.5,"apertura":"0,-2,3>0,-1,3 -3,3,1>-2,2,2 3,-3,1>2,-1,1 -2,2,2>-2,1,2 3,-2,0>3,-1,0 -3,4,1>-2,2,2"}
{"par":72,"whiteIs":"B","ptsW":0,"res":"mate","plies":80,"balW":-1645,"secs":3.8,"apertura":"0,-2,3>0,-1,3 -3,3,1>-2,2,2 3,-3,1>2,-1,1 -2,2,2>-2,1,2 3,-2,0>3,-1,0 -3,4,1>-2,2,2"}
{"par":73,"whiteIs":"A","ptsW":null,"res":"tope","plies":80,"balW":630,"secs":4.9,"apertura":"1,-2,3>0,0,2 0,4,-2>1,2,-2 3,-2,1>2,0,0 0,3,-1>0,2,-1 2,-3,3>1,-2,3 -3,3,1>-2,1,2"}
{"par":73,"whiteIs":"B","ptsW":null,"res":"tope","plies":80,"balW":93,"secs":5,"apertura":"1,-2,3>0,0,2 0,4,-2>1,2,-2 3,-2,1>2,0,0 0,3,-1>0,2,-1 2,-3,3>1,-2,3 -3,3,1>-2,1,2"}
{"par":74,"whiteIs":"A","ptsW":null,"res":"tope","plies":80,"balW":-1175,"secs":3.7,"apertura":"2,-2,2>1,-1,1 -2,3,1>-1,1,2 3,-3,2>1,-1,2 0,3,-2>1,1,-1 0,-2,3>-1,0,2 -1,3,-1>0,1,0"}
{"par":74,"whiteIs":"B","ptsW":null,"res":"tope","plies":80,"balW":-923,"secs":3.9,"apertura":"2,-2,2>1,-1,1 -2,3,1>-1,1,2 3,-3,2>1,-1,2 0,3,-2>1,1,-1 0,-2,3>-1,0,2 -1,3,-1>0,1,0"}
{"par":75,"whiteIs":"A","ptsW":null,"res":"tope","plies":80,"balW":-300,"secs":4.5,"apertura":"2,-2,2>1,-1,1 0,4,-2>-1,2,0 1,-2,3>0,0,2 -2,3,0>-1,2,1 1,-3,4>0,-1,2 1,3,-2>1,2,-2"}
{"par":75,"whiteIs":"B","ptsW":null,"res":"tope","plies":80,"balW":-630,"secs":4,"apertura":"2,-2,2>1,-1,1 0,4,-2>-1,2,0 1,-2,3>0,0,2 -2,3,0>-1,2,1 1,-3,4>0,-1,2 1,3,-2>1,2,-2"}
{"par":76,"whiteIs":"A","ptsW":null,"res":"tope","plies":80,"balW":428,"secs":3.8,"apertura":"0,-2,4>-1,-1,3 -1,3,0>-1,2,0 3,-3,1>1,-1,2 -2,3,1>-1,1,2 1,-1,2>-1,0,2 -1,3,-1>0,2,0"}
{"par":76,"whiteIs":"B","ptsW":null,"res":"tope","plies":80,"balW":-93,"secs":4,"apertura":"0,-2,4>-1,-1,3 -1,3,0>-1,2,0 3,-3,1>1,-1,2 -2,3,1>-1,1,2 1,-1,2>-1,0,2 -1,3,-1>0,2,0"}
{"par":77,"whiteIs":"A","ptsW":null,"res":"tope","plies":80,"balW":975,"secs":5.2,"apertura":"2,-2,2>1,-1,1 -3,3,1>-2,1,2 0,-2,4>-1,-1,3 0,4,-2>-1,2,0 3,-2,1>2,-1,0 -1,2,0>1,1,0"}
{"par":77,"whiteIs":"B","ptsW":null,"res":"tope","plies":80,"balW":70,"secs":5.1,"apertura":"2,-2,2>1,-1,1 -3,3,1>-2,1,2 0,-2,4>-1,-1,3 0,4,-2>-1,2,0 3,-2,1>2,-1,0 -1,2,0>1,1,0"}
{"par":78,"whiteIs":"A","ptsW":null,"res":"tope","plies":80,"balW":-335,"secs":4.1,"apertura":"2,-2,2>1,-1,1 0,4,-2>1,2,-2 2,-2,1>2,-1,1 -1,3,0>0,1,1 0,-2,3>-1,0,2 -1,4,-1>-1,3,0"}
{"par":78,"whiteIs":"B","ptsW":null,"res":"tope","plies":80,"balW":0,"secs":4,"apertura":"2,-2,2>1,-1,1 0,4,-2>1,2,-2 2,-2,1>2,-1,1 -1,3,0>0,1,1 0,-2,3>-1,0,2 -1,4,-1>-1,3,0"}
{"par":79,"whiteIs":"A","ptsW":null,"res":"tope","plies":80,"balW":-630,"secs":4.7,"apertura":"0,-2,3>0,-1,3 -1,3,-1>0,1,0 0,-1,3>-1,0,2 -2,3,1>-2,2,1 1,-3,3>-1,-1,3 1,3,-2>1,2,-2"}
{"par":79,"whiteIs":"B","ptsW":null,"res":"tope","plies":80,"balW":-170,"secs":4.4,"apertura":"0,-2,3>0,-1,3 -1,3,-1>0,1,0 0,-1,3>-1,0,2 -2,3,1>-2,2,1 1,-3,3>-1,-1,3 1,3,-2>1,2,-2"}
{"par":80,"whiteIs":"A","ptsW":null,"res":"tope","plies":80,"balW":-393,"secs":4.2,"apertura":"1,-2,3>0,0,2 1,3,-2>1,2,-2 1,-3,4>-1,-1,3 -1,3,0>0,1,1 0,0,2>-1,1,1 -2,4,0>1,1,0"}
{"par":80,"whiteIs":"B","ptsW":null,"res":"tope","plies":80,"balW":0,"secs":4.1,"apertura":"1,-2,3>0,0,2 1,3,-2>1,2,-2 1,-3,4>-1,-1,3 -1,3,0>0,1,1 0,0,2>-1,1,1 -2,4,0>1,1,0"}
{"par":81,"whiteIs":"A","ptsW":null,"res":"tope","plies":80,"balW":-72,"secs":4.5,"apertura":"1,-3,4>0,-1,2 -3,3,1>-2,1,2 2,-3,3>1,-3,4 -1,3,0>-1,2,0 1,-3,4>2,-3,3 0,3,-2>1,2,-1"}
{"par":81,"whiteIs":"B","ptsW":null,"res":"tope","plies":80,"balW":0,"secs":4,"apertura":"1,-3,4>0,-1,2 -3,3,1>-2,1,2 2,-3,3>1,-3,4 -1,3,0>-1,2,0 1,-3,4>2,-3,3 0,3,-2>1,2,-1"}
{"par":82,"whiteIs":"A","ptsW":null,"res":"tope","plies":80,"balW":35,"secs":4.2,"apertura":"1,-3,4>0,-1,2 -3,3,1>-2,1,2 0,-1,2>1,1,0 -2,1,2>-1,0,3 3,-2,0>2,0,-1 -2,3,1>-1,1,2"}
{"par":82,"whiteIs":"B","ptsW":null,"res":"tope","plies":80,"balW":-770,"secs":3.8,"apertura":"1,-3,4>0,-1,2 -3,3,1>-2,1,2 0,-1,2>1,1,0 -2,1,2>-1,0,3 3,-2,0>2,0,-1 -2,3,1>-1,1,2"}
{"par":83,"whiteIs":"A","ptsW":null,"res":"tope","plies":80,"balW":293,"secs":4.3,"apertura":"2,-2,2>1,-1,1 -1,3,0>0,1,1 1,-3,4>-1,-1,3 -2,3,0>-1,1,1 3,-3,2>0,0,2 -2,4,0>0,2,0"}
{"par":83,"whiteIs":"B","ptsW":null,"res":"tope","plies":80,"balW":-70,"secs":4.2,"apertura":"2,-2,2>1,-1,1 -1,3,0>0,1,1 1,-3,4>-1,-1,3 -2,3,0>-1,1,1 3,-3,2>0,0,2 -2,4,0>0,2,0"}
{"par":84,"whiteIs":"A","ptsW":null,"res":"tope","plies":80,"balW":-158,"secs":4.9,"apertura":"3,-2,0>3,-1,0 -3,3,1>-2,1,2 0,-2,3>-1,0,2 -2,1,2>-1,0,3 0,-2,4>-1,-1,3 0,3,-2>1,1,-1"}
{"par":84,"whiteIs":"B","ptsW":null,"res":"tope","plies":80,"balW":-300,"secs":4.2,"apertura":"3,-2,0>3,-1,0 -3,3,1>-2,1,2 0,-2,3>-1,0,2 -2,1,2>-1,0,3 0,-2,4>-1,-1,3 0,3,-2>1,1,-1"}
{"par":85,"whiteIs":"A","ptsW":null,"res":"tope","plies":80,"balW":600,"secs":3.4,"apertura":"1,-2,2>0,0,1 0,4,-2>1,2,-2 2,-2,1>1,0,0 -1,3,-1>0,1,0 1,-3,4>1,-2,2 1,2,-2>2,0,0"}
{"par":85,"whiteIs":"B","ptsW":null,"res":"tope","plies":80,"balW":42,"secs":4.5,"apertura":"1,-2,2>0,0,1 0,4,-2>1,2,-2 2,-2,1>1,0,0 -1,3,-1>0,1,0 1,-3,4>1,-2,2 1,2,-2>2,0,0"}
{"par":86,"whiteIs":"A","ptsW":null,"res":"tope","plies":80,"balW":1563,"secs":4.1,"apertura":"2,-2,2>1,-1,1 0,3,-1>1,1,0 1,-3,4>-1,-1,3 -1,3,0>0,1,1 -1,-1,3>1,-3,4 -1,4,-1>-1,1,2"}
{"par":86,"whiteIs":"B","ptsW":null,"res":"tope","plies":80,"balW":152,"secs":5.4,"apertura":"2,-2,2>1,-1,1 0,3,-1>1,1,0 1,-3,4>-1,-1,3 -1,3,0>0,1,1 -1,-1,3>1,-3,4 -1,4,-1>-1,1,2"}
{"par":87,"whiteIs":"A","ptsW":null,"res":"tope","plies":80,"balW":265,"secs":3.6,"apertura":"3,-2,0>3,-1,0 -1,3,-1>0,2,0 1,-3,4>-1,-1,3 0,3,-2>1,2,-1 -1,-1,3>1,-3,4 -1,4,-2>-1,-1,3"}
{"par":87,"whiteIs":"B","ptsW":null,"res":"tope","plies":80,"balW":-800,"secs":4.4,"apertura":"3,-2,0>3,-1,0 -1,3,-1>0,2,0 1,-3,4>-1,-1,3 0,3,-2>1,2,-1 -1,-1,3>1,-3,4 -1,4,-2>-1,-1,3"}
{"par":88,"whiteIs":"A","ptsW":1,"res":"mate","plies":27,"balW":100,"secs":1.7,"apertura":"2,-2,1>1,0,0 -1,3,-1>0,2,0 0,-2,4>-1,-1,3 1,3,-2>2,1,-1 2,-2,2>1,0,1 -2,4,-1>-1,3,-1"}
{"par":88,"whiteIs":"B","ptsW":null,"res":"tope","plies":80,"balW":-975,"secs":4.6,"apertura":"2,-2,1>1,0,0 -1,3,-1>0,2,0 0,-2,4>-1,-1,3 1,3,-2>2,1,-1 2,-2,2>1,0,1 -2,4,-1>-1,3,-1"}
{"par":89,"whiteIs":"A","ptsW":null,"res":"tope","plies":80,"balW":223,"secs":4.3,"apertura":"1,-3,4>0,-1,2 -2,3,1>-2,2,1 0,-1,2>2,-1,1 -2,2,1>-1,1,2 3,-2,1>2,-1,0 -1,1,2>-1,0,2"}
{"par":89,"whiteIs":"B","ptsW":null,"res":"tope","plies":80,"balW":-305,"secs":5.8,"apertura":"1,-3,4>0,-1,2 -2,3,1>-2,2,1 0,-1,2>2,-1,1 -2,2,1>-1,1,2 3,-2,1>2,-1,0 -1,1,2>-1,0,2"}
{"par":90,"whiteIs":"A","ptsW":null,"res":"tope","plies":80,"balW":693,"secs":4.8,"apertura":"2,-2,1>2,-1,1 -2,3,1>-1,1,2 0,-2,3>-1,0,2 0,3,-1>1,1,0 3,-3,1>1,-1,2 -3,4,0>-1,2,1"}
{"par":90,"whiteIs":"B","ptsW":null,"res":"tope","plies":80,"balW":382,"secs":5,"apertura":"2,-2,1>2,-1,1 -2,3,1>-1,1,2 0,-2,3>-1,0,2 0,3,-1>1,1,0 3,-3,1>1,-1,2 -3,4,0>-1,2,1"}
{"par":91,"whiteIs":"A","ptsW":null,"res":"tope","plies":80,"balW":358,"secs":4.3,"apertura":"0,-2,3>-1,0,2 -3,3,1>-2,1,2 2,-2,1>2,-1,1 0,4,-2>-1,2,0 1,-2,3>0,-1,2 -1,2,0>1,1,0"}
{"par":91,"whiteIs":"B","ptsW":null,"res":"tope","plies":80,"balW":-1110,"secs":3.7,"apertura":"0,-2,3>-1,0,2 -3,3,1>-2,1,2 2,-2,1>2,-1,1 0,4,-2>-1,2,0 1,-2,3>0,-1,2 -1,2,0>1,1,0"}
{"par":92,"whiteIs":"A","ptsW":null,"res":"tope","plies":80,"balW":458,"secs":4.4,"apertura":"3,-2,1>2,0,0 0,4,-2>0,2,-1 2,0,0>1,1,-1 1,3,-2>2,1,-1 1,-2,2>0,0,1 -3,3,1>-2,2,2"}
{"par":92,"whiteIs":"B","ptsW":null,"res":"tope","plies":80,"balW":900,"secs":3.9,"apertura":"3,-2,1>2,0,0 0,4,-2>0,2,-1 2,0,0>1,1,-1 1,3,-2>2,1,-1 1,-2,2>0,0,1 -3,3,1>-2,2,2"}
{"par":93,"whiteIs":"A","ptsW":1,"res":"mate","plies":67,"balW":272,"secs":3.8,"apertura":"2,-2,2>1,-1,1 -2,3,0>-1,2,1 1,-3,4>0,-1,2 -3,3,1>-2,1,2 2,-2,1>1,0,0 0,3,-1>1,1,0"}
{"par":93,"whiteIs":"B","ptsW":null,"res":"tope","plies":80,"balW":258,"secs":4.6,"apertura":"2,-2,2>1,-1,1 -2,3,0>-1,2,1 1,-3,4>0,-1,2 -3,3,1>-2,1,2 2,-2,1>1,0,0 0,3,-1>1,1,0"}
{"par":94,"whiteIs":"A","ptsW":null,"res":"tope","plies":80,"balW":223,"secs":4.6,"apertura":"0,-2,4>-1,-1,3 -2,3,1>-1,1,2 2,-2,2>1,0,1 -1,3,0>-1,2,0 3,-2,0>2,0,-1 -2,4,-1>-1,3,0"}
{"par":94,"whiteIs":"B","ptsW":null,"res":"tope","plies":80,"balW":-216,"secs":4.6,"apertura":"0,-2,4>-1,-1,3 -2,3,1>-1,1,2 2,-2,2>1,0,1 -1,3,0>-1,2,0 3,-2,0>2,0,-1 -2,4,-1>-1,3,0"}
{"par":95,"whiteIs":"A","ptsW":1,"res":"mate","plies":31,"balW":0,"secs":1.5,"apertura":"0,-2,4>-1,0,3 -2,3,1>-1,1,2 1,-2,2>0,0,1 -3,4,0>-1,2,1 3,-2,0>2,0,-1 -3,3,1>-2,2,2"}
{"par":95,"whiteIs":"B","ptsW":null,"res":"tope","plies":80,"balW":-23,"secs":4.6,"apertura":"0,-2,4>-1,0,3 -2,3,1>-1,1,2 1,-2,2>0,0,1 -3,4,0>-1,2,1 3,-2,0>2,0,-1 -3,3,1>-2,2,2"}
{"par":96,"whiteIs":"A","ptsW":null,"res":"tope","plies":80,"balW":0,"secs":4.5,"apertura":"3,-2,1>2,-1,0 -2,3,0>-1,2,1 3,-3,2>3,-2,1 0,3,-2>1,2,-1 1,-3,4>0,-1,2 -3,4,1>-2,3,0"}
{"par":96,"whiteIs":"B","ptsW":null,"res":"tope","plies":80,"balW":142,"secs":4.8,"apertura":"3,-2,1>2,-1,0 -2,3,0>-1,2,1 3,-3,2>3,-2,1 0,3,-2>1,2,-1 1,-3,4>0,-1,2 -3,4,1>-2,3,0"}
{"par":97,"whiteIs":"A","ptsW":null,"res":"tope","plies":80,"balW":-107,"secs":4,"apertura":"1,-3,4>-1,-1,3 -2,3,1>-2,2,1 -1,-1,3>1,-3,4 0,3,-2>1,2,-1 0,-2,3>0,-1,3 -2,3,0>-1,1,1"}
{"par":97,"whiteIs":"B","ptsW":null,"res":"tope","plies":80,"balW":535,"secs":4.2,"apertura":"1,-3,4>-1,-1,3 -2,3,1>-2,2,1 -1,-1,3>1,-3,4 0,3,-2>1,2,-1 0,-2,3>0,-1,3 -2,3,0>-1,1,1"}
{"par":98,"whiteIs":"A","ptsW":null,"res":"tope","plies":80,"balW":-270,"secs":4.2,"apertura":"1,-3,4>-1,-1,3 0,3,-2>1,2,-1 -1,-1,3>-1,1,2 1,3,-2>1,2,-2 3,-3,1>1,-1,2 -1,3,0>-1,2,0"}
{"par":98,"whiteIs":"B","ptsW":null,"res":"tope","plies":80,"balW":-30,"secs":4.6,"apertura":"1,-3,4>-1,-1,3 0,3,-2>1,2,-1 -1,-1,3>-1,1,2 1,3,-2>1,2,-2 3,-3,1>1,-1,2 -1,3,0>-1,2,0"}
{"par":99,"whiteIs":"A","ptsW":null,"res":"tope","plies":80,"balW":7,"secs":4.8,"apertura":"2,-2,2>1,0,1 -1,3,-1>0,2,0 2,-2,1>1,0,0 0,3,-1>1,1,0 1,-2,3>0,0,2 -1,3,0>0,1,1"}
{"par":99,"whiteIs":"B","ptsW":null,"res":"tope","plies":80,"balW":-288,"secs":4,"apertura":"2,-2,2>1,0,1 -1,3,-1>0,2,0 2,-2,1>1,0,0 0,3,-1>1,1,0 1,-2,3>0,0,2 -1,3,0>0,1,1"}
{"par":100,"whiteIs":"A","ptsW":0,"res":"mate","plies":60,"balW":-1610,"secs":3.5,"apertura":"1,-2,2>0,0,1 -2,3,1>-1,1,2 0,-2,3>0,-1,3 -2,4,0>-2,3,1 2,-3,2>0,-1,2 -1,3,0>0,1,1"}
{"par":100,"whiteIs":"B","ptsW":null,"res":"tope","plies":80,"balW":-568,"secs":5.3,"apertura":"1,-2,2>0,0,1 -2,3,1>-1,1,2 0,-2,3>0,-1,3 -2,4,0>-2,3,1 2,-3,2>0,-1,2 -1,3,0>0,1,1"}
{"par":101,"whiteIs":"A","ptsW":null,"res":"tope","plies":80,"balW":581,"secs":4.3,"apertura":"2,-2,1>1,0,0 -3,3,1>-2,1,2 2,-2,2>1,0,1 -1,3,-1>0,2,0 3,-3,2>1,-1,2 -2,3,0>-1,2,1"}
{"par":101,"whiteIs":"B","ptsW":null,"res":"tope","plies":80,"balW":200,"secs":3.6,"apertura":"2,-2,1>1,0,0 -3,3,1>-2,1,2 2,-2,2>1,0,1 -1,3,-1>0,2,0 3,-3,2>1,-1,2 -2,3,0>-1,2,1"}
{"par":102,"whiteIs":"A","ptsW":null,"res":"tope","plies":80,"balW":30,"secs":4.1,"apertura":"2,-2,2>1,-1,1 0,3,-1>1,1,0 1,-2,3>0,0,2 1,1,0>1,0,0 2,-3,3>1,-2,3 -2,3,1>-2,2,1"}
{"par":102,"whiteIs":"B","ptsW":null,"res":"tope","plies":80,"balW":-916,"secs":3.5,"apertura":"2,-2,2>1,-1,1 0,3,-1>1,1,0 1,-2,3>0,0,2 1,1,0>1,0,0 2,-3,3>1,-2,3 -2,3,1>-2,2,1"}
{"par":103,"whiteIs":"A","ptsW":1,"res":"mate","plies":27,"balW":-165,"secs":2.1,"apertura":"1,-2,2>1,-1,2 -3,3,1>-2,1,2 1,-3,4>-1,-1,3 -2,3,1>-2,2,1 -1,-1,3>-1,1,2 -3,4,0>-2,2,2"}
{"par":103,"whiteIs":"B","ptsW":null,"res":"tope","plies":80,"balW":77,"secs":3.8,"apertura":"1,-2,2>1,-1,2 -3,3,1>-2,1,2 1,-3,4>-1,-1,3 -2,3,1>-2,2,1 -1,-1,3>-1,1,2 -3,4,0>-2,2,2"}
{"par":104,"whiteIs":"A","ptsW":null,"res":"tope","plies":80,"balW":-77,"secs":4.6,"apertura":"1,-2,2>0,0,1 -2,3,0>-1,2,1 3,-3,1>2,-1,1 1,3,-2>1,2,-2 2,-2,2>1,-1,1 0,4,-2>-2,3,0"}
{"par":104,"whiteIs":"B","ptsW":null,"res":"tope","plies":80,"balW":-1526,"secs":4.3,"apertura":"1,-2,2>0,0,1 -2,3,0>-1,2,1 3,-3,1>2,-1,1 1,3,-2>1,2,-2 2,-2,2>1,-1,1 0,4,-2>-2,3,0"}
{"par":105,"whiteIs":"A","ptsW":null,"res":"tope","plies":80,"balW":-93,"secs":3.8,"apertura":"3,-2,1>2,0,0 -3,4,0>-2,2,2 2,-2,1>1,0,0 -2,2,2>0,0,1 2,-3,2>2,-1,0 0,0,1>0,2,0"}
{"par":105,"whiteIs":"B","ptsW":null,"res":"tope","plies":80,"balW":365,"secs":4.4,"apertura":"3,-2,1>2,0,0 -3,4,0>-2,2,2 2,-2,1>1,0,0 -2,2,2>0,0,1 2,-3,2>2,-1,0 0,0,1>0,2,0"}
{"par":106,"whiteIs":"A","ptsW":null,"res":"tope","plies":80,"balW":165,"secs":3.9,"apertura":"2,-2,1>2,-1,1 0,3,-1>1,1,0 2,-3,2>2,-1,0 -1,4,-1>1,2,-1 2,-1,0>2,-2,1 -1,3,0>-1,2,0"}
{"par":106,"whiteIs":"B","ptsW":null,"res":"tope","plies":80,"balW":242,"secs":3.8,"apertura":"2,-2,1>2,-1,1 0,3,-1>1,1,0 2,-3,2>2,-1,0 -1,4,-1>1,2,-1 2,-1,0>2,-2,1 -1,3,0>-1,2,0"}
