# {"fecha":"2026-08-03T21:48:23.688Z","modalidad":"salas-1998","A":{"nombre":"vigente","cfg":{"depth":24,"mobility":true,"order":true,"quiesce":true,"nodes":4500}},"B":{"nombre":"mat","cfg":{"depth":24,"mobility":true,"order":true,"quiesce":true,"nodes":4500,"pieceValues":{"P":100,"R":376,"B":355,"Q":816,"N":272,"K":0}}},"MAX_PLIES":80,"FIFTY":40,"OPENING_PLIES":6,"SEED":25001,"FIRST":1,"PAIRS":53,"libro":"libro-salas-1998.json"}
{"par":1,"whiteIs":"A","ptsW":null,"res":"tope","plies":80,"balW":987,"secs":5.1,"apertura":"3,-3,1>1,-1,2 -1,3,-1>0,2,0 1,-1,2>-1,0,2 1,3,-2>1,2,-2 1,-2,3>0,0,2 -3,4,0>-1,2,1"}
{"par":1,"whiteIs":"B","ptsW":null,"res":"tope","plies":80,"balW":-1210,"secs":4,"apertura":"3,-3,1>1,-1,2 -1,3,-1>0,2,0 1,-1,2>-1,0,2 1,3,-2>1,2,-2 1,-2,3>0,0,2 -3,4,0>-1,2,1"}
{"par":2,"whiteIs":"A","ptsW":null,"res":"tope","plies":80,"balW":-286,"secs":4.6,"apertura":"3,-2,1>2,-1,0 -1,3,0>0,1,1 1,-2,2>0,0,1 -1,4,-1>-1,3,0 0,-2,4>-1,-1,3 -2,3,1>-1,1,2"}
{"par":2,"whiteIs":"B","ptsW":null,"res":"tope","plies":80,"balW":-1087,"secs":3.9,"apertura":"3,-2,1>2,-1,0 -1,3,0>0,1,1 1,-2,2>0,0,1 -1,4,-1>-1,3,0 0,-2,4>-1,-1,3 -2,3,1>-1,1,2"}
{"par":3,"whiteIs":"A","ptsW":null,"res":"tope","plies":80,"balW":-93,"secs":3.8,"apertura":"0,-2,3>0,-1,3 -2,3,1>-2,2,1 1,-2,3>0,-1,2 -2,4,0>-2,2,2 1,-3,3>0,-2,3 -2,2,2>0,2,0"}
{"par":3,"whiteIs":"B","ptsW":null,"res":"tope","plies":80,"balW":95,"secs":4.4,"apertura":"0,-2,3>0,-1,3 -2,3,1>-2,2,1 1,-2,3>0,-1,2 -2,4,0>-2,2,2 1,-3,3>0,-2,3 -2,2,2>0,2,0"}
{"par":4,"whiteIs":"A","ptsW":null,"res":"tope","plies":80,"balW":300,"secs":3.8,"apertura":"1,-2,2>1,-1,2 -2,3,0>-1,1,1 1,-3,3>1,0,0 -2,3,1>-1,1,2 1,0,0>0,0,1 0,4,-2>0,2,-1"}
{"par":4,"whiteIs":"B","ptsW":null,"res":"tope","plies":80,"balW":458,"secs":3.6,"apertura":"1,-2,2>1,-1,2 -2,3,0>-1,1,1 1,-3,3>1,0,0 -2,3,1>-1,1,2 1,0,0>0,0,1 0,4,-2>0,2,-1"}
{"par":5,"whiteIs":"A","ptsW":null,"res":"tope","plies":80,"balW":200,"secs":4.7,"apertura":"1,-2,3>0,0,2 1,3,-2>1,2,-2 3,-2,0>2,0,-1 -1,3,0>-1,2,0 0,-2,4>-1,-1,3 -2,3,0>-1,1,1"}
{"par":5,"whiteIs":"B","ptsW":0,"res":"mate","plies":46,"balW":-1075,"secs":2.8,"apertura":"1,-2,3>0,0,2 1,3,-2>1,2,-2 3,-2,0>2,0,-1 -1,3,0>-1,2,0 0,-2,4>-1,-1,3 -2,3,0>-1,1,1"}
{"par":6,"whiteIs":"A","ptsW":null,"res":"tope","plies":80,"balW":1791,"secs":3.8,"apertura":"2,-2,2>1,-1,1 0,3,-1>1,1,0 3,-3,2>2,-2,2 -1,4,-1>2,1,-1 2,-2,2>2,0,0 -1,3,0>0,1,1"}
{"par":6,"whiteIs":"B","ptsW":null,"res":"tope","plies":80,"balW":1926,"secs":3.6,"apertura":"2,-2,2>1,-1,1 0,3,-1>1,1,0 3,-3,2>2,-2,2 -1,4,-1>2,1,-1 2,-2,2>2,0,0 -1,3,0>0,1,1"}
{"par":7,"whiteIs":"A","ptsW":null,"res":"tope","plies":80,"balW":-105,"secs":5.2,"apertura":"3,-2,1>2,-1,0 -1,3,-1>0,2,0 3,-3,1>3,-1,0 0,3,-1>0,2,-1 1,-3,4>0,-1,2 -3,3,1>-2,1,2"}
{"par":7,"whiteIs":"B","ptsW":null,"res":"tope","plies":80,"balW":-7,"secs":3.6,"apertura":"3,-2,1>2,-1,0 -1,3,-1>0,2,0 3,-3,1>3,-1,0 0,3,-1>0,2,-1 1,-3,4>0,-1,2 -3,3,1>-2,1,2"}
{"par":8,"whiteIs":"A","ptsW":null,"res":"tope","plies":80,"balW":100,"secs":4.7,"apertura":"1,-2,3>0,0,2 0,3,-2>1,2,-1 3,-3,1>2,-1,1 0,4,-2>-1,2,0 3,-2,0>3,-1,0 0,3,-1>1,1,0"}
{"par":8,"whiteIs":"B","ptsW":0,"res":"mate","plies":70,"balW":193,"secs":5,"apertura":"1,-2,3>0,0,2 0,3,-2>1,2,-1 3,-3,1>2,-1,1 0,4,-2>-1,2,0 3,-2,0>3,-1,0 0,3,-1>1,1,0"}
{"par":9,"whiteIs":"A","ptsW":null,"res":"tope","plies":80,"balW":1193,"secs":4.1,"apertura":"3,-3,1>2,-1,1 0,3,-2>1,1,-1 0,-2,3>0,-1,3 -3,4,0>-2,2,2 1,-2,2>1,-1,2 -2,2,2>0,1,0"}
{"par":9,"whiteIs":"B","ptsW":null,"res":"tope","plies":80,"balW":142,"secs":4.1,"apertura":"3,-3,1>2,-1,1 0,3,-2>1,1,-1 0,-2,3>0,-1,3 -3,4,0>-2,2,2 1,-2,2>1,-1,2 -2,2,2>0,1,0"}
{"par":10,"whiteIs":"A","ptsW":null,"res":"tope","plies":80,"balW":100,"secs":4.1,"apertura":"1,-2,3>0,0,2 -2,3,0>-1,2,1 3,-2,0>2,0,-1 -2,4,-1>-2,3,0 3,-3,1>3,-1,0 0,4,-2>-1,2,0"}
{"par":10,"whiteIs":"B","ptsW":0,"res":"mate","plies":62,"balW":-1410,"secs":3.2,"apertura":"1,-2,3>0,0,2 -2,3,0>-1,2,1 3,-2,0>2,0,-1 -2,4,-1>-2,3,0 3,-3,1>3,-1,0 0,4,-2>-1,2,0"}
{"par":11,"whiteIs":"A","ptsW":null,"res":"tope","plies":80,"balW":558,"secs":3.9,"apertura":"3,-3,1>1,-1,2 0,3,-2>1,2,-1 2,-2,2>1,0,1 0,4,-2>0,2,-1 0,-2,4>-1,-1,3 -1,4,-2>1,2,-2"}
{"par":11,"whiteIs":"B","ptsW":null,"res":"tope","plies":80,"balW":-400,"secs":4.3,"apertura":"3,-3,1>1,-1,2 0,3,-2>1,2,-1 2,-2,2>1,0,1 0,4,-2>0,2,-1 0,-2,4>-1,-1,3 -1,4,-2>1,2,-2"}
{"par":12,"whiteIs":"A","ptsW":null,"res":"tope","plies":80,"balW":-658,"secs":3.6,"apertura":"1,-2,2>0,0,1 -2,3,1>-2,2,1 2,-2,1>1,0,0 0,3,-1>1,1,0 1,-2,3>0,0,2 -1,4,-1>1,2,-1"}
{"par":12,"whiteIs":"B","ptsW":null,"res":"tope","plies":80,"balW":-30,"secs":4.3,"apertura":"1,-2,2>0,0,1 -2,3,1>-2,2,1 2,-2,1>1,0,0 0,3,-1>1,1,0 1,-2,3>0,0,2 -1,4,-1>1,2,-1"}
{"par":13,"whiteIs":"A","ptsW":null,"res":"tope","plies":80,"balW":910,"secs":4.1,"apertura":"1,-2,3>0,0,2 0,3,-1>1,1,0 0,-2,4>-1,-1,3 -1,3,0>0,1,1 3,-2,0>3,-1,0 0,4,-2>0,2,-1"}
{"par":13,"whiteIs":"B","ptsW":null,"res":"tope","plies":80,"balW":716,"secs":4.1,"apertura":"1,-2,3>0,0,2 0,3,-1>1,1,0 0,-2,4>-1,-1,3 -1,3,0>0,1,1 3,-2,0>3,-1,0 0,4,-2>0,2,-1"}
{"par":14,"whiteIs":"A","ptsW":null,"res":"tope","plies":80,"balW":0,"secs":4.4,"apertura":"0,-2,3>0,-1,3 -3,3,1>-2,1,2 0,-1,3>-1,0,2 -1,3,-1>0,2,0 2,-2,1>2,-1,1 0,4,-2>1,2,-2"}
{"par":14,"whiteIs":"B","ptsW":null,"res":"tope","plies":80,"balW":-193,"secs":4.2,"apertura":"0,-2,3>0,-1,3 -3,3,1>-2,1,2 0,-1,3>-1,0,2 -1,3,-1>0,2,0 2,-2,1>2,-1,1 0,4,-2>1,2,-2"}
{"par":15,"whiteIs":"A","ptsW":null,"res":"tope","plies":80,"balW":-77,"secs":4.1,"apertura":"3,-2,1>2,-1,0 -1,3,-1>0,2,0 2,-1,0>2,0,0 -1,4,-1>-1,3,-1 3,-3,1>2,-1,1 -3,4,0>-1,4,-1"}
{"par":15,"whiteIs":"B","ptsW":null,"res":"tope","plies":80,"balW":1375,"secs":3.8,"apertura":"3,-2,1>2,-1,0 -1,3,-1>0,2,0 2,-1,0>2,0,0 -1,4,-1>-1,3,-1 3,-3,1>2,-1,1 -3,4,0>-1,4,-1"}
{"par":16,"whiteIs":"A","ptsW":1,"res":"mate","plies":45,"balW":865,"secs":3.3,"apertura":"0,-2,4>-1,0,3 0,3,-2>1,2,-1 3,-3,1>1,-1,2 -3,4,0>-1,2,1 1,-1,2>-1,1,1 -1,2,1>-3,4,0"}
{"par":16,"whiteIs":"B","ptsW":null,"res":"tope","plies":80,"balW":-100,"secs":4.1,"apertura":"0,-2,4>-1,0,3 0,3,-2>1,2,-1 3,-3,1>1,-1,2 -3,4,0>-1,2,1 1,-1,2>-1,1,1 -1,2,1>-3,4,0"}
{"par":17,"whiteIs":"A","ptsW":null,"res":"tope","plies":80,"balW":-300,"secs":4.8,"apertura":"1,-3,4>-1,-1,3 0,4,-2>0,2,-1 0,-2,3>-1,0,2 0,4,-3>0,4,-2 2,-3,3>1,-3,4 0,2,-1>2,0,0"}
{"par":17,"whiteIs":"B","ptsW":null,"res":"tope","plies":80,"balW":-358,"secs":3.7,"apertura":"1,-3,4>-1,-1,3 0,4,-2>0,2,-1 0,-2,3>-1,0,2 0,4,-3>0,4,-2 2,-3,3>1,-3,4 0,2,-1>2,0,0"}
{"par":18,"whiteIs":"A","ptsW":1,"res":"mate","plies":53,"balW":1445,"secs":2.9,"apertura":"0,-2,4>-1,0,3 -1,3,0>0,1,1 0,-2,3>-1,0,2 -1,4,-1>-1,1,2 3,-2,0>3,-1,0 0,4,-2>-1,2,0"}
{"par":18,"whiteIs":"B","ptsW":null,"res":"tope","plies":80,"balW":475,"secs":4.1,"apertura":"0,-2,4>-1,0,3 -1,3,0>0,1,1 0,-2,3>-1,0,2 -1,4,-1>-1,1,2 3,-2,0>3,-1,0 0,4,-2>-1,2,0"}
{"par":19,"whiteIs":"A","ptsW":null,"res":"tope","plies":80,"balW":200,"secs":4.1,"apertura":"2,-2,1>2,-1,1 -3,3,1>-2,2,2 3,-2,1>2,0,0 -2,3,1>-1,1,2 2,-1,1>1,0,0 -1,3,0>-1,2,0"}
{"par":19,"whiteIs":"B","ptsW":null,"res":"tope","plies":80,"balW":-100,"secs":4.1,"apertura":"2,-2,1>2,-1,1 -3,3,1>-2,2,2 3,-2,1>2,0,0 -2,3,1>-1,1,2 2,-1,1>1,0,0 -1,3,0>-1,2,0"}
{"par":20,"whiteIs":"A","ptsW":null,"res":"tope","plies":80,"balW":223,"secs":3.3,"apertura":"0,-2,3>0,-1,3 0,4,-2>1,2,-2 1,-3,4>-1,-1,3 1,2,-2>2,0,0 3,-3,1>1,-1,2 0,3,-1>0,2,-1"}
{"par":20,"whiteIs":"B","ptsW":null,"res":"tope","plies":80,"balW":105,"secs":4.2,"apertura":"0,-2,3>0,-1,3 0,4,-2>1,2,-2 1,-3,4>-1,-1,3 1,2,-2>2,0,0 3,-3,1>1,-1,2 0,3,-1>0,2,-1"}
{"par":21,"whiteIs":"A","ptsW":null,"res":"tope","plies":80,"balW":463,"secs":4.2,"apertura":"3,-2,1>2,-1,0 -3,3,1>-2,1,2 3,-2,0>2,0,-1 -3,4,0>-2,2,2 2,-2,2>1,-1,1 1,3,-2>2,1,-1"}
{"par":21,"whiteIs":"B","ptsW":0,"res":"mate","plies":64,"balW":-735,"secs":3.8,"apertura":"3,-2,1>2,-1,0 -3,3,1>-2,1,2 3,-2,0>2,0,-1 -3,4,0>-2,2,2 2,-2,2>1,-1,1 1,3,-2>2,1,-1"}
{"par":22,"whiteIs":"A","ptsW":null,"res":"tope","plies":80,"balW":-100,"secs":4.4,"apertura":"3,-3,1>1,-1,2 0,4,-2>-1,2,0 3,-2,1>2,0,0 -2,3,0>-1,1,1 1,-1,2>-1,-1,3 0,4,-3>0,4,-2"}
{"par":22,"whiteIs":"B","ptsW":null,"res":"tope","plies":80,"balW":-975,"secs":4.4,"apertura":"3,-3,1>1,-1,2 0,4,-2>-1,2,0 3,-2,1>2,0,0 -2,3,0>-1,1,1 1,-1,2>-1,-1,3 0,4,-3>0,4,-2"}
{"par":23,"whiteIs":"A","ptsW":null,"res":"tope","plies":80,"balW":-70,"secs":4.6,"apertura":"0,-2,4>-1,0,3 0,3,-1>1,1,0 3,-2,1>2,0,0 1,3,-2>1,2,-2 1,-2,2>0,0,1 -1,3,-1>0,1,0"}
{"par":23,"whiteIs":"B","ptsW":null,"res":"tope","plies":80,"balW":77,"secs":3.9,"apertura":"0,-2,4>-1,0,3 0,3,-1>1,1,0 3,-2,1>2,0,0 1,3,-2>1,2,-2 1,-2,2>0,0,1 -1,3,-1>0,1,0"}
{"par":24,"whiteIs":"A","ptsW":null,"res":"tope","plies":80,"balW":47,"secs":4.1,"apertura":"3,-3,1>3,-1,0 -2,3,1>-1,1,2 1,-2,3>0,0,2 -2,4,0>-2,2,2 2,-3,3>1,-2,3 1,3,-2>2,1,-1"}
{"par":24,"whiteIs":"B","ptsW":null,"res":"tope","plies":80,"balW":-1110,"secs":5.1,"apertura":"3,-3,1>3,-1,0 -2,3,1>-1,1,2 1,-2,3>0,0,2 -2,4,0>-2,2,2 2,-3,3>1,-2,3 1,3,-2>2,1,-1"}
{"par":25,"whiteIs":"A","ptsW":null,"res":"tope","plies":80,"balW":335,"secs":4.8,"apertura":"1,-3,4>-1,-1,3 0,4,-2>1,2,-2 -1,-1,3>0,1,1 1,2,-2>0,4,-2 3,-3,1>1,-1,2 1,3,-2>2,1,-1"}
{"par":25,"whiteIs":"B","ptsW":null,"res":"tope","plies":80,"balW":-288,"secs":4.7,"apertura":"1,-3,4>-1,-1,3 0,4,-2>1,2,-2 -1,-1,3>0,1,1 1,2,-2>0,4,-2 3,-3,1>1,-1,2 1,3,-2>2,1,-1"}
{"par":26,"whiteIs":"A","ptsW":null,"res":"tope","plies":80,"balW":-493,"secs":4.6,"apertura":"0,-2,4>-1,-1,3 -1,3,0>0,1,1 1,-2,3>0,-1,2 -2,4,0>0,2,0 1,-2,2>1,-1,2 0,4,-2>1,2,-2"}
{"par":26,"whiteIs":"B","ptsW":null,"res":"tope","plies":80,"balW":-100,"secs":4.1,"apertura":"0,-2,4>-1,-1,3 -1,3,0>0,1,1 1,-2,3>0,-1,2 -2,4,0>0,2,0 1,-2,2>1,-1,2 0,4,-2>1,2,-2"}
{"par":27,"whiteIs":"A","ptsW":null,"res":"tope","plies":80,"balW":759,"secs":3.9,"apertura":"3,-3,1>1,-1,2 0,4,-2>-1,2,0 4,-3,1>3,-3,1 -2,3,0>-1,1,1 1,-2,3>0,0,2 -3,3,1>-2,1,2"}
{"par":27,"whiteIs":"B","ptsW":null,"res":"tope","plies":80,"balW":-242,"secs":4,"apertura":"3,-3,1>1,-1,2 0,4,-2>-1,2,0 4,-3,1>3,-3,1 -2,3,0>-1,1,1 1,-2,3>0,0,2 -3,3,1>-2,1,2"}
{"par":28,"whiteIs":"A","ptsW":null,"res":"tope","plies":80,"balW":293,"secs":4.6,"apertura":"1,-2,3>0,0,2 1,3,-2>1,2,-2 3,-2,0>3,-1,0 -2,3,0>-1,2,1 0,-3,4>1,-2,3 -3,4,0>-2,2,2"}
{"par":28,"whiteIs":"B","ptsW":null,"res":"tope","plies":80,"balW":-195,"secs":4.7,"apertura":"1,-2,3>0,0,2 1,3,-2>1,2,-2 3,-2,0>3,-1,0 -2,3,0>-1,2,1 0,-3,4>1,-2,3 -3,4,0>-2,2,2"}
{"par":29,"whiteIs":"A","ptsW":null,"res":"tope","plies":80,"balW":623,"secs":3.9,"apertura":"1,-3,4>0,-1,2 -3,4,0>-1,2,1 1,-2,2>0,0,1 -1,2,1>1,1,-1 0,-1,2>2,0,0 -3,3,1>-2,2,2"}
{"par":29,"whiteIs":"B","ptsW":1,"res":"mate","plies":71,"balW":1633,"secs":3.6,"apertura":"1,-3,4>0,-1,2 -3,4,0>-1,2,1 1,-2,2>0,0,1 -1,2,1>1,1,-1 0,-1,2>2,0,0 -3,3,1>-2,2,2"}
{"par":30,"whiteIs":"A","ptsW":null,"res":"tope","plies":80,"balW":-207,"secs":3.9,"apertura":"3,-3,1>1,-1,2 0,3,-1>0,2,-1 1,-1,2>-1,-1,3 -2,3,1>-2,2,1 -1,-1,3>1,-1,2 -2,4,0>-2,2,2"}
{"par":30,"whiteIs":"B","ptsW":null,"res":"tope","plies":80,"balW":-100,"secs":4.2,"apertura":"3,-3,1>1,-1,2 0,3,-1>0,2,-1 1,-1,2>-1,-1,3 -2,3,1>-2,2,1 -1,-1,3>1,-1,2 -2,4,0>-2,2,2"}
{"par":31,"whiteIs":"A","ptsW":null,"res":"tope","plies":80,"balW":-752,"secs":4.3,"apertura":"1,-3,4>-1,-1,3 -2,3,1>-2,2,1 3,-2,0>2,0,-1 -3,4,0>-1,2,1 3,-3,1>3,-1,0 -2,4,0>-2,2,2"}
{"par":31,"whiteIs":"B","ptsW":null,"res":"tope","plies":80,"balW":-617,"secs":3.8,"apertura":"1,-3,4>-1,-1,3 -2,3,1>-2,2,1 3,-2,0>2,0,-1 -3,4,0>-1,2,1 3,-3,1>3,-1,0 -2,4,0>-2,2,2"}
{"par":32,"whiteIs":"A","ptsW":null,"res":"tope","plies":80,"balW":-365,"secs":4.7,"apertura":"0,-2,3>0,-1,3 1,3,-2>1,2,-2 3,-3,1>3,-1,0 -1,3,-1>0,1,0 3,-1,0>1,0,0 -3,3,1>-2,2,2"}
{"par":32,"whiteIs":"B","ptsW":null,"res":"tope","plies":80,"balW":-365,"secs":4.1,"apertura":"0,-2,3>0,-1,3 1,3,-2>1,2,-2 3,-3,1>3,-1,0 -1,3,-1>0,1,0 3,-1,0>1,0,0 -3,3,1>-2,2,2"}
{"par":33,"whiteIs":"A","ptsW":null,"res":"tope","plies":80,"balW":-100,"secs":4.8,"apertura":"2,-2,1>2,-1,1 1,3,-2>1,2,-2 0,-2,3>0,-1,3 -3,4,0>-2,2,2 3,-2,1>2,-1,0 -2,2,2>-1,0,2"}
{"par":33,"whiteIs":"B","ptsW":null,"res":"tope","plies":80,"balW":-172,"secs":4.4,"apertura":"2,-2,1>2,-1,1 1,3,-2>1,2,-2 0,-2,3>0,-1,3 -3,4,0>-2,2,2 3,-2,1>2,-1,0 -2,2,2>-1,0,2"}
{"par":34,"whiteIs":"A","ptsW":null,"res":"tope","plies":80,"balW":100,"secs":5.4,"apertura":"3,-3,1>1,-1,2 0,3,-2>1,1,-1 0,-2,3>0,-1,3 0,4,-2>1,2,-2 3,-2,1>2,-1,0 -1,4,-1>0,4,-2"}
{"par":34,"whiteIs":"B","ptsW":null,"res":"tope","plies":80,"balW":235,"secs":3.9,"apertura":"3,-3,1>1,-1,2 0,3,-2>1,1,-1 0,-2,3>0,-1,3 0,4,-2>1,2,-2 3,-2,1>2,-1,0 -1,4,-1>0,4,-2"}
{"par":35,"whiteIs":"A","ptsW":null,"res":"tope","plies":80,"balW":-658,"secs":4.1,"apertura":"1,-2,3>0,0,2 -1,3,0>-1,2,0 3,-2,1>2,-1,0 -3,4,0>-1,2,1 3,-3,1>2,-1,1 -1,3,-1>0,2,0"}
{"par":35,"whiteIs":"B","ptsW":null,"res":"tope","plies":80,"balW":-958,"secs":4.4,"apertura":"1,-2,3>0,0,2 -1,3,0>-1,2,0 3,-2,1>2,-1,0 -3,4,0>-1,2,1 3,-3,1>2,-1,1 -1,3,-1>0,2,0"}
{"par":36,"whiteIs":"A","ptsW":null,"res":"tope","plies":80,"balW":-458,"secs":3.9,"apertura":"3,-3,1>3,-1,0 -1,3,0>0,1,1 1,-3,4>-1,-1,3 -3,4,0>-2,2,2 2,-2,1>1,0,0 -3,4,1>-3,4,0"}
{"par":36,"whiteIs":"B","ptsW":null,"res":"tope","plies":80,"balW":270,"secs":3.8,"apertura":"3,-3,1>3,-1,0 -1,3,0>0,1,1 1,-3,4>-1,-1,3 -3,4,0>-2,2,2 2,-2,1>1,0,0 -3,4,1>-3,4,0"}
{"par":37,"whiteIs":"A","ptsW":null,"res":"tope","plies":80,"balW":-1375,"secs":4.4,"apertura":"2,-2,2>1,0,1 -2,3,1>-1,1,2 1,-2,2>1,-1,2 1,3,-2>1,2,-2 3,-2,1>2,0,0 -1,3,0>0,1,1"}
{"par":37,"whiteIs":"B","ptsW":null,"res":"tope","plies":80,"balW":-393,"secs":5.1,"apertura":"2,-2,2>1,0,1 -2,3,1>-1,1,2 1,-2,2>1,-1,2 1,3,-2>1,2,-2 3,-2,1>2,0,0 -1,3,0>0,1,1"}
{"par":38,"whiteIs":"A","ptsW":null,"res":"tope","plies":80,"balW":823,"secs":4.1,"apertura":"3,-3,1>2,-1,1 -2,3,0>-1,2,1 4,-3,1>3,-3,1 0,3,-1>1,1,0 2,-1,1>1,1,-1 1,3,-2>2,1,-1"}
{"par":38,"whiteIs":"B","ptsW":null,"res":"tope","plies":80,"balW":945,"secs":5.1,"apertura":"3,-3,1>2,-1,1 -2,3,0>-1,2,1 4,-3,1>3,-3,1 0,3,-1>1,1,0 2,-1,1>1,1,-1 1,3,-2>2,1,-1"}
{"par":39,"whiteIs":"A","ptsW":null,"res":"tope","plies":80,"balW":-23,"secs":4.4,"apertura":"1,-2,3>0,0,2 0,4,-2>0,2,-1 1,-3,4>0,-1,2 -2,3,0>-1,2,1 0,-1,2>-1,1,2 0,2,-1>2,1,-1"}
{"par":39,"whiteIs":"B","ptsW":null,"res":"tope","plies":80,"balW":70,"secs":4.9,"apertura":"1,-2,3>0,0,2 0,4,-2>0,2,-1 1,-3,4>0,-1,2 -2,3,0>-1,2,1 0,-1,2>-1,1,2 0,2,-1>2,1,-1"}
{"par":40,"whiteIs":"A","ptsW":0,"res":"mate","plies":76,"balW":-1403,"secs":3.6,"apertura":"0,-2,3>-1,0,2 -2,3,1>-2,2,1 3,-2,0>3,-1,0 -1,3,0>0,1,1 1,-3,3>0,-2,3 -2,3,0>-1,1,1"}
{"par":40,"whiteIs":"B","ptsW":null,"res":"tope","plies":80,"balW":23,"secs":4.7,"apertura":"0,-2,3>-1,0,2 -2,3,1>-2,2,1 3,-2,0>3,-1,0 -1,3,0>0,1,1 1,-3,3>0,-2,3 -2,3,0>-1,1,1"}
{"par":41,"whiteIs":"A","ptsW":null,"res":"tope","plies":80,"balW":-365,"secs":4.2,"apertura":"1,-2,2>1,-1,2 0,4,-2>-1,2,0 0,-2,4>-1,-1,3 -1,3,-1>0,2,0 1,-3,4>1,-2,2 0,3,-1>0,2,-1"}
{"par":41,"whiteIs":"B","ptsW":null,"res":"tope","plies":80,"balW":-170,"secs":3.8,"apertura":"1,-2,2>1,-1,2 0,4,-2>-1,2,0 0,-2,4>-1,-1,3 -1,3,-1>0,2,0 1,-3,4>1,-2,2 0,3,-1>0,2,-1"}
{"par":42,"whiteIs":"A","ptsW":null,"res":"tope","plies":80,"balW":200,"secs":3.6,"apertura":"0,-2,3>0,-1,3 1,3,-2>2,1,-1 3,-2,0>2,0,-1 -3,3,1>-2,2,2 2,-2,1>2,-1,1 0,4,-2>0,2,-1"}
{"par":42,"whiteIs":"B","ptsW":null,"res":"tope","plies":80,"balW":235,"secs":4.3,"apertura":"0,-2,3>0,-1,3 1,3,-2>2,1,-1 3,-2,0>2,0,-1 -3,3,1>-2,2,2 2,-2,1>2,-1,1 0,4,-2>0,2,-1"}
{"par":43,"whiteIs":"A","ptsW":null,"res":"tope","plies":80,"balW":-263,"secs":3.8,"apertura":"0,-2,4>-1,0,3 0,4,-2>-1,2,0 3,-2,0>2,0,-1 0,3,-2>1,2,-1 3,-2,1>2,0,0 -1,3,-1>0,1,0"}
{"par":43,"whiteIs":"B","ptsW":null,"res":"tope","plies":80,"balW":-335,"secs":4.4,"apertura":"0,-2,4>-1,0,3 0,4,-2>-1,2,0 3,-2,0>2,0,-1 0,3,-2>1,2,-1 3,-2,1>2,0,0 -1,3,-1>0,1,0"}
{"par":44,"whiteIs":"A","ptsW":null,"res":"tope","plies":80,"balW":-93,"secs":4.6,"apertura":"2,-2,2>1,-1,1 0,3,-2>1,2,-1 3,-3,2>2,-2,2 -2,3,0>-1,1,1 1,-2,2>1,-1,2 -3,4,1>-2,3,0"}
{"par":44,"whiteIs":"B","ptsW":null,"res":"tope","plies":80,"balW":265,"secs":4.4,"apertura":"2,-2,2>1,-1,1 0,3,-2>1,2,-1 3,-3,2>2,-2,2 -2,3,0>-1,1,1 1,-2,2>1,-1,2 -3,4,1>-2,3,0"}
{"par":45,"whiteIs":"A","ptsW":null,"res":"tope","plies":80,"balW":-628,"secs":3.9,"apertura":"0,-2,4>-1,-1,3 -1,3,0>0,1,1 3,-2,1>2,-1,0 -2,3,1>-2,2,1 0,-3,4>0,-2,4 -2,3,0>-1,2,1"}
{"par":45,"whiteIs":"B","ptsW":null,"res":"tope","plies":80,"balW":123,"secs":4,"apertura":"0,-2,4>-1,-1,3 -1,3,0>0,1,1 3,-2,1>2,-1,0 -2,3,1>-2,2,1 0,-3,4>0,-2,4 -2,3,0>-1,2,1"}
{"par":46,"whiteIs":"A","ptsW":null,"res":"tope","plies":80,"balW":-123,"secs":4.8,"apertura":"1,-3,4>-1,-1,3 0,3,-1>0,2,-1 -1,-1,3>-1,1,2 -3,4,0>-1,2,1 2,-2,2>1,-1,1 0,3,-2>1,2,-1"}
{"par":46,"whiteIs":"B","ptsW":null,"res":"tope","plies":80,"balW":100,"secs":5,"apertura":"1,-3,4>-1,-1,3 0,3,-1>0,2,-1 -1,-1,3>-1,1,2 -3,4,0>-1,2,1 2,-2,2>1,-1,1 0,3,-2>1,2,-1"}
{"par":47,"whiteIs":"A","ptsW":null,"res":"tope","plies":80,"balW":77,"secs":5.1,"apertura":"3,-3,1>1,-1,2 -2,3,1>-2,2,1 1,-1,2>1,0,0 1,3,-2>2,1,-1 1,-2,3>0,-1,2 -2,2,1>-1,1,2"}
{"par":47,"whiteIs":"B","ptsW":null,"res":"tope","plies":80,"balW":-452,"secs":5,"apertura":"3,-3,1>1,-1,2 -2,3,1>-2,2,1 1,-1,2>1,0,0 1,3,-2>2,1,-1 1,-2,3>0,-1,2 -2,2,1>-1,1,2"}
{"par":48,"whiteIs":"A","ptsW":null,"res":"tope","plies":80,"balW":775,"secs":4,"apertura":"3,-3,1>2,-1,1 -1,3,-1>0,2,0 3,-2,0>2,0,-1 -3,3,1>-2,1,2 2,-2,2>1,0,1 0,4,-2>0,2,-1"}
{"par":48,"whiteIs":"B","ptsW":null,"res":"tope","plies":80,"balW":-365,"secs":4,"apertura":"3,-3,1>2,-1,1 -1,3,-1>0,2,0 3,-2,0>2,0,-1 -3,3,1>-2,1,2 2,-2,2>1,0,1 0,4,-2>0,2,-1"}
{"par":49,"whiteIs":"A","ptsW":null,"res":"tope","plies":80,"balW":193,"secs":4.7,"apertura":"1,-2,3>0,0,2 1,3,-2>1,2,-2 0,-2,3>0,-1,3 -2,3,0>-1,1,1 3,-3,1>1,-2,3 1,2,-2>2,1,-1"}
{"par":49,"whiteIs":"B","ptsW":null,"res":"tope","plies":80,"balW":1198,"secs":4.3,"apertura":"1,-2,3>0,0,2 1,3,-2>1,2,-2 0,-2,3>0,-1,3 -2,3,0>-1,1,1 3,-3,1>1,-2,3 1,2,-2>2,1,-1"}
{"par":50,"whiteIs":"A","ptsW":null,"res":"tope","plies":80,"balW":37,"secs":4.3,"apertura":"3,-3,1>1,-1,2 0,4,-2>0,2,-1 2,-2,2>1,0,1 0,2,-1>-1,2,1 0,-2,3>-1,0,2 -1,3,-1>0,1,0"}
{"par":50,"whiteIs":"B","ptsW":null,"res":"tope","plies":80,"balW":358,"secs":3.9,"apertura":"3,-3,1>1,-1,2 0,4,-2>0,2,-1 2,-2,2>1,0,1 0,2,-1>-1,2,1 0,-2,3>-1,0,2 -1,3,-1>0,1,0"}
{"par":51,"whiteIs":"A","ptsW":null,"res":"tope","plies":80,"balW":-235,"secs":4.2,"apertura":"3,-3,1>3,-1,0 0,3,-2>1,2,-1 1,-3,4>-1,-1,3 -3,4,0>-1,2,1 4,-3,1>3,-3,1 -1,4,-2>0,3,-2"}
{"par":51,"whiteIs":"B","ptsW":null,"res":"tope","plies":80,"balW":-200,"secs":4.1,"apertura":"3,-3,1>3,-1,0 0,3,-2>1,2,-1 1,-3,4>-1,-1,3 -3,4,0>-1,2,1 4,-3,1>3,-3,1 -1,4,-2>0,3,-2"}
{"par":52,"whiteIs":"A","ptsW":null,"res":"tope","plies":80,"balW":372,"secs":5.5,"apertura":"2,-2,1>1,0,0 -2,3,1>-1,1,2 1,-2,2>0,0,1 -2,3,0>-1,2,1 0,-2,3>-1,0,2 0,3,-2>1,2,-1"}
{"par":52,"whiteIs":"B","ptsW":null,"res":"tope","plies":80,"balW":165,"secs":6.1,"apertura":"2,-2,1>1,0,0 -2,3,1>-1,1,2 1,-2,2>0,0,1 -2,3,0>-1,2,1 0,-2,3>-1,0,2 0,3,-2>1,2,-1"}
{"par":53,"whiteIs":"A","ptsW":null,"res":"tope","plies":80,"balW":100,"secs":3.9,"apertura":"2,-2,1>1,0,0 0,3,-2>1,2,-1 1,0,0>1,1,0 1,3,-2>2,1,-1 1,-3,4>-1,-1,3 2,1,-1>2,0,-1"}
{"par":53,"whiteIs":"B","ptsW":null,"res":"tope","plies":80,"balW":-170,"secs":3.2,"apertura":"2,-2,1>1,0,0 0,3,-2>1,2,-1 1,0,0>1,1,0 1,3,-2>2,1,-1 1,-3,4>-1,-1,3 2,1,-1>2,0,-1"}
