# {"fecha":"2026-08-03T21:48:23.759Z","modalidad":"salas-1998","A":{"nombre":"vigente","cfg":{"depth":24,"mobility":true,"order":true,"quiesce":true,"nodes":4500}},"B":{"nombre":"all","cfg":{"depth":24,"mobility":true,"order":true,"quiesce":true,"nodes":4500,"pieceValues":{"P":100,"R":309,"B":291,"Q":655,"N":218,"K":0},"positionWeights":{"P":{"centrality":-14,"advance":-26},"B":{"centrality":-4},"Q":{"centrality":25},"N":{"centrality":3}},"mobilityWeight":5.68}},"MAX_PLIES":80,"FIFTY":40,"OPENING_PLIES":6,"SEED":25001,"FIRST":1,"PAIRS":53,"libro":"libro-salas-1998.json"}
{"par":1,"whiteIs":"A","ptsW":null,"res":"tope","plies":80,"balW":242,"secs":4.5,"apertura":"3,-3,1>1,-1,2 -1,3,-1>0,2,0 1,-1,2>-1,0,2 1,3,-2>1,2,-2 1,-2,3>0,0,2 -3,4,0>-1,2,1"}
{"par":1,"whiteIs":"B","ptsW":null,"res":"tope","plies":80,"balW":328,"secs":4.3,"apertura":"3,-3,1>1,-1,2 -1,3,-1>0,2,0 1,-1,2>-1,0,2 1,3,-2>1,2,-2 1,-2,3>0,0,2 -3,4,0>-1,2,1"}
{"par":2,"whiteIs":"A","ptsW":null,"res":"tope","plies":80,"balW":135,"secs":3.9,"apertura":"3,-2,1>2,-1,0 -1,3,0>0,1,1 1,-2,2>0,0,1 -1,4,-1>-1,3,0 0,-2,4>-1,-1,3 -2,3,1>-1,1,2"}
{"par":2,"whiteIs":"B","ptsW":null,"res":"tope","plies":80,"balW":-30,"secs":4.2,"apertura":"3,-2,1>2,-1,0 -1,3,0>0,1,1 1,-2,2>0,0,1 -1,4,-1>-1,3,0 0,-2,4>-1,-1,3 -2,3,1>-1,1,2"}
{"par":3,"whiteIs":"A","ptsW":null,"res":"tope","plies":80,"balW":1093,"secs":4.3,"apertura":"0,-2,3>0,-1,3 -2,3,1>-2,2,1 1,-2,3>0,-1,2 -2,4,0>-2,2,2 1,-3,3>0,-2,3 -2,2,2>0,2,0"}
{"par":3,"whiteIs":"B","ptsW":null,"res":"tope","plies":80,"balW":-458,"secs":4.4,"apertura":"0,-2,3>0,-1,3 -2,3,1>-2,2,1 1,-2,3>0,-1,2 -2,4,0>-2,2,2 1,-3,3>0,-2,3 -2,2,2>0,2,0"}
{"par":4,"whiteIs":"A","ptsW":1,"res":"mate","plies":75,"balW":963,"secs":4.4,"apertura":"1,-2,2>1,-1,2 -2,3,0>-1,1,1 1,-3,3>1,0,0 -2,3,1>-1,1,2 1,0,0>0,0,1 0,4,-2>0,2,-1"}
{"par":4,"whiteIs":"B","ptsW":null,"res":"tope","plies":80,"balW":100,"secs":5,"apertura":"1,-2,2>1,-1,2 -2,3,0>-1,1,1 1,-3,3>1,0,0 -2,3,1>-1,1,2 1,0,0>0,0,1 0,4,-2>0,2,-1"}
{"par":5,"whiteIs":"A","ptsW":null,"res":"tope","plies":80,"balW":723,"secs":4.2,"apertura":"1,-2,3>0,0,2 1,3,-2>1,2,-2 3,-2,0>2,0,-1 -1,3,0>-1,2,0 0,-2,4>-1,-1,3 -2,3,0>-1,1,1"}
{"par":5,"whiteIs":"B","ptsW":null,"res":"tope","plies":80,"balW":-235,"secs":3.8,"apertura":"1,-2,3>0,0,2 1,3,-2>1,2,-2 3,-2,0>2,0,-1 -1,3,0>-1,2,0 0,-2,4>-1,-1,3 -2,3,0>-1,1,1"}
{"par":6,"whiteIs":"A","ptsW":null,"res":"tope","plies":80,"balW":265,"secs":4.2,"apertura":"2,-2,2>1,-1,1 0,3,-1>1,1,0 3,-3,2>2,-2,2 -1,4,-1>2,1,-1 2,-2,2>2,0,0 -1,3,0>0,1,1"}
{"par":6,"whiteIs":"B","ptsW":1,"res":"mate","plies":79,"balW":1103,"secs":4.5,"apertura":"2,-2,2>1,-1,1 0,3,-1>1,1,0 3,-3,2>2,-2,2 -1,4,-1>2,1,-1 2,-2,2>2,0,0 -1,3,0>0,1,1"}
{"par":7,"whiteIs":"A","ptsW":null,"res":"tope","plies":80,"balW":-200,"secs":5,"apertura":"3,-2,1>2,-1,0 -1,3,-1>0,2,0 3,-3,1>3,-1,0 0,3,-1>0,2,-1 1,-3,4>0,-1,2 -3,3,1>-2,1,2"}
{"par":7,"whiteIs":"B","ptsW":null,"res":"tope","plies":80,"balW":-258,"secs":4.6,"apertura":"3,-2,1>2,-1,0 -1,3,-1>0,2,0 3,-3,1>3,-1,0 0,3,-1>0,2,-1 1,-3,4>0,-1,2 -3,3,1>-2,1,2"}
{"par":8,"whiteIs":"A","ptsW":null,"res":"tope","plies":80,"balW":165,"secs":4,"apertura":"1,-2,3>0,0,2 0,3,-2>1,2,-1 3,-3,1>2,-1,1 0,4,-2>-1,2,0 3,-2,0>3,-1,0 0,3,-1>1,1,0"}
{"par":8,"whiteIs":"B","ptsW":null,"res":"tope","plies":80,"balW":77,"secs":4.3,"apertura":"1,-2,3>0,0,2 0,3,-2>1,2,-1 3,-3,1>2,-1,1 0,4,-2>-1,2,0 3,-2,0>3,-1,0 0,3,-1>1,1,0"}
{"par":9,"whiteIs":"A","ptsW":null,"res":"tope","plies":80,"balW":1633,"secs":4.7,"apertura":"3,-3,1>2,-1,1 0,3,-2>1,1,-1 0,-2,3>0,-1,3 -3,4,0>-2,2,2 1,-2,2>1,-1,2 -2,2,2>0,1,0"}
{"par":9,"whiteIs":"B","ptsW":null,"res":"tope","plies":80,"balW":-1826,"secs":4.3,"apertura":"3,-3,1>2,-1,1 0,3,-2>1,1,-1 0,-2,3>0,-1,3 -3,4,0>-2,2,2 1,-2,2>1,-1,2 -2,2,2>0,1,0"}
{"par":10,"whiteIs":"A","ptsW":null,"res":"tope","plies":80,"balW":28,"secs":4.7,"apertura":"1,-2,3>0,0,2 -2,3,0>-1,2,1 3,-2,0>2,0,-1 -2,4,-1>-2,3,0 3,-3,1>3,-1,0 0,4,-2>-1,2,0"}
{"par":10,"whiteIs":"B","ptsW":null,"res":"tope","plies":80,"balW":552,"secs":4.3,"apertura":"1,-2,3>0,0,2 -2,3,0>-1,2,1 3,-2,0>2,0,-1 -2,4,-1>-2,3,0 3,-3,1>3,-1,0 0,4,-2>-1,2,0"}
{"par":11,"whiteIs":"A","ptsW":0,"res":"mate","plies":64,"balW":70,"secs":4.9,"apertura":"3,-3,1>1,-1,2 0,3,-2>1,2,-1 2,-2,2>1,0,1 0,4,-2>0,2,-1 0,-2,4>-1,-1,3 -1,4,-2>1,2,-2"}
{"par":11,"whiteIs":"B","ptsW":null,"res":"tope","plies":80,"balW":-1010,"secs":4.4,"apertura":"3,-3,1>1,-1,2 0,3,-2>1,2,-1 2,-2,2>1,0,1 0,4,-2>0,2,-1 0,-2,4>-1,-1,3 -1,4,-2>1,2,-2"}
{"par":12,"whiteIs":"A","ptsW":1,"res":"mate","plies":19,"balW":980,"secs":1.3,"apertura":"1,-2,2>0,0,1 -2,3,1>-2,2,1 2,-2,1>1,0,0 0,3,-1>1,1,0 1,-2,3>0,0,2 -1,4,-1>1,2,-1"}
{"par":12,"whiteIs":"B","ptsW":null,"res":"tope","plies":80,"balW":-458,"secs":4.5,"apertura":"1,-2,2>0,0,1 -2,3,1>-2,2,1 2,-2,1>1,0,0 0,3,-1>1,1,0 1,-2,3>0,0,2 -1,4,-1>1,2,-1"}
{"par":13,"whiteIs":"A","ptsW":null,"res":"tope","plies":80,"balW":-93,"secs":4.1,"apertura":"1,-2,3>0,0,2 0,3,-1>1,1,0 0,-2,4>-1,-1,3 -1,3,0>0,1,1 3,-2,0>3,-1,0 0,4,-2>0,2,-1"}
{"par":13,"whiteIs":"B","ptsW":null,"res":"tope","plies":80,"balW":-758,"secs":4.3,"apertura":"1,-2,3>0,0,2 0,3,-1>1,1,0 0,-2,4>-1,-1,3 -1,3,0>0,1,1 3,-2,0>3,-1,0 0,4,-2>0,2,-1"}
{"par":14,"whiteIs":"A","ptsW":null,"res":"tope","plies":80,"balW":-93,"secs":4.4,"apertura":"0,-2,3>0,-1,3 -3,3,1>-2,1,2 0,-1,3>-1,0,2 -1,3,-1>0,2,0 2,-2,1>2,-1,1 0,4,-2>1,2,-2"}
{"par":14,"whiteIs":"B","ptsW":null,"res":"tope","plies":80,"balW":300,"secs":4.4,"apertura":"0,-2,3>0,-1,3 -3,3,1>-2,1,2 0,-1,3>-1,0,2 -1,3,-1>0,2,0 2,-2,1>2,-1,1 0,4,-2>1,2,-2"}
{"par":15,"whiteIs":"A","ptsW":null,"res":"tope","plies":80,"balW":-30,"secs":4.1,"apertura":"3,-2,1>2,-1,0 -1,3,-1>0,2,0 2,-1,0>2,0,0 -1,4,-1>-1,3,-1 3,-3,1>2,-1,1 -3,4,0>-1,4,-1"}
{"par":15,"whiteIs":"B","ptsW":null,"res":"tope","plies":80,"balW":800,"secs":3.9,"apertura":"3,-2,1>2,-1,0 -1,3,-1>0,2,0 2,-1,0>2,0,0 -1,4,-1>-1,3,-1 3,-3,1>2,-1,1 -3,4,0>-1,4,-1"}
{"par":16,"whiteIs":"A","ptsW":null,"res":"tope","plies":80,"balW":-235,"secs":4.2,"apertura":"0,-2,4>-1,0,3 0,3,-2>1,2,-1 3,-3,1>1,-1,2 -3,4,0>-1,2,1 1,-1,2>-1,1,1 -1,2,1>-3,4,0"}
{"par":16,"whiteIs":"B","ptsW":null,"res":"tope","plies":80,"balW":200,"secs":4.5,"apertura":"0,-2,4>-1,0,3 0,3,-2>1,2,-1 3,-3,1>1,-1,2 -3,4,0>-1,2,1 1,-1,2>-1,1,1 -1,2,1>-3,4,0"}
{"par":17,"whiteIs":"A","ptsW":null,"res":"tope","plies":80,"balW":1286,"secs":3.9,"apertura":"1,-3,4>-1,-1,3 0,4,-2>0,2,-1 0,-2,3>-1,0,2 0,4,-3>0,4,-2 2,-3,3>1,-3,4 0,2,-1>2,0,0"}
{"par":17,"whiteIs":"B","ptsW":null,"res":"tope","plies":80,"balW":-565,"secs":4.1,"apertura":"1,-3,4>-1,-1,3 0,4,-2>0,2,-1 0,-2,3>-1,0,2 0,4,-3>0,4,-2 2,-3,3>1,-3,4 0,2,-1>2,0,0"}
{"par":18,"whiteIs":"A","ptsW":null,"res":"tope","plies":80,"balW":1298,"secs":4.3,"apertura":"0,-2,4>-1,0,3 -1,3,0>0,1,1 0,-2,3>-1,0,2 -1,4,-1>-1,1,2 3,-2,0>3,-1,0 0,4,-2>-1,2,0"}
{"par":18,"whiteIs":"B","ptsW":1,"res":"mate","plies":37,"balW":687,"secs":2.3,"apertura":"0,-2,4>-1,0,3 -1,3,0>0,1,1 0,-2,3>-1,0,2 -1,4,-1>-1,1,2 3,-2,0>3,-1,0 0,4,-2>-1,2,0"}
{"par":19,"whiteIs":"A","ptsW":null,"res":"tope","plies":80,"balW":-100,"secs":4.4,"apertura":"2,-2,1>2,-1,1 -3,3,1>-2,2,2 3,-2,1>2,0,0 -2,3,1>-1,1,2 2,-1,1>1,0,0 -1,3,0>-1,2,0"}
{"par":19,"whiteIs":"B","ptsW":null,"res":"tope","plies":80,"balW":623,"secs":4.1,"apertura":"2,-2,1>2,-1,1 -3,3,1>-2,2,2 3,-2,1>2,0,0 -2,3,1>-1,1,2 2,-1,1>1,0,0 -1,3,0>-1,2,0"}
{"par":20,"whiteIs":"A","ptsW":null,"res":"tope","plies":80,"balW":293,"secs":4.9,"apertura":"0,-2,3>0,-1,3 0,4,-2>1,2,-2 1,-3,4>-1,-1,3 1,2,-2>2,0,0 3,-3,1>1,-1,2 0,3,-1>0,2,-1"}
{"par":20,"whiteIs":"B","ptsW":null,"res":"tope","plies":80,"balW":-288,"secs":4.3,"apertura":"0,-2,3>0,-1,3 0,4,-2>1,2,-2 1,-3,4>-1,-1,3 1,2,-2>2,0,0 3,-3,1>1,-1,2 0,3,-1>0,2,-1"}
{"par":21,"whiteIs":"A","ptsW":0,"res":"mate","plies":18,"balW":-70,"secs":1.2,"apertura":"3,-2,1>2,-1,0 -3,3,1>-2,1,2 3,-2,0>2,0,-1 -3,4,0>-2,2,2 2,-2,2>1,-1,1 1,3,-2>2,1,-1"}
{"par":21,"whiteIs":"B","ptsW":null,"res":"tope","plies":80,"balW":-200,"secs":4.5,"apertura":"3,-2,1>2,-1,0 -3,3,1>-2,1,2 3,-2,0>2,0,-1 -3,4,0>-2,2,2 2,-2,2>1,-1,1 1,3,-2>2,1,-1"}
{"par":22,"whiteIs":"A","ptsW":null,"res":"tope","plies":80,"balW":-84,"secs":5.1,"apertura":"3,-3,1>1,-1,2 0,4,-2>-1,2,0 3,-2,1>2,0,0 -2,3,0>-1,1,1 1,-1,2>-1,-1,3 0,4,-3>0,4,-2"}
{"par":22,"whiteIs":"B","ptsW":0,"res":"mate","plies":20,"balW":-1110,"secs":1.3,"apertura":"3,-3,1>1,-1,2 0,4,-2>-1,2,0 3,-2,1>2,0,0 -2,3,0>-1,1,1 1,-1,2>-1,-1,3 0,4,-3>0,4,-2"}
{"par":23,"whiteIs":"A","ptsW":null,"res":"tope","plies":80,"balW":212,"secs":4.2,"apertura":"0,-2,4>-1,0,3 0,3,-1>1,1,0 3,-2,1>2,0,0 1,3,-2>1,2,-2 1,-2,2>0,0,1 -1,3,-1>0,1,0"}
{"par":23,"whiteIs":"B","ptsW":null,"res":"tope","plies":80,"balW":-493,"secs":3.7,"apertura":"0,-2,4>-1,0,3 0,3,-1>1,1,0 3,-2,1>2,0,0 1,3,-2>1,2,-2 1,-2,2>0,0,1 -1,3,-1>0,1,0"}
{"par":24,"whiteIs":"A","ptsW":null,"res":"tope","plies":80,"balW":-552,"secs":4.8,"apertura":"3,-3,1>3,-1,0 -2,3,1>-1,1,2 1,-2,3>0,0,2 -2,4,0>-2,2,2 2,-3,3>1,-2,3 1,3,-2>2,1,-1"}
{"par":24,"whiteIs":"B","ptsW":null,"res":"tope","plies":80,"balW":-177,"secs":4.6,"apertura":"3,-3,1>3,-1,0 -2,3,1>-1,1,2 1,-2,3>0,0,2 -2,4,0>-2,2,2 2,-3,3>1,-2,3 1,3,-2>2,1,-1"}
{"par":25,"whiteIs":"A","ptsW":null,"res":"tope","plies":80,"balW":1433,"secs":4,"apertura":"1,-3,4>-1,-1,3 0,4,-2>1,2,-2 -1,-1,3>0,1,1 1,2,-2>0,4,-2 3,-3,1>1,-1,2 1,3,-2>2,1,-1"}
{"par":25,"whiteIs":"B","ptsW":null,"res":"tope","plies":80,"balW":-7,"secs":4.3,"apertura":"1,-3,4>-1,-1,3 0,4,-2>1,2,-2 -1,-1,3>0,1,1 1,2,-2>0,4,-2 3,-3,1>1,-1,2 1,3,-2>2,1,-1"}
{"par":26,"whiteIs":"A","ptsW":1,"res":"mate","plies":55,"balW":530,"secs":4.2,"apertura":"0,-2,4>-1,-1,3 -1,3,0>0,1,1 1,-2,3>0,-1,2 -2,4,0>0,2,0 1,-2,2>1,-1,2 0,4,-2>1,2,-2"}
{"par":26,"whiteIs":"B","ptsW":null,"res":"tope","plies":80,"balW":0,"secs":4.4,"apertura":"0,-2,4>-1,-1,3 -1,3,0>0,1,1 1,-2,3>0,-1,2 -2,4,0>0,2,0 1,-2,2>1,-1,2 0,4,-2>1,2,-2"}
{"par":27,"whiteIs":"A","ptsW":0,"res":"mate","plies":46,"balW":165,"secs":3.1,"apertura":"3,-3,1>1,-1,2 0,4,-2>-1,2,0 4,-3,1>3,-3,1 -2,3,0>-1,1,1 1,-2,3>0,0,2 -3,3,1>-2,1,2"}
{"par":27,"whiteIs":"B","ptsW":null,"res":"tope","plies":80,"balW":100,"secs":4.5,"apertura":"3,-3,1>1,-1,2 0,4,-2>-1,2,0 4,-3,1>3,-3,1 -2,3,0>-1,1,1 1,-2,3>0,0,2 -3,3,1>-2,1,2"}
{"par":28,"whiteIs":"A","ptsW":null,"res":"tope","plies":80,"balW":-565,"secs":4,"apertura":"1,-2,3>0,0,2 1,3,-2>1,2,-2 3,-2,0>3,-1,0 -2,3,0>-1,2,1 0,-3,4>1,-2,3 -3,4,0>-2,2,2"}
{"par":28,"whiteIs":"B","ptsW":null,"res":"tope","plies":80,"balW":-177,"secs":4.5,"apertura":"1,-2,3>0,0,2 1,3,-2>1,2,-2 3,-2,0>3,-1,0 -2,3,0>-1,2,1 0,-3,4>1,-2,3 -3,4,0>-2,2,2"}
{"par":29,"whiteIs":"A","ptsW":null,"res":"tope","plies":80,"balW":158,"secs":4.5,"apertura":"1,-3,4>0,-1,2 -3,4,0>-1,2,1 1,-2,2>0,0,1 -1,2,1>1,1,-1 0,-1,2>2,0,0 -3,3,1>-2,2,2"}
{"par":29,"whiteIs":"B","ptsW":1,"res":"mate","plies":75,"balW":1323,"secs":3.5,"apertura":"1,-3,4>0,-1,2 -3,4,0>-1,2,1 1,-2,2>0,0,1 -1,2,1>1,1,-1 0,-1,2>2,0,0 -3,3,1>-2,2,2"}
{"par":30,"whiteIs":"A","ptsW":null,"res":"tope","plies":80,"balW":-242,"secs":4.6,"apertura":"3,-3,1>1,-1,2 0,3,-1>0,2,-1 1,-1,2>-1,-1,3 -2,3,1>-2,2,1 -1,-1,3>1,-1,2 -2,4,0>-2,2,2"}
{"par":30,"whiteIs":"B","ptsW":null,"res":"tope","plies":80,"balW":-600,"secs":4,"apertura":"3,-3,1>1,-1,2 0,3,-1>0,2,-1 1,-1,2>-1,-1,3 -2,3,1>-2,2,1 -1,-1,3>1,-1,2 -2,4,0>-2,2,2"}
{"par":31,"whiteIs":"A","ptsW":null,"res":"tope","plies":80,"balW":-933,"secs":4.8,"apertura":"1,-3,4>-1,-1,3 -2,3,1>-2,2,1 3,-2,0>2,0,-1 -3,4,0>-1,2,1 3,-3,1>3,-1,0 -2,4,0>-2,2,2"}
{"par":31,"whiteIs":"B","ptsW":null,"res":"tope","plies":80,"balW":-223,"secs":4.7,"apertura":"1,-3,4>-1,-1,3 -2,3,1>-2,2,1 3,-2,0>2,0,-1 -3,4,0>-1,2,1 3,-3,1>3,-1,0 -2,4,0>-2,2,2"}
{"par":32,"whiteIs":"A","ptsW":null,"res":"tope","plies":80,"balW":-100,"secs":5.2,"apertura":"0,-2,3>0,-1,3 1,3,-2>1,2,-2 3,-3,1>3,-1,0 -1,3,-1>0,1,0 3,-1,0>1,0,0 -3,3,1>-2,2,2"}
{"par":32,"whiteIs":"B","ptsW":null,"res":"tope","plies":80,"balW":-258,"secs":4.4,"apertura":"0,-2,3>0,-1,3 1,3,-2>1,2,-2 3,-3,1>3,-1,0 -1,3,-1>0,1,0 3,-1,0>1,0,0 -3,3,1>-2,2,2"}
{"par":33,"whiteIs":"A","ptsW":null,"res":"tope","plies":80,"balW":-658,"secs":3.9,"apertura":"2,-2,1>2,-1,1 1,3,-2>1,2,-2 0,-2,3>0,-1,3 -3,4,0>-2,2,2 3,-2,1>2,-1,0 -2,2,2>-1,0,2"}
{"par":33,"whiteIs":"B","ptsW":null,"res":"tope","plies":80,"balW":-258,"secs":6.4,"apertura":"2,-2,1>2,-1,1 1,3,-2>1,2,-2 0,-2,3>0,-1,3 -3,4,0>-2,2,2 3,-2,1>2,-1,0 -2,2,2>-1,0,2"}
{"par":34,"whiteIs":"A","ptsW":null,"res":"tope","plies":80,"balW":-193,"secs":4.7,"apertura":"3,-3,1>1,-1,2 0,3,-2>1,1,-1 0,-2,3>0,-1,3 0,4,-2>1,2,-2 3,-2,1>2,-1,0 -1,4,-1>0,4,-2"}
{"par":34,"whiteIs":"B","ptsW":null,"res":"tope","plies":80,"balW":351,"secs":5.7,"apertura":"3,-3,1>1,-1,2 0,3,-2>1,1,-1 0,-2,3>0,-1,3 0,4,-2>1,2,-2 3,-2,1>2,-1,0 -1,4,-1>0,4,-2"}
{"par":35,"whiteIs":"A","ptsW":null,"res":"tope","plies":80,"balW":-370,"secs":4.1,"apertura":"1,-2,3>0,0,2 -1,3,0>-1,2,0 3,-2,1>2,-1,0 -3,4,0>-1,2,1 3,-3,1>2,-1,1 -1,3,-1>0,2,0"}
{"par":35,"whiteIs":"B","ptsW":null,"res":"tope","plies":80,"balW":-910,"secs":5.6,"apertura":"1,-2,3>0,0,2 -1,3,0>-1,2,0 3,-2,1>2,-1,0 -3,4,0>-1,2,1 3,-3,1>2,-1,1 -1,3,-1>0,2,0"}
{"par":36,"whiteIs":"A","ptsW":1,"res":"mate","plies":73,"balW":1826,"secs":3.4,"apertura":"3,-3,1>3,-1,0 -1,3,0>0,1,1 1,-3,4>-1,-1,3 -3,4,0>-2,2,2 2,-2,1>1,0,0 -3,4,1>-3,4,0"}
{"par":36,"whiteIs":"B","ptsW":null,"res":"tope","plies":80,"balW":458,"secs":4.5,"apertura":"3,-3,1>3,-1,0 -1,3,0>0,1,1 1,-3,4>-1,-1,3 -3,4,0>-2,2,2 2,-2,1>1,0,0 -3,4,1>-3,4,0"}
{"par":37,"whiteIs":"A","ptsW":null,"res":"tope","plies":80,"balW":998,"secs":4.4,"apertura":"2,-2,2>1,0,1 -2,3,1>-1,1,2 1,-2,2>1,-1,2 1,3,-2>1,2,-2 3,-2,1>2,0,0 -1,3,0>0,1,1"}
{"par":37,"whiteIs":"B","ptsW":null,"res":"tope","plies":80,"balW":1968,"secs":4.5,"apertura":"2,-2,2>1,0,1 -2,3,1>-1,1,2 1,-2,2>1,-1,2 1,3,-2>1,2,-2 3,-2,1>2,0,0 -1,3,0>0,1,1"}
{"par":38,"whiteIs":"A","ptsW":null,"res":"tope","plies":80,"balW":123,"secs":4,"apertura":"3,-3,1>2,-1,1 -2,3,0>-1,2,1 4,-3,1>3,-3,1 0,3,-1>1,1,0 2,-1,1>1,1,-1 1,3,-2>2,1,-1"}
{"par":38,"whiteIs":"B","ptsW":null,"res":"tope","plies":80,"balW":-1023,"secs":4.6,"apertura":"3,-3,1>2,-1,1 -2,3,0>-1,2,1 4,-3,1>3,-3,1 0,3,-1>1,1,0 2,-1,1>1,1,-1 1,3,-2>2,1,-1"}
{"par":39,"whiteIs":"A","ptsW":null,"res":"tope","plies":80,"balW":-130,"secs":4.5,"apertura":"1,-2,3>0,0,2 0,4,-2>0,2,-1 1,-3,4>0,-1,2 -2,3,0>-1,2,1 0,-1,2>-1,1,2 0,2,-1>2,1,-1"}
{"par":39,"whiteIs":"B","ptsW":null,"res":"tope","plies":80,"balW":0,"secs":4.4,"apertura":"1,-2,3>0,0,2 0,4,-2>0,2,-1 1,-3,4>0,-1,2 -2,3,0>-1,2,1 0,-1,2>-1,1,2 0,2,-1>2,1,-1"}
{"par":40,"whiteIs":"A","ptsW":null,"res":"tope","plies":80,"balW":-400,"secs":4.2,"apertura":"0,-2,3>-1,0,2 -2,3,1>-2,2,1 3,-2,0>3,-1,0 -1,3,0>0,1,1 1,-3,3>0,-2,3 -2,3,0>-1,1,1"}
{"par":40,"whiteIs":"B","ptsW":null,"res":"tope","plies":80,"balW":46,"secs":4.5,"apertura":"0,-2,3>-1,0,2 -2,3,1>-2,2,1 3,-2,0>3,-1,0 -1,3,0>0,1,1 1,-3,3>0,-2,3 -2,3,0>-1,1,1"}
{"par":41,"whiteIs":"A","ptsW":null,"res":"tope","plies":80,"balW":100,"secs":5.3,"apertura":"1,-2,2>1,-1,2 0,4,-2>-1,2,0 0,-2,4>-1,-1,3 -1,3,-1>0,2,0 1,-3,4>1,-2,2 0,3,-1>0,2,-1"}
{"par":41,"whiteIs":"B","ptsW":null,"res":"tope","plies":80,"balW":-58,"secs":4,"apertura":"1,-2,2>1,-1,2 0,4,-2>-1,2,0 0,-2,4>-1,-1,3 -1,3,-1>0,2,0 1,-3,4>1,-2,2 0,3,-1>0,2,-1"}
{"par":42,"whiteIs":"A","ptsW":null,"res":"tope","plies":80,"balW":123,"secs":3.9,"apertura":"0,-2,3>0,-1,3 1,3,-2>2,1,-1 3,-2,0>2,0,-1 -3,3,1>-2,2,2 2,-2,1>2,-1,1 0,4,-2>0,2,-1"}
{"par":42,"whiteIs":"B","ptsW":null,"res":"tope","plies":80,"balW":-840,"secs":4.9,"apertura":"0,-2,3>0,-1,3 1,3,-2>2,1,-1 3,-2,0>2,0,-1 -3,3,1>-2,2,2 2,-2,1>2,-1,1 0,4,-2>0,2,-1"}
{"par":43,"whiteIs":"A","ptsW":null,"res":"tope","plies":80,"balW":558,"secs":5.3,"apertura":"0,-2,4>-1,0,3 0,4,-2>-1,2,0 3,-2,0>2,0,-1 0,3,-2>1,2,-1 3,-2,1>2,0,0 -1,3,-1>0,1,0"}
{"par":43,"whiteIs":"B","ptsW":null,"res":"tope","plies":80,"balW":-70,"secs":4.8,"apertura":"0,-2,4>-1,0,3 0,4,-2>-1,2,0 3,-2,0>2,0,-1 0,3,-2>1,2,-1 3,-2,1>2,0,0 -1,3,-1>0,1,0"}
{"par":44,"whiteIs":"A","ptsW":0,"res":"mate","plies":44,"balW":130,"secs":3,"apertura":"2,-2,2>1,-1,1 0,3,-2>1,2,-1 3,-3,2>2,-2,2 -2,3,0>-1,1,1 1,-2,2>1,-1,2 -3,4,1>-2,3,0"}
{"par":44,"whiteIs":"B","ptsW":null,"res":"tope","plies":80,"balW":123,"secs":4.6,"apertura":"2,-2,2>1,-1,1 0,3,-2>1,2,-1 3,-3,2>2,-2,2 -2,3,0>-1,1,1 1,-2,2>1,-1,2 -3,4,1>-2,3,0"}
{"par":45,"whiteIs":"A","ptsW":null,"res":"tope","plies":80,"balW":-77,"secs":5.1,"apertura":"0,-2,4>-1,-1,3 -1,3,0>0,1,1 3,-2,1>2,-1,0 -2,3,1>-2,2,1 0,-3,4>0,-2,4 -2,3,0>-1,2,1"}
{"par":45,"whiteIs":"B","ptsW":null,"res":"tope","plies":80,"balW":200,"secs":4.7,"apertura":"0,-2,4>-1,-1,3 -1,3,0>0,1,1 3,-2,1>2,-1,0 -2,3,1>-2,2,1 0,-3,4>0,-2,4 -2,3,0>-1,2,1"}
{"par":46,"whiteIs":"A","ptsW":1,"res":"mate","plies":73,"balW":1703,"secs":4.2,"apertura":"1,-3,4>-1,-1,3 0,3,-1>0,2,-1 -1,-1,3>-1,1,2 -3,4,0>-1,2,1 2,-2,2>1,-1,1 0,3,-2>1,2,-1"}
{"par":46,"whiteIs":"B","ptsW":null,"res":"tope","plies":80,"balW":-116,"secs":4.8,"apertura":"1,-3,4>-1,-1,3 0,3,-1>0,2,-1 -1,-1,3>-1,1,2 -3,4,0>-1,2,1 2,-2,2>1,-1,1 0,3,-2>1,2,-1"}
{"par":47,"whiteIs":"A","ptsW":null,"res":"tope","plies":80,"balW":30,"secs":4.9,"apertura":"3,-3,1>1,-1,2 -2,3,1>-2,2,1 1,-1,2>1,0,0 1,3,-2>2,1,-1 1,-2,3>0,-1,2 -2,2,1>-1,1,2"}
{"par":47,"whiteIs":"B","ptsW":null,"res":"tope","plies":80,"balW":-442,"secs":5.3,"apertura":"3,-3,1>1,-1,2 -2,3,1>-2,2,1 1,-1,2>1,0,0 1,3,-2>2,1,-1 1,-2,3>0,-1,2 -2,2,1>-1,1,2"}
{"par":48,"whiteIs":"A","ptsW":null,"res":"tope","plies":80,"balW":-100,"secs":3.7,"apertura":"3,-3,1>2,-1,1 -1,3,-1>0,2,0 3,-2,0>2,0,-1 -3,3,1>-2,1,2 2,-2,2>1,0,1 0,4,-2>0,2,-1"}
{"par":48,"whiteIs":"B","ptsW":null,"res":"tope","plies":80,"balW":-465,"secs":4.8,"apertura":"3,-3,1>2,-1,1 -1,3,-1>0,2,0 3,-2,0>2,0,-1 -3,3,1>-2,1,2 2,-2,2>1,0,1 0,4,-2>0,2,-1"}
{"par":49,"whiteIs":"A","ptsW":null,"res":"tope","plies":80,"balW":23,"secs":4.3,"apertura":"1,-2,3>0,0,2 1,3,-2>1,2,-2 0,-2,3>0,-1,3 -2,3,0>-1,1,1 3,-3,1>1,-2,3 1,2,-2>2,1,-1"}
{"par":49,"whiteIs":"B","ptsW":null,"res":"tope","plies":80,"balW":-300,"secs":5.5,"apertura":"1,-2,3>0,0,2 1,3,-2>1,2,-2 0,-2,3>0,-1,3 -2,3,0>-1,1,1 3,-3,1>1,-2,3 1,2,-2>2,1,-1"}
{"par":50,"whiteIs":"A","ptsW":null,"res":"tope","plies":80,"balW":258,"secs":4,"apertura":"3,-3,1>1,-1,2 0,4,-2>0,2,-1 2,-2,2>1,0,1 0,2,-1>-1,2,1 0,-2,3>-1,0,2 -1,3,-1>0,1,0"}
{"par":50,"whiteIs":"B","ptsW":null,"res":"tope","plies":80,"balW":458,"secs":4.8,"apertura":"3,-3,1>1,-1,2 0,4,-2>0,2,-1 2,-2,2>1,0,1 0,2,-1>-1,2,1 0,-2,3>-1,0,2 -1,3,-1>0,1,0"}
{"par":51,"whiteIs":"A","ptsW":null,"res":"tope","plies":80,"balW":100,"secs":4.4,"apertura":"3,-3,1>3,-1,0 0,3,-2>1,2,-1 1,-3,4>-1,-1,3 -3,4,0>-1,2,1 4,-3,1>3,-3,1 -1,4,-2>0,3,-2"}
{"par":51,"whiteIs":"B","ptsW":null,"res":"tope","plies":80,"balW":70,"secs":5.3,"apertura":"3,-3,1>3,-1,0 0,3,-2>1,2,-1 1,-3,4>-1,-1,3 -3,4,0>-1,2,1 4,-3,1>3,-3,1 -1,4,-2>0,3,-2"}
{"par":52,"whiteIs":"A","ptsW":null,"res":"tope","plies":80,"balW":-65,"secs":5.2,"apertura":"2,-2,1>1,0,0 -2,3,1>-1,1,2 1,-2,2>0,0,1 -2,3,0>-1,2,1 0,-2,3>-1,0,2 0,3,-2>1,2,-1"}
{"par":52,"whiteIs":"B","ptsW":null,"res":"tope","plies":80,"balW":-300,"secs":2.6,"apertura":"2,-2,1>1,0,0 -2,3,1>-1,1,2 1,-2,2>0,0,1 -2,3,0>-1,2,1 0,-2,3>-1,0,2 0,3,-2>1,2,-1"}
{"par":53,"whiteIs":"A","ptsW":null,"res":"tope","plies":80,"balW":-500,"secs":2,"apertura":"2,-2,1>1,0,0 0,3,-2>1,2,-1 1,0,0>1,1,0 1,3,-2>2,1,-1 1,-3,4>-1,-1,3 2,1,-1>2,0,-1"}
{"par":53,"whiteIs":"B","ptsW":null,"res":"tope","plies":80,"balW":235,"secs":2,"apertura":"2,-2,1>1,0,0 0,3,-2>1,2,-1 1,0,0>1,1,0 1,3,-2>2,1,-1 1,-3,4>-1,-1,3 2,1,-1>2,0,-1"}
