# {"fecha":"2026-08-03T22:45:03.340Z","modalidad":"trigonal","A":{"nombre":"vigente","cfg":{"depth":24,"mobility":true,"order":true,"quiesce":true,"nodes":4500}},"B":{"nombre":"all","cfg":{"depth":24,"mobility":true,"order":true,"quiesce":true,"nodes":4500,"pieceValues":{"P":100,"R":469,"B":360,"Q":785,"N":277,"K":0},"positionWeights":{"P":{"centrality":-3,"advance":-8},"R":{"centrality":-10},"B":{"centrality":-2},"Q":{"centrality":7},"N":{"centrality":-2}},"mobilityWeight":7.27}},"MAX_PLIES":80,"FIFTY":40,"OPENING_PLIES":6,"SEED":25004,"FIRST":160,"PAIRS":53,"libro":"libro-trigonal.json"}
{"par":160,"whiteIs":"A","ptsW":null,"res":"tope","plies":80,"balW":500,"secs":4.7,"apertura":"-2,1,2>-2,3,1 4,-2,-1>4,-2,0 -1,-2,4>0,-2,4 1,1,-1>1,1,0 -2,3,1>-2,3,0 2,1,-2>-1,4,-2"}
{"par":160,"whiteIs":"B","ptsW":null,"res":"tope","plies":80,"balW":0,"secs":4.3,"apertura":"-2,1,2>-2,3,1 4,-2,-1>4,-2,0 -1,-2,4>0,-2,4 1,1,-1>1,1,0 -2,3,1>-2,3,0 2,1,-2>-1,4,-2"}
{"par":161,"whiteIs":"A","ptsW":null,"res":"tope","plies":80,"balW":0,"secs":4.7,"apertura":"-2,1,2>-2,4,0 5,-2,-2>4,-2,0 -1,0,2>0,0,2 4,-2,0>2,-2,1 0,0,2>0,0,1 6,-2,-2>5,-2,-2"}
{"par":161,"whiteIs":"B","ptsW":null,"res":"tope","plies":80,"balW":-300,"secs":4.8,"apertura":"-2,1,2>-2,4,0 5,-2,-2>4,-2,0 -1,0,2>0,0,2 4,-2,0>2,-2,1 0,0,2>0,0,1 6,-2,-2>5,-2,-2"}
{"par":162,"whiteIs":"A","ptsW":null,"res":"tope","plies":80,"balW":1100,"secs":5.2,"apertura":"-2,1,2>-2,6,-2 3,-1,-1>3,-1,0 -2,6,-2>-1,4,-2 2,1,-2>2,2,-2 -1,4,-2>-2,4,0 2,2,-2>-2,2,2"}
{"par":162,"whiteIs":"B","ptsW":null,"res":"tope","plies":80,"balW":800,"secs":5.6,"apertura":"-2,1,2>-2,6,-2 3,-1,-1>3,-1,0 -2,6,-2>-1,4,-2 2,1,-2>2,2,-2 -1,4,-2>-2,4,0 2,2,-2>-2,2,2"}
{"par":163,"whiteIs":"A","ptsW":null,"res":"tope","plies":80,"balW":-1000,"secs":6,"apertura":"-2,1,2>-2,6,-2 2,0,-1>2,0,0 -2,-2,5>0,-2,4 5,-2,-2>4,-2,0 -2,6,-2>1,3,-2 3,-1,-1>3,-1,0"}
{"par":163,"whiteIs":"B","ptsW":null,"res":"tope","plies":80,"balW":-400,"secs":4.7,"apertura":"-2,1,2>-2,6,-2 2,0,-1>2,0,0 -2,-2,5>0,-2,4 5,-2,-2>4,-2,0 -2,6,-2>1,3,-2 3,-1,-1>3,-1,0"}
{"par":164,"whiteIs":"A","ptsW":null,"res":"tope","plies":80,"balW":800,"secs":5.2,"apertura":"-2,1,2>-2,5,-2 5,-2,-2>4,-2,0 -2,5,-2>-2,4,0 2,1,-2>-1,4,-2 -2,4,0>-2,4,-1 4,-2,0>2,-2,1"}
{"par":164,"whiteIs":"B","ptsW":null,"res":"tope","plies":80,"balW":500,"secs":5.1,"apertura":"-2,1,2>-2,5,-2 5,-2,-2>4,-2,0 -2,5,-2>-2,4,0 2,1,-2>-1,4,-2 -2,4,0>-2,4,-1 4,-2,0>2,-2,1"}
{"par":165,"whiteIs":"A","ptsW":1,"res":"mate","plies":57,"balW":800,"secs":3.7,"apertura":"-2,-2,5>0,-2,4 5,-2,-2>4,-2,0 -2,1,2>-2,2,2 2,0,-1>2,0,0 -2,2,2>0,2,-1 2,1,-2>-2,5,-2"}
{"par":165,"whiteIs":"B","ptsW":null,"res":"tope","plies":80,"balW":0,"secs":5,"apertura":"-2,-2,5>0,-2,4 5,-2,-2>4,-2,0 -2,1,2>-2,2,2 2,0,-1>2,0,0 -2,2,2>0,2,-1 2,1,-2>-2,5,-2"}
{"par":166,"whiteIs":"A","ptsW":null,"res":"tope","plies":80,"balW":-400,"secs":5.8,"apertura":"-2,1,2>-2,2,1 2,1,-2>-1,4,-2 -2,2,1>0,2,-1 -1,4,-2>-1,2,1 0,2,-1>-1,4,-1 3,-1,-1>3,-1,0"}
{"par":166,"whiteIs":"B","ptsW":1,"res":"mate","plies":27,"balW":1300,"secs":2.1,"apertura":"-2,1,2>-2,2,1 2,1,-2>-1,4,-2 -2,2,1>0,2,-1 -1,4,-2>-1,2,1 0,2,-1>-1,4,-1 3,-1,-1>3,-1,0"}
{"par":167,"whiteIs":"A","ptsW":null,"res":"tope","plies":80,"balW":100,"secs":5.1,"apertura":"-1,-1,3>0,-1,3 2,1,-2>2,2,-2 -1,1,1>0,1,1 2,2,-2>-2,2,1 -1,-2,4>0,-2,4 -2,2,1>1,2,-1"}
{"par":167,"whiteIs":"B","ptsW":null,"res":"tope","plies":80,"balW":-300,"secs":4.7,"apertura":"-1,-1,3>0,-1,3 2,1,-2>2,2,-2 -1,1,1>0,1,1 2,2,-2>-2,2,1 -1,-2,4>0,-2,4 -2,2,1>1,2,-1"}
{"par":168,"whiteIs":"A","ptsW":null,"res":"tope","plies":80,"balW":1500,"secs":4.9,"apertura":"-1,1,1>0,1,1 2,1,-2>0,4,-2 -2,1,2>-2,4,0 0,4,-2>-1,4,-1 -2,4,0>3,-1,0 -1,4,-1>-2,4,0"}
{"par":168,"whiteIs":"B","ptsW":0,"res":"mate","plies":66,"balW":-200,"secs":4.5,"apertura":"-1,1,1>0,1,1 2,1,-2>0,4,-2 -2,1,2>-2,4,0 0,4,-2>-1,4,-1 -2,4,0>3,-1,0 -1,4,-1>-2,4,0"}
{"par":169,"whiteIs":"A","ptsW":null,"res":"tope","plies":80,"balW":1200,"secs":5.4,"apertura":"-2,1,2>-2,2,1 2,1,-2>-1,4,-2 -2,0,3>-2,1,2 -1,4,-2>1,2,-2 -2,1,2>-2,0,3 1,2,-2>2,1,-2"}
{"par":169,"whiteIs":"B","ptsW":null,"res":"tope","plies":80,"balW":200,"secs":5,"apertura":"-2,1,2>-2,2,1 2,1,-2>-1,4,-2 -2,0,3>-2,1,2 -1,4,-2>1,2,-2 -2,1,2>-2,0,3 1,2,-2>2,1,-2"}
{"par":170,"whiteIs":"A","ptsW":null,"res":"tope","plies":80,"balW":300,"secs":4.9,"apertura":"-2,1,2>-2,5,-2 2,1,-2>-1,5,-2 -2,5,-2>-2,3,1 -1,5,-2>2,1,-2 -2,3,1>0,3,-1 2,0,-1>2,0,0"}
{"par":170,"whiteIs":"B","ptsW":null,"res":"tope","plies":80,"balW":-700,"secs":4.7,"apertura":"-2,1,2>-2,5,-2 2,1,-2>-1,5,-2 -2,5,-2>-2,3,1 -1,5,-2>2,1,-2 -2,3,1>0,3,-1 2,0,-1>2,0,0"}
{"par":171,"whiteIs":"A","ptsW":null,"res":"tope","plies":80,"balW":-600,"secs":5.6,"apertura":"-2,1,2>-2,3,1 2,1,-2>1,2,-2 -2,3,1>0,3,-2 3,-1,-1>3,-1,0 0,3,-2>1,3,-2 2,0,-1>2,0,0"}
{"par":171,"whiteIs":"B","ptsW":null,"res":"tope","plies":80,"balW":-600,"secs":4.6,"apertura":"-2,1,2>-2,3,1 2,1,-2>1,2,-2 -2,3,1>0,3,-2 3,-1,-1>3,-1,0 0,3,-2>1,3,-2 2,0,-1>2,0,0"}
{"par":172,"whiteIs":"A","ptsW":null,"res":"tope","plies":80,"balW":-100,"secs":6,"apertura":"-1,1,1>0,1,1 2,1,-2>1,2,-2 -1,-2,4>0,-2,4 1,2,-2>1,3,-2 -1,0,2>0,0,2 5,-2,-2>4,-2,0"}
{"par":172,"whiteIs":"B","ptsW":null,"res":"tope","plies":80,"balW":500,"secs":3.9,"apertura":"-1,1,1>0,1,1 2,1,-2>1,2,-2 -1,-2,4>0,-2,4 1,2,-2>1,3,-2 -1,0,2>0,0,2 5,-2,-2>4,-2,0"}
{"par":173,"whiteIs":"A","ptsW":null,"res":"tope","plies":80,"balW":0,"secs":5.1,"apertura":"-2,1,2>-2,4,0 3,1,-2>1,2,-2 -2,4,0>-1,2,0 1,2,-2>0,4,-2 -1,2,0>-1,4,-1 5,-2,-2>4,-2,0"}
{"par":173,"whiteIs":"B","ptsW":null,"res":"tope","plies":80,"balW":0,"secs":4.7,"apertura":"-2,1,2>-2,4,0 3,1,-2>1,2,-2 -2,4,0>-1,2,0 1,2,-2>0,4,-2 -1,2,0>-1,4,-1 5,-2,-2>4,-2,0"}
{"par":174,"whiteIs":"A","ptsW":null,"res":"tope","plies":80,"balW":200,"secs":5.5,"apertura":"-2,-2,5>0,-2,4 2,1,-2>-2,6,-2 0,-2,4>0,-1,2 -2,6,-2>-1,4,-2 -2,1,2>-2,3,1 -1,4,-2>1,2,-2"}
{"par":174,"whiteIs":"B","ptsW":0,"res":"mate","plies":40,"balW":-1200,"secs":2.6,"apertura":"-2,-2,5>0,-2,4 2,1,-2>-2,6,-2 0,-2,4>0,-1,2 -2,6,-2>-1,4,-2 -2,1,2>-2,3,1 -1,4,-2>1,2,-2"}
{"par":175,"whiteIs":"A","ptsW":null,"res":"tope","plies":80,"balW":1100,"secs":4.6,"apertura":"-1,-2,4>0,-2,4 2,1,-2>2,2,-2 -2,1,2>-2,6,-2 2,0,-1>2,0,0 -1,0,2>0,0,2 2,2,-2>-2,2,2"}
{"par":175,"whiteIs":"B","ptsW":null,"res":"tope","plies":80,"balW":1000,"secs":4.6,"apertura":"-1,-2,4>0,-2,4 2,1,-2>2,2,-2 -2,1,2>-2,6,-2 2,0,-1>2,0,0 -1,0,2>0,0,2 2,2,-2>-2,2,2"}
{"par":176,"whiteIs":"A","ptsW":null,"res":"tope","plies":80,"balW":2000,"secs":4.4,"apertura":"-1,0,2>0,0,2 3,1,-2>1,2,-2 -2,1,3>-1,0,2 4,-2,-1>4,-2,0 -2,1,2>-2,1,3 2,1,-2>2,2,-2"}
{"par":176,"whiteIs":"B","ptsW":null,"res":"tope","plies":80,"balW":-700,"secs":5.7,"apertura":"-1,0,2>0,0,2 3,1,-2>1,2,-2 -2,1,3>-1,0,2 4,-2,-1>4,-2,0 -2,1,2>-2,1,3 2,1,-2>2,2,-2"}
{"par":177,"whiteIs":"A","ptsW":null,"res":"tope","plies":80,"balW":-100,"secs":4.6,"apertura":"-2,1,3>-2,2,1 1,1,-1>1,1,0 -1,1,1>0,1,1 2,1,-2>-1,5,-2 -2,2,1>-2,1,3 -1,5,-2>-2,5,-2"}
{"par":177,"whiteIs":"B","ptsW":null,"res":"tope","plies":80,"balW":500,"secs":5.4,"apertura":"-2,1,3>-2,2,1 1,1,-1>1,1,0 -1,1,1>0,1,1 2,1,-2>-1,5,-2 -2,2,1>-2,1,3 -1,5,-2>-2,5,-2"}
{"par":178,"whiteIs":"A","ptsW":0,"res":"mate","plies":62,"balW":700,"secs":4,"apertura":"-2,1,2>-2,4,-1 2,1,-2>-2,5,-2 -2,4,-1>-2,5,-1 3,-1,-1>3,-1,0 -2,5,-1>-2,4,0 4,-2,-1>4,-2,0"}
{"par":178,"whiteIs":"B","ptsW":null,"res":"tope","plies":80,"balW":1000,"secs":5.1,"apertura":"-2,1,2>-2,4,-1 2,1,-2>-2,5,-2 -2,4,-1>-2,5,-1 3,-1,-1>3,-1,0 -2,5,-1>-2,4,0 4,-2,-1>4,-2,0"}
{"par":179,"whiteIs":"A","ptsW":null,"res":"tope","plies":80,"balW":2700,"secs":4.1,"apertura":"-2,1,2>-2,5,-1 2,1,-2>0,4,-2 -2,5,-1>0,2,-1 1,1,-1>1,1,0 0,2,-1>0,2,0 0,4,-2>-2,4,0"}
{"par":179,"whiteIs":"B","ptsW":null,"res":"tope","plies":80,"balW":600,"secs":4.2,"apertura":"-2,1,2>-2,5,-1 2,1,-2>0,4,-2 -2,5,-1>0,2,-1 1,1,-1>1,1,0 0,2,-1>0,2,0 0,4,-2>-2,4,0"}
{"par":180,"whiteIs":"A","ptsW":null,"res":"tope","plies":80,"balW":-600,"secs":5,"apertura":"-2,1,2>-2,3,0 2,1,-2>0,3,-2 -2,3,0>-2,5,-2 0,3,-2>0,-1,2 -2,5,-2>0,3,-2 0,-1,2>1,-2,2"}
{"par":180,"whiteIs":"B","ptsW":null,"res":"tope","plies":80,"balW":-100,"secs":5.4,"apertura":"-2,1,2>-2,3,0 2,1,-2>0,3,-2 -2,3,0>-2,5,-2 0,3,-2>0,-1,2 -2,5,-2>0,3,-2 0,-1,2>1,-2,2"}
{"par":181,"whiteIs":"A","ptsW":null,"res":"tope","plies":80,"balW":1600,"secs":4.5,"apertura":"-1,0,2>0,0,2 2,1,-2>-2,6,-2 -2,-2,5>0,-2,4 1,1,-1>1,1,0 -2,1,2>-2,5,-1 -2,6,-2>2,2,-2"}
{"par":181,"whiteIs":"B","ptsW":null,"res":"tope","plies":80,"balW":-400,"secs":5,"apertura":"-1,0,2>0,0,2 2,1,-2>-2,6,-2 -2,-2,5>0,-2,4 1,1,-1>1,1,0 -2,1,2>-2,5,-1 -2,6,-2>2,2,-2"}
{"par":182,"whiteIs":"A","ptsW":null,"res":"tope","plies":80,"balW":500,"secs":4.6,"apertura":"-1,0,2>0,0,2 2,1,-2>0,4,-2 -2,1,3>-2,2,1 0,4,-2>-1,5,-2 -2,2,1>-1,3,0 -1,5,-2>-1,3,-1"}
{"par":182,"whiteIs":"B","ptsW":null,"res":"tope","plies":80,"balW":-300,"secs":5.2,"apertura":"-1,0,2>0,0,2 2,1,-2>0,4,-2 -2,1,3>-2,2,1 0,4,-2>-1,5,-2 -2,2,1>-1,3,0 -1,5,-2>-1,3,-1"}
{"par":183,"whiteIs":"A","ptsW":null,"res":"tope","plies":80,"balW":2000,"secs":5,"apertura":"-2,1,2>-2,6,-2 2,1,-2>-1,4,-2 -1,-2,4>0,-2,4 -1,4,-2>2,2,-2 -2,6,-2>1,3,-2 2,2,-2>1,2,-1"}
{"par":183,"whiteIs":"B","ptsW":null,"res":"tope","plies":80,"balW":100,"secs":5.1,"apertura":"-2,1,2>-2,6,-2 2,1,-2>-1,4,-2 -1,-2,4>0,-2,4 -1,4,-2>2,2,-2 -2,6,-2>1,3,-2 2,2,-2>1,2,-1"}
{"par":184,"whiteIs":"A","ptsW":0,"res":"mate","plies":48,"balW":500,"secs":3.3,"apertura":"-2,1,2>-2,5,-1 2,1,-2>-1,4,-2 -1,0,2>0,0,2 -1,4,-2>-2,4,-1 -2,1,3>-1,0,2 -2,4,-1>-1,4,-1"}
{"par":184,"whiteIs":"B","ptsW":null,"res":"tope","plies":80,"balW":400,"secs":6.6,"apertura":"-2,1,2>-2,5,-1 2,1,-2>-1,4,-2 -1,0,2>0,0,2 -1,4,-2>-2,4,-1 -2,1,3>-1,0,2 -2,4,-1>-1,4,-1"}
{"par":185,"whiteIs":"A","ptsW":0,"res":"mate","plies":42,"balW":600,"secs":2.8,"apertura":"-2,1,2>-2,2,2 3,-1,-1>3,-1,0 -2,2,2>0,2,0 3,1,-2>3,-1,-1 0,2,0>0,-2,4 2,1,-2>0,3,-2"}
{"par":185,"whiteIs":"B","ptsW":null,"res":"tope","plies":80,"balW":-700,"secs":5.4,"apertura":"-2,1,2>-2,2,2 3,-1,-1>3,-1,0 -2,2,2>0,2,0 3,1,-2>3,-1,-1 0,2,0>0,-2,4 2,1,-2>0,3,-2"}
{"par":186,"whiteIs":"A","ptsW":null,"res":"tope","plies":80,"balW":-500,"secs":4.9,"apertura":"-1,-1,3>0,-1,3 2,1,-2>0,4,-2 -1,0,2>0,0,2 3,1,-2>1,2,-2 -1,-1,4>-1,-1,3 0,4,-2>-1,4,-2"}
{"par":186,"whiteIs":"B","ptsW":null,"res":"tope","plies":80,"balW":0,"secs":5.7,"apertura":"-1,-1,3>0,-1,3 2,1,-2>0,4,-2 -1,0,2>0,0,2 3,1,-2>1,2,-2 -1,-1,4>-1,-1,3 0,4,-2>-1,4,-2"}
{"par":187,"whiteIs":"A","ptsW":null,"res":"tope","plies":80,"balW":-100,"secs":5.4,"apertura":"-2,1,2>-2,3,1 4,-2,-1>4,-2,0 -2,-2,5>0,-2,4 2,1,-2>1,3,-2 -2,3,1>-2,2,2 1,3,-2>-1,3,-1"}
{"par":187,"whiteIs":"B","ptsW":null,"res":"tope","plies":80,"balW":-200,"secs":5.3,"apertura":"-2,1,2>-2,3,1 4,-2,-1>4,-2,0 -2,-2,5>0,-2,4 2,1,-2>1,3,-2 -2,3,1>-2,2,2 1,3,-2>-1,3,-1"}
{"par":188,"whiteIs":"A","ptsW":null,"res":"tope","plies":80,"balW":100,"secs":4.5,"apertura":"-2,-2,5>0,-2,4 2,1,-2>2,2,-2 -2,1,2>-2,4,-1 2,2,-2>-1,5,-2 -2,4,-1>-2,2,1 3,-1,-1>3,-1,0"}
{"par":188,"whiteIs":"B","ptsW":null,"res":"tope","plies":80,"balW":-300,"secs":5,"apertura":"-2,-2,5>0,-2,4 2,1,-2>2,2,-2 -2,1,2>-2,4,-1 2,2,-2>-1,5,-2 -2,4,-1>-2,2,1 3,-1,-1>3,-1,0"}
{"par":189,"whiteIs":"A","ptsW":null,"res":"tope","plies":80,"balW":0,"secs":4.6,"apertura":"-1,0,2>0,0,2 2,1,-2>1,2,-2 -2,1,2>-2,2,1 1,2,-2>2,1,-2 -1,1,1>0,1,1 2,1,-2>0,3,-2"}
{"par":189,"whiteIs":"B","ptsW":1,"res":"mate","plies":57,"balW":400,"secs":3.2,"apertura":"-1,0,2>0,0,2 2,1,-2>1,2,-2 -2,1,2>-2,2,1 1,2,-2>2,1,-2 -1,1,1>0,1,1 2,1,-2>0,3,-2"}
{"par":190,"whiteIs":"A","ptsW":null,"res":"tope","plies":80,"balW":900,"secs":4.5,"apertura":"-1,0,2>0,0,2 5,-2,-2>4,-2,0 -2,1,3>-2,2,1 4,-2,0>2,-1,0 -1,-2,4>0,-2,4 2,1,-2>0,3,-2"}
{"par":190,"whiteIs":"B","ptsW":null,"res":"tope","plies":80,"balW":-1000,"secs":6.8,"apertura":"-1,0,2>0,0,2 5,-2,-2>4,-2,0 -2,1,3>-2,2,1 4,-2,0>2,-1,0 -1,-2,4>0,-2,4 2,1,-2>0,3,-2"}
{"par":191,"whiteIs":"A","ptsW":1,"res":"mate","plies":33,"balW":2100,"secs":1.9,"apertura":"-1,-1,3>0,-1,3 2,1,-2>2,2,-2 -2,1,2>-2,3,1 3,-1,-1>3,-1,0 -2,3,1>-1,2,1 4,-2,-1>4,-2,0"}
{"par":191,"whiteIs":"B","ptsW":null,"res":"tope","plies":80,"balW":500,"secs":5.6,"apertura":"-1,-1,3>0,-1,3 2,1,-2>2,2,-2 -2,1,2>-2,3,1 3,-1,-1>3,-1,0 -2,3,1>-1,2,1 4,-2,-1>4,-2,0"}
{"par":192,"whiteIs":"A","ptsW":null,"res":"tope","plies":80,"balW":700,"secs":4.9,"apertura":"-1,1,1>0,1,1 5,-2,-2>4,-2,0 0,1,1>0,1,0 1,1,-1>1,1,0 -1,0,2>0,0,2 2,1,-2>-2,6,-2"}
{"par":192,"whiteIs":"B","ptsW":1,"res":"mate","plies":61,"balW":600,"secs":4.5,"apertura":"-1,1,1>0,1,1 5,-2,-2>4,-2,0 0,1,1>0,1,0 1,1,-1>1,1,0 -1,0,2>0,0,2 2,1,-2>-2,6,-2"}
{"par":193,"whiteIs":"A","ptsW":null,"res":"tope","plies":80,"balW":200,"secs":4.9,"apertura":"-2,1,2>-2,3,0 3,1,-2>1,2,-2 -2,3,0>-2,5,-1 4,-2,-1>4,-2,0 -1,1,1>0,1,1 3,-1,-1>3,-1,0"}
{"par":193,"whiteIs":"B","ptsW":null,"res":"tope","plies":80,"balW":0,"secs":4.6,"apertura":"-2,1,2>-2,3,0 3,1,-2>1,2,-2 -2,3,0>-2,5,-1 4,-2,-1>4,-2,0 -1,1,1>0,1,1 3,-1,-1>3,-1,0"}
{"par":194,"whiteIs":"A","ptsW":null,"res":"tope","plies":80,"balW":1600,"secs":4.7,"apertura":"-2,1,2>-2,6,-2 3,-1,-1>3,-1,0 -1,1,1>0,1,1 2,1,-2>-2,5,-2 -2,1,3>-2,2,1 3,-1,0>2,-1,0"}
{"par":194,"whiteIs":"B","ptsW":null,"res":"tope","plies":80,"balW":600,"secs":4.2,"apertura":"-2,1,2>-2,6,-2 3,-1,-1>3,-1,0 -1,1,1>0,1,1 2,1,-2>-2,5,-2 -2,1,3>-2,2,1 3,-1,0>2,-1,0"}
{"par":195,"whiteIs":"A","ptsW":null,"res":"tope","plies":80,"balW":400,"secs":4.6,"apertura":"-2,1,2>-2,2,1 2,0,-1>2,0,0 -2,2,1>2,2,-2 3,0,-1>2,0,-1 -2,1,3>-2,2,1 4,-2,-1>4,-2,0"}
{"par":195,"whiteIs":"B","ptsW":0.5,"res":"repetition","plies":54,"balW":1100,"secs":3.6,"apertura":"-2,1,2>-2,2,1 2,0,-1>2,0,0 -2,2,1>2,2,-2 3,0,-1>2,0,-1 -2,1,3>-2,2,1 4,-2,-1>4,-2,0"}
{"par":196,"whiteIs":"A","ptsW":null,"res":"tope","plies":80,"balW":500,"secs":5.8,"apertura":"-1,-2,4>0,-2,4 3,-1,-1>3,-1,0 -2,1,3>-2,2,1 3,1,-2>3,-1,-1 -2,1,2>-2,2,2 2,1,-2>-1,5,-2"}
{"par":196,"whiteIs":"B","ptsW":null,"res":"tope","plies":80,"balW":-400,"secs":5.2,"apertura":"-1,-2,4>0,-2,4 3,-1,-1>3,-1,0 -2,1,3>-2,2,1 3,1,-2>3,-1,-1 -2,1,2>-2,2,2 2,1,-2>-1,5,-2"}
{"par":197,"whiteIs":"A","ptsW":null,"res":"tope","plies":80,"balW":0,"secs":4.9,"apertura":"-2,1,2>-2,3,0 2,1,-2>-2,5,-2 -2,3,0>-1,3,-1 -2,5,-2>-2,1,2 -2,-2,5>0,-2,4 -2,1,2>-2,6,-2"}
{"par":197,"whiteIs":"B","ptsW":0,"res":"mate","plies":72,"balW":-1200,"secs":4.8,"apertura":"-2,1,2>-2,3,0 2,1,-2>-2,5,-2 -2,3,0>-1,3,-1 -2,5,-2>-2,1,2 -2,-2,5>0,-2,4 -2,1,2>-2,6,-2"}
{"par":198,"whiteIs":"A","ptsW":null,"res":"tope","plies":80,"balW":800,"secs":5.7,"apertura":"-2,1,2>-2,5,-2 2,1,-2>1,3,-2 -2,-2,5>0,-2,4 2,0,-1>2,0,0 -2,5,-2>-2,5,-1 3,-1,-1>3,-1,0"}
{"par":198,"whiteIs":"B","ptsW":null,"res":"tope","plies":80,"balW":100,"secs":4.6,"apertura":"-2,1,2>-2,5,-2 2,1,-2>1,3,-2 -2,-2,5>0,-2,4 2,0,-1>2,0,0 -2,5,-2>-2,5,-1 3,-1,-1>3,-1,0"}
{"par":199,"whiteIs":"A","ptsW":0,"res":"mate","plies":40,"balW":400,"secs":2.3,"apertura":"-2,1,2>-2,6,-2 5,-2,-2>4,-2,0 -2,6,-2>-2,2,2 3,1,-2>1,2,-2 -2,2,2>0,2,0 2,1,-2>2,2,-2"}
{"par":199,"whiteIs":"B","ptsW":null,"res":"tope","plies":80,"balW":200,"secs":4.8,"apertura":"-2,1,2>-2,6,-2 5,-2,-2>4,-2,0 -2,6,-2>-2,2,2 3,1,-2>1,2,-2 -2,2,2>0,2,0 2,1,-2>2,2,-2"}
{"par":200,"whiteIs":"A","ptsW":null,"res":"tope","plies":80,"balW":0,"secs":4.7,"apertura":"-2,1,2>-2,2,2 2,1,-2>0,4,-2 -2,2,2>1,2,-2 0,4,-2>-1,4,-1 -1,-2,4>0,-2,4 5,-2,-2>4,-2,0"}
{"par":200,"whiteIs":"B","ptsW":null,"res":"tope","plies":80,"balW":200,"secs":5.1,"apertura":"-2,1,2>-2,2,2 2,1,-2>0,4,-2 -2,2,2>1,2,-2 0,4,-2>-1,4,-1 -1,-2,4>0,-2,4 5,-2,-2>4,-2,0"}
{"par":201,"whiteIs":"A","ptsW":null,"res":"tope","plies":80,"balW":100,"secs":6.3,"apertura":"-2,1,2>-2,5,-2 2,1,-2>0,4,-2 -1,1,1>0,1,1 0,4,-2>2,1,-2 -2,5,-2>-2,4,0 2,1,-2>1,3,-2"}
{"par":201,"whiteIs":"B","ptsW":null,"res":"tope","plies":80,"balW":0,"secs":4.5,"apertura":"-2,1,2>-2,5,-2 2,1,-2>0,4,-2 -1,1,1>0,1,1 0,4,-2>2,1,-2 -2,5,-2>-2,4,0 2,1,-2>1,3,-2"}
{"par":202,"whiteIs":"A","ptsW":null,"res":"tope","plies":80,"balW":-100,"secs":4.5,"apertura":"-2,1,2>-2,6,-2 4,-2,-1>4,-2,0 -2,6,-2>-2,3,0 2,1,-2>0,3,-2 -2,3,0>1,0,0 3,0,-2>2,1,-2"}
{"par":202,"whiteIs":"B","ptsW":null,"res":"tope","plies":80,"balW":-500,"secs":5.2,"apertura":"-2,1,2>-2,6,-2 4,-2,-1>4,-2,0 -2,6,-2>-2,3,0 2,1,-2>0,3,-2 -2,3,0>1,0,0 3,0,-2>2,1,-2"}
{"par":203,"whiteIs":"A","ptsW":null,"res":"tope","plies":80,"balW":100,"secs":4.9,"apertura":"-2,1,2>-2,2,2 2,1,-2>-2,5,-2 -2,2,2>-2,4,0 -2,5,-2>-1,5,-2 -2,4,0>1,0,0 5,-2,-2>4,-2,0"}
{"par":203,"whiteIs":"B","ptsW":null,"res":"tope","plies":80,"balW":-1400,"secs":4.7,"apertura":"-2,1,2>-2,2,2 2,1,-2>-2,5,-2 -2,2,2>-2,4,0 -2,5,-2>-1,5,-2 -2,4,0>1,0,0 5,-2,-2>4,-2,0"}
{"par":204,"whiteIs":"A","ptsW":null,"res":"tope","plies":80,"balW":1500,"secs":5.5,"apertura":"-1,-1,3>0,-1,3 2,1,-2>-2,6,-2 -2,-2,5>0,-2,4 3,-1,-1>3,-1,0 -1,1,1>0,1,1 3,0,-2>2,1,-2"}
{"par":204,"whiteIs":"B","ptsW":null,"res":"tope","plies":80,"balW":-500,"secs":6.1,"apertura":"-1,-1,3>0,-1,3 2,1,-2>-2,6,-2 -2,-2,5>0,-2,4 3,-1,-1>3,-1,0 -1,1,1>0,1,1 3,0,-2>2,1,-2"}
{"par":205,"whiteIs":"A","ptsW":null,"res":"tope","plies":80,"balW":600,"secs":4.5,"apertura":"-2,1,3>-2,2,1 2,1,-2>2,2,-2 -2,2,1>-1,3,0 4,-2,-1>4,-2,0 -1,3,0>-1,4,-2 2,2,-2>-2,2,1"}
{"par":205,"whiteIs":"B","ptsW":null,"res":"tope","plies":80,"balW":600,"secs":4.5,"apertura":"-2,1,3>-2,2,1 2,1,-2>2,2,-2 -2,2,1>-1,3,0 4,-2,-1>4,-2,0 -1,3,0>-1,4,-2 2,2,-2>-2,2,1"}
{"par":206,"whiteIs":"A","ptsW":null,"res":"tope","plies":80,"balW":900,"secs":4.8,"apertura":"-2,1,2>-2,2,1 5,-2,-2>4,-2,0 -2,2,1>-2,5,-1 2,1,-2>-2,5,-2 -2,-2,5>0,-2,4 -2,5,-2>-1,5,-2"}
{"par":206,"whiteIs":"B","ptsW":null,"res":"tope","plies":80,"balW":600,"secs":4.6,"apertura":"-2,1,2>-2,2,1 5,-2,-2>4,-2,0 -2,2,1>-2,5,-1 2,1,-2>-2,5,-2 -2,-2,5>0,-2,4 -2,5,-2>-1,5,-2"}
{"par":207,"whiteIs":"A","ptsW":null,"res":"tope","plies":80,"balW":1300,"secs":4.7,"apertura":"-2,1,2>-2,5,-1 2,1,-2>1,3,-2 -1,0,2>0,0,2 1,3,-2>1,2,-1 -2,5,-1>-2,2,1 1,2,-1>-2,4,-1"}
{"par":207,"whiteIs":"B","ptsW":null,"res":"tope","plies":80,"balW":800,"secs":4.9,"apertura":"-2,1,2>-2,5,-1 2,1,-2>1,3,-2 -1,0,2>0,0,2 1,3,-2>1,2,-1 -2,5,-1>-2,2,1 1,2,-1>-2,4,-1"}
{"par":208,"whiteIs":"A","ptsW":0,"res":"mate","plies":64,"balW":0,"secs":3.6,"apertura":"-1,0,2>0,0,2 4,-2,-1>4,-2,0 -2,1,2>-2,2,1 2,1,-2>1,2,-2 -2,2,1>0,2,-1 2,0,-1>2,0,0"}
{"par":208,"whiteIs":"B","ptsW":0,"res":"mate","plies":34,"balW":-600,"secs":2.4,"apertura":"-1,0,2>0,0,2 4,-2,-1>4,-2,0 -2,1,2>-2,2,1 2,1,-2>1,2,-2 -2,2,1>0,2,-1 2,0,-1>2,0,0"}
{"par":209,"whiteIs":"A","ptsW":0,"res":"mate","plies":36,"balW":700,"secs":2.6,"apertura":"-2,1,2>-2,4,0 2,1,-2>-2,6,-2 -2,4,0>0,1,0 -2,6,-2>1,3,-2 0,1,0>0,1,1 1,3,-2>0,4,-2"}
{"par":209,"whiteIs":"B","ptsW":null,"res":"tope","plies":80,"balW":1100,"secs":4.8,"apertura":"-2,1,2>-2,4,0 2,1,-2>-2,6,-2 -2,4,0>0,1,0 -2,6,-2>1,3,-2 0,1,0>0,1,1 1,3,-2>0,4,-2"}
{"par":210,"whiteIs":"A","ptsW":1,"res":"mate","plies":65,"balW":2600,"secs":3.9,"apertura":"-2,1,2>-2,6,-2 2,1,-2>2,2,-2 -1,1,1>0,1,1 2,2,-2>-2,5,-2 -1,0,2>0,0,2 -2,5,-2>-2,2,1"}
{"par":210,"whiteIs":"B","ptsW":1,"res":"mate","plies":25,"balW":500,"secs":2,"apertura":"-2,1,2>-2,6,-2 2,1,-2>2,2,-2 -1,1,1>0,1,1 2,2,-2>-2,5,-2 -1,0,2>0,0,2 -2,5,-2>-2,2,1"}
{"par":211,"whiteIs":"A","ptsW":null,"res":"tope","plies":80,"balW":400,"secs":4.4,"apertura":"-2,1,2>-2,5,-2 4,-2,-1>4,-2,0 -2,5,-2>-2,2,1 2,1,-2>0,3,-2 -2,2,1>-2,3,1 0,3,-2>-2,3,0"}
{"par":211,"whiteIs":"B","ptsW":null,"res":"tope","plies":80,"balW":800,"secs":4.3,"apertura":"-2,1,2>-2,5,-2 4,-2,-1>4,-2,0 -2,5,-2>-2,2,1 2,1,-2>0,3,-2 -2,2,1>-2,3,1 0,3,-2>-2,3,0"}
{"par":212,"whiteIs":"A","ptsW":null,"res":"tope","plies":80,"balW":-300,"secs":4.4,"apertura":"-1,0,2>0,0,2 3,1,-2>1,2,-2 -2,1,2>-2,6,-2 4,-2,-1>4,-2,0 -2,6,-2>-2,3,0 1,2,-2>3,1,-2"}
{"par":212,"whiteIs":"B","ptsW":null,"res":"tope","plies":80,"balW":0,"secs":3.6,"apertura":"-1,0,2>0,0,2 3,1,-2>1,2,-2 -2,1,2>-2,6,-2 4,-2,-1>4,-2,0 -2,6,-2>-2,3,0 1,2,-2>3,1,-2"}
