# {"fecha":"2026-08-03T22:45:03.119Z","modalidad":"trigonal","A":{"nombre":"vigente","cfg":{"depth":24,"mobility":true,"order":true,"quiesce":true,"nodes":4500}},"B":{"nombre":"all","cfg":{"depth":24,"mobility":true,"order":true,"quiesce":true,"nodes":4500,"pieceValues":{"P":100,"R":469,"B":360,"Q":785,"N":277,"K":0},"positionWeights":{"P":{"centrality":-3,"advance":-8},"R":{"centrality":-10},"B":{"centrality":-2},"Q":{"centrality":7},"N":{"centrality":-2}},"mobilityWeight":7.27}},"MAX_PLIES":80,"FIFTY":40,"OPENING_PLIES":6,"SEED":25001,"FIRST":1,"PAIRS":53,"libro":"libro-trigonal.json"}
{"par":1,"whiteIs":"A","ptsW":null,"res":"tope","plies":80,"balW":1100,"secs":4.3,"apertura":"-2,-2,5>0,-2,4 2,1,-2>-2,5,-2 0,-2,4>0,-1,2 -2,5,-2>-2,2,2 -1,1,1>0,1,1 3,0,-2>2,1,-2"}
{"par":1,"whiteIs":"B","ptsW":1,"res":"mate","plies":73,"balW":2200,"secs":3.5,"apertura":"-2,-2,5>0,-2,4 2,1,-2>-2,5,-2 0,-2,4>0,-1,2 -2,5,-2>-2,2,2 -1,1,1>0,1,1 3,0,-2>2,1,-2"}
{"par":2,"whiteIs":"A","ptsW":null,"res":"tope","plies":80,"balW":700,"secs":4.3,"apertura":"-2,1,2>-2,5,-1 2,1,-2>-1,4,-2 -1,1,1>0,1,1 -1,4,-2>2,1,-2 -2,5,-1>-2,2,2 2,1,-2>2,2,-2"}
{"par":2,"whiteIs":"B","ptsW":1,"res":"mate","plies":73,"balW":500,"secs":4.4,"apertura":"-2,1,2>-2,5,-1 2,1,-2>-1,4,-2 -1,1,1>0,1,1 -1,4,-2>2,1,-2 -2,5,-1>-2,2,2 2,1,-2>2,2,-2"}
{"par":3,"whiteIs":"A","ptsW":null,"res":"tope","plies":80,"balW":500,"secs":4.4,"apertura":"-2,1,2>-2,4,-1 4,-2,-1>4,-2,0 -2,4,-1>-2,2,2 2,1,-2>-2,5,-2 -2,2,2>-1,2,0 -2,5,-2>-2,4,-1"}
{"par":3,"whiteIs":"B","ptsW":0.5,"res":"repetition","plies":23,"balW":-200,"secs":1.5,"apertura":"-2,1,2>-2,4,-1 4,-2,-1>4,-2,0 -2,4,-1>-2,2,2 2,1,-2>-2,5,-2 -2,2,2>-1,2,0 -2,5,-2>-2,4,-1"}
{"par":4,"whiteIs":"A","ptsW":null,"res":"tope","plies":80,"balW":200,"secs":4.3,"apertura":"-2,1,2>-2,5,-2 2,0,-1>2,0,0 -1,0,2>0,0,2 5,-2,-2>4,-2,0 -2,5,-2>-2,1,2 2,1,-2>0,4,-2"}
{"par":4,"whiteIs":"B","ptsW":null,"res":"tope","plies":80,"balW":0,"secs":5.3,"apertura":"-2,1,2>-2,5,-2 2,0,-1>2,0,0 -1,0,2>0,0,2 5,-2,-2>4,-2,0 -2,5,-2>-2,1,2 2,1,-2>0,4,-2"}
{"par":5,"whiteIs":"A","ptsW":null,"res":"tope","plies":80,"balW":100,"secs":4.7,"apertura":"-1,0,2>0,0,2 2,1,-2>-2,5,-2 -2,1,2>-2,2,1 -2,5,-2>-2,5,-1 -2,0,3>-2,1,2 -2,5,-1>0,3,-1"}
{"par":5,"whiteIs":"B","ptsW":null,"res":"tope","plies":80,"balW":-200,"secs":4.9,"apertura":"-1,0,2>0,0,2 2,1,-2>-2,5,-2 -2,1,2>-2,2,1 -2,5,-2>-2,5,-1 -2,0,3>-2,1,2 -2,5,-1>0,3,-1"}
{"par":6,"whiteIs":"A","ptsW":null,"res":"tope","plies":80,"balW":2200,"secs":5.6,"apertura":"-2,1,2>-2,4,-1 2,0,-1>2,0,0 -2,4,-1>-1,4,-1 2,1,-2>2,2,-2 -1,4,-1>-1,4,-2 2,2,-2>0,4,-2"}
{"par":6,"whiteIs":"B","ptsW":null,"res":"tope","plies":80,"balW":300,"secs":5.2,"apertura":"-2,1,2>-2,4,-1 2,0,-1>2,0,0 -2,4,-1>-1,4,-1 2,1,-2>2,2,-2 -1,4,-1>-1,4,-2 2,2,-2>0,4,-2"}
{"par":7,"whiteIs":"A","ptsW":null,"res":"tope","plies":80,"balW":700,"secs":4.4,"apertura":"-2,1,2>-2,2,2 3,-1,-1>3,-1,0 -1,-2,4>0,-2,4 4,-1,-2>3,-1,-1 -2,2,2>-1,2,1 3,-1,-1>4,-2,0"}
{"par":7,"whiteIs":"B","ptsW":null,"res":"tope","plies":80,"balW":-200,"secs":4.5,"apertura":"-2,1,2>-2,2,2 3,-1,-1>3,-1,0 -1,-2,4>0,-2,4 4,-1,-2>3,-1,-1 -2,2,2>-1,2,1 3,-1,-1>4,-2,0"}
{"par":8,"whiteIs":"A","ptsW":null,"res":"tope","plies":80,"balW":300,"secs":5.2,"apertura":"-2,1,2>-2,4,-1 2,1,-2>0,4,-2 -2,4,-1>-2,2,2 1,1,-1>1,1,0 -2,2,2>-2,1,2 2,1,-1>1,1,-1"}
{"par":8,"whiteIs":"B","ptsW":null,"res":"tope","plies":80,"balW":-200,"secs":5.1,"apertura":"-2,1,2>-2,4,-1 2,1,-2>0,4,-2 -2,4,-1>-2,2,2 1,1,-1>1,1,0 -2,2,2>-2,1,2 2,1,-1>1,1,-1"}
{"par":9,"whiteIs":"A","ptsW":null,"res":"tope","plies":80,"balW":1300,"secs":5.6,"apertura":"-2,-2,5>0,-2,4 2,0,-1>2,0,0 -2,1,2>-2,5,-1 2,1,-2>1,3,-2 0,-2,4>1,-2,2 1,1,-1>1,1,0"}
{"par":9,"whiteIs":"B","ptsW":null,"res":"tope","plies":80,"balW":-600,"secs":4.5,"apertura":"-2,-2,5>0,-2,4 2,0,-1>2,0,0 -2,1,2>-2,5,-1 2,1,-2>1,3,-2 0,-2,4>1,-2,2 1,1,-1>1,1,0"}
{"par":10,"whiteIs":"A","ptsW":null,"res":"tope","plies":80,"balW":1000,"secs":4.6,"apertura":"-2,1,2>-2,5,-2 2,1,-2>1,3,-2 -2,5,-2>-2,3,1 1,3,-2>0,3,-1 -2,3,1>-2,5,-1 4,-2,-1>4,-2,0"}
{"par":10,"whiteIs":"B","ptsW":null,"res":"tope","plies":80,"balW":300,"secs":4.6,"apertura":"-2,1,2>-2,5,-2 2,1,-2>1,3,-2 -2,5,-2>-2,3,1 1,3,-2>0,3,-1 -2,3,1>-2,5,-1 4,-2,-1>4,-2,0"}
{"par":11,"whiteIs":"A","ptsW":null,"res":"tope","plies":80,"balW":200,"secs":5.1,"apertura":"-2,1,2>-2,4,-1 1,1,-1>1,1,0 -2,4,-1>0,2,-1 2,1,-2>-2,6,-2 0,2,-1>0,1,1 -2,6,-2>0,3,-2"}
{"par":11,"whiteIs":"B","ptsW":null,"res":"tope","plies":80,"balW":500,"secs":5.6,"apertura":"-2,1,2>-2,4,-1 1,1,-1>1,1,0 -2,4,-1>0,2,-1 2,1,-2>-2,6,-2 0,2,-1>0,1,1 -2,6,-2>0,3,-2"}
{"par":12,"whiteIs":"A","ptsW":null,"res":"tope","plies":80,"balW":400,"secs":4.7,"apertura":"-2,1,2>-2,3,0 2,1,-2>1,3,-2 -2,3,0>-2,1,2 1,3,-2>-1,4,-2 -2,1,2>-2,3,0 -1,4,-2>1,2,-2"}
{"par":12,"whiteIs":"B","ptsW":null,"res":"tope","plies":80,"balW":-300,"secs":4.6,"apertura":"-2,1,2>-2,3,0 2,1,-2>1,3,-2 -2,3,0>-2,1,2 1,3,-2>-1,4,-2 -2,1,2>-2,3,0 -1,4,-2>1,2,-2"}
{"par":13,"whiteIs":"A","ptsW":null,"res":"tope","plies":80,"balW":1100,"secs":5.5,"apertura":"-1,0,2>0,0,2 2,1,-2>-2,5,-2 0,0,2>0,0,1 5,-2,-2>4,-2,0 -2,1,2>-2,2,1 3,1,-2>1,2,-2"}
{"par":13,"whiteIs":"B","ptsW":null,"res":"tope","plies":80,"balW":100,"secs":4.7,"apertura":"-1,0,2>0,0,2 2,1,-2>-2,5,-2 0,0,2>0,0,1 5,-2,-2>4,-2,0 -2,1,2>-2,2,1 3,1,-2>1,2,-2"}
{"par":14,"whiteIs":"A","ptsW":null,"res":"tope","plies":80,"balW":1300,"secs":5.3,"apertura":"-2,1,2>-2,3,1 2,0,-1>2,0,0 -1,0,2>0,0,2 3,0,-2>2,0,-1 -2,3,1>-2,5,-1 2,0,-1>0,0,1"}
{"par":14,"whiteIs":"B","ptsW":null,"res":"tope","plies":80,"balW":200,"secs":5.4,"apertura":"-2,1,2>-2,3,1 2,0,-1>2,0,0 -1,0,2>0,0,2 3,0,-2>2,0,-1 -2,3,1>-2,5,-1 2,0,-1>0,0,1"}
{"par":15,"whiteIs":"A","ptsW":null,"res":"tope","plies":80,"balW":300,"secs":5,"apertura":"-2,1,3>-2,2,1 2,1,-2>2,2,-2 -2,1,2>-2,1,3 1,1,-1>1,1,0 -2,-2,5>0,-2,4 2,2,-2>0,2,-1"}
{"par":15,"whiteIs":"B","ptsW":null,"res":"tope","plies":80,"balW":900,"secs":5.4,"apertura":"-2,1,3>-2,2,1 2,1,-2>2,2,-2 -2,1,2>-2,1,3 1,1,-1>1,1,0 -2,-2,5>0,-2,4 2,2,-2>0,2,-1"}
{"par":16,"whiteIs":"A","ptsW":null,"res":"tope","plies":80,"balW":1100,"secs":4.5,"apertura":"-2,1,2>-2,3,1 2,1,-2>-1,5,-2 -2,3,1>-1,2,1 -1,5,-2>-1,4,-2 -1,2,1>-1,3,-1 3,-1,-1>3,-1,0"}
{"par":16,"whiteIs":"B","ptsW":null,"res":"tope","plies":80,"balW":300,"secs":3.8,"apertura":"-2,1,2>-2,3,1 2,1,-2>-1,5,-2 -2,3,1>-1,2,1 -1,5,-2>-1,4,-2 -1,2,1>-1,3,-1 3,-1,-1>3,-1,0"}
{"par":17,"whiteIs":"A","ptsW":null,"res":"tope","plies":80,"balW":-1600,"secs":4.8,"apertura":"-1,1,1>0,1,1 2,1,-2>1,3,-2 -1,-1,3>0,-1,3 1,3,-2>1,2,-2 0,1,1>0,1,0 1,2,-2>1,3,-2"}
{"par":17,"whiteIs":"B","ptsW":null,"res":"tope","plies":80,"balW":-300,"secs":4.5,"apertura":"-1,1,1>0,1,1 2,1,-2>1,3,-2 -1,-1,3>0,-1,3 1,3,-2>1,2,-2 0,1,1>0,1,0 1,2,-2>1,3,-2"}
{"par":18,"whiteIs":"A","ptsW":null,"res":"tope","plies":80,"balW":700,"secs":5,"apertura":"-2,1,2>-2,3,0 2,1,-2>2,2,-2 -2,1,3>-2,2,1 2,2,-2>0,2,0 -1,1,1>0,1,1 0,2,0>4,-2,0"}
{"par":18,"whiteIs":"B","ptsW":null,"res":"tope","plies":80,"balW":0,"secs":4.1,"apertura":"-2,1,2>-2,3,0 2,1,-2>2,2,-2 -2,1,3>-2,2,1 2,2,-2>0,2,0 -1,1,1>0,1,1 0,2,0>4,-2,0"}
{"par":19,"whiteIs":"A","ptsW":null,"res":"tope","plies":80,"balW":1500,"secs":5.7,"apertura":"-1,0,2>0,0,2 2,1,-2>1,3,-2 0,0,2>0,0,1 1,1,-1>1,1,0 -1,0,3>-1,0,2 1,3,-2>-1,3,-1"}
{"par":19,"whiteIs":"B","ptsW":null,"res":"tope","plies":80,"balW":-200,"secs":5.1,"apertura":"-1,0,2>0,0,2 2,1,-2>1,3,-2 0,0,2>0,0,1 1,1,-1>1,1,0 -1,0,3>-1,0,2 1,3,-2>-1,3,-1"}
{"par":20,"whiteIs":"A","ptsW":null,"res":"tope","plies":80,"balW":1500,"secs":4.9,"apertura":"-2,-2,5>0,-2,4 5,-2,-2>4,-2,0 -2,1,2>-2,6,-2 2,1,-2>-1,4,-2 -2,6,-2>-2,2,2 3,-1,-1>3,-1,0"}
{"par":20,"whiteIs":"B","ptsW":1,"res":"mate","plies":59,"balW":-200,"secs":4,"apertura":"-2,-2,5>0,-2,4 5,-2,-2>4,-2,0 -2,1,2>-2,6,-2 2,1,-2>-1,4,-2 -2,6,-2>-2,2,2 3,-1,-1>3,-1,0"}
{"par":21,"whiteIs":"A","ptsW":null,"res":"tope","plies":80,"balW":400,"secs":4.7,"apertura":"-2,1,2>-2,2,2 2,1,-2>0,3,-2 -2,2,2>-1,2,1 2,0,-1>2,0,0 -2,-2,5>0,-2,4 0,3,-2>0,2,0"}
{"par":21,"whiteIs":"B","ptsW":null,"res":"tope","plies":80,"balW":-600,"secs":4.5,"apertura":"-2,1,2>-2,2,2 2,1,-2>0,3,-2 -2,2,2>-1,2,1 2,0,-1>2,0,0 -2,-2,5>0,-2,4 0,3,-2>0,2,0"}
{"par":22,"whiteIs":"A","ptsW":null,"res":"tope","plies":80,"balW":1100,"secs":4.2,"apertura":"-2,1,3>-2,2,1 2,1,-2>2,2,-2 -2,2,1>-2,4,0 2,2,-2>-2,2,1 -2,0,4>-2,1,3 -2,2,1>-2,2,2"}
{"par":22,"whiteIs":"B","ptsW":null,"res":"tope","plies":80,"balW":800,"secs":4.4,"apertura":"-2,1,3>-2,2,1 2,1,-2>2,2,-2 -2,2,1>-2,4,0 2,2,-2>-2,2,1 -2,0,4>-2,1,3 -2,2,1>-2,2,2"}
{"par":23,"whiteIs":"A","ptsW":null,"res":"tope","plies":80,"balW":1300,"secs":4.8,"apertura":"-2,1,2>-2,2,1 2,1,-2>-2,5,-2 -2,2,1>-1,2,0 1,1,-1>1,1,0 -1,2,0>-2,3,0 4,-2,-1>4,-2,0"}
{"par":23,"whiteIs":"B","ptsW":null,"res":"tope","plies":80,"balW":200,"secs":4.8,"apertura":"-2,1,2>-2,2,1 2,1,-2>-2,5,-2 -2,2,1>-1,2,0 1,1,-1>1,1,0 -1,2,0>-2,3,0 4,-2,-1>4,-2,0"}
{"par":24,"whiteIs":"A","ptsW":null,"res":"tope","plies":80,"balW":-200,"secs":4.7,"apertura":"-2,-2,5>0,-2,4 5,-2,-2>4,-2,0 -2,1,2>-2,2,2 2,1,-2>-1,4,-2 0,-2,4>1,-2,2 4,-2,0>5,-2,-2"}
{"par":24,"whiteIs":"B","ptsW":null,"res":"tope","plies":80,"balW":-1000,"secs":5.1,"apertura":"-2,-2,5>0,-2,4 5,-2,-2>4,-2,0 -2,1,2>-2,2,2 2,1,-2>-1,4,-2 0,-2,4>1,-2,2 4,-2,0>5,-2,-2"}
{"par":25,"whiteIs":"A","ptsW":null,"res":"tope","plies":80,"balW":600,"secs":4.6,"apertura":"-2,1,2>-2,4,-1 3,-1,-1>3,-1,0 -2,4,-1>-2,2,1 2,1,-2>0,4,-2 -2,0,3>-2,1,2 3,0,-2>2,1,-2"}
{"par":25,"whiteIs":"B","ptsW":null,"res":"tope","plies":80,"balW":-200,"secs":4.5,"apertura":"-2,1,2>-2,4,-1 3,-1,-1>3,-1,0 -2,4,-1>-2,2,1 2,1,-2>0,4,-2 -2,0,3>-2,1,2 3,0,-2>2,1,-2"}
{"par":26,"whiteIs":"A","ptsW":1,"res":"mate","plies":49,"balW":-400,"secs":2.9,"apertura":"-2,-2,5>0,-2,4 3,1,-2>1,2,-2 -2,1,2>-2,4,-1 1,2,-2>0,3,-1 -2,4,-1>-2,3,0 2,1,-2>1,3,-2"}
{"par":26,"whiteIs":"B","ptsW":null,"res":"tope","plies":80,"balW":0,"secs":4.5,"apertura":"-2,-2,5>0,-2,4 3,1,-2>1,2,-2 -2,1,2>-2,4,-1 1,2,-2>0,3,-1 -2,4,-1>-2,3,0 2,1,-2>1,3,-2"}
{"par":27,"whiteIs":"A","ptsW":null,"res":"tope","plies":80,"balW":-100,"secs":4.4,"apertura":"-2,-2,5>0,-2,4 2,1,-2>-2,6,-2 0,-2,4>0,-1,2 -2,6,-2>0,4,-2 0,-1,2>0,-2,4 3,-1,-1>3,-1,0"}
{"par":27,"whiteIs":"B","ptsW":null,"res":"tope","plies":80,"balW":-300,"secs":4.4,"apertura":"-2,-2,5>0,-2,4 2,1,-2>-2,6,-2 0,-2,4>0,-1,2 -2,6,-2>0,4,-2 0,-1,2>0,-2,4 3,-1,-1>3,-1,0"}
{"par":28,"whiteIs":"A","ptsW":null,"res":"tope","plies":80,"balW":700,"secs":4.7,"apertura":"-2,1,3>-2,2,1 2,1,-2>0,3,-2 -2,2,1>-1,3,0 3,0,-2>2,1,-2 -2,1,2>-2,2,1 3,1,-2>1,2,-2"}
{"par":28,"whiteIs":"B","ptsW":1,"res":"mate","plies":17,"balW":900,"secs":1,"apertura":"-2,1,3>-2,2,1 2,1,-2>0,3,-2 -2,2,1>-1,3,0 3,0,-2>2,1,-2 -2,1,2>-2,2,1 3,1,-2>1,2,-2"}
{"par":29,"whiteIs":"A","ptsW":null,"res":"tope","plies":80,"balW":100,"secs":4.6,"apertura":"-2,1,2>-2,3,0 4,-2,-1>4,-2,0 -2,3,0>0,2,0 1,1,-1>1,1,0 0,2,0>0,-2,3 2,1,-2>-1,4,-2"}
{"par":29,"whiteIs":"B","ptsW":null,"res":"tope","plies":80,"balW":-200,"secs":4.5,"apertura":"-2,1,2>-2,3,0 4,-2,-1>4,-2,0 -2,3,0>0,2,0 1,1,-1>1,1,0 0,2,0>0,-2,3 2,1,-2>-1,4,-2"}
{"par":30,"whiteIs":"A","ptsW":null,"res":"tope","plies":80,"balW":-100,"secs":4.4,"apertura":"-2,1,2>-2,5,-1 3,1,-2>1,2,-2 -1,-1,3>0,-1,3 1,2,-2>0,4,-2 -2,0,3>-2,1,2 5,-2,-2>4,-2,0"}
{"par":30,"whiteIs":"B","ptsW":0.5,"res":"repetition","plies":54,"balW":200,"secs":3.7,"apertura":"-2,1,2>-2,5,-1 3,1,-2>1,2,-2 -1,-1,3>0,-1,3 1,2,-2>0,4,-2 -2,0,3>-2,1,2 5,-2,-2>4,-2,0"}
{"par":31,"whiteIs":"A","ptsW":null,"res":"tope","plies":80,"balW":-300,"secs":5,"apertura":"-2,-2,5>0,-2,4 3,-1,-1>3,-1,0 -2,1,2>-2,3,1 2,1,-2>2,2,-2 -2,3,1>-1,3,-1 3,1,-2>1,2,-2"}
{"par":31,"whiteIs":"B","ptsW":null,"res":"tope","plies":80,"balW":-500,"secs":4.5,"apertura":"-2,-2,5>0,-2,4 3,-1,-1>3,-1,0 -2,1,2>-2,3,1 2,1,-2>2,2,-2 -2,3,1>-1,3,-1 3,1,-2>1,2,-2"}
{"par":32,"whiteIs":"A","ptsW":null,"res":"tope","plies":80,"balW":100,"secs":4.8,"apertura":"-2,1,2>-2,4,-1 2,1,-2>-1,5,-2 -2,4,-1>-2,3,0 3,0,-2>2,1,-2 -2,3,0>1,0,0 -1,5,-2>1,2,-2"}
{"par":32,"whiteIs":"B","ptsW":null,"res":"tope","plies":80,"balW":-200,"secs":3.9,"apertura":"-2,1,2>-2,4,-1 2,1,-2>-1,5,-2 -2,4,-1>-2,3,0 3,0,-2>2,1,-2 -2,3,0>1,0,0 -1,5,-2>1,2,-2"}
{"par":33,"whiteIs":"A","ptsW":null,"res":"tope","plies":80,"balW":300,"secs":4.4,"apertura":"-2,1,2>-2,2,1 2,1,-2>-2,5,-2 -2,0,3>-2,1,2 3,0,-2>2,1,-2 -2,2,1>0,2,-1 4,-1,-2>3,0,-2"}
{"par":33,"whiteIs":"B","ptsW":null,"res":"tope","plies":80,"balW":200,"secs":4.6,"apertura":"-2,1,2>-2,2,1 2,1,-2>-2,5,-2 -2,0,3>-2,1,2 3,0,-2>2,1,-2 -2,2,1>0,2,-1 4,-1,-2>3,0,-2"}
{"par":34,"whiteIs":"A","ptsW":null,"res":"tope","plies":80,"balW":400,"secs":5,"apertura":"-2,1,2>-2,6,-2 2,1,-2>0,3,-2 -2,6,-2>-2,4,-1 0,3,-2>0,0,2 -2,4,-1>-2,3,1 0,0,2>2,0,0"}
{"par":34,"whiteIs":"B","ptsW":null,"res":"tope","plies":80,"balW":0,"secs":4.1,"apertura":"-2,1,2>-2,6,-2 2,1,-2>0,3,-2 -2,6,-2>-2,4,-1 0,3,-2>0,0,2 -2,4,-1>-2,3,1 0,0,2>2,0,0"}
{"par":35,"whiteIs":"A","ptsW":1,"res":"mate","plies":75,"balW":1800,"secs":5.2,"apertura":"-2,1,2>-2,2,2 2,1,-2>0,4,-2 -1,1,1>0,1,1 0,4,-2>-2,4,0 -2,2,2>2,2,-2 -2,4,0>-2,2,2"}
{"par":35,"whiteIs":"B","ptsW":null,"res":"tope","plies":80,"balW":300,"secs":4.3,"apertura":"-2,1,2>-2,2,2 2,1,-2>0,4,-2 -1,1,1>0,1,1 0,4,-2>-2,4,0 -2,2,2>2,2,-2 -2,4,0>-2,2,2"}
{"par":36,"whiteIs":"A","ptsW":null,"res":"tope","plies":80,"balW":2000,"secs":5.4,"apertura":"-2,1,2>-2,4,-1 2,1,-2>1,2,-2 -2,-2,5>0,-2,4 1,2,-2>2,1,-2 0,-2,4>-2,-2,5 2,1,-2>-2,5,-2"}
{"par":36,"whiteIs":"B","ptsW":null,"res":"tope","plies":80,"balW":200,"secs":4.4,"apertura":"-2,1,2>-2,4,-1 2,1,-2>1,2,-2 -2,-2,5>0,-2,4 1,2,-2>2,1,-2 0,-2,4>-2,-2,5 2,1,-2>-2,5,-2"}
{"par":37,"whiteIs":"A","ptsW":null,"res":"tope","plies":80,"balW":400,"secs":4.3,"apertura":"-2,1,2>-2,3,0 2,1,-2>0,3,-2 -2,3,0>-2,2,1 0,3,-2>-1,3,0 -1,1,1>0,1,1 -1,3,0>-1,3,-1"}
{"par":37,"whiteIs":"B","ptsW":null,"res":"tope","plies":80,"balW":-400,"secs":4.6,"apertura":"-2,1,2>-2,3,0 2,1,-2>0,3,-2 -2,3,0>-2,2,1 0,3,-2>-1,3,0 -1,1,1>0,1,1 -1,3,0>-1,3,-1"}
{"par":38,"whiteIs":"A","ptsW":0,"res":"mate","plies":58,"balW":-700,"secs":4,"apertura":"-2,1,2>-2,5,-1 2,1,-2>2,2,-2 -2,5,-1>0,2,-1 4,-2,-1>4,-2,0 -2,-2,5>0,-2,4 2,2,-2>1,3,-2"}
{"par":38,"whiteIs":"B","ptsW":0,"res":"mate","plies":38,"balW":-400,"secs":2.5,"apertura":"-2,1,2>-2,5,-1 2,1,-2>2,2,-2 -2,5,-1>0,2,-1 4,-2,-1>4,-2,0 -2,-2,5>0,-2,4 2,2,-2>1,3,-2"}
{"par":39,"whiteIs":"A","ptsW":null,"res":"tope","plies":80,"balW":1100,"secs":4.2,"apertura":"-2,1,2>-2,3,0 4,-2,-1>4,-2,0 -2,3,0>-2,2,1 2,1,-2>0,4,-2 -2,2,1>-2,4,-1 4,-2,0>3,-2,0"}
{"par":39,"whiteIs":"B","ptsW":null,"res":"tope","plies":80,"balW":800,"secs":4.5,"apertura":"-2,1,2>-2,3,0 4,-2,-1>4,-2,0 -2,3,0>-2,2,1 2,1,-2>0,4,-2 -2,2,1>-2,4,-1 4,-2,0>3,-2,0"}
{"par":40,"whiteIs":"A","ptsW":null,"res":"tope","plies":80,"balW":1400,"secs":5.2,"apertura":"-2,1,2>-2,3,1 5,-2,-2>4,-2,0 -2,3,1>-2,2,2 2,1,-2>-2,6,-2 -2,2,2>-2,5,-1 -2,6,-2>-2,5,-2"}
{"par":40,"whiteIs":"B","ptsW":null,"res":"tope","plies":80,"balW":400,"secs":4.9,"apertura":"-2,1,2>-2,3,1 5,-2,-2>4,-2,0 -2,3,1>-2,2,2 2,1,-2>-2,6,-2 -2,2,2>-2,5,-1 -2,6,-2>-2,5,-2"}
{"par":41,"whiteIs":"A","ptsW":null,"res":"tope","plies":80,"balW":800,"secs":4.8,"apertura":"-2,1,2>-2,5,-2 2,0,-1>2,0,0 -1,0,2>0,0,2 2,1,-2>-1,4,-2 -2,5,-2>-1,5,-2 3,0,-2>2,1,-2"}
{"par":41,"whiteIs":"B","ptsW":null,"res":"tope","plies":80,"balW":-400,"secs":6.5,"apertura":"-2,1,2>-2,5,-2 2,0,-1>2,0,0 -1,0,2>0,0,2 2,1,-2>-1,4,-2 -2,5,-2>-1,5,-2 3,0,-2>2,1,-2"}
{"par":42,"whiteIs":"A","ptsW":null,"res":"tope","plies":80,"balW":-500,"secs":4.9,"apertura":"-2,1,2>-2,2,1 2,1,-2>-2,5,-2 -2,2,1>-2,3,0 -2,5,-2>1,3,-2 -2,1,3>-2,2,1 1,3,-2>-1,5,-2"}
{"par":42,"whiteIs":"B","ptsW":null,"res":"tope","plies":80,"balW":-300,"secs":4.9,"apertura":"-2,1,2>-2,2,1 2,1,-2>-2,5,-2 -2,2,1>-2,3,0 -2,5,-2>1,3,-2 -2,1,3>-2,2,1 1,3,-2>-1,5,-2"}
{"par":43,"whiteIs":"A","ptsW":null,"res":"tope","plies":80,"balW":-1400,"secs":4.7,"apertura":"-2,1,3>-2,2,1 1,1,-1>1,1,0 -2,2,1>-2,1,3 3,1,-2>1,2,-2 -2,1,2>-2,5,-1 4,-2,-1>4,-2,0"}
{"par":43,"whiteIs":"B","ptsW":null,"res":"tope","plies":80,"balW":200,"secs":5.9,"apertura":"-2,1,3>-2,2,1 1,1,-1>1,1,0 -2,2,1>-2,1,3 3,1,-2>1,2,-2 -2,1,2>-2,5,-1 4,-2,-1>4,-2,0"}
{"par":44,"whiteIs":"A","ptsW":null,"res":"tope","plies":80,"balW":200,"secs":5.3,"apertura":"-2,-2,5>0,-2,4 2,1,-2>0,3,-2 0,-2,4>-2,-2,5 0,3,-2>0,-2,3 -2,1,2>-2,4,0 0,-2,3>0,3,-1"}
{"par":44,"whiteIs":"B","ptsW":null,"res":"tope","plies":80,"balW":-300,"secs":5.2,"apertura":"-2,-2,5>0,-2,4 2,1,-2>0,3,-2 0,-2,4>-2,-2,5 0,3,-2>0,-2,3 -2,1,2>-2,4,0 0,-2,3>0,3,-1"}
{"par":45,"whiteIs":"A","ptsW":null,"res":"tope","plies":80,"balW":300,"secs":4.5,"apertura":"-2,-2,5>0,-2,4 2,1,-2>2,2,-2 -2,1,2>-2,5,-1 2,2,-2>-1,2,0 -2,5,-1>-2,4,-1 -1,2,0>4,-2,0"}
{"par":45,"whiteIs":"B","ptsW":null,"res":"tope","plies":80,"balW":-600,"secs":4.7,"apertura":"-2,-2,5>0,-2,4 2,1,-2>2,2,-2 -2,1,2>-2,5,-1 2,2,-2>-1,2,0 -2,5,-1>-2,4,-1 -1,2,0>4,-2,0"}
{"par":46,"whiteIs":"A","ptsW":null,"res":"tope","plies":80,"balW":200,"secs":4.7,"apertura":"-2,1,2>-2,2,1 2,0,-1>2,0,0 -2,0,3>-2,1,2 3,0,-2>2,0,-1 -2,-2,5>0,-2,4 5,-2,-2>4,-2,0"}
{"par":46,"whiteIs":"B","ptsW":null,"res":"tope","plies":80,"balW":-600,"secs":4.9,"apertura":"-2,1,2>-2,2,1 2,0,-1>2,0,0 -2,0,3>-2,1,2 3,0,-2>2,0,-1 -2,-2,5>0,-2,4 5,-2,-2>4,-2,0"}
{"par":47,"whiteIs":"A","ptsW":null,"res":"tope","plies":80,"balW":1200,"secs":4.1,"apertura":"-1,0,2>0,0,2 2,0,-1>2,0,0 0,0,2>0,0,1 3,-1,-1>3,-1,0 -2,0,3>-1,0,2 3,-1,0>2,-1,0"}
{"par":47,"whiteIs":"B","ptsW":null,"res":"tope","plies":80,"balW":-100,"secs":5.1,"apertura":"-1,0,2>0,0,2 2,0,-1>2,0,0 0,0,2>0,0,1 3,-1,-1>3,-1,0 -2,0,3>-1,0,2 3,-1,0>2,-1,0"}
{"par":48,"whiteIs":"A","ptsW":null,"res":"tope","plies":80,"balW":-600,"secs":4.6,"apertura":"-1,-2,4>0,-2,4 3,-1,-1>3,-1,0 -2,1,2>-2,4,-1 2,1,-2>-2,5,-2 -2,4,-1>-2,5,-1 -2,5,-2>0,4,-2"}
{"par":48,"whiteIs":"B","ptsW":null,"res":"tope","plies":80,"balW":-200,"secs":4.8,"apertura":"-1,-2,4>0,-2,4 3,-1,-1>3,-1,0 -2,1,2>-2,4,-1 2,1,-2>-2,5,-2 -2,4,-1>-2,5,-1 -2,5,-2>0,4,-2"}
{"par":49,"whiteIs":"A","ptsW":null,"res":"tope","plies":80,"balW":300,"secs":5.6,"apertura":"-1,0,2>0,0,2 2,1,-2>-2,5,-2 0,0,2>0,0,1 -2,5,-2>-2,4,0 -2,1,2>-2,2,1 -2,4,0>4,-2,0"}
{"par":49,"whiteIs":"B","ptsW":0,"res":"mate","plies":36,"balW":-600,"secs":2.7,"apertura":"-1,0,2>0,0,2 2,1,-2>-2,5,-2 0,0,2>0,0,1 -2,5,-2>-2,4,0 -2,1,2>-2,2,1 -2,4,0>4,-2,0"}
{"par":50,"whiteIs":"A","ptsW":null,"res":"tope","plies":80,"balW":600,"secs":4.7,"apertura":"-2,1,2>-2,5,-1 2,1,-2>1,2,-2 -1,-2,4>0,-2,4 5,-2,-2>4,-2,0 -2,5,-1>-2,4,0 1,2,-2>-1,4,-2"}
{"par":50,"whiteIs":"B","ptsW":null,"res":"tope","plies":80,"balW":-100,"secs":4.7,"apertura":"-2,1,2>-2,5,-1 2,1,-2>1,2,-2 -1,-2,4>0,-2,4 5,-2,-2>4,-2,0 -2,5,-1>-2,4,0 1,2,-2>-1,4,-2"}
{"par":51,"whiteIs":"A","ptsW":null,"res":"tope","plies":80,"balW":300,"secs":5,"apertura":"-2,1,2>-2,3,0 2,1,-2>-1,5,-2 -2,3,0>1,0,0 -1,5,-2>-1,2,0 -1,-2,4>0,-2,4 -1,2,0>1,2,-1"}
{"par":51,"whiteIs":"B","ptsW":null,"res":"tope","plies":80,"balW":-300,"secs":4.5,"apertura":"-2,1,2>-2,3,0 2,1,-2>-1,5,-2 -2,3,0>1,0,0 -1,5,-2>-1,2,0 -1,-2,4>0,-2,4 -1,2,0>1,2,-1"}
{"par":52,"whiteIs":"A","ptsW":null,"res":"tope","plies":80,"balW":1200,"secs":4.4,"apertura":"-1,0,2>0,0,2 2,1,-2>1,3,-2 -2,1,2>-2,5,-1 1,3,-2>-1,3,0 -2,5,-1>-2,2,1 -1,3,0>-1,2,1"}
{"par":52,"whiteIs":"B","ptsW":null,"res":"tope","plies":80,"balW":-300,"secs":4.7,"apertura":"-1,0,2>0,0,2 2,1,-2>1,3,-2 -2,1,2>-2,5,-1 1,3,-2>-1,3,0 -2,5,-1>-2,2,1 -1,3,0>-1,2,1"}
{"par":53,"whiteIs":"A","ptsW":null,"res":"tope","plies":80,"balW":100,"secs":4.2,"apertura":"-1,0,2>0,0,2 4,-2,-1>4,-2,0 0,0,2>0,0,1 2,1,-2>0,3,-2 -2,1,2>-2,5,-1 0,3,-2>1,2,-2"}
{"par":53,"whiteIs":"B","ptsW":null,"res":"tope","plies":80,"balW":-200,"secs":4.2,"apertura":"-1,0,2>0,0,2 4,-2,-1>4,-2,0 0,0,2>0,0,1 2,1,-2>0,3,-2 -2,1,2>-2,5,-1 0,3,-2>1,2,-2"}
