# {"fecha":"2026-08-03T22:45:03.172Z","modalidad":"trigonal","A":{"nombre":"vigente","cfg":{"depth":24,"mobility":true,"order":true,"quiesce":true,"nodes":4500}},"B":{"nombre":"all","cfg":{"depth":24,"mobility":true,"order":true,"quiesce":true,"nodes":4500,"pieceValues":{"P":100,"R":469,"B":360,"Q":785,"N":277,"K":0},"positionWeights":{"P":{"centrality":-3,"advance":-8},"R":{"centrality":-10},"B":{"centrality":-2},"Q":{"centrality":7},"N":{"centrality":-2}},"mobilityWeight":7.27}},"MAX_PLIES":80,"FIFTY":40,"OPENING_PLIES":6,"SEED":25002,"FIRST":54,"PAIRS":53,"libro":"libro-trigonal.json"}
{"par":54,"whiteIs":"A","ptsW":null,"res":"tope","plies":80,"balW":1500,"secs":4.5,"apertura":"-1,-1,3>0,-1,3 2,1,-2>-2,5,-2 0,-1,3>0,-1,2 -2,5,-2>-2,3,1 -2,1,2>-2,2,1 -2,3,1>-2,6,-2"}
{"par":54,"whiteIs":"B","ptsW":null,"res":"tope","plies":80,"balW":200,"secs":4.4,"apertura":"-1,-1,3>0,-1,3 2,1,-2>-2,5,-2 0,-1,3>0,-1,2 -2,5,-2>-2,3,1 -2,1,2>-2,2,1 -2,3,1>-2,6,-2"}
{"par":55,"whiteIs":"A","ptsW":null,"res":"tope","plies":80,"balW":1100,"secs":4.2,"apertura":"-1,-2,4>0,-2,4 1,1,-1>1,1,0 -1,0,2>0,0,2 2,1,-2>2,2,-2 -2,1,3>-1,0,2 2,2,-2>-2,2,1"}
{"par":55,"whiteIs":"B","ptsW":null,"res":"tope","plies":80,"balW":300,"secs":4.6,"apertura":"-1,-2,4>0,-2,4 1,1,-1>1,1,0 -1,0,2>0,0,2 2,1,-2>2,2,-2 -2,1,3>-1,0,2 2,2,-2>-2,2,1"}
{"par":56,"whiteIs":"A","ptsW":null,"res":"tope","plies":80,"balW":700,"secs":4.7,"apertura":"-2,1,2>-2,6,-2 2,1,-2>-2,6,-2 -1,-2,4>0,-2,4 -2,6,-2>-2,2,1 -2,1,3>-2,2,1 3,0,-2>2,1,-2"}
{"par":56,"whiteIs":"B","ptsW":null,"res":"tope","plies":80,"balW":500,"secs":3.6,"apertura":"-2,1,2>-2,6,-2 2,1,-2>-2,6,-2 -1,-2,4>0,-2,4 -2,6,-2>-2,2,1 -2,1,3>-2,2,1 3,0,-2>2,1,-2"}
{"par":57,"whiteIs":"A","ptsW":null,"res":"tope","plies":80,"balW":1500,"secs":5.1,"apertura":"-2,1,2>-2,2,2 3,-1,-1>3,-1,0 -2,2,2>-2,4,-1 4,-1,-1>3,-1,-1 -2,4,-1>-2,6,-2 2,1,-2>1,3,-2"}
{"par":57,"whiteIs":"B","ptsW":null,"res":"tope","plies":80,"balW":-200,"secs":5,"apertura":"-2,1,2>-2,2,2 3,-1,-1>3,-1,0 -2,2,2>-2,4,-1 4,-1,-1>3,-1,-1 -2,4,-1>-2,6,-2 2,1,-2>1,3,-2"}
{"par":58,"whiteIs":"A","ptsW":null,"res":"tope","plies":80,"balW":700,"secs":4.8,"apertura":"-2,1,2>-2,3,0 2,1,-2>-2,5,-2 -2,1,3>-2,2,1 5,-2,-2>4,-2,0 -2,3,0>-2,5,-1 -2,5,-2>-1,4,-2"}
{"par":58,"whiteIs":"B","ptsW":null,"res":"tope","plies":80,"balW":-300,"secs":5.4,"apertura":"-2,1,2>-2,3,0 2,1,-2>-2,5,-2 -2,1,3>-2,2,1 5,-2,-2>4,-2,0 -2,3,0>-2,5,-1 -2,5,-2>-1,4,-2"}
{"par":59,"whiteIs":"A","ptsW":null,"res":"tope","plies":80,"balW":600,"secs":5,"apertura":"-2,1,2>-2,4,-1 4,-2,-1>4,-2,0 -2,4,-1>-2,5,-1 2,1,-2>0,4,-2 -2,5,-1>-1,5,-2 0,4,-2>0,3,-1"}
{"par":59,"whiteIs":"B","ptsW":null,"res":"tope","plies":80,"balW":0,"secs":4.8,"apertura":"-2,1,2>-2,4,-1 4,-2,-1>4,-2,0 -2,4,-1>-2,5,-1 2,1,-2>0,4,-2 -2,5,-1>-1,5,-2 0,4,-2>0,3,-1"}
{"par":60,"whiteIs":"A","ptsW":null,"res":"tope","plies":80,"balW":1200,"secs":5.6,"apertura":"-2,1,2>-2,5,-1 1,1,-1>1,1,0 -2,-2,5>0,-2,4 2,1,-2>1,2,-2 -2,5,-1>-1,5,-2 1,2,-2>0,4,-2"}
{"par":60,"whiteIs":"B","ptsW":null,"res":"tope","plies":80,"balW":500,"secs":4.9,"apertura":"-2,1,2>-2,5,-1 1,1,-1>1,1,0 -2,-2,5>0,-2,4 2,1,-2>1,2,-2 -2,5,-1>-1,5,-2 1,2,-2>0,4,-2"}
{"par":61,"whiteIs":"A","ptsW":null,"res":"tope","plies":80,"balW":1100,"secs":5.2,"apertura":"-2,1,3>-2,2,1 2,1,-2>2,2,-2 -2,1,2>-2,2,2 2,2,-2>0,2,0 -2,2,2>-2,1,3 0,2,0>0,-2,4"}
{"par":61,"whiteIs":"B","ptsW":null,"res":"tope","plies":80,"balW":1100,"secs":5.4,"apertura":"-2,1,3>-2,2,1 2,1,-2>2,2,-2 -2,1,2>-2,2,2 2,2,-2>0,2,0 -2,2,2>-2,1,3 0,2,0>0,-2,4"}
{"par":62,"whiteIs":"A","ptsW":null,"res":"tope","plies":80,"balW":1500,"secs":4.4,"apertura":"-2,1,3>-2,2,1 1,1,-1>1,1,0 -2,2,1>-2,4,0 4,-2,-1>4,-2,0 -2,1,2>-2,1,3 2,1,-2>1,2,-2"}
{"par":62,"whiteIs":"B","ptsW":null,"res":"tope","plies":80,"balW":0,"secs":5.1,"apertura":"-2,1,3>-2,2,1 1,1,-1>1,1,0 -2,2,1>-2,4,0 4,-2,-1>4,-2,0 -2,1,2>-2,1,3 2,1,-2>1,2,-2"}
{"par":63,"whiteIs":"A","ptsW":null,"res":"tope","plies":80,"balW":1600,"secs":5,"apertura":"-2,1,2>-2,4,0 2,1,-2>1,3,-2 -2,1,3>-2,2,1 5,-2,-2>4,-2,0 -2,4,0>-2,6,-2 4,-2,0>5,-2,-2"}
{"par":63,"whiteIs":"B","ptsW":null,"res":"tope","plies":80,"balW":500,"secs":5.2,"apertura":"-2,1,2>-2,4,0 2,1,-2>1,3,-2 -2,1,3>-2,2,1 5,-2,-2>4,-2,0 -2,4,0>-2,6,-2 4,-2,0>5,-2,-2"}
{"par":64,"whiteIs":"A","ptsW":null,"res":"tope","plies":80,"balW":0,"secs":4.9,"apertura":"-2,1,2>-2,4,0 2,1,-2>2,2,-2 -2,4,0>-2,6,-2 3,1,-2>1,2,-2 -2,6,-2>-1,5,-2 4,-2,-1>4,-2,0"}
{"par":64,"whiteIs":"B","ptsW":null,"res":"tope","plies":80,"balW":-100,"secs":4.9,"apertura":"-2,1,2>-2,4,0 2,1,-2>2,2,-2 -2,4,0>-2,6,-2 3,1,-2>1,2,-2 -2,6,-2>-1,5,-2 4,-2,-1>4,-2,0"}
{"par":65,"whiteIs":"A","ptsW":null,"res":"tope","plies":80,"balW":600,"secs":4.8,"apertura":"-2,1,3>-2,2,1 2,1,-2>1,2,-2 -1,1,1>0,1,1 4,-2,-1>4,-2,0 -1,-1,3>0,-1,3 1,2,-2>1,3,-2"}
{"par":65,"whiteIs":"B","ptsW":null,"res":"tope","plies":80,"balW":500,"secs":4.6,"apertura":"-2,1,3>-2,2,1 2,1,-2>1,2,-2 -1,1,1>0,1,1 4,-2,-1>4,-2,0 -1,-1,3>0,-1,3 1,2,-2>1,3,-2"}
{"par":66,"whiteIs":"A","ptsW":null,"res":"tope","plies":80,"balW":-400,"secs":4.4,"apertura":"-2,1,2>-2,3,0 2,1,-2>1,2,-2 -2,3,0>-1,2,0 1,2,-2>-1,2,0 -1,1,1>-1,2,0 3,0,-2>2,1,-2"}
{"par":66,"whiteIs":"B","ptsW":null,"res":"tope","plies":80,"balW":100,"secs":4.1,"apertura":"-2,1,2>-2,3,0 2,1,-2>1,2,-2 -2,3,0>-1,2,0 1,2,-2>-1,2,0 -1,1,1>-1,2,0 3,0,-2>2,1,-2"}
{"par":67,"whiteIs":"A","ptsW":null,"res":"tope","plies":80,"balW":-1100,"secs":4.7,"apertura":"-2,1,2>-2,4,-1 2,1,-2>2,2,-2 -2,4,-1>-2,3,1 2,2,-2>-2,5,-2 -2,-2,5>0,-2,4 -2,5,-2>-1,5,-2"}
{"par":67,"whiteIs":"B","ptsW":null,"res":"tope","plies":80,"balW":-100,"secs":4.8,"apertura":"-2,1,2>-2,4,-1 2,1,-2>2,2,-2 -2,4,-1>-2,3,1 2,2,-2>-2,5,-2 -2,-2,5>0,-2,4 -2,5,-2>-1,5,-2"}
{"par":68,"whiteIs":"A","ptsW":null,"res":"tope","plies":80,"balW":700,"secs":5.2,"apertura":"-2,1,2>-2,5,-2 2,1,-2>0,3,-2 -1,1,1>0,1,1 0,3,-2>-2,3,1 -2,5,-2>-1,5,-2 -2,3,1>-2,4,-1"}
{"par":68,"whiteIs":"B","ptsW":null,"res":"tope","plies":80,"balW":-300,"secs":4.1,"apertura":"-2,1,2>-2,5,-2 2,1,-2>0,3,-2 -1,1,1>0,1,1 0,3,-2>-2,3,1 -2,5,-2>-1,5,-2 -2,3,1>-2,4,-1"}
{"par":69,"whiteIs":"A","ptsW":1,"res":"mate","plies":79,"balW":700,"secs":4.2,"apertura":"-2,-2,5>0,-2,4 2,0,-1>2,0,0 0,-2,4>1,-2,2 3,1,-2>1,2,-2 -1,-2,4>0,-2,4 1,2,-2>3,1,-2"}
{"par":69,"whiteIs":"B","ptsW":null,"res":"tope","plies":80,"balW":400,"secs":4.3,"apertura":"-2,-2,5>0,-2,4 2,0,-1>2,0,0 0,-2,4>1,-2,2 3,1,-2>1,2,-2 -1,-2,4>0,-2,4 1,2,-2>3,1,-2"}
{"par":70,"whiteIs":"A","ptsW":null,"res":"tope","plies":80,"balW":1300,"secs":3.6,"apertura":"-2,1,2>-2,5,-2 5,-2,-2>4,-2,0 -2,5,-2>-2,6,-2 2,1,-2>0,4,-2 -2,1,3>-2,2,1 0,4,-2>-2,4,-1"}
{"par":70,"whiteIs":"B","ptsW":0,"res":"mate","plies":68,"balW":-1500,"secs":3.8,"apertura":"-2,1,2>-2,5,-2 5,-2,-2>4,-2,0 -2,5,-2>-2,6,-2 2,1,-2>0,4,-2 -2,1,3>-2,2,1 0,4,-2>-2,4,-1"}
{"par":71,"whiteIs":"A","ptsW":null,"res":"tope","plies":80,"balW":-100,"secs":4.3,"apertura":"-2,1,2>-2,2,1 2,1,-2>-1,5,-2 -1,1,1>0,1,1 -1,5,-2>-2,5,-2 0,1,1>0,1,0 -2,5,-2>2,1,-2"}
{"par":71,"whiteIs":"B","ptsW":1,"res":"mate","plies":59,"balW":-200,"secs":2.8,"apertura":"-2,1,2>-2,2,1 2,1,-2>-1,5,-2 -1,1,1>0,1,1 -1,5,-2>-2,5,-2 0,1,1>0,1,0 -2,5,-2>2,1,-2"}
{"par":72,"whiteIs":"A","ptsW":0,"res":"mate","plies":72,"balW":-1300,"secs":5.3,"apertura":"-2,1,2>-2,5,-2 2,1,-2>1,3,-2 -2,5,-2>0,4,-2 1,1,-1>1,1,0 0,4,-2>0,0,1 1,3,-2>1,1,-1"}
{"par":72,"whiteIs":"B","ptsW":null,"res":"tope","plies":80,"balW":400,"secs":4.9,"apertura":"-2,1,2>-2,5,-2 2,1,-2>1,3,-2 -2,5,-2>0,4,-2 1,1,-1>1,1,0 0,4,-2>0,0,1 1,3,-2>1,1,-1"}
{"par":73,"whiteIs":"A","ptsW":null,"res":"tope","plies":80,"balW":-600,"secs":5.4,"apertura":"-2,1,2>-2,5,-2 2,1,-2>2,2,-2 -2,5,-2>-2,4,0 2,2,-2>0,4,-2 -2,4,0>4,-2,0 0,4,-2>1,3,-2"}
{"par":73,"whiteIs":"B","ptsW":null,"res":"tope","plies":80,"balW":1100,"secs":4.6,"apertura":"-2,1,2>-2,5,-2 2,1,-2>2,2,-2 -2,5,-2>-2,4,0 2,2,-2>0,4,-2 -2,4,0>4,-2,0 0,4,-2>1,3,-2"}
{"par":74,"whiteIs":"A","ptsW":null,"res":"tope","plies":80,"balW":600,"secs":4.4,"apertura":"-2,1,2>-2,3,0 2,1,-2>-2,6,-2 -2,3,0>-2,1,2 -2,6,-2>1,2,-2 -1,1,1>0,1,1 1,2,-2>-1,2,1"}
{"par":74,"whiteIs":"B","ptsW":null,"res":"tope","plies":80,"balW":600,"secs":5.5,"apertura":"-2,1,2>-2,3,0 2,1,-2>-2,6,-2 -2,3,0>-2,1,2 -2,6,-2>1,2,-2 -1,1,1>0,1,1 1,2,-2>-1,2,1"}
{"par":75,"whiteIs":"A","ptsW":null,"res":"tope","plies":80,"balW":1100,"secs":4.9,"apertura":"-2,1,2>-2,4,-1 4,-2,-1>4,-2,0 -2,1,3>-2,2,1 2,1,-2>-2,5,-2 -2,4,-1>-2,3,0 1,1,-1>1,1,0"}
{"par":75,"whiteIs":"B","ptsW":null,"res":"tope","plies":80,"balW":600,"secs":4.3,"apertura":"-2,1,2>-2,4,-1 4,-2,-1>4,-2,0 -2,1,3>-2,2,1 2,1,-2>-2,5,-2 -2,4,-1>-2,3,0 1,1,-1>1,1,0"}
{"par":76,"whiteIs":"A","ptsW":null,"res":"tope","plies":80,"balW":900,"secs":4.7,"apertura":"-2,-2,5>0,-2,4 2,1,-2>1,3,-2 -2,1,3>-2,2,1 1,3,-2>0,4,-2 -2,2,1>-2,1,3 0,4,-2>0,0,1"}
{"par":76,"whiteIs":"B","ptsW":null,"res":"tope","plies":80,"balW":1300,"secs":4.4,"apertura":"-2,-2,5>0,-2,4 2,1,-2>1,3,-2 -2,1,3>-2,2,1 1,3,-2>0,4,-2 -2,2,1>-2,1,3 0,4,-2>0,0,1"}
{"par":77,"whiteIs":"A","ptsW":null,"res":"tope","plies":80,"balW":400,"secs":5.5,"apertura":"-2,-2,5>0,-2,4 2,1,-2>1,3,-2 0,-2,4>-2,-2,5 1,3,-2>1,2,-1 -2,1,2>-2,6,-2 1,2,-1>0,3,-1"}
{"par":77,"whiteIs":"B","ptsW":null,"res":"tope","plies":80,"balW":-600,"secs":5.1,"apertura":"-2,-2,5>0,-2,4 2,1,-2>1,3,-2 0,-2,4>-2,-2,5 1,3,-2>1,2,-1 -2,1,2>-2,6,-2 1,2,-1>0,3,-1"}
{"par":78,"whiteIs":"A","ptsW":null,"res":"tope","plies":80,"balW":1500,"secs":4.8,"apertura":"-2,1,2>-2,5,-1 2,1,-2>2,2,-2 -2,5,-1>-2,3,0 2,2,-2>-2,5,-2 -2,-2,5>0,-2,4 -2,5,-2>-2,6,-2"}
{"par":78,"whiteIs":"B","ptsW":1,"res":"mate","plies":63,"balW":700,"secs":4.3,"apertura":"-2,1,2>-2,5,-1 2,1,-2>2,2,-2 -2,5,-1>-2,3,0 2,2,-2>-2,5,-2 -2,-2,5>0,-2,4 -2,5,-2>-2,6,-2"}
{"par":79,"whiteIs":"A","ptsW":null,"res":"tope","plies":80,"balW":100,"secs":4.3,"apertura":"-1,1,1>0,1,1 2,1,-2>-2,5,-2 -2,1,2>-2,3,1 -2,5,-2>-2,3,0 -2,3,1>-1,2,1 1,1,-1>1,1,0"}
{"par":79,"whiteIs":"B","ptsW":1,"res":"mate","plies":73,"balW":-100,"secs":4.1,"apertura":"-1,1,1>0,1,1 2,1,-2>-2,5,-2 -2,1,2>-2,3,1 -2,5,-2>-2,3,0 -2,3,1>-1,2,1 1,1,-1>1,1,0"}
{"par":80,"whiteIs":"A","ptsW":null,"res":"tope","plies":80,"balW":1500,"secs":4.9,"apertura":"-1,0,2>0,0,2 2,1,-2>-2,6,-2 -1,-2,4>0,-2,4 -2,6,-2>-1,5,-2 -2,1,2>-2,4,-1 -1,5,-2>-2,5,-1"}
{"par":80,"whiteIs":"B","ptsW":null,"res":"tope","plies":80,"balW":400,"secs":5.2,"apertura":"-1,0,2>0,0,2 2,1,-2>-2,6,-2 -1,-2,4>0,-2,4 -2,6,-2>-1,5,-2 -2,1,2>-2,4,-1 -1,5,-2>-2,5,-1"}
{"par":81,"whiteIs":"A","ptsW":null,"res":"tope","plies":80,"balW":900,"secs":5.7,"apertura":"-2,1,3>-2,2,1 2,1,-2>0,3,-2 -2,2,1>-2,1,3 0,3,-2>0,-2,4 -2,1,2>-2,6,-2 0,-2,4>0,4,-2"}
{"par":81,"whiteIs":"B","ptsW":null,"res":"tope","plies":80,"balW":500,"secs":4.6,"apertura":"-2,1,3>-2,2,1 2,1,-2>0,3,-2 -2,2,1>-2,1,3 0,3,-2>0,-2,4 -2,1,2>-2,6,-2 0,-2,4>0,4,-2"}
{"par":82,"whiteIs":"A","ptsW":null,"res":"tope","plies":80,"balW":700,"secs":4.3,"apertura":"-2,1,2>-2,6,-2 2,1,-2>0,3,-2 -2,6,-2>-1,4,-2 0,3,-2>0,1,1 -1,4,-2>0,4,-2 3,0,-2>2,1,-2"}
{"par":82,"whiteIs":"B","ptsW":null,"res":"tope","plies":80,"balW":1300,"secs":4.4,"apertura":"-2,1,2>-2,6,-2 2,1,-2>0,3,-2 -2,6,-2>-1,4,-2 0,3,-2>0,1,1 -1,4,-2>0,4,-2 3,0,-2>2,1,-2"}
{"par":83,"whiteIs":"A","ptsW":null,"res":"tope","plies":80,"balW":-100,"secs":4.8,"apertura":"-2,1,2>-2,4,0 2,1,-2>1,3,-2 -2,4,0>-1,4,-1 2,0,-1>2,0,0 -1,4,-1>0,2,-1 1,3,-2>1,2,-1"}
{"par":83,"whiteIs":"B","ptsW":null,"res":"tope","plies":80,"balW":0,"secs":4.5,"apertura":"-2,1,2>-2,4,0 2,1,-2>1,3,-2 -2,4,0>-1,4,-1 2,0,-1>2,0,0 -1,4,-1>0,2,-1 1,3,-2>1,2,-1"}
{"par":84,"whiteIs":"A","ptsW":null,"res":"tope","plies":80,"balW":400,"secs":5,"apertura":"-1,-1,3>0,-1,3 2,1,-2>1,2,-2 0,-1,3>0,-1,2 1,2,-2>1,2,-1 -2,1,2>-2,5,-2 3,-1,-1>3,-1,0"}
{"par":84,"whiteIs":"B","ptsW":null,"res":"tope","plies":80,"balW":-300,"secs":4.7,"apertura":"-1,-1,3>0,-1,3 2,1,-2>1,2,-2 0,-1,3>0,-1,2 1,2,-2>1,2,-1 -2,1,2>-2,5,-2 3,-1,-1>3,-1,0"}
{"par":85,"whiteIs":"A","ptsW":null,"res":"tope","plies":80,"balW":900,"secs":4.6,"apertura":"-2,1,2>-2,5,-2 2,1,-2>0,4,-2 -2,0,3>-2,1,2 0,4,-2>2,1,-2 -2,5,-2>-2,6,-2 2,1,-2>-1,4,-2"}
{"par":85,"whiteIs":"B","ptsW":null,"res":"tope","plies":80,"balW":300,"secs":5.3,"apertura":"-2,1,2>-2,5,-2 2,1,-2>0,4,-2 -2,0,3>-2,1,2 0,4,-2>2,1,-2 -2,5,-2>-2,6,-2 2,1,-2>-1,4,-2"}
{"par":86,"whiteIs":"A","ptsW":null,"res":"tope","plies":80,"balW":100,"secs":4.6,"apertura":"-2,1,2>-2,2,1 2,1,-2>0,3,-2 -2,2,1>2,2,-2 0,3,-2>0,3,-1 2,2,-2>-2,2,1 0,3,-1>-1,4,-1"}
{"par":86,"whiteIs":"B","ptsW":null,"res":"tope","plies":80,"balW":-300,"secs":4.9,"apertura":"-2,1,2>-2,2,1 2,1,-2>0,3,-2 -2,2,1>2,2,-2 0,3,-2>0,3,-1 2,2,-2>-2,2,1 0,3,-1>-1,4,-1"}
{"par":87,"whiteIs":"A","ptsW":null,"res":"tope","plies":80,"balW":900,"secs":5.1,"apertura":"-2,1,2>-2,3,1 2,1,-2>0,4,-2 -2,3,1>-1,3,-1 3,0,-2>2,1,-2 -1,3,-1>-1,5,-2 0,4,-2>0,3,-2"}
{"par":87,"whiteIs":"B","ptsW":null,"res":"tope","plies":80,"balW":-100,"secs":5.1,"apertura":"-2,1,2>-2,3,1 2,1,-2>0,4,-2 -2,3,1>-1,3,-1 3,0,-2>2,1,-2 -1,3,-1>-1,5,-2 0,4,-2>0,3,-2"}
{"par":88,"whiteIs":"A","ptsW":null,"res":"tope","plies":80,"balW":1800,"secs":4.4,"apertura":"-1,0,2>0,0,2 2,1,-2>0,4,-2 -2,1,3>-2,2,1 0,4,-2>0,2,0 -2,0,4>-2,1,3 3,1,-2>1,2,-2"}
{"par":88,"whiteIs":"B","ptsW":null,"res":"tope","plies":80,"balW":1100,"secs":4.9,"apertura":"-1,0,2>0,0,2 2,1,-2>0,4,-2 -2,1,3>-2,2,1 0,4,-2>0,2,0 -2,0,4>-2,1,3 3,1,-2>1,2,-2"}
{"par":89,"whiteIs":"A","ptsW":null,"res":"tope","plies":80,"balW":1500,"secs":3.9,"apertura":"-2,1,3>-2,2,1 2,1,-2>0,3,-2 -2,2,1>-1,3,0 0,3,-2>0,1,1 -2,1,2>-2,3,1 0,1,1>0,1,0"}
{"par":89,"whiteIs":"B","ptsW":null,"res":"tope","plies":80,"balW":300,"secs":3.9,"apertura":"-2,1,3>-2,2,1 2,1,-2>0,3,-2 -2,2,1>-1,3,0 0,3,-2>0,1,1 -2,1,2>-2,3,1 0,1,1>0,1,0"}
{"par":90,"whiteIs":"A","ptsW":null,"res":"tope","plies":80,"balW":500,"secs":5.5,"apertura":"-2,1,3>-2,2,1 2,0,-1>2,0,0 -2,2,1>-2,1,3 4,-2,-1>4,-2,0 -2,1,2>-2,2,2 2,1,-2>-2,5,-2"}
{"par":90,"whiteIs":"B","ptsW":null,"res":"tope","plies":80,"balW":100,"secs":4.2,"apertura":"-2,1,3>-2,2,1 2,0,-1>2,0,0 -2,2,1>-2,1,3 4,-2,-1>4,-2,0 -2,1,2>-2,2,2 2,1,-2>-2,5,-2"}
{"par":91,"whiteIs":"A","ptsW":null,"res":"tope","plies":80,"balW":800,"secs":4.9,"apertura":"-2,1,2>-2,5,-2 2,1,-2>0,3,-2 -2,5,-2>-2,6,-2 1,1,-1>1,1,0 -2,6,-2>-2,5,-2 0,3,-2>-1,5,-2"}
{"par":91,"whiteIs":"B","ptsW":null,"res":"tope","plies":80,"balW":-100,"secs":4.8,"apertura":"-2,1,2>-2,5,-2 2,1,-2>0,3,-2 -2,5,-2>-2,6,-2 1,1,-1>1,1,0 -2,6,-2>-2,5,-2 0,3,-2>-1,5,-2"}
{"par":92,"whiteIs":"A","ptsW":null,"res":"tope","plies":80,"balW":0,"secs":5,"apertura":"-1,1,1>0,1,1 2,1,-2>1,3,-2 -1,1,2>-1,1,1 1,3,-2>-1,5,-2 -2,1,2>-2,2,1 -1,5,-2>2,1,-2"}
{"par":92,"whiteIs":"B","ptsW":null,"res":"tope","plies":80,"balW":-700,"secs":4.3,"apertura":"-1,1,1>0,1,1 2,1,-2>1,3,-2 -1,1,2>-1,1,1 1,3,-2>-1,5,-2 -2,1,2>-2,2,1 -1,5,-2>2,1,-2"}
{"par":93,"whiteIs":"A","ptsW":null,"res":"tope","plies":80,"balW":600,"secs":4.5,"apertura":"-2,1,2>-2,5,-2 1,1,-1>1,1,0 -2,5,-2>-2,6,-2 1,1,0>0,1,0 -1,1,1>0,1,1 2,1,-2>0,4,-2"}
{"par":93,"whiteIs":"B","ptsW":null,"res":"tope","plies":80,"balW":1400,"secs":4.6,"apertura":"-2,1,2>-2,5,-2 1,1,-1>1,1,0 -2,5,-2>-2,6,-2 1,1,0>0,1,0 -1,1,1>0,1,1 2,1,-2>0,4,-2"}
{"par":94,"whiteIs":"A","ptsW":null,"res":"tope","plies":80,"balW":900,"secs":5.2,"apertura":"-2,1,2>-2,5,-1 2,1,-2>1,3,-2 -2,0,3>-2,1,2 1,3,-2>1,2,-2 -2,1,2>-2,0,3 2,0,-1>2,0,0"}
{"par":94,"whiteIs":"B","ptsW":null,"res":"tope","plies":80,"balW":-100,"secs":5.2,"apertura":"-2,1,2>-2,5,-1 2,1,-2>1,3,-2 -2,0,3>-2,1,2 1,3,-2>1,2,-2 -2,1,2>-2,0,3 2,0,-1>2,0,0"}
{"par":95,"whiteIs":"A","ptsW":null,"res":"tope","plies":80,"balW":1200,"secs":5.2,"apertura":"-2,1,2>-2,5,-1 2,1,-2>0,4,-2 -2,5,-1>0,2,-1 0,4,-2>-2,4,0 0,2,-1>-2,2,2 4,-2,-1>4,-2,0"}
{"par":95,"whiteIs":"B","ptsW":null,"res":"tope","plies":80,"balW":-300,"secs":5.3,"apertura":"-2,1,2>-2,5,-1 2,1,-2>0,4,-2 -2,5,-1>0,2,-1 0,4,-2>-2,4,0 0,2,-1>-2,2,2 4,-2,-1>4,-2,0"}
{"par":96,"whiteIs":"A","ptsW":null,"res":"tope","plies":80,"balW":100,"secs":5.9,"apertura":"-1,-1,3>0,-1,3 3,1,-2>1,2,-2 -1,-1,4>-1,-1,3 1,2,-2>0,3,-1 -2,1,3>-2,2,1 0,3,-1>-2,4,-1"}
{"par":96,"whiteIs":"B","ptsW":null,"res":"tope","plies":80,"balW":-600,"secs":4.7,"apertura":"-1,-1,3>0,-1,3 3,1,-2>1,2,-2 -1,-1,4>-1,-1,3 1,2,-2>0,3,-1 -2,1,3>-2,2,1 0,3,-1>-2,4,-1"}
{"par":97,"whiteIs":"A","ptsW":null,"res":"tope","plies":80,"balW":200,"secs":4.6,"apertura":"-2,1,2>-2,6,-2 1,1,-1>1,1,0 -1,0,2>0,0,2 5,-2,-2>4,-2,0 -2,6,-2>-2,1,2 2,1,-2>0,4,-2"}
{"par":97,"whiteIs":"B","ptsW":null,"res":"tope","plies":80,"balW":-300,"secs":5.8,"apertura":"-2,1,2>-2,6,-2 1,1,-1>1,1,0 -1,0,2>0,0,2 5,-2,-2>4,-2,0 -2,6,-2>-2,1,2 2,1,-2>0,4,-2"}
{"par":98,"whiteIs":"A","ptsW":null,"res":"tope","plies":80,"balW":-200,"secs":4.5,"apertura":"-2,1,2>-2,2,1 2,1,-2>-1,5,-2 -2,2,1>-2,1,2 3,-1,-1>3,-1,0 -2,1,2>-2,4,-1 -1,5,-2>1,3,-2"}
{"par":98,"whiteIs":"B","ptsW":null,"res":"tope","plies":80,"balW":-500,"secs":4.6,"apertura":"-2,1,2>-2,2,1 2,1,-2>-1,5,-2 -2,2,1>-2,1,2 3,-1,-1>3,-1,0 -2,1,2>-2,4,-1 -1,5,-2>1,3,-2"}
{"par":99,"whiteIs":"A","ptsW":1,"res":"mate","plies":33,"balW":1100,"secs":2.2,"apertura":"-1,-1,3>0,-1,3 5,-2,-2>4,-2,0 0,-1,3>0,-1,2 2,1,-2>0,3,-2 -2,1,3>-1,-1,3 0,3,-2>1,2,-2"}
{"par":99,"whiteIs":"B","ptsW":null,"res":"tope","plies":80,"balW":-500,"secs":6,"apertura":"-1,-1,3>0,-1,3 5,-2,-2>4,-2,0 0,-1,3>0,-1,2 2,1,-2>0,3,-2 -2,1,3>-1,-1,3 0,3,-2>1,2,-2"}
{"par":100,"whiteIs":"A","ptsW":null,"res":"tope","plies":80,"balW":100,"secs":5.1,"apertura":"-2,1,2>-2,5,-1 1,1,-1>1,1,0 -2,5,-1>-2,6,-2 2,1,-1>1,1,-1 -2,6,-2>-1,5,-2 4,-2,-1>4,-2,0"}
{"par":100,"whiteIs":"B","ptsW":null,"res":"tope","plies":80,"balW":-200,"secs":4.3,"apertura":"-2,1,2>-2,5,-1 1,1,-1>1,1,0 -2,5,-1>-2,6,-2 2,1,-1>1,1,-1 -2,6,-2>-1,5,-2 4,-2,-1>4,-2,0"}
{"par":101,"whiteIs":"A","ptsW":null,"res":"tope","plies":80,"balW":700,"secs":4.6,"apertura":"-1,1,1>0,1,1 2,1,-2>0,4,-2 -2,1,2>-2,5,-1 3,0,-2>2,1,-2 -2,5,-1>-1,3,-1 4,-2,-1>4,-2,0"}
{"par":101,"whiteIs":"B","ptsW":null,"res":"tope","plies":80,"balW":400,"secs":5.2,"apertura":"-1,1,1>0,1,1 2,1,-2>0,4,-2 -2,1,2>-2,5,-1 3,0,-2>2,1,-2 -2,5,-1>-1,3,-1 4,-2,-1>4,-2,0"}
{"par":102,"whiteIs":"A","ptsW":1,"res":"mate","plies":61,"balW":2700,"secs":3.3,"apertura":"-2,1,2>-2,5,-2 2,0,-1>2,0,0 -1,-1,3>0,-1,3 2,1,-2>-1,4,-2 -2,0,3>-1,-1,3 3,0,-2>2,0,-1"}
{"par":102,"whiteIs":"B","ptsW":null,"res":"tope","plies":80,"balW":600,"secs":4.6,"apertura":"-2,1,2>-2,5,-2 2,0,-1>2,0,0 -1,-1,3>0,-1,3 2,1,-2>-1,4,-2 -2,0,3>-1,-1,3 3,0,-2>2,0,-1"}
{"par":103,"whiteIs":"A","ptsW":null,"res":"tope","plies":80,"balW":-200,"secs":4.6,"apertura":"-1,-2,4>0,-2,4 2,1,-2>0,4,-2 -2,1,2>-2,4,-1 0,4,-2>1,2,-2 -2,4,-1>-2,2,1 4,-2,-1>4,-2,0"}
{"par":103,"whiteIs":"B","ptsW":null,"res":"tope","plies":80,"balW":0,"secs":4.5,"apertura":"-1,-2,4>0,-2,4 2,1,-2>0,4,-2 -2,1,2>-2,4,-1 0,4,-2>1,2,-2 -2,4,-1>-2,2,1 4,-2,-1>4,-2,0"}
{"par":104,"whiteIs":"A","ptsW":null,"res":"tope","plies":80,"balW":800,"secs":4.6,"apertura":"-2,1,2>-2,3,1 3,1,-2>1,2,-2 -2,3,1>-2,5,-1 2,1,-2>2,2,-2 -2,5,-1>-1,4,-1 4,0,-2>3,1,-2"}
{"par":104,"whiteIs":"B","ptsW":null,"res":"tope","plies":80,"balW":-500,"secs":4.5,"apertura":"-2,1,2>-2,3,1 3,1,-2>1,2,-2 -2,3,1>-2,5,-1 2,1,-2>2,2,-2 -2,5,-1>-1,4,-1 4,0,-2>3,1,-2"}
{"par":105,"whiteIs":"A","ptsW":null,"res":"tope","plies":80,"balW":700,"secs":4.2,"apertura":"-2,1,2>-2,2,2 2,1,-2>-2,6,-2 -2,-2,5>0,-2,4 -2,6,-2>-1,4,-2 -1,0,2>0,0,2 -1,4,-2>1,3,-2"}
{"par":105,"whiteIs":"B","ptsW":null,"res":"tope","plies":80,"balW":200,"secs":4.5,"apertura":"-2,1,2>-2,2,2 2,1,-2>-2,6,-2 -2,-2,5>0,-2,4 -2,6,-2>-1,4,-2 -1,0,2>0,0,2 -1,4,-2>1,3,-2"}
{"par":106,"whiteIs":"A","ptsW":null,"res":"tope","plies":80,"balW":200,"secs":3.9,"apertura":"-2,1,2>-2,5,-1 2,1,-2>-1,5,-2 -2,5,-1>-2,3,0 2,0,-1>2,0,0 -2,3,0>-1,3,-1 -1,5,-2>0,4,-2"}
{"par":106,"whiteIs":"B","ptsW":null,"res":"tope","plies":80,"balW":-1500,"secs":3.4,"apertura":"-2,1,2>-2,5,-1 2,1,-2>-1,5,-2 -2,5,-1>-2,3,0 2,0,-1>2,0,0 -2,3,0>-1,3,-1 -1,5,-2>0,4,-2"}
