# {"fecha":"2026-08-03T22:45:03.306Z","modalidad":"trigonal","A":{"nombre":"vigente","cfg":{"depth":24,"mobility":true,"order":true,"quiesce":true,"nodes":4500}},"B":{"nombre":"all","cfg":{"depth":24,"mobility":true,"order":true,"quiesce":true,"nodes":4500,"pieceValues":{"P":100,"R":469,"B":360,"Q":785,"N":277,"K":0},"positionWeights":{"P":{"centrality":-3,"advance":-8},"R":{"centrality":-10},"B":{"centrality":-2},"Q":{"centrality":7},"N":{"centrality":-2}},"mobilityWeight":7.27}},"MAX_PLIES":80,"FIFTY":40,"OPENING_PLIES":6,"SEED":25003,"FIRST":107,"PAIRS":53,"libro":"libro-trigonal.json"}
{"par":107,"whiteIs":"A","ptsW":null,"res":"tope","plies":80,"balW":300,"secs":4.4,"apertura":"-1,-1,3>0,-1,3 3,-1,-1>3,-1,0 -2,1,3>-1,-1,3 4,-2,-1>4,-2,0 -2,1,2>-2,2,1 3,0,-2>3,-1,-1"}
{"par":107,"whiteIs":"B","ptsW":null,"res":"tope","plies":80,"balW":-300,"secs":4.8,"apertura":"-1,-1,3>0,-1,3 3,-1,-1>3,-1,0 -2,1,3>-1,-1,3 4,-2,-1>4,-2,0 -2,1,2>-2,2,1 3,0,-2>3,-1,-1"}
{"par":108,"whiteIs":"A","ptsW":null,"res":"tope","plies":80,"balW":100,"secs":4.1,"apertura":"-1,-1,3>0,-1,3 2,1,-2>1,2,-2 -2,1,2>-2,2,2 1,2,-2>1,3,-2 -2,2,2>-2,4,0 2,0,-1>2,0,0"}
{"par":108,"whiteIs":"B","ptsW":0,"res":"mate","plies":34,"balW":-200,"secs":2,"apertura":"-1,-1,3>0,-1,3 2,1,-2>1,2,-2 -2,1,2>-2,2,2 1,2,-2>1,3,-2 -2,2,2>-2,4,0 2,0,-1>2,0,0"}
{"par":109,"whiteIs":"A","ptsW":0,"res":"mate","plies":60,"balW":-1200,"secs":3.3,"apertura":"-2,1,2>-2,6,-2 2,1,-2>0,4,-2 -2,6,-2>-2,5,-1 0,4,-2>-1,4,-1 -2,5,-1>-2,3,0 1,1,-1>1,1,0"}
{"par":109,"whiteIs":"B","ptsW":null,"res":"tope","plies":80,"balW":-400,"secs":4.8,"apertura":"-2,1,2>-2,6,-2 2,1,-2>0,4,-2 -2,6,-2>-2,5,-1 0,4,-2>-1,4,-1 -2,5,-1>-2,3,0 1,1,-1>1,1,0"}
{"par":110,"whiteIs":"A","ptsW":null,"res":"tope","plies":80,"balW":0,"secs":5.7,"apertura":"-2,1,2>-2,3,0 2,1,-2>1,3,-2 -2,3,0>-1,3,0 1,3,-2>1,2,-2 -1,3,0>3,-2,0 1,2,-2>-2,2,1"}
{"par":110,"whiteIs":"B","ptsW":null,"res":"tope","plies":80,"balW":-1000,"secs":5.2,"apertura":"-2,1,2>-2,3,0 2,1,-2>1,3,-2 -2,3,0>-1,3,0 1,3,-2>1,2,-2 -1,3,0>3,-2,0 1,2,-2>-2,2,1"}
{"par":111,"whiteIs":"A","ptsW":1,"res":"mate","plies":47,"balW":1100,"secs":2.8,"apertura":"-2,-2,5>0,-2,4 2,0,-1>2,0,0 -2,1,2>-2,4,-1 2,1,-2>-1,5,-2 -2,4,-1>1,2,-1 -1,5,-2>2,2,-2"}
{"par":111,"whiteIs":"B","ptsW":null,"res":"tope","plies":80,"balW":200,"secs":6.3,"apertura":"-2,-2,5>0,-2,4 2,0,-1>2,0,0 -2,1,2>-2,4,-1 2,1,-2>-1,5,-2 -2,4,-1>1,2,-1 -1,5,-2>2,2,-2"}
{"par":112,"whiteIs":"A","ptsW":null,"res":"tope","plies":80,"balW":100,"secs":4.7,"apertura":"-2,1,2>-2,6,-2 4,-2,-1>4,-2,0 -2,6,-2>-2,3,0 2,1,-2>-1,4,-2 -2,3,0>-2,2,1 5,-2,-1>4,-2,-1"}
{"par":112,"whiteIs":"B","ptsW":null,"res":"tope","plies":80,"balW":0,"secs":4.8,"apertura":"-2,1,2>-2,6,-2 4,-2,-1>4,-2,0 -2,6,-2>-2,3,0 2,1,-2>-1,4,-2 -2,3,0>-2,2,1 5,-2,-1>4,-2,-1"}
{"par":113,"whiteIs":"A","ptsW":null,"res":"tope","plies":80,"balW":1500,"secs":4.7,"apertura":"-2,1,2>-2,2,1 2,1,-2>0,3,-2 -2,2,1>-2,5,-2 1,1,-1>1,1,0 -2,5,-2>-1,4,-2 1,1,0>0,1,0"}
{"par":113,"whiteIs":"B","ptsW":null,"res":"tope","plies":80,"balW":1100,"secs":4.5,"apertura":"-2,1,2>-2,2,1 2,1,-2>0,3,-2 -2,2,1>-2,5,-2 1,1,-1>1,1,0 -2,5,-2>-1,4,-2 1,1,0>0,1,0"}
{"par":114,"whiteIs":"A","ptsW":null,"res":"tope","plies":80,"balW":700,"secs":5.7,"apertura":"-1,-2,4>0,-2,4 2,1,-2>-1,5,-2 -1,-1,3>0,-1,3 -1,5,-2>-1,4,-1 -2,1,2>-2,2,2 4,-2,-1>4,-2,0"}
{"par":114,"whiteIs":"B","ptsW":null,"res":"tope","plies":80,"balW":-200,"secs":4.1,"apertura":"-1,-2,4>0,-2,4 2,1,-2>-1,5,-2 -1,-1,3>0,-1,3 -1,5,-2>-1,4,-1 -2,1,2>-2,2,2 4,-2,-1>4,-2,0"}
{"par":115,"whiteIs":"A","ptsW":null,"res":"tope","plies":80,"balW":600,"secs":5.1,"apertura":"-2,1,2>-2,4,0 2,1,-2>1,3,-2 -2,4,0>1,1,0 1,3,-2>2,2,-2 1,1,0>2,0,0 3,-1,-1>3,-1,0"}
{"par":115,"whiteIs":"B","ptsW":null,"res":"tope","plies":80,"balW":500,"secs":5.3,"apertura":"-2,1,2>-2,4,0 2,1,-2>1,3,-2 -2,4,0>1,1,0 1,3,-2>2,2,-2 1,1,0>2,0,0 3,-1,-1>3,-1,0"}
{"par":116,"whiteIs":"A","ptsW":null,"res":"tope","plies":80,"balW":1300,"secs":3.9,"apertura":"-2,1,3>-2,2,1 1,1,-1>1,1,0 -2,-2,5>0,-2,4 2,1,-2>1,3,-2 -2,-1,4>-2,-2,5 1,3,-2>-1,3,0"}
{"par":116,"whiteIs":"B","ptsW":null,"res":"tope","plies":80,"balW":1000,"secs":4.7,"apertura":"-2,1,3>-2,2,1 1,1,-1>1,1,0 -2,-2,5>0,-2,4 2,1,-2>1,3,-2 -2,-1,4>-2,-2,5 1,3,-2>-1,3,0"}
{"par":117,"whiteIs":"A","ptsW":null,"res":"tope","plies":80,"balW":700,"secs":5.2,"apertura":"-1,1,1>0,1,1 2,1,-2>-2,6,-2 -2,1,2>-2,4,0 1,1,-1>1,1,0 -2,4,0>-2,2,2 3,1,-2>1,1,-1"}
{"par":117,"whiteIs":"B","ptsW":null,"res":"tope","plies":80,"balW":200,"secs":4.4,"apertura":"-1,1,1>0,1,1 2,1,-2>-2,6,-2 -2,1,2>-2,4,0 1,1,-1>1,1,0 -2,4,0>-2,2,2 3,1,-2>1,1,-1"}
{"par":118,"whiteIs":"A","ptsW":null,"res":"tope","plies":80,"balW":100,"secs":4.9,"apertura":"-1,-1,3>0,-1,3 1,1,-1>1,1,0 -2,1,2>-2,4,-1 3,1,-2>1,2,-2 -2,0,3>-2,1,2 1,1,0>0,1,0"}
{"par":118,"whiteIs":"B","ptsW":null,"res":"tope","plies":80,"balW":-200,"secs":4.3,"apertura":"-1,-1,3>0,-1,3 1,1,-1>1,1,0 -2,1,2>-2,4,-1 3,1,-2>1,2,-2 -2,0,3>-2,1,2 1,1,0>0,1,0"}
{"par":119,"whiteIs":"A","ptsW":null,"res":"tope","plies":80,"balW":900,"secs":4.4,"apertura":"-2,1,2>-2,2,1 3,-1,-1>3,-1,0 -2,2,1>-2,5,-1 2,1,-2>-2,6,-2 -2,5,-1>-2,2,1 3,-1,0>2,-1,0"}
{"par":119,"whiteIs":"B","ptsW":null,"res":"tope","plies":80,"balW":500,"secs":7.3,"apertura":"-2,1,2>-2,2,1 3,-1,-1>3,-1,0 -2,2,1>-2,5,-1 2,1,-2>-2,6,-2 -2,5,-1>-2,2,1 3,-1,0>2,-1,0"}
{"par":120,"whiteIs":"A","ptsW":null,"res":"tope","plies":80,"balW":1300,"secs":4.5,"apertura":"-2,1,2>-2,5,-2 1,1,-1>1,1,0 -1,0,2>0,0,2 2,1,-2>1,3,-2 0,0,2>0,0,1 1,3,-2>0,3,-1"}
{"par":120,"whiteIs":"B","ptsW":null,"res":"tope","plies":80,"balW":-100,"secs":4.5,"apertura":"-2,1,2>-2,5,-2 1,1,-1>1,1,0 -1,0,2>0,0,2 2,1,-2>1,3,-2 0,0,2>0,0,1 1,3,-2>0,3,-1"}
{"par":121,"whiteIs":"A","ptsW":null,"res":"tope","plies":80,"balW":900,"secs":4.6,"apertura":"-2,1,2>-2,2,1 3,-1,-1>3,-1,0 -1,0,2>0,0,2 2,1,-2>-2,5,-2 -2,2,1>-2,5,-1 1,1,-1>1,1,0"}
{"par":121,"whiteIs":"B","ptsW":null,"res":"tope","plies":80,"balW":-100,"secs":5.7,"apertura":"-2,1,2>-2,2,1 3,-1,-1>3,-1,0 -1,0,2>0,0,2 2,1,-2>-2,5,-2 -2,2,1>-2,5,-1 1,1,-1>1,1,0"}
{"par":122,"whiteIs":"A","ptsW":null,"res":"tope","plies":80,"balW":100,"secs":5.1,"apertura":"-1,-2,4>0,-2,4 1,1,-1>1,1,0 -2,1,2>-2,4,0 5,-2,-2>4,-2,0 -2,4,0>-2,6,-2 3,1,-2>1,1,-1"}
{"par":122,"whiteIs":"B","ptsW":null,"res":"tope","plies":80,"balW":0,"secs":4.7,"apertura":"-1,-2,4>0,-2,4 1,1,-1>1,1,0 -2,1,2>-2,4,0 5,-2,-2>4,-2,0 -2,4,0>-2,6,-2 3,1,-2>1,1,-1"}
{"par":123,"whiteIs":"A","ptsW":null,"res":"tope","plies":80,"balW":100,"secs":4.7,"apertura":"-1,-2,4>0,-2,4 2,1,-2>0,3,-2 -2,-1,4>-1,-2,4 0,3,-2>-1,3,-1 -2,1,2>-2,3,0 -1,3,-1>0,2,-1"}
{"par":123,"whiteIs":"B","ptsW":null,"res":"tope","plies":80,"balW":-100,"secs":5,"apertura":"-1,-2,4>0,-2,4 2,1,-2>0,3,-2 -2,-1,4>-1,-2,4 0,3,-2>-1,3,-1 -2,1,2>-2,3,0 -1,3,-1>0,2,-1"}
{"par":124,"whiteIs":"A","ptsW":null,"res":"tope","plies":80,"balW":200,"secs":5.4,"apertura":"-1,-2,4>0,-2,4 2,1,-2>-2,5,-2 -2,1,2>-2,3,0 -2,5,-2>2,2,-2 -2,3,0>-1,2,0 2,2,-2>-2,5,-2"}
{"par":124,"whiteIs":"B","ptsW":null,"res":"tope","plies":80,"balW":-300,"secs":5,"apertura":"-1,-2,4>0,-2,4 2,1,-2>-2,5,-2 -2,1,2>-2,3,0 -2,5,-2>2,2,-2 -2,3,0>-1,2,0 2,2,-2>-2,5,-2"}
{"par":125,"whiteIs":"A","ptsW":null,"res":"tope","plies":80,"balW":-200,"secs":4.6,"apertura":"-2,1,2>-2,3,0 2,1,-2>-2,5,-2 -1,-1,3>0,-1,3 -2,5,-2>-2,4,0 -2,3,0>4,-2,0 -2,4,0>-2,5,-1"}
{"par":125,"whiteIs":"B","ptsW":null,"res":"tope","plies":80,"balW":-900,"secs":5.4,"apertura":"-2,1,2>-2,3,0 2,1,-2>-2,5,-2 -1,-1,3>0,-1,3 -2,5,-2>-2,4,0 -2,3,0>4,-2,0 -2,4,0>-2,5,-1"}
{"par":126,"whiteIs":"A","ptsW":null,"res":"tope","plies":80,"balW":-400,"secs":5.2,"apertura":"-2,1,2>-2,3,0 3,-1,-1>3,-1,0 -2,1,3>-2,2,1 2,1,-2>-2,6,-2 -2,2,1>-2,4,0 3,1,-2>3,-1,-1"}
{"par":126,"whiteIs":"B","ptsW":1,"res":"mate","plies":51,"balW":0,"secs":3.3,"apertura":"-2,1,2>-2,3,0 3,-1,-1>3,-1,0 -2,1,3>-2,2,1 2,1,-2>-2,6,-2 -2,2,1>-2,4,0 3,1,-2>3,-1,-1"}
{"par":127,"whiteIs":"A","ptsW":null,"res":"tope","plies":80,"balW":1200,"secs":4.5,"apertura":"-2,1,2>-2,4,-1 2,1,-2>0,4,-2 -2,4,-1>0,3,-1 0,4,-2>-1,5,-2 0,3,-1>0,2,-1 -1,5,-2>-1,3,-1"}
{"par":127,"whiteIs":"B","ptsW":null,"res":"tope","plies":80,"balW":1100,"secs":4.8,"apertura":"-2,1,2>-2,4,-1 2,1,-2>0,4,-2 -2,4,-1>0,3,-1 0,4,-2>-1,5,-2 0,3,-1>0,2,-1 -1,5,-2>-1,3,-1"}
{"par":128,"whiteIs":"A","ptsW":0,"res":"mate","plies":26,"balW":300,"secs":2,"apertura":"-2,-2,5>0,-2,4 4,-2,-1>4,-2,0 -1,0,2>0,0,2 2,1,-2>-2,5,-2 -2,1,2>-2,2,2 -2,5,-2>-1,5,-2"}
{"par":128,"whiteIs":"B","ptsW":null,"res":"tope","plies":80,"balW":-100,"secs":4.3,"apertura":"-2,-2,5>0,-2,4 4,-2,-1>4,-2,0 -1,0,2>0,0,2 2,1,-2>-2,5,-2 -2,1,2>-2,2,2 -2,5,-2>-1,5,-2"}
{"par":129,"whiteIs":"A","ptsW":null,"res":"tope","plies":80,"balW":-100,"secs":5.3,"apertura":"-1,-2,4>0,-2,4 2,1,-2>-1,5,-2 -2,1,2>-2,5,-2 -1,5,-2>-1,2,0 -2,5,-2>-2,2,2 -1,2,0>0,2,0"}
{"par":129,"whiteIs":"B","ptsW":null,"res":"tope","plies":80,"balW":500,"secs":4.8,"apertura":"-1,-2,4>0,-2,4 2,1,-2>-1,5,-2 -2,1,2>-2,5,-2 -1,5,-2>-1,2,0 -2,5,-2>-2,2,2 -1,2,0>0,2,0"}
{"par":130,"whiteIs":"A","ptsW":1,"res":"mate","plies":31,"balW":1300,"secs":1.9,"apertura":"-2,-2,5>0,-2,4 2,1,-2>0,4,-2 -2,1,2>-2,6,-2 0,4,-2>0,0,2 0,-2,4>0,-1,2 0,0,2>0,1,0"}
{"par":130,"whiteIs":"B","ptsW":null,"res":"tope","plies":80,"balW":400,"secs":4.7,"apertura":"-2,-2,5>0,-2,4 2,1,-2>0,4,-2 -2,1,2>-2,6,-2 0,4,-2>0,0,2 0,-2,4>0,-1,2 0,0,2>0,1,0"}
{"par":131,"whiteIs":"A","ptsW":0,"res":"mate","plies":22,"balW":600,"secs":1.7,"apertura":"-2,1,2>-2,6,-2 2,1,-2>-1,4,-2 -1,1,1>0,1,1 4,-2,-1>4,-2,0 -2,6,-2>-2,1,2 4,-2,0>3,-2,0"}
{"par":131,"whiteIs":"B","ptsW":null,"res":"tope","plies":80,"balW":-600,"secs":5.5,"apertura":"-2,1,2>-2,6,-2 2,1,-2>-1,4,-2 -1,1,1>0,1,1 4,-2,-1>4,-2,0 -2,6,-2>-2,1,2 4,-2,0>3,-2,0"}
{"par":132,"whiteIs":"A","ptsW":null,"res":"tope","plies":80,"balW":600,"secs":5.4,"apertura":"-2,1,2>-2,5,-2 2,1,-2>0,3,-2 -2,5,-2>-1,5,-2 0,3,-2>2,2,-2 -1,5,-2>-2,6,-2 3,0,-2>2,1,-2"}
{"par":132,"whiteIs":"B","ptsW":null,"res":"tope","plies":80,"balW":0,"secs":6.4,"apertura":"-2,1,2>-2,5,-2 2,1,-2>0,3,-2 -2,5,-2>-1,5,-2 0,3,-2>2,2,-2 -1,5,-2>-2,6,-2 3,0,-2>2,1,-2"}
{"par":133,"whiteIs":"A","ptsW":null,"res":"tope","plies":80,"balW":100,"secs":4.9,"apertura":"-2,1,2>-2,5,-1 3,-1,-1>3,-1,0 -2,5,-1>-1,3,-1 2,1,-2>-2,6,-2 -1,3,-1>-1,2,0 -2,6,-2>-2,5,-1"}
{"par":133,"whiteIs":"B","ptsW":null,"res":"tope","plies":80,"balW":-300,"secs":4.4,"apertura":"-2,1,2>-2,5,-1 3,-1,-1>3,-1,0 -2,5,-1>-1,3,-1 2,1,-2>-2,6,-2 -1,3,-1>-1,2,0 -2,6,-2>-2,5,-1"}
{"par":134,"whiteIs":"A","ptsW":null,"res":"tope","plies":80,"balW":1000,"secs":5.1,"apertura":"-1,-1,3>0,-1,3 2,1,-2>0,4,-2 -2,1,2>-2,3,1 0,4,-2>2,2,-2 -2,3,1>-2,5,-1 2,2,-2>-2,2,1"}
{"par":134,"whiteIs":"B","ptsW":null,"res":"tope","plies":80,"balW":600,"secs":5.1,"apertura":"-1,-1,3>0,-1,3 2,1,-2>0,4,-2 -2,1,2>-2,3,1 0,4,-2>2,2,-2 -2,3,1>-2,5,-1 2,2,-2>-2,2,1"}
{"par":135,"whiteIs":"A","ptsW":1,"res":"mate","plies":51,"balW":600,"secs":3.3,"apertura":"-2,1,2>-2,4,0 2,0,-1>2,0,0 -2,0,3>-2,1,2 3,0,-2>2,0,-1 -2,4,0>-2,4,-1 2,1,-2>1,2,-2"}
{"par":135,"whiteIs":"B","ptsW":null,"res":"tope","plies":80,"balW":-600,"secs":4.8,"apertura":"-2,1,2>-2,4,0 2,0,-1>2,0,0 -2,0,3>-2,1,2 3,0,-2>2,0,-1 -2,4,0>-2,4,-1 2,1,-2>1,2,-2"}
{"par":136,"whiteIs":"A","ptsW":null,"res":"tope","plies":80,"balW":-300,"secs":5.1,"apertura":"-1,1,1>0,1,1 3,1,-2>1,2,-2 0,1,1>0,1,0 2,1,-2>2,2,-2 -2,1,2>-2,6,-2 2,2,-2>3,1,-2"}
{"par":136,"whiteIs":"B","ptsW":null,"res":"tope","plies":80,"balW":-300,"secs":4.5,"apertura":"-1,1,1>0,1,1 3,1,-2>1,2,-2 0,1,1>0,1,0 2,1,-2>2,2,-2 -2,1,2>-2,6,-2 2,2,-2>3,1,-2"}
{"par":137,"whiteIs":"A","ptsW":null,"res":"tope","plies":80,"balW":1000,"secs":4.5,"apertura":"-2,1,2>-2,5,-1 5,-2,-2>4,-2,0 -2,5,-1>-2,3,1 2,1,-2>1,2,-2 -1,0,2>0,0,2 1,2,-2>-2,6,-2"}
{"par":137,"whiteIs":"B","ptsW":null,"res":"tope","plies":80,"balW":-400,"secs":4.9,"apertura":"-2,1,2>-2,5,-1 5,-2,-2>4,-2,0 -2,5,-1>-2,3,1 2,1,-2>1,2,-2 -1,0,2>0,0,2 1,2,-2>-2,6,-2"}
{"par":138,"whiteIs":"A","ptsW":null,"res":"tope","plies":80,"balW":700,"secs":4.8,"apertura":"-2,1,2>-2,2,1 2,1,-2>1,2,-2 -2,-2,5>0,-2,4 1,2,-2>0,4,-2 -2,2,1>-1,2,0 0,4,-2>0,2,0"}
{"par":138,"whiteIs":"B","ptsW":1,"res":"mate","plies":55,"balW":800,"secs":4,"apertura":"-2,1,2>-2,2,1 2,1,-2>1,2,-2 -2,-2,5>0,-2,4 1,2,-2>0,4,-2 -2,2,1>-1,2,0 0,4,-2>0,2,0"}
{"par":139,"whiteIs":"A","ptsW":null,"res":"tope","plies":80,"balW":-500,"secs":5.8,"apertura":"-2,-2,5>0,-2,4 3,1,-2>1,2,-2 -2,-2,6>-2,-2,5 4,-2,-1>4,-2,0 -2,1,2>-2,2,2 1,1,-1>1,1,0"}
{"par":139,"whiteIs":"B","ptsW":null,"res":"tope","plies":80,"balW":100,"secs":6,"apertura":"-2,-2,5>0,-2,4 3,1,-2>1,2,-2 -2,-2,6>-2,-2,5 4,-2,-1>4,-2,0 -2,1,2>-2,2,2 1,1,-1>1,1,0"}
{"par":140,"whiteIs":"A","ptsW":null,"res":"tope","plies":80,"balW":100,"secs":4.5,"apertura":"-2,1,2>-2,3,0 2,1,-2>-2,6,-2 -2,3,0>-2,5,-1 -2,6,-2>1,3,-2 -2,5,-1>-2,4,-1 1,3,-2>-2,3,0"}
{"par":140,"whiteIs":"B","ptsW":null,"res":"tope","plies":80,"balW":-600,"secs":4.3,"apertura":"-2,1,2>-2,3,0 2,1,-2>-2,6,-2 -2,3,0>-2,5,-1 -2,6,-2>1,3,-2 -2,5,-1>-2,4,-1 1,3,-2>-2,3,0"}
{"par":141,"whiteIs":"A","ptsW":null,"res":"tope","plies":80,"balW":0,"secs":5.9,"apertura":"-2,1,2>-2,2,2 1,1,-1>1,1,0 -2,2,2>-2,4,0 3,1,-2>1,1,-1 -2,4,0>-2,5,-2 1,1,-1>0,3,-1"}
{"par":141,"whiteIs":"B","ptsW":null,"res":"tope","plies":80,"balW":-200,"secs":4.8,"apertura":"-2,1,2>-2,2,2 1,1,-1>1,1,0 -2,2,2>-2,4,0 3,1,-2>1,1,-1 -2,4,0>-2,5,-2 1,1,-1>0,3,-1"}
{"par":142,"whiteIs":"A","ptsW":null,"res":"tope","plies":80,"balW":400,"secs":4.7,"apertura":"-2,1,2>-2,5,-1 2,1,-2>2,2,-2 -2,5,-1>1,2,-1 2,2,-2>1,2,-2 -2,-2,5>0,-2,4 4,-2,-1>4,-2,0"}
{"par":142,"whiteIs":"B","ptsW":null,"res":"tope","plies":80,"balW":200,"secs":4.7,"apertura":"-2,1,2>-2,5,-1 2,1,-2>2,2,-2 -2,5,-1>1,2,-1 2,2,-2>1,2,-2 -2,-2,5>0,-2,4 4,-2,-1>4,-2,0"}
{"par":143,"whiteIs":"A","ptsW":null,"res":"tope","plies":80,"balW":1100,"secs":4.6,"apertura":"-1,-2,4>0,-2,4 2,1,-2>1,3,-2 -2,1,2>-2,2,1 1,3,-2>-2,3,0 -1,0,2>0,0,2 1,1,-1>1,1,0"}
{"par":143,"whiteIs":"B","ptsW":null,"res":"tope","plies":80,"balW":200,"secs":5.2,"apertura":"-1,-2,4>0,-2,4 2,1,-2>1,3,-2 -2,1,2>-2,2,1 1,3,-2>-2,3,0 -1,0,2>0,0,2 1,1,-1>1,1,0"}
{"par":144,"whiteIs":"A","ptsW":null,"res":"tope","plies":80,"balW":1500,"secs":5.7,"apertura":"-2,1,2>-2,2,2 2,0,-1>2,0,0 -1,-2,4>0,-2,4 3,1,-2>2,0,-1 -2,2,2>1,2,-1 4,-2,-1>4,-2,0"}
{"par":144,"whiteIs":"B","ptsW":null,"res":"tope","plies":80,"balW":-200,"secs":4.9,"apertura":"-2,1,2>-2,2,2 2,0,-1>2,0,0 -1,-2,4>0,-2,4 3,1,-2>2,0,-1 -2,2,2>1,2,-1 4,-2,-1>4,-2,0"}
{"par":145,"whiteIs":"A","ptsW":null,"res":"tope","plies":80,"balW":600,"secs":5.2,"apertura":"-1,-2,4>0,-2,4 3,-1,-1>3,-1,0 -2,1,2>-2,4,0 2,1,-2>-1,5,-2 -2,4,0>-1,4,-2 -1,5,-2>-2,5,-1"}
{"par":145,"whiteIs":"B","ptsW":null,"res":"tope","plies":80,"balW":-200,"secs":5,"apertura":"-1,-2,4>0,-2,4 3,-1,-1>3,-1,0 -2,1,2>-2,4,0 2,1,-2>-1,5,-2 -2,4,0>-1,4,-2 -1,5,-2>-2,5,-1"}
{"par":146,"whiteIs":"A","ptsW":null,"res":"tope","plies":80,"balW":400,"secs":5,"apertura":"-2,1,2>-2,3,0 2,0,-1>2,0,0 -2,3,0>-2,4,0 2,1,-2>-2,5,-2 -2,0,3>-2,1,2 1,1,-1>1,1,0"}
{"par":146,"whiteIs":"B","ptsW":0,"res":"mate","plies":70,"balW":-400,"secs":4.4,"apertura":"-2,1,2>-2,3,0 2,0,-1>2,0,0 -2,3,0>-2,4,0 2,1,-2>-2,5,-2 -2,0,3>-2,1,2 1,1,-1>1,1,0"}
{"par":147,"whiteIs":"A","ptsW":null,"res":"tope","plies":80,"balW":600,"secs":4.4,"apertura":"-2,1,2>-2,5,-2 3,-1,-1>3,-1,0 -2,5,-2>-2,4,-1 3,0,-2>3,-1,-1 -2,4,-1>0,3,-1 2,1,-2>1,3,-2"}
{"par":147,"whiteIs":"B","ptsW":null,"res":"tope","plies":80,"balW":1900,"secs":4.3,"apertura":"-2,1,2>-2,5,-2 3,-1,-1>3,-1,0 -2,5,-2>-2,4,-1 3,0,-2>3,-1,-1 -2,4,-1>0,3,-1 2,1,-2>1,3,-2"}
{"par":148,"whiteIs":"A","ptsW":null,"res":"tope","plies":80,"balW":100,"secs":5.4,"apertura":"-2,1,2>-2,4,-1 4,-2,-1>4,-2,0 -2,4,-1>-2,1,2 1,1,-1>1,1,0 -1,0,2>0,0,2 2,1,-2>0,3,-2"}
{"par":148,"whiteIs":"B","ptsW":null,"res":"tope","plies":80,"balW":-100,"secs":5.3,"apertura":"-2,1,2>-2,4,-1 4,-2,-1>4,-2,0 -2,4,-1>-2,1,2 1,1,-1>1,1,0 -1,0,2>0,0,2 2,1,-2>0,3,-2"}
{"par":149,"whiteIs":"A","ptsW":null,"res":"tope","plies":80,"balW":400,"secs":6.3,"apertura":"-2,1,2>-2,4,0 2,1,-2>1,3,-2 -2,4,0>1,0,0 1,3,-2>2,2,-2 1,0,0>1,-1,1 2,2,-2>-2,5,-2"}
{"par":149,"whiteIs":"B","ptsW":null,"res":"tope","plies":80,"balW":-500,"secs":5,"apertura":"-2,1,2>-2,4,0 2,1,-2>1,3,-2 -2,4,0>1,0,0 1,3,-2>2,2,-2 1,0,0>1,-1,1 2,2,-2>-2,5,-2"}
{"par":150,"whiteIs":"A","ptsW":null,"res":"tope","plies":80,"balW":-100,"secs":5,"apertura":"-2,1,2>-2,2,2 5,-2,-2>4,-2,0 -2,2,2>-2,3,0 2,0,-1>2,0,0 -2,3,0>-2,4,0 4,-2,0>2,-2,1"}
{"par":150,"whiteIs":"B","ptsW":null,"res":"tope","plies":80,"balW":-100,"secs":4.8,"apertura":"-2,1,2>-2,2,2 5,-2,-2>4,-2,0 -2,2,2>-2,3,0 2,0,-1>2,0,0 -2,3,0>-2,4,0 4,-2,0>2,-2,1"}
{"par":151,"whiteIs":"A","ptsW":null,"res":"tope","plies":80,"balW":1300,"secs":5,"apertura":"-2,-2,5>0,-2,4 2,1,-2>0,4,-2 -2,1,2>-2,2,1 0,4,-2>1,2,-2 -2,-2,6>-2,-2,5 1,2,-2>-1,2,0"}
{"par":151,"whiteIs":"B","ptsW":null,"res":"tope","plies":80,"balW":600,"secs":4.8,"apertura":"-2,-2,5>0,-2,4 2,1,-2>0,4,-2 -2,1,2>-2,2,1 0,4,-2>1,2,-2 -2,-2,6>-2,-2,5 1,2,-2>-1,2,0"}
{"par":152,"whiteIs":"A","ptsW":null,"res":"tope","plies":80,"balW":300,"secs":5,"apertura":"-1,-1,3>0,-1,3 5,-2,-2>4,-2,0 -1,1,1>0,1,1 2,1,-2>0,3,-2 -2,1,2>-2,4,0 4,-2,0>2,-1,0"}
{"par":152,"whiteIs":"B","ptsW":null,"res":"tope","plies":80,"balW":0,"secs":4.4,"apertura":"-1,-1,3>0,-1,3 5,-2,-2>4,-2,0 -1,1,1>0,1,1 2,1,-2>0,3,-2 -2,1,2>-2,4,0 4,-2,0>2,-1,0"}
{"par":153,"whiteIs":"A","ptsW":null,"res":"tope","plies":80,"balW":-300,"secs":4.5,"apertura":"-1,-2,4>0,-2,4 4,-2,-1>4,-2,0 -2,1,2>-2,2,1 4,-2,0>3,-2,0 -2,2,1>-2,3,1 5,-2,-2>4,-2,0"}
{"par":153,"whiteIs":"B","ptsW":null,"res":"tope","plies":80,"balW":-100,"secs":4.6,"apertura":"-1,-2,4>0,-2,4 4,-2,-1>4,-2,0 -2,1,2>-2,2,1 4,-2,0>3,-2,0 -2,2,1>-2,3,1 5,-2,-2>4,-2,0"}
{"par":154,"whiteIs":"A","ptsW":0,"res":"mate","plies":60,"balW":200,"secs":3.7,"apertura":"-1,0,2>0,0,2 2,1,-2>1,2,-2 -2,1,2>-2,2,2 1,2,-2>-2,5,-2 -2,2,2>0,2,-1 -2,5,-2>-2,6,-2"}
{"par":154,"whiteIs":"B","ptsW":null,"res":"tope","plies":80,"balW":500,"secs":5.5,"apertura":"-1,0,2>0,0,2 2,1,-2>1,2,-2 -2,1,2>-2,2,2 1,2,-2>-2,5,-2 -2,2,2>0,2,-1 -2,5,-2>-2,6,-2"}
{"par":155,"whiteIs":"A","ptsW":null,"res":"tope","plies":80,"balW":500,"secs":4.4,"apertura":"-1,0,2>0,0,2 3,1,-2>1,2,-2 -1,-2,4>0,-2,4 1,2,-2>0,3,-1 -1,1,1>0,1,1 2,1,-2>0,3,-2"}
{"par":155,"whiteIs":"B","ptsW":1,"res":"mate","plies":77,"balW":0,"secs":5,"apertura":"-1,0,2>0,0,2 3,1,-2>1,2,-2 -1,-2,4>0,-2,4 1,2,-2>0,3,-1 -1,1,1>0,1,1 2,1,-2>0,3,-2"}
{"par":156,"whiteIs":"A","ptsW":null,"res":"tope","plies":80,"balW":800,"secs":5.2,"apertura":"-2,-2,5>0,-2,4 2,1,-2>-1,5,-2 -2,1,2>-2,3,1 -1,5,-2>-2,6,-2 -2,3,1>-1,2,1 -2,6,-2>-2,2,1"}
{"par":156,"whiteIs":"B","ptsW":null,"res":"tope","plies":80,"balW":600,"secs":4.5,"apertura":"-2,-2,5>0,-2,4 2,1,-2>-1,5,-2 -2,1,2>-2,3,1 -1,5,-2>-2,6,-2 -2,3,1>-1,2,1 -2,6,-2>-2,2,1"}
{"par":157,"whiteIs":"A","ptsW":null,"res":"tope","plies":80,"balW":900,"secs":4.7,"apertura":"-2,1,2>-2,6,-2 2,1,-2>0,4,-2 -2,6,-2>-2,2,1 0,4,-2>0,-1,3 -2,2,1>-2,4,0 0,-1,3>0,0,1"}
{"par":157,"whiteIs":"B","ptsW":1,"res":"mate","plies":43,"balW":1500,"secs":2.3,"apertura":"-2,1,2>-2,6,-2 2,1,-2>0,4,-2 -2,6,-2>-2,2,1 0,4,-2>0,-1,3 -2,2,1>-2,4,0 0,-1,3>0,0,1"}
{"par":158,"whiteIs":"A","ptsW":null,"res":"tope","plies":80,"balW":600,"secs":4.9,"apertura":"-2,1,2>-2,4,0 2,1,-2>-2,6,-2 -2,4,0>0,1,0 -2,6,-2>-1,5,-2 0,1,0>0,3,-2 -1,5,-2>-1,4,-2"}
{"par":158,"whiteIs":"B","ptsW":null,"res":"tope","plies":80,"balW":1200,"secs":4.6,"apertura":"-2,1,2>-2,4,0 2,1,-2>-2,6,-2 -2,4,0>0,1,0 -2,6,-2>-1,5,-2 0,1,0>0,3,-2 -1,5,-2>-1,4,-2"}
{"par":159,"whiteIs":"A","ptsW":null,"res":"tope","plies":80,"balW":200,"secs":4.8,"apertura":"-2,1,2>-2,2,2 2,1,-2>1,2,-2 -1,-1,3>0,-1,3 1,2,-2>-1,2,0 -2,2,2>-2,5,-1 -1,2,0>0,2,-1"}
{"par":159,"whiteIs":"B","ptsW":null,"res":"tope","plies":80,"balW":-300,"secs":2.7,"apertura":"-2,1,2>-2,2,2 2,1,-2>1,2,-2 -1,-1,3>0,-1,3 1,2,-2>-1,2,0 -2,2,2>-2,5,-1 -1,2,0>0,2,-1"}
