# {"fecha":"2026-08-03T18:27:30.005Z","modalidad":"salas","A":{"nombre":"nivel2","cfg":{"depth":24,"mobility":true,"order":true,"quiesce":true,"nodes":300,"temperature":150}},"B":{"nombre":"nivel5","cfg":{"depth":24,"mobility":true,"order":true,"quiesce":true,"nodes":16000}},"MAX_PLIES":80,"FIFTY":40,"OPENING_PLIES":6,"SEED":19000,"FIRST":1,"PAIRS":200,"libro":"libro.json"}
{"par":1,"whiteIs":"A","ptsW":0,"res":"mate","plies":56,"balW":-2670,"secs":3.6,"apertura":"1,-3,3>1,-1,2 -1,3,-1>0,1,0 1,-1,2>-1,0,2 2,3,-3>2,2,-3 1,-2,2>0,0,1 -2,4,0>-3,2,2"}
{"par":1,"whiteIs":"B","ptsW":1,"res":"mate","plies":59,"balW":4140,"secs":3.5,"apertura":"1,-3,3>1,-1,2 -1,3,-1>0,1,0 1,-1,2>-1,0,2 2,3,-3>2,2,-3 1,-2,2>0,0,1 -2,4,0>-3,2,2"}
{"par":2,"whiteIs":"A","ptsW":0,"res":"mate","plies":58,"balW":-2557,"secs":3.8,"apertura":"3,-2,0>2,0,-1 -1,3,-1>0,2,0 2,-2,2>1,0,1 -3,3,2>-2,1,3 1,-2,3>0,0,2 -3,3,1>-2,2,2"}
{"par":2,"whiteIs":"B","ptsW":1,"res":"mate","plies":57,"balW":3327,"secs":4.7,"apertura":"3,-2,0>2,0,-1 -1,3,-1>0,2,0 2,-2,2>1,0,1 -3,3,2>-2,1,3 1,-2,3>0,0,2 -3,3,1>-2,2,2"}
{"par":3,"whiteIs":"A","ptsW":0,"res":"mate","plies":42,"balW":-3157,"secs":2.6,"apertura":"0,-2,3>0,-1,3 -2,3,1>-2,2,1 1,-2,2>1,-1,2 0,4,-3>2,2,-2 2,-3,3>1,-2,2 2,2,-2>1,0,0"}
{"par":3,"whiteIs":"B","ptsW":1,"res":"mate","plies":41,"balW":1436,"secs":3.2,"apertura":"0,-2,3>0,-1,3 -2,3,1>-2,2,1 1,-2,2>1,-1,2 0,4,-3>2,2,-2 2,-3,3>1,-2,2 2,2,-2>1,0,0"}
{"par":4,"whiteIs":"A","ptsW":0,"res":"mate","plies":30,"balW":-1594,"secs":2.1,"apertura":"1,-2,2>0,0,1 -2,3,0>-1,1,1 2,-3,3>1,-2,2 -3,3,1>-2,1,2 1,-2,2>1,-1,2 0,4,-3>2,2,-2"}
{"par":4,"whiteIs":"B","ptsW":null,"res":"tope","plies":80,"balW":2008,"secs":4.8,"apertura":"1,-2,2>0,0,1 -2,3,0>-1,1,1 2,-3,3>1,-2,2 -3,3,1>-2,1,2 1,-2,2>1,-1,2 0,4,-3>2,2,-2"}
{"par":5,"whiteIs":"A","ptsW":0,"res":"mate","plies":54,"balW":-1589,"secs":3.7,"apertura":"1,-2,3>0,0,2 2,3,-3>2,2,-3 4,-2,-1>3,0,-2 -1,3,0>0,1,1 -1,-2,4>-2,0,3 0,3,-2>1,2,-1"}
{"par":5,"whiteIs":"B","ptsW":1,"res":"mate","plies":57,"balW":2634,"secs":4.4,"apertura":"1,-2,3>0,0,2 2,3,-3>2,2,-3 4,-2,-1>3,0,-2 -1,3,0>0,1,1 -1,-2,4>-2,0,3 0,3,-2>1,2,-1"}
{"par":6,"whiteIs":"A","ptsW":0,"res":"mate","plies":66,"balW":-1801,"secs":5.2,"apertura":"2,-2,1>2,-1,1 1,3,-2>1,2,-2 3,-3,1>1,-1,1 0,4,-2>3,1,-2 1,-1,1>0,-1,2 -1,3,-1>0,2,0"}
{"par":6,"whiteIs":"B","ptsW":1,"res":"mate","plies":71,"balW":3005,"secs":4.6,"apertura":"2,-2,1>2,-1,1 1,3,-2>1,2,-2 3,-3,1>1,-1,1 0,4,-2>3,1,-2 1,-1,1>0,-1,2 -1,3,-1>0,2,0"}
{"par":7,"whiteIs":"A","ptsW":0,"res":"mate","plies":40,"balW":-2331,"secs":3.1,"apertura":"3,-2,0>2,0,-1 0,3,-1>0,2,-1 4,-3,1>3,-1,-1 0,3,-2>1,2,-1 1,-3,3>0,-1,3 -2,3,1>-2,2,1"}
{"par":7,"whiteIs":"B","ptsW":1,"res":"mate","plies":57,"balW":4086,"secs":4,"apertura":"3,-2,0>2,0,-1 0,3,-1>0,2,-1 4,-3,1>3,-1,-1 0,3,-2>1,2,-1 1,-3,3>0,-1,3 -2,3,1>-2,2,1"}
{"par":8,"whiteIs":"A","ptsW":0,"res":"mate","plies":66,"balW":-1666,"secs":4.3,"apertura":"1,-2,2>1,-1,2 1,3,-2>1,2,-2 0,-2,4>-1,-1,3 0,4,-2>4,0,-2 3,-2,1>2,-1,0 2,3,-3>2,2,-3"}
{"par":8,"whiteIs":"B","ptsW":1,"res":"mate","plies":45,"balW":1748,"secs":3,"apertura":"1,-2,2>1,-1,2 1,3,-2>1,2,-2 0,-2,4>-1,-1,3 0,4,-2>4,0,-2 3,-2,1>2,-1,0 2,3,-3>2,2,-3"}
{"par":9,"whiteIs":"A","ptsW":0,"res":"mate","plies":62,"balW":-2094,"secs":4.8,"apertura":"4,-3,1>3,-1,-1 1,3,-3>2,2,-2 0,-2,4>-1,0,3 -2,4,0>-3,2,2 1,-2,3>0,-1,2 -3,2,2>-2,4,0"}
{"par":9,"whiteIs":"B","ptsW":1,"res":"mate","plies":25,"balW":500,"secs":1.9,"apertura":"4,-3,1>3,-1,-1 1,3,-3>2,2,-2 0,-2,4>-1,0,3 -2,4,0>-3,2,2 1,-2,3>0,-1,2 -3,2,2>-2,4,0"}
{"par":10,"whiteIs":"A","ptsW":0,"res":"mate","plies":50,"balW":-2089,"secs":3.5,"apertura":"1,-3,3>1,-1,2 1,3,-2>2,1,-1 2,-2,1>2,-1,1 -3,3,2>-3,2,2 -1,-2,4>-1,-1,4 0,4,-2>4,0,-2"}
{"par":10,"whiteIs":"B","ptsW":1,"res":"mate","plies":11,"balW":335,"secs":0.9,"apertura":"1,-3,3>1,-1,2 1,3,-2>2,1,-1 2,-2,1>2,-1,1 -3,3,2>-3,2,2 -1,-2,4>-1,-1,4 0,4,-2>4,0,-2"}
{"par":11,"whiteIs":"A","ptsW":0,"res":"mate","plies":42,"balW":-2387,"secs":3.9,"apertura":"2,-2,2>1,0,1 -3,3,1>-2,1,2 3,-2,0>2,0,-1 0,3,-2>1,2,-1 2,-2,1>1,0,0 -2,4,0>-3,2,2"}
{"par":11,"whiteIs":"B","ptsW":1,"res":"mate","plies":41,"balW":3522,"secs":3.5,"apertura":"2,-2,2>1,0,1 -3,3,1>-2,1,2 3,-2,0>2,0,-1 0,3,-2>1,2,-1 2,-2,1>1,0,0 -2,4,0>-3,2,2"}
{"par":12,"whiteIs":"A","ptsW":0,"res":"mate","plies":58,"balW":-3170,"secs":4.7,"apertura":"1,-2,3>0,0,2 1,3,-2>1,2,-2 4,-3,1>3,-1,-1 -1,3,-1>0,2,0 0,0,2>-1,1,1 -3,3,1>-2,1,2"}
{"par":12,"whiteIs":"B","ptsW":1,"res":"mate","plies":59,"balW":3200,"secs":3.8,"apertura":"1,-2,3>0,0,2 1,3,-2>1,2,-2 4,-3,1>3,-1,-1 -1,3,-1>0,2,0 0,0,2>-1,1,1 -3,3,1>-2,1,2"}
{"par":13,"whiteIs":"A","ptsW":0,"res":"mate","plies":42,"balW":-1270,"secs":3.3,"apertura":"0,-2,3>0,-1,3 -3,3,1>-2,2,2 0,-1,3>-1,0,2 -1,3,0>0,1,1 2,-2,1>1,0,0 -3,3,2>-2,1,3"}
{"par":13,"whiteIs":"B","ptsW":1,"res":"mate","plies":47,"balW":3270,"secs":3.5,"apertura":"0,-2,3>0,-1,3 -3,3,1>-2,2,2 0,-1,3>-1,0,2 -1,3,0>0,1,1 2,-2,1>1,0,0 -3,3,2>-2,1,3"}
{"par":14,"whiteIs":"A","ptsW":0,"res":"mate","plies":22,"balW":-1213,"secs":2,"apertura":"3,-2,0>2,0,-1 -1,3,-1>0,1,0 4,-2,-1>3,0,-2 -2,4,0>-2,2,1 4,-3,1>4,-2,-1 -1,4,-1>-1,3,-1"}
{"par":14,"whiteIs":"B","ptsW":1,"res":"mate","plies":79,"balW":3159,"secs":5.5,"apertura":"3,-2,0>2,0,-1 -1,3,-1>0,1,0 4,-2,-1>3,0,-2 -2,4,0>-2,2,1 4,-3,1>4,-2,-1 -1,4,-1>-1,3,-1"}
{"par":15,"whiteIs":"A","ptsW":0,"res":"mate","plies":14,"balW":-1018,"secs":1.1,"apertura":"0,-2,4>-1,0,3 1,3,-2>2,1,-1 1,-3,3>2,-1,1 -2,4,0>0,2,-1 -1,0,3>-2,1,2 0,2,-1>1,0,1"}
{"par":15,"whiteIs":"B","ptsW":1,"res":"mate","plies":49,"balW":2322,"secs":4.5,"apertura":"0,-2,4>-1,0,3 1,3,-2>2,1,-1 1,-3,3>2,-1,1 -2,4,0>0,2,-1 -1,0,3>-2,1,2 0,2,-1>1,0,1"}
{"par":16,"whiteIs":"A","ptsW":0,"res":"mate","plies":60,"balW":-2422,"secs":4.3,"apertura":"1,-3,3>-1,-1,4 0,4,-3>1,2,-1 1,-2,3>0,-1,2 1,4,-3>0,4,-3 1,-3,4>1,1,0 1,2,-1>3,1,-3"}
{"par":16,"whiteIs":"B","ptsW":1,"res":"mate","plies":25,"balW":1716,"secs":2,"apertura":"1,-3,3>-1,-1,4 0,4,-3>1,2,-1 1,-2,3>0,-1,2 1,4,-3>0,4,-3 1,-3,4>1,1,0 1,2,-1>3,1,-3"}
{"par":17,"whiteIs":"A","ptsW":0,"res":"mate","plies":56,"balW":-2664,"secs":4,"apertura":"0,-2,4>-1,-1,3 -1,3,-1>0,2,0 -1,-2,4>-2,0,3 -3,3,1>-2,2,2 4,-2,0>3,0,-1 -2,4,0>-2,2,1"}
{"par":17,"whiteIs":"B","ptsW":1,"res":"mate","plies":29,"balW":658,"secs":2.6,"apertura":"0,-2,4>-1,-1,3 -1,3,-1>0,2,0 -1,-2,4>-2,0,3 -3,3,1>-2,2,2 4,-2,0>3,0,-1 -2,4,0>-2,2,1"}
{"par":18,"whiteIs":"A","ptsW":0,"res":"mate","plies":52,"balW":-3140,"secs":3.9,"apertura":"3,-2,1>2,0,0 -3,3,2>-2,1,3 4,-2,0>3,-1,-1 -2,3,1>-2,2,1 4,-2,-1>3,0,-2 -1,3,0>0,1,1"}
{"par":18,"whiteIs":"B","ptsW":1,"res":"mate","plies":35,"balW":735,"secs":2.8,"apertura":"3,-2,1>2,0,0 -3,3,2>-2,1,3 4,-2,0>3,-1,-1 -2,3,1>-2,2,1 4,-2,-1>3,0,-2 -1,3,0>0,1,1"}
{"par":19,"whiteIs":"A","ptsW":0,"res":"mate","plies":48,"balW":-2254,"secs":3.5,"apertura":"0,-2,3>0,-1,3 0,4,-3>1,2,-1 1,-3,3>-1,-1,4 1,2,-1>0,0,1 0,-2,4>-1,0,3 0,3,-2>1,2,-1"}
{"par":19,"whiteIs":"B","ptsW":1,"res":"mate","plies":49,"balW":2657,"secs":3.5,"apertura":"0,-2,3>0,-1,3 0,4,-3>1,2,-1 1,-3,3>-1,-1,4 1,2,-1>0,0,1 0,-2,4>-1,0,3 0,3,-2>1,2,-1"}
{"par":20,"whiteIs":"A","ptsW":0,"res":"mate","plies":52,"balW":-2252,"secs":4.1,"apertura":"3,-2,0>3,-1,0 -3,3,1>-2,2,2 4,-2,-1>3,0,-2 -3,4,0>-3,0,4 2,-2,1>1,0,0 -2,2,2>-2,1,2"}
{"par":20,"whiteIs":"B","ptsW":1,"res":"mate","plies":53,"balW":2631,"secs":3.8,"apertura":"3,-2,0>3,-1,0 -3,3,1>-2,2,2 4,-2,-1>3,0,-2 -3,4,0>-3,0,4 2,-2,1>1,0,0 -2,2,2>-2,1,2"}
{"par":21,"whiteIs":"A","ptsW":0,"res":"mate","plies":34,"balW":-1641,"secs":2.6,"apertura":"1,-3,3>0,-1,3 -2,4,0>-2,2,1 3,-2,0>2,0,-1 -1,3,-1>0,2,0 0,-1,3>-2,-1,4 -3,3,1>-2,2,2"}
{"par":21,"whiteIs":"B","ptsW":null,"res":"tope","plies":80,"balW":1964,"secs":6.4,"apertura":"1,-3,3>0,-1,3 -2,4,0>-2,2,1 3,-2,0>2,0,-1 -1,3,-1>0,2,0 0,-1,3>-2,-1,4 -3,3,1>-2,2,2"}
{"par":22,"whiteIs":"A","ptsW":0,"res":"mate","plies":66,"balW":-2982,"secs":5,"apertura":"0,-2,4>-1,-1,3 1,3,-2>1,2,-2 3,-2,0>2,0,-1 1,3,-3>2,2,-2 1,-2,2>1,-1,2 0,3,-1>1,1,0"}
{"par":22,"whiteIs":"B","ptsW":1,"res":"mate","plies":53,"balW":2098,"secs":4.2,"apertura":"0,-2,4>-1,-1,3 1,3,-2>1,2,-2 3,-2,0>2,0,-1 1,3,-3>2,2,-2 1,-2,2>1,-1,2 0,3,-1>1,1,0"}
{"par":23,"whiteIs":"A","ptsW":0,"res":"mate","plies":68,"balW":-3170,"secs":5.1,"apertura":"4,-3,1>3,-1,-1 -2,3,1>-1,1,2 1,-2,2>1,-1,2 0,4,-3>2,2,-2 4,-3,0>4,-3,1 2,3,-3>2,2,-3"}
{"par":23,"whiteIs":"B","ptsW":1,"res":"mate","plies":59,"balW":3122,"secs":5,"apertura":"4,-3,1>3,-1,-1 -2,3,1>-1,1,2 1,-2,2>1,-1,2 0,4,-3>2,2,-2 4,-3,0>4,-3,1 2,3,-3>2,2,-3"}
{"par":24,"whiteIs":"A","ptsW":0,"res":"mate","plies":72,"balW":-3705,"secs":5.5,"apertura":"1,-3,3>-1,-1,4 0,4,-3>2,2,-2 -1,-1,4>0,-1,2 2,2,-2>3,0,-2 4,-3,1>3,-1,-1 3,0,-2>1,2,-1"}
{"par":24,"whiteIs":"B","ptsW":1,"res":"mate","plies":69,"balW":3970,"secs":5.3,"apertura":"1,-3,3>-1,-1,4 0,4,-3>2,2,-2 -1,-1,4>0,-1,2 2,2,-2>3,0,-2 4,-3,1>3,-1,-1 3,0,-2>1,2,-1"}
{"par":25,"whiteIs":"A","ptsW":0,"res":"mate","plies":62,"balW":-3703,"secs":5.7,"apertura":"-1,-2,4>-1,-1,4 -1,3,-1>0,2,0 1,-2,3>0,0,2 -2,4,-1>-1,3,-1 0,-2,3>-1,0,2 -3,3,1>-2,2,2"}
{"par":25,"whiteIs":"B","ptsW":1,"res":"mate","plies":47,"balW":923,"secs":5.4,"apertura":"-1,-2,4>-1,-1,4 -1,3,-1>0,2,0 1,-2,3>0,0,2 -2,4,-1>-1,3,-1 0,-2,3>-1,0,2 -3,3,1>-2,2,2"}
{"par":26,"whiteIs":"A","ptsW":0,"res":"mate","plies":34,"balW":-565,"secs":3.9,"apertura":"1,-3,3>1,-1,2 -2,4,0>-2,2,1 -1,-2,4>-2,0,3 -1,3,-1>0,2,0 2,-2,2>1,0,1 -2,3,0>-1,1,1"}
{"par":26,"whiteIs":"B","ptsW":1,"res":"mate","plies":49,"balW":3305,"secs":4.5,"apertura":"1,-3,3>1,-1,2 -2,4,0>-2,2,1 -1,-2,4>-2,0,3 -1,3,-1>0,2,0 2,-2,2>1,0,1 -2,3,0>-1,1,1"}
{"par":27,"whiteIs":"A","ptsW":0,"res":"mate","plies":16,"balW":-583,"secs":1.7,"apertura":"1,-2,2>1,-1,2 2,3,-3>2,2,-3 4,-2,0>3,0,-1 -2,3,0>-1,2,1 1,-3,3>-1,-1,4 -3,4,0>0,1,0"}
{"par":27,"whiteIs":"B","ptsW":1,"res":"mate","plies":51,"balW":3382,"secs":4.6,"apertura":"1,-2,2>1,-1,2 2,3,-3>2,2,-3 4,-2,0>3,0,-1 -2,3,0>-1,2,1 1,-3,3>-1,-1,4 -3,4,0>0,1,0"}
{"par":28,"whiteIs":"A","ptsW":null,"res":"tope","plies":80,"balW":-1776,"secs":9.8,"apertura":"1,-3,3>2,-1,1 -2,4,0>0,2,-1 2,-2,2>1,-1,1 0,2,-1>2,0,0 2,-1,1>1,1,-1 -2,3,1>-1,1,2"}
{"par":28,"whiteIs":"B","ptsW":1,"res":"mate","plies":29,"balW":3005,"secs":3.8,"apertura":"1,-3,3>2,-1,1 -2,4,0>0,2,-1 2,-2,2>1,-1,1 0,2,-1>2,0,0 2,-1,1>1,1,-1 -2,3,1>-1,1,2"}
{"par":29,"whiteIs":"A","ptsW":0,"res":"mate","plies":50,"balW":-2992,"secs":5.2,"apertura":"1,-3,3>1,-1,2 0,3,-2>1,2,-1 1,-1,2>-1,-1,3 -2,3,1>-1,1,2 -1,-1,3>1,-1,2 -2,4,0>-2,2,1"}
{"par":29,"whiteIs":"B","ptsW":1,"res":"mate","plies":53,"balW":2089,"secs":7.3,"apertura":"1,-3,3>1,-1,2 0,3,-2>1,2,-1 1,-1,2>-1,-1,3 -2,3,1>-1,1,2 -1,-1,3>1,-1,2 -2,4,0>-2,2,1"}
{"par":30,"whiteIs":"A","ptsW":null,"res":"tope","plies":80,"balW":-3189,"secs":8.2,"apertura":"1,-3,3>-1,-1,4 -3,3,1>-2,1,2 4,-2,-1>3,0,-2 -3,4,1>-3,3,1 0,-2,4>-1,0,3 -2,4,0>-1,2,0"}
{"par":30,"whiteIs":"B","ptsW":1,"res":"mate","plies":15,"balW":1048,"secs":1.8,"apertura":"1,-3,3>-1,-1,4 -3,3,1>-2,1,2 4,-2,-1>3,0,-2 -3,4,1>-3,3,1 0,-2,4>-1,0,3 -2,4,0>-1,2,0"}
{"par":31,"whiteIs":"A","ptsW":0,"res":"mate","plies":36,"balW":-2724,"secs":3.2,"apertura":"0,-2,4>-1,0,3 2,3,-3>2,2,-3 4,-3,1>2,-1,0 0,3,-1>0,2,-1 2,-1,0>1,1,0 -3,3,2>-2,1,3"}
{"par":31,"whiteIs":"B","ptsW":1,"res":"mate","plies":37,"balW":2722,"secs":4,"apertura":"0,-2,4>-1,0,3 2,3,-3>2,2,-3 4,-3,1>2,-1,0 0,3,-1>0,2,-1 2,-1,0>1,1,0 -3,3,2>-2,1,3"}
{"par":32,"whiteIs":"A","ptsW":0,"res":"mate","plies":24,"balW":-1406,"secs":2.8,"apertura":"1,-2,2>0,0,1 -2,4,0>0,2,-1 -1,-2,4>-1,-1,4 2,3,-3>3,1,-2 1,-3,3>1,-1,2 0,4,-3>1,2,-1"}
{"par":32,"whiteIs":"B","ptsW":1,"res":"mate","plies":55,"balW":4786,"secs":5.6,"apertura":"1,-2,2>0,0,1 -2,4,0>0,2,-1 -1,-2,4>-1,-1,4 2,3,-3>3,1,-2 1,-3,3>1,-1,2 0,4,-3>1,2,-1"}
{"par":33,"whiteIs":"A","ptsW":0,"res":"mate","plies":50,"balW":-3005,"secs":6.4,"apertura":"3,-2,1>2,-1,0 2,3,-3>2,2,-3 0,-2,3>-1,0,2 -2,4,0>-1,2,0 3,-2,0>2,0,-1 -1,2,0>1,1,0"}
{"par":33,"whiteIs":"B","ptsW":1,"res":"mate","plies":59,"balW":2371,"secs":5.5,"apertura":"3,-2,1>2,-1,0 2,3,-3>2,2,-3 0,-2,3>-1,0,2 -2,4,0>-1,2,0 3,-2,0>2,0,-1 -1,2,0>1,1,0"}
{"par":34,"whiteIs":"A","ptsW":0,"res":"mate","plies":66,"balW":-3005,"secs":6.5,"apertura":"1,-3,3>1,-1,2 1,3,-3>2,2,-2 0,-2,3>-1,0,2 -3,3,1>-2,2,2 3,-2,0>3,-1,0 -3,4,0>-3,0,4"}
{"par":34,"whiteIs":"B","ptsW":1,"res":"mate","plies":63,"balW":2431,"secs":6.7,"apertura":"1,-3,3>1,-1,2 1,3,-3>2,2,-2 0,-2,3>-1,0,2 -3,3,1>-2,2,2 3,-2,0>3,-1,0 -3,4,0>-3,0,4"}
{"par":35,"whiteIs":"A","ptsW":0,"res":"mate","plies":48,"balW":-1924,"secs":5.1,"apertura":"1,-2,2>1,-1,2 -1,3,0>0,1,1 4,-2,0>3,-1,-1 -2,4,0>0,2,-1 0,-2,3>0,-1,3 0,3,-2>1,1,-1"}
{"par":35,"whiteIs":"B","ptsW":1,"res":"mate","plies":41,"balW":2246,"secs":4.4,"apertura":"1,-2,2>1,-1,2 -1,3,0>0,1,1 4,-2,0>3,-1,-1 -2,4,0>0,2,-1 0,-2,3>0,-1,3 0,3,-2>1,1,-1"}
{"par":36,"whiteIs":"A","ptsW":0,"res":"mate","plies":48,"balW":-3122,"secs":4.8,"apertura":"-1,-2,4>-1,-1,4 -1,3,-1>0,1,0 1,-3,3>2,-1,1 -2,4,0>-3,2,2 3,-2,0>3,-1,0 -2,4,-1>-2,4,0"}
{"par":36,"whiteIs":"B","ptsW":null,"res":"tope","plies":80,"balW":4040,"secs":6.7,"apertura":"-1,-2,4>-1,-1,4 -1,3,-1>0,1,0 1,-3,3>2,-1,1 -2,4,0>-3,2,2 3,-2,0>3,-1,0 -2,4,-1>-2,4,0"}
{"par":37,"whiteIs":"A","ptsW":0,"res":"mate","plies":50,"balW":-1878,"secs":5,"apertura":"2,-2,1>2,-1,1 -2,3,1>-1,1,2 2,-2,2>1,-1,1 1,3,-3>2,1,-2 4,-2,-1>4,-1,-1 -1,3,-1>0,2,0"}
{"par":37,"whiteIs":"B","ptsW":1,"res":"mate","plies":69,"balW":1729,"secs":6.8,"apertura":"2,-2,1>2,-1,1 -2,3,1>-1,1,2 2,-2,2>1,-1,1 1,3,-3>2,1,-2 4,-2,-1>4,-1,-1 -1,3,-1>0,2,0"}
{"par":38,"whiteIs":"A","ptsW":0,"res":"mate","plies":80,"balW":-3089,"secs":7.5,"apertura":"4,-3,1>3,-1,-1 -2,3,0>-1,2,1 -1,-2,4>-1,-1,4 0,3,-2>1,2,-1 3,-1,-1>1,0,1 2,3,-3>3,1,-2"}
{"par":38,"whiteIs":"B","ptsW":1,"res":"mate","plies":53,"balW":2229,"secs":5.7,"apertura":"4,-3,1>3,-1,-1 -2,3,0>-1,2,1 -1,-2,4>-1,-1,4 0,3,-2>1,2,-1 3,-1,-1>1,0,1 2,3,-3>3,1,-2"}
{"par":39,"whiteIs":"A","ptsW":0,"res":"mate","plies":28,"balW":-2317,"secs":3.1,"apertura":"1,-2,3>0,0,2 -3,3,2>-3,2,2 1,-3,4>1,1,0 -2,3,1>-1,1,2 1,1,0>1,0,1 2,3,-3>3,1,-2"}
{"par":39,"whiteIs":"B","ptsW":1,"res":"mate","plies":45,"balW":2587,"secs":4.5,"apertura":"1,-2,3>0,0,2 -3,3,2>-3,2,2 1,-3,4>1,1,0 -2,3,1>-1,1,2 1,1,0>1,0,1 2,3,-3>3,1,-2"}
{"par":40,"whiteIs":"A","ptsW":0,"res":"mate","plies":66,"balW":-3287,"secs":7.3,"apertura":"0,-2,3>0,-1,3 -2,3,1>-2,2,1 4,-2,-1>4,-1,-1 0,3,-1>0,2,-1 4,-3,1>2,-1,0 -1,3,-1>0,1,0"}
{"par":40,"whiteIs":"B","ptsW":1,"res":"mate","plies":69,"balW":3159,"secs":6.2,"apertura":"0,-2,3>0,-1,3 -2,3,1>-2,2,1 4,-2,-1>4,-1,-1 0,3,-1>0,2,-1 4,-3,1>2,-1,0 -1,3,-1>0,1,0"}
{"par":41,"whiteIs":"A","ptsW":0,"res":"mate","plies":18,"balW":-635,"secs":1.9,"apertura":"1,-2,2>0,0,1 -2,4,0>-2,2,1 1,-2,3>0,0,2 -1,3,-1>0,1,0 1,-3,4>1,0,1 0,3,-2>1,2,-1"}
{"par":41,"whiteIs":"B","ptsW":1,"res":"mate","plies":55,"balW":2087,"secs":5.1,"apertura":"1,-2,2>0,0,1 -2,4,0>-2,2,1 1,-2,3>0,0,2 -1,3,-1>0,1,0 1,-3,4>1,0,1 0,3,-2>1,2,-1"}
{"par":42,"whiteIs":"A","ptsW":0,"res":"mate","plies":36,"balW":-1376,"secs":4.6,"apertura":"0,-2,3>0,-1,3 2,3,-3>3,1,-2 4,-2,-1>4,-1,-1 -3,3,1>-2,1,2 3,-2,0>3,-1,0 -2,4,0>-1,2,0"}
{"par":42,"whiteIs":"B","ptsW":1,"res":"mate","plies":53,"balW":2601,"secs":5.1,"apertura":"0,-2,3>0,-1,3 2,3,-3>3,1,-2 4,-2,-1>4,-1,-1 -3,3,1>-2,1,2 3,-2,0>3,-1,0 -2,4,0>-1,2,0"}
{"par":43,"whiteIs":"A","ptsW":0,"res":"mate","plies":62,"balW":-2770,"secs":5.8,"apertura":"0,-2,4>-1,-1,3 -2,4,0>-1,2,0 4,-2,-1>4,-1,-1 1,3,-2>1,2,-2 4,-2,0>3,-1,-1 0,3,-1>1,1,0"}
{"par":43,"whiteIs":"B","ptsW":1,"res":"mate","plies":47,"balW":1706,"secs":5.2,"apertura":"0,-2,4>-1,-1,3 -2,4,0>-1,2,0 4,-2,-1>4,-1,-1 1,3,-2>1,2,-2 4,-2,0>3,-1,-1 0,3,-1>1,1,0"}
{"par":44,"whiteIs":"A","ptsW":0,"res":"mate","plies":60,"balW":-1706,"secs":5.9,"apertura":"2,-2,1>2,-1,1 1,3,-2>2,1,-1 3,-3,1>1,-1,1 -2,3,0>-1,1,1 3,-2,1>2,-1,0 -3,4,0>-1,2,0"}
{"par":44,"whiteIs":"B","ptsW":1,"res":"mate","plies":67,"balW":1883,"secs":5.8,"apertura":"2,-2,1>2,-1,1 1,3,-2>2,1,-1 3,-3,1>1,-1,1 -2,3,0>-1,1,1 3,-2,1>2,-1,0 -3,4,0>-1,2,0"}
{"par":45,"whiteIs":"A","ptsW":0,"res":"mate","plies":78,"balW":-2517,"secs":7.6,"apertura":"-1,-2,4>-1,-1,4 -1,3,-1>0,2,0 3,-2,0>3,-1,0 -1,3,0>0,1,1 1,-3,3>0,-1,3 0,3,-1>1,1,0"}
{"par":45,"whiteIs":"B","ptsW":null,"res":"tope","plies":80,"balW":1959,"secs":8,"apertura":"-1,-2,4>-1,-1,4 -1,3,-1>0,2,0 3,-2,0>3,-1,0 -1,3,0>0,1,1 1,-3,3>0,-1,3 0,3,-1>1,1,0"}
{"par":46,"whiteIs":"A","ptsW":0,"res":"mate","plies":66,"balW":-2324,"secs":6.1,"apertura":"1,-3,3>2,-1,1 0,3,-2>1,2,-1 2,-1,1>0,0,1 -2,4,0>0,2,-1 3,-2,1>2,-1,0 1,3,-3>2,2,-2"}
{"par":46,"whiteIs":"B","ptsW":1,"res":"mate","plies":21,"balW":941,"secs":2.2,"apertura":"1,-3,3>2,-1,1 0,3,-2>1,2,-1 2,-1,1>0,0,1 -2,4,0>0,2,-1 3,-2,1>2,-1,0 1,3,-3>2,2,-2"}
{"par":47,"whiteIs":"A","ptsW":0,"res":"mate","plies":44,"balW":-3022,"secs":4.5,"apertura":"1,-3,3>0,-1,3 -3,3,1>-2,1,2 0,-1,3>1,-3,3 2,3,-3>3,1,-2 1,-2,3>0,0,2 1,3,-3>2,1,-2"}
{"par":47,"whiteIs":"B","ptsW":1,"res":"mate","plies":43,"balW":2052,"secs":4.8,"apertura":"1,-3,3>0,-1,3 -3,3,1>-2,1,2 0,-1,3>1,-3,3 2,3,-3>3,1,-2 1,-2,3>0,0,2 1,3,-3>2,1,-2"}
{"par":48,"whiteIs":"A","ptsW":0,"res":"mate","plies":78,"balW":-2259,"secs":7.5,"apertura":"4,-3,1>3,-1,-1 -1,3,-1>0,1,0 4,-2,-1>4,-1,-1 -2,3,0>-1,2,1 3,-2,1>2,-1,0 -3,3,1>-2,2,2"}
{"par":48,"whiteIs":"B","ptsW":1,"res":"mate","plies":77,"balW":2031,"secs":8,"apertura":"4,-3,1>3,-1,-1 -1,3,-1>0,1,0 4,-2,-1>4,-1,-1 -2,3,0>-1,2,1 3,-2,1>2,-1,0 -3,3,1>-2,2,2"}
{"par":49,"whiteIs":"A","ptsW":0,"res":"mate","plies":28,"balW":-1874,"secs":2.8,"apertura":"1,-2,2>1,-1,2 2,3,-3>2,2,-3 1,-2,3>0,-1,2 -2,3,0>-1,1,1 0,-2,4>-1,-1,3 -1,1,1>0,0,2"}
{"par":49,"whiteIs":"B","ptsW":1,"res":"mate","plies":75,"balW":2289,"secs":7,"apertura":"1,-2,2>1,-1,2 2,3,-3>2,2,-3 1,-2,3>0,-1,2 -2,3,0>-1,1,1 0,-2,4>-1,-1,3 -1,1,1>0,0,2"}
{"par":50,"whiteIs":"A","ptsW":null,"res":"tope","plies":80,"balW":-2924,"secs":8,"apertura":"1,-3,3>1,-1,2 0,4,-3>1,2,-1 2,-2,1>1,0,0 1,2,-1>0,0,1 0,-2,3>-1,0,2 0,3,-2>1,2,-1"}
{"par":50,"whiteIs":"B","ptsW":1,"res":"mate","plies":29,"balW":1516,"secs":3.4,"apertura":"1,-3,3>1,-1,2 0,4,-3>1,2,-1 2,-2,1>1,0,0 1,2,-1>0,0,1 0,-2,3>-1,0,2 0,3,-2>1,2,-1"}
{"par":51,"whiteIs":"A","ptsW":0,"res":"mate","plies":42,"balW":-1106,"secs":4.3,"apertura":"4,-3,1>3,-1,-1 1,3,-2>2,1,-1 1,-3,3>-1,-1,4 -2,4,0>-3,2,2 0,-2,3>0,-1,3 0,4,-2>4,0,-2"}
{"par":51,"whiteIs":"B","ptsW":null,"res":"tope","plies":80,"balW":2589,"secs":6.5,"apertura":"4,-3,1>3,-1,-1 1,3,-2>2,1,-1 1,-3,3>-1,-1,4 -2,4,0>-3,2,2 0,-2,3>0,-1,3 0,4,-2>4,0,-2"}
{"par":52,"whiteIs":"A","ptsW":0,"res":"mate","plies":50,"balW":-2392,"secs":5.4,"apertura":"3,-2,1>2,0,0 -2,3,1>-1,1,2 2,-2,2>1,0,1 -1,3,0>-1,2,0 1,-2,2>0,0,1 1,3,-3>2,1,-2"}
{"par":52,"whiteIs":"B","ptsW":1,"res":"mate","plies":53,"balW":565,"secs":6.4,"apertura":"3,-2,1>2,0,0 -2,3,1>-1,1,2 2,-2,2>1,0,1 -1,3,0>-1,2,0 1,-2,2>0,0,1 1,3,-3>2,1,-2"}
{"par":53,"whiteIs":"A","ptsW":0,"res":"mate","plies":80,"balW":-2041,"secs":7.5,"apertura":"3,-2,0>3,-1,0 1,3,-2>2,1,-1 3,-1,0>2,0,-1 1,3,-3>2,2,-2 1,-3,3>-1,-1,4 2,2,-2>2,1,-2"}
{"par":53,"whiteIs":"B","ptsW":1,"res":"mate","plies":69,"balW":3703,"secs":5.8,"apertura":"3,-2,0>3,-1,0 1,3,-2>2,1,-1 3,-1,0>2,0,-1 1,3,-3>2,2,-2 1,-3,3>-1,-1,4 2,2,-2>2,1,-2"}
{"par":54,"whiteIs":"A","ptsW":0,"res":"mate","plies":50,"balW":-1483,"secs":5.3,"apertura":"4,-2,-1>3,0,-2 1,3,-3>2,2,-2 0,-2,3>-1,0,2 -1,3,-1>0,1,0 2,-2,2>1,0,1 -1,3,0>-1,2,0"}
{"par":54,"whiteIs":"B","ptsW":1,"res":"mate","plies":57,"balW":4566,"secs":6.2,"apertura":"4,-2,-1>3,0,-2 1,3,-3>2,2,-2 0,-2,3>-1,0,2 -1,3,-1>0,1,0 2,-2,2>1,0,1 -1,3,0>-1,2,0"}
{"par":55,"whiteIs":"A","ptsW":0,"res":"mate","plies":40,"balW":-2447,"secs":4.4,"apertura":"3,-2,0>2,0,-1 -1,3,-1>0,2,0 4,-2,-1>3,0,-2 1,3,-2>1,2,-2 -1,-2,4>-2,0,3 -1,3,0>-1,2,0"}
{"par":55,"whiteIs":"B","ptsW":1,"res":"mate","plies":79,"balW":3217,"secs":8.8,"apertura":"3,-2,0>2,0,-1 -1,3,-1>0,2,0 4,-2,-1>3,0,-2 1,3,-2>1,2,-2 -1,-2,4>-2,0,3 -1,3,0>-1,2,0"}
{"par":56,"whiteIs":"A","ptsW":null,"res":"tope","plies":80,"balW":-3129,"secs":6.9,"apertura":"1,-2,2>1,-1,2 -3,3,2>-3,2,2 0,-2,4>-1,-1,3 -2,4,0>-1,2,0 3,-2,1>2,0,0 0,3,-2>1,1,-1"}
{"par":56,"whiteIs":"B","ptsW":null,"res":"tope","plies":80,"balW":3740,"secs":7.8,"apertura":"1,-2,2>1,-1,2 -3,3,2>-3,2,2 0,-2,4>-1,-1,3 -2,4,0>-1,2,0 3,-2,1>2,0,0 0,3,-2>1,1,-1"}
{"par":57,"whiteIs":"A","ptsW":0,"res":"mate","plies":70,"balW":-4005,"secs":7.5,"apertura":"0,-2,3>-1,0,2 -1,3,0>0,1,1 1,-2,3>0,-1,2 2,3,-3>2,2,-3 2,-3,2>1,-2,3 -1,3,-1>0,1,0"}
{"par":57,"whiteIs":"B","ptsW":1,"res":"mate","plies":43,"balW":2470,"secs":4.8,"apertura":"0,-2,3>-1,0,2 -1,3,0>0,1,1 1,-2,3>0,-1,2 2,3,-3>2,2,-3 2,-3,2>1,-2,3 -1,3,-1>0,1,0"}
{"par":58,"whiteIs":"A","ptsW":0,"res":"mate","plies":58,"balW":-2999,"secs":5.3,"apertura":"3,-2,0>2,0,-1 -3,3,2>-2,1,3 1,-2,2>1,-1,2 1,3,-3>2,2,-2 4,-2,-1>3,0,-2 -2,1,3>-2,0,3"}
{"par":58,"whiteIs":"B","ptsW":1,"res":"mate","plies":57,"balW":2019,"secs":6.2,"apertura":"3,-2,0>2,0,-1 -3,3,2>-2,1,3 1,-2,2>1,-1,2 1,3,-3>2,2,-2 4,-2,-1>3,0,-2 -2,1,3>-2,0,3"}
{"par":59,"whiteIs":"A","ptsW":0,"res":"mate","plies":44,"balW":-1836,"secs":4.7,"apertura":"3,-2,0>3,-1,0 2,3,-3>3,1,-2 4,-2,-1>3,0,-2 -3,3,2>-2,1,3 0,-2,3>-1,0,2 -2,3,1>-2,2,1"}
{"par":59,"whiteIs":"B","ptsW":1,"res":"mate","plies":37,"balW":2439,"secs":3.3,"apertura":"3,-2,0>3,-1,0 2,3,-3>3,1,-2 4,-2,-1>3,0,-2 -3,3,2>-2,1,3 0,-2,3>-1,0,2 -2,3,1>-2,2,1"}
{"par":60,"whiteIs":"A","ptsW":0,"res":"mate","plies":78,"balW":-2331,"secs":8.3,"apertura":"4,-2,0>3,0,-1 -1,3,-1>0,2,0 3,0,-1>2,1,-2 1,3,-3>2,2,-2 1,-2,3>0,-1,2 0,2,0>0,1,0"}
{"par":60,"whiteIs":"B","ptsW":1,"res":"mate","plies":55,"balW":2694,"secs":6,"apertura":"4,-2,0>3,0,-1 -1,3,-1>0,2,0 3,0,-1>2,1,-2 1,3,-3>2,2,-2 1,-2,3>0,-1,2 0,2,0>0,1,0"}
{"par":61,"whiteIs":"A","ptsW":0,"res":"mate","plies":64,"balW":-1821,"secs":6.8,"apertura":"4,-2,-1>3,0,-2 0,3,-2>1,2,-1 3,-2,1>2,-1,0 -1,4,-1>0,3,-2 1,-3,3>0,-1,3 2,3,-3>3,1,-2"}
{"par":61,"whiteIs":"B","ptsW":1,"res":"mate","plies":51,"balW":1951,"secs":6.4,"apertura":"4,-2,-1>3,0,-2 0,3,-2>1,2,-1 3,-2,1>2,-1,0 -1,4,-1>0,3,-2 1,-3,3>0,-1,3 2,3,-3>3,1,-2"}
{"par":62,"whiteIs":"A","ptsW":0,"res":"mate","plies":34,"balW":-1531,"secs":3.8,"apertura":"3,-2,1>2,-1,0 0,3,-1>1,1,0 4,-2,-1>4,-1,-1 1,3,-2>2,1,-1 -1,-2,4>-2,0,3 -1,4,-2>0,2,-1"}
{"par":62,"whiteIs":"B","ptsW":1,"res":"mate","plies":51,"balW":1924,"secs":5.5,"apertura":"3,-2,1>2,-1,0 0,3,-1>1,1,0 4,-2,-1>4,-1,-1 1,3,-2>2,1,-1 -1,-2,4>-2,0,3 -1,4,-2>0,2,-1"}
{"par":63,"whiteIs":"A","ptsW":0,"res":"mate","plies":8,"balW":-365,"secs":0.7,"apertura":"4,-3,1>2,-1,0 1,3,-3>2,1,-2 2,-1,0>4,0,-2 1,3,-2>2,1,-1 4,-2,0>3,-1,-1 1,4,-3>1,0,1"}
{"par":63,"whiteIs":"B","ptsW":1,"res":"mate","plies":61,"balW":3492,"secs":6.3,"apertura":"4,-3,1>2,-1,0 1,3,-3>2,1,-2 2,-1,0>4,0,-2 1,3,-2>2,1,-1 4,-2,0>3,-1,-1 1,4,-3>1,0,1"}
{"par":64,"whiteIs":"A","ptsW":0,"res":"mate","plies":40,"balW":-1718,"secs":4.5,"apertura":"0,-2,4>-1,0,3 -1,3,-1>0,1,0 1,-3,4>-1,-1,4 -2,4,0>-2,2,1 -1,-1,4>1,-3,4 -1,3,0>0,1,1"}
{"par":64,"whiteIs":"B","ptsW":1,"res":"mate","plies":45,"balW":3057,"secs":4.7,"apertura":"0,-2,4>-1,0,3 -1,3,-1>0,1,0 1,-3,4>-1,-1,4 -2,4,0>-2,2,1 -1,-1,4>1,-3,4 -1,3,0>0,1,1"}
{"par":65,"whiteIs":"A","ptsW":0,"res":"mate","plies":42,"balW":-2629,"secs":3.8,"apertura":"1,-2,3>0,0,2 2,3,-3>3,1,-2 0,-2,3>-1,0,2 -3,3,1>-2,1,2 2,-2,1>2,-1,1 -1,3,-1>0,1,0"}
{"par":65,"whiteIs":"B","ptsW":1,"res":"mate","plies":65,"balW":2989,"secs":5.8,"apertura":"1,-2,3>0,0,2 2,3,-3>3,1,-2 0,-2,3>-1,0,2 -3,3,1>-2,1,2 2,-2,1>2,-1,1 -1,3,-1>0,1,0"}
{"par":66,"whiteIs":"A","ptsW":0,"res":"mate","plies":38,"balW":-1622,"secs":3.8,"apertura":"2,-2,2>1,-1,1 0,3,-2>1,2,-1 1,-3,3>0,-1,3 -3,3,2>-3,2,2 3,-2,0>2,0,-1 -1,3,0>0,1,1"}
{"par":66,"whiteIs":"B","ptsW":1,"res":"mate","plies":55,"balW":2877,"secs":5.4,"apertura":"2,-2,2>1,-1,1 0,3,-2>1,2,-1 1,-3,3>0,-1,3 -3,3,2>-3,2,2 3,-2,0>2,0,-1 -1,3,0>0,1,1"}
{"par":67,"whiteIs":"A","ptsW":0,"res":"mate","plies":38,"balW":-2029,"secs":4.6,"apertura":"1,-3,3>-1,-1,4 0,4,-3>1,2,-1 0,-2,3>-1,0,2 1,2,-1>0,4,-3 -1,-1,4>-3,0,4 0,4,-3>1,2,-1"}
{"par":67,"whiteIs":"B","ptsW":1,"res":"mate","plies":77,"balW":1994,"secs":8.4,"apertura":"1,-3,3>-1,-1,4 0,4,-3>1,2,-1 0,-2,3>-1,0,2 1,2,-1>0,4,-3 -1,-1,4>-3,0,4 0,4,-3>1,2,-1"}
{"par":68,"whiteIs":"A","ptsW":0,"res":"mate","plies":38,"balW":-2357,"secs":5,"apertura":"1,-3,3>-1,-1,4 0,3,-2>1,1,-1 -1,-1,4>-3,1,3 2,3,-3>2,2,-3 0,-2,4>-1,0,3 0,4,-3>1,2,-1"}
{"par":68,"whiteIs":"B","ptsW":1,"res":"mate","plies":1,"balW":100,"secs":0.2,"apertura":"1,-3,3>-1,-1,4 0,3,-2>1,1,-1 -1,-1,4>-3,1,3 2,3,-3>2,2,-3 0,-2,4>-1,0,3 0,4,-3>1,2,-1"}
{"par":69,"whiteIs":"A","ptsW":0,"res":"mate","plies":14,"balW":-435,"secs":1.8,"apertura":"1,-2,3>0,-1,2 -2,4,0>-2,2,1 3,-2,0>2,0,-1 0,4,-3>1,2,-1 3,-3,1>3,1,-3 1,3,-3>2,1,-2"}
{"par":69,"whiteIs":"B","ptsW":1,"res":"mate","plies":71,"balW":3487,"secs":7.7,"apertura":"1,-2,3>0,-1,2 -2,4,0>-2,2,1 3,-2,0>2,0,-1 0,4,-3>1,2,-1 3,-3,1>3,1,-3 1,3,-3>2,1,-2"}
{"par":70,"whiteIs":"A","ptsW":0,"res":"mate","plies":70,"balW":-4305,"secs":6.1,"apertura":"0,-2,3>0,-1,3 1,3,-3>2,2,-2 1,-2,3>0,-1,2 0,3,-2>1,1,-1 2,-3,2>1,-2,3 -2,4,0>0,2,-1"}
{"par":70,"whiteIs":"B","ptsW":1,"res":"mate","plies":79,"balW":2218,"secs":8.9,"apertura":"0,-2,3>0,-1,3 1,3,-3>2,2,-2 1,-2,3>0,-1,2 0,3,-2>1,1,-1 2,-3,2>1,-2,3 -2,4,0>0,2,-1"}
{"par":71,"whiteIs":"A","ptsW":0,"res":"mate","plies":42,"balW":-2889,"secs":4.6,"apertura":"1,-3,3>2,-1,1 -3,3,2>-3,2,2 1,-2,2>1,-1,2 -3,3,1>-2,1,2 3,-2,1>2,0,0 -2,3,0>-1,2,1"}
{"par":71,"whiteIs":"B","ptsW":1,"res":"mate","plies":49,"balW":3703,"secs":6.8,"apertura":"1,-3,3>2,-1,1 -3,3,2>-3,2,2 1,-2,2>1,-1,2 -3,3,1>-2,1,2 3,-2,1>2,0,0 -2,3,0>-1,2,1"}
{"par":72,"whiteIs":"A","ptsW":0,"res":"mate","plies":74,"balW":-3505,"secs":7.1,"apertura":"2,-2,1>2,-1,1 -2,3,1>-1,1,2 3,-3,1>0,0,1 1,3,-3>2,2,-2 1,-2,2>1,-1,2 0,3,-2>1,1,-1"}
{"par":72,"whiteIs":"B","ptsW":1,"res":"mate","plies":49,"balW":2352,"secs":5.4,"apertura":"2,-2,1>2,-1,1 -2,3,1>-1,1,2 3,-3,1>0,0,1 1,3,-3>2,2,-2 1,-2,2>1,-1,2 0,3,-2>1,1,-1"}
{"par":73,"whiteIs":"A","ptsW":0,"res":"mate","plies":54,"balW":-3022,"secs":5,"apertura":"1,-3,3>1,-1,2 1,3,-2>1,2,-2 1,-1,2>1,-3,3 0,4,-2>2,2,-2 3,-2,0>2,0,-1 2,2,-2>4,0,-2"}
{"par":73,"whiteIs":"B","ptsW":1,"res":"mate","plies":37,"balW":1746,"secs":3.8,"apertura":"1,-3,3>1,-1,2 1,3,-2>1,2,-2 1,-1,2>1,-3,3 0,4,-2>2,2,-2 3,-2,0>2,0,-1 2,2,-2>4,0,-2"}
{"par":74,"whiteIs":"A","ptsW":0,"res":"mate","plies":64,"balW":-3638,"secs":6.2,"apertura":"2,-2,2>1,0,1 -2,4,0>-2,2,1 2,-2,1>2,-1,1 -1,3,0>0,1,1 2,-3,3>2,-2,2 1,3,-3>2,2,-2"}
{"par":74,"whiteIs":"B","ptsW":1,"res":"mate","plies":65,"balW":1396,"secs":8.3,"apertura":"2,-2,2>1,0,1 -2,4,0>-2,2,1 2,-2,1>2,-1,1 -1,3,0>0,1,1 2,-3,3>2,-2,2 1,3,-3>2,2,-2"}
{"par":75,"whiteIs":"A","ptsW":0,"res":"mate","plies":36,"balW":-1518,"secs":3.9,"apertura":"-1,-2,4>-1,-1,4 -1,3,0>0,1,1 1,-3,3>1,-1,2 0,3,-1>0,2,-1 1,-1,2>-1,-1,3 0,3,-2>1,2,-1"}
{"par":75,"whiteIs":"B","ptsW":1,"res":"mate","plies":43,"balW":2122,"secs":5.6,"apertura":"-1,-2,4>-1,-1,4 -1,3,0>0,1,1 1,-3,3>1,-1,2 0,3,-1>0,2,-1 1,-1,2>-1,-1,3 0,3,-2>1,2,-1"}
{"par":76,"whiteIs":"A","ptsW":0,"res":"mate","plies":36,"balW":-906,"secs":4.1,"apertura":"2,-2,2>1,0,1 -3,3,1>-2,2,2 0,-2,3>0,-1,3 -2,4,0>-3,2,2 3,-2,0>2,0,-1 -3,2,2>-1,1,2"}
{"par":76,"whiteIs":"B","ptsW":1,"res":"mate","plies":17,"balW":1183,"secs":2.4,"apertura":"2,-2,2>1,0,1 -3,3,1>-2,2,2 0,-2,3>0,-1,3 -2,4,0>-3,2,2 3,-2,0>2,0,-1 -3,2,2>-1,1,2"}
{"par":77,"whiteIs":"A","ptsW":0,"res":"mate","plies":44,"balW":-1241,"secs":5.8,"apertura":"2,-2,2>1,0,1 0,4,-3>2,2,-2 3,-2,0>3,-1,0 -1,3,-1>0,1,0 1,-2,3>0,0,2 -3,3,2>-2,1,3"}
{"par":77,"whiteIs":"B","ptsW":null,"res":"tope","plies":80,"balW":2599,"secs":9.7,"apertura":"2,-2,2>1,0,1 0,4,-3>2,2,-2 3,-2,0>3,-1,0 -1,3,-1>0,1,0 1,-2,3>0,0,2 -3,3,2>-2,1,3"}
{"par":78,"whiteIs":"A","ptsW":0,"res":"mate","plies":28,"balW":-1383,"secs":3.2,"apertura":"0,-2,3>0,-1,3 0,3,-1>1,1,0 0,-1,3>-1,0,2 -2,3,1>-2,2,1 1,-3,3>1,-1,2 1,3,-3>2,1,-2"}
{"par":78,"whiteIs":"B","ptsW":1,"res":"mate","plies":47,"balW":2640,"secs":6.5,"apertura":"0,-2,3>0,-1,3 0,3,-1>1,1,0 0,-1,3>-1,0,2 -2,3,1>-2,2,1 1,-3,3>1,-1,2 1,3,-3>2,1,-2"}
{"par":79,"whiteIs":"A","ptsW":null,"res":"tope","plies":80,"balW":-2801,"secs":7.8,"apertura":"1,-2,3>0,0,2 2,3,-3>2,2,-3 1,-3,4>1,-1,2 -1,3,-1>0,2,0 1,-1,2>2,-1,1 -1,4,-1>-1,3,-1"}
{"par":79,"whiteIs":"B","ptsW":1,"res":"mate","plies":53,"balW":3512,"secs":5.2,"apertura":"1,-2,3>0,0,2 2,3,-3>2,2,-3 1,-3,4>1,-1,2 -1,3,-1>0,2,0 1,-1,2>2,-1,1 -1,4,-1>-1,3,-1"}
{"par":80,"whiteIs":"A","ptsW":0,"res":"mate","plies":24,"balW":-1236,"secs":2.9,"apertura":"1,-3,3>0,-1,3 -3,3,1>-2,2,2 4,-3,1>3,-1,-1 -1,3,0>-1,2,0 3,-1,-1>3,1,-2 1,3,-2>2,1,-1"}
{"par":80,"whiteIs":"B","ptsW":1,"res":"mate","plies":11,"balW":818,"secs":1.3,"apertura":"1,-3,3>0,-1,3 -3,3,1>-2,2,2 4,-3,1>3,-1,-1 -1,3,0>-1,2,0 3,-1,-1>3,1,-2 1,3,-2>2,1,-1"}
{"par":81,"whiteIs":"A","ptsW":0,"res":"mate","plies":40,"balW":-1671,"secs":4.2,"apertura":"1,-3,3>0,-1,3 -3,3,1>-2,2,2 0,-1,3>1,-1,1 -2,2,2>-2,1,2 4,-2,0>3,0,-1 -2,3,1>-2,2,1"}
{"par":81,"whiteIs":"B","ptsW":1,"res":"mate","plies":49,"balW":2289,"secs":5.2,"apertura":"1,-3,3>0,-1,3 -3,3,1>-2,2,2 0,-1,3>1,-1,1 -2,2,2>-2,1,2 4,-2,0>3,0,-1 -2,3,1>-2,2,1"}
{"par":82,"whiteIs":"A","ptsW":0,"res":"mate","plies":58,"balW":-2546,"secs":6.3,"apertura":"2,-2,2>1,0,1 -1,3,-1>0,1,0 1,-3,3>-1,-1,4 0,3,-1>1,1,0 0,-2,4>-1,-1,3 0,4,-2>0,3,-1"}
{"par":82,"whiteIs":"B","ptsW":1,"res":"mate","plies":35,"balW":3064,"secs":4,"apertura":"2,-2,2>1,0,1 -1,3,-1>0,1,0 1,-3,3>-1,-1,4 0,3,-1>1,1,0 0,-2,4>-1,-1,3 0,4,-2>0,3,-1"}
{"par":83,"whiteIs":"A","ptsW":0,"res":"mate","plies":68,"balW":-3077,"secs":6.5,"apertura":"4,-2,0>3,0,-1 -3,3,1>-2,1,2 0,-2,3>-1,0,2 -2,1,2>-1,0,3 0,-2,4>-1,-1,3 1,3,-2>2,1,-1"}
{"par":83,"whiteIs":"B","ptsW":1,"res":"mate","plies":55,"balW":4068,"secs":5.5,"apertura":"4,-2,0>3,0,-1 -3,3,1>-2,1,2 0,-2,3>-1,0,2 -2,1,2>-1,0,3 0,-2,4>-1,-1,3 1,3,-2>2,1,-1"}
{"par":84,"whiteIs":"A","ptsW":0,"res":"mate","plies":72,"balW":-2089,"secs":7.2,"apertura":"2,-2,2>1,-1,1 0,4,-3>2,2,-2 3,-2,0>2,0,-1 0,3,-2>1,2,-1 1,-3,3>0,-1,3 2,2,-2>0,1,0"}
{"par":84,"whiteIs":"B","ptsW":1,"res":"mate","plies":25,"balW":1000,"secs":3.1,"apertura":"2,-2,2>1,-1,1 0,4,-3>2,2,-2 3,-2,0>2,0,-1 0,3,-2>1,2,-1 1,-3,3>0,-1,3 2,2,-2>0,1,0"}
{"par":85,"whiteIs":"A","ptsW":0,"res":"mate","plies":64,"balW":-2541,"secs":6.8,"apertura":"2,-2,1>2,-1,1 1,3,-2>1,2,-2 1,-3,3>-1,-1,4 -1,3,-1>0,2,0 -1,-1,4>1,-3,3 -3,3,2>-3,2,2"}
{"par":85,"whiteIs":"B","ptsW":1,"res":"mate","plies":55,"balW":2524,"secs":5.1,"apertura":"2,-2,1>2,-1,1 1,3,-2>1,2,-2 1,-3,3>-1,-1,4 -1,3,-1>0,2,0 -1,-1,4>1,-3,3 -3,3,2>-3,2,2"}
{"par":86,"whiteIs":"A","ptsW":0,"res":"mate","plies":62,"balW":-3300,"secs":6.6,"apertura":"4,-2,0>3,0,-1 -1,3,-1>0,1,0 1,-3,3>-1,-1,4 1,3,-3>2,2,-2 3,0,-1>2,1,-2 -3,3,1>-2,2,2"}
{"par":86,"whiteIs":"B","ptsW":1,"res":"mate","plies":21,"balW":200,"secs":2.2,"apertura":"4,-2,0>3,0,-1 -1,3,-1>0,1,0 1,-3,3>-1,-1,4 1,3,-3>2,2,-2 3,0,-1>2,1,-2 -3,3,1>-2,2,2"}
{"par":87,"whiteIs":"A","ptsW":0,"res":"mate","plies":78,"balW":-3803,"secs":9.1,"apertura":"3,-2,1>2,0,0 0,3,-1>0,2,-1 0,-2,4>-1,-1,3 2,3,-3>3,1,-2 2,-2,1>2,-1,1 -1,4,-2>0,3,-1"}
{"par":87,"whiteIs":"B","ptsW":1,"res":"mate","plies":69,"balW":3329,"secs":6.4,"apertura":"3,-2,1>2,0,0 0,3,-1>0,2,-1 0,-2,4>-1,-1,3 2,3,-3>3,1,-2 2,-2,1>2,-1,1 -1,4,-2>0,3,-1"}
{"par":88,"whiteIs":"A","ptsW":0,"res":"mate","plies":42,"balW":-2947,"secs":4,"apertura":"0,-2,3>-1,0,2 0,3,-1>1,1,0 2,-2,2>1,-1,1 -2,3,0>-1,2,1 4,-2,-1>3,0,-2 0,4,-2>0,1,1"}
{"par":88,"whiteIs":"B","ptsW":1,"res":"mate","plies":71,"balW":2989,"secs":7.3,"apertura":"0,-2,3>-1,0,2 0,3,-1>1,1,0 2,-2,2>1,-1,1 -2,3,0>-1,2,1 4,-2,-1>3,0,-2 0,4,-2>0,1,1"}
{"par":89,"whiteIs":"A","ptsW":0,"res":"mate","plies":38,"balW":-2564,"secs":3.7,"apertura":"3,-2,0>2,0,-1 0,3,-1>1,1,0 4,-2,0>3,0,-1 0,4,-3>2,2,-2 0,-2,4>-1,-1,3 1,3,-2>1,2,-2"}
{"par":89,"whiteIs":"B","ptsW":1,"res":"mate","plies":29,"balW":1671,"secs":3.1,"apertura":"3,-2,0>2,0,-1 0,3,-1>1,1,0 4,-2,0>3,0,-1 0,4,-3>2,2,-2 0,-2,4>-1,-1,3 1,3,-2>1,2,-2"}
{"par":90,"whiteIs":"A","ptsW":0,"res":"mate","plies":42,"balW":-2674,"secs":4.2,"apertura":"1,-3,3>2,-1,1 -3,3,1>-2,1,2 2,-1,1>0,-1,2 2,3,-3>3,1,-2 4,-2,0>3,-1,-1 -2,1,2>-1,0,3"}
{"par":90,"whiteIs":"B","ptsW":1,"res":"mate","plies":65,"balW":2109,"secs":6.1,"apertura":"1,-3,3>2,-1,1 -3,3,1>-2,1,2 2,-1,1>0,-1,2 2,3,-3>3,1,-2 4,-2,0>3,-1,-1 -2,1,2>-1,0,3"}
{"par":91,"whiteIs":"A","ptsW":0,"res":"mate","plies":46,"balW":-2329,"secs":4.7,"apertura":"3,-2,1>2,-1,0 -2,3,1>-1,1,2 0,-2,3>-1,0,2 1,3,-2>1,2,-2 -1,-2,4>-2,0,3 -2,4,0>0,2,-1"}
{"par":91,"whiteIs":"B","ptsW":1,"res":"mate","plies":19,"balW":413,"secs":2,"apertura":"3,-2,1>2,-1,0 -2,3,1>-1,1,2 0,-2,3>-1,0,2 1,3,-2>1,2,-2 -1,-2,4>-2,0,3 -2,4,0>0,2,-1"}
{"par":92,"whiteIs":"A","ptsW":0,"res":"mate","plies":48,"balW":-2457,"secs":5.6,"apertura":"0,-2,3>-1,0,2 -3,3,1>-2,2,2 3,-2,1>2,-1,0 -2,4,0>-3,2,2 1,-2,3>0,0,2 -3,2,2>-1,1,2"}
{"par":92,"whiteIs":"B","ptsW":1,"res":"mate","plies":29,"balW":1018,"secs":3.5,"apertura":"0,-2,3>-1,0,2 -3,3,1>-2,2,2 3,-2,1>2,-1,0 -2,4,0>-3,2,2 1,-2,3>0,0,2 -3,2,2>-1,1,2"}
{"par":93,"whiteIs":"A","ptsW":null,"res":"tope","plies":80,"balW":-2724,"secs":7,"apertura":"4,-2,0>3,-1,-1 0,4,-3>1,2,-1 3,-1,-1>3,0,-1 2,3,-3>3,1,-2 2,-2,2>1,0,1 -2,3,1>-2,2,1"}
{"par":93,"whiteIs":"B","ptsW":1,"res":"mate","plies":57,"balW":2494,"secs":6.1,"apertura":"4,-2,0>3,-1,-1 0,4,-3>1,2,-1 3,-1,-1>3,0,-1 2,3,-3>3,1,-2 2,-2,2>1,0,1 -2,3,1>-2,2,1"}
{"par":94,"whiteIs":"A","ptsW":0,"res":"mate","plies":48,"balW":-2422,"secs":4.7,"apertura":"2,-2,1>2,-1,1 -2,3,0>-1,2,1 1,-3,3>0,-1,3 0,4,-3>1,2,-1 3,-2,0>3,-1,0 2,3,-3>3,1,-2"}
{"par":94,"whiteIs":"B","ptsW":1,"res":"mate","plies":39,"balW":730,"secs":4.9,"apertura":"2,-2,1>2,-1,1 -2,3,0>-1,2,1 1,-3,3>0,-1,3 0,4,-3>1,2,-1 3,-2,0>3,-1,0 2,3,-3>3,1,-2"}
{"par":95,"whiteIs":"A","ptsW":0,"res":"mate","plies":52,"balW":-3182,"secs":7.1,"apertura":"-1,-2,4>-1,-1,4 -2,3,1>-2,2,1 2,-2,1>2,-1,1 -1,3,-1>0,2,0 4,-2,-1>4,-1,-1 -3,3,1>-2,1,2"}
{"par":95,"whiteIs":"B","ptsW":1,"res":"mate","plies":65,"balW":3370,"secs":7.6,"apertura":"-1,-2,4>-1,-1,4 -2,3,1>-2,2,1 2,-2,1>2,-1,1 -1,3,-1>0,2,0 4,-2,-1>4,-1,-1 -3,3,1>-2,1,2"}
{"par":96,"whiteIs":"A","ptsW":0,"res":"mate","plies":38,"balW":-1781,"secs":4.6,"apertura":"0,-2,4>-1,-1,3 -2,3,1>-1,1,2 1,-2,3>0,0,2 -2,4,0>0,2,-1 4,-2,-1>4,-1,-1 -2,3,0>-1,1,1"}
{"par":96,"whiteIs":"B","ptsW":1,"res":"mate","plies":71,"balW":3535,"secs":6.4,"apertura":"0,-2,4>-1,-1,3 -2,3,1>-1,1,2 1,-2,3>0,0,2 -2,4,0>0,2,-1 4,-2,-1>4,-1,-1 -2,3,0>-1,1,1"}
{"par":97,"whiteIs":"A","ptsW":0,"res":"mate","plies":26,"balW":-1158,"secs":2.7,"apertura":"3,-2,0>2,0,-1 -2,3,0>-1,2,1 3,-3,1>3,-2,0 1,3,-2>1,2,-2 1,-3,3>2,-1,1 -3,4,0>-1,2,0"}
{"par":97,"whiteIs":"B","ptsW":1,"res":"mate","plies":57,"balW":2540,"secs":5.9,"apertura":"3,-2,0>2,0,-1 -2,3,0>-1,2,1 3,-3,1>3,-2,0 1,3,-2>1,2,-2 1,-3,3>2,-1,1 -3,4,0>-1,2,0"}
{"par":98,"whiteIs":"A","ptsW":0,"res":"mate","plies":52,"balW":-3112,"secs":5.1,"apertura":"1,-3,3>-1,-1,4 -2,3,1>-2,2,1 -1,-1,4>1,-3,3 1,3,-2>2,1,-1 0,-2,3>-1,0,2 -1,3,0>0,1,1"}
{"par":98,"whiteIs":"B","ptsW":1,"res":"mate","plies":69,"balW":3189,"secs":6.5,"apertura":"1,-3,3>-1,-1,4 -2,3,1>-2,2,1 -1,-1,4>1,-3,3 1,3,-2>2,1,-1 0,-2,3>-1,0,2 -1,3,0>0,1,1"}
{"par":99,"whiteIs":"A","ptsW":null,"res":"tope","plies":80,"balW":-1861,"secs":8,"apertura":"1,-3,3>-1,-1,4 1,3,-2>2,1,-1 -1,-1,4>-1,0,2 2,3,-3>2,2,-3 -1,-2,4>-1,-1,4 -1,3,0>-1,2,0"}
{"par":99,"whiteIs":"B","ptsW":1,"res":"mate","plies":71,"balW":3224,"secs":6.2,"apertura":"1,-3,3>-1,-1,4 1,3,-2>2,1,-1 -1,-1,4>-1,0,2 2,3,-3>2,2,-3 -1,-2,4>-1,-1,4 -1,3,0>-1,2,0"}
{"par":100,"whiteIs":"A","ptsW":null,"res":"tope","plies":80,"balW":-3189,"secs":6.5,"apertura":"2,-2,1>1,0,0 0,3,-1>0,2,-1 3,-2,0>3,-1,0 1,3,-2>1,2,-2 1,-2,2>0,0,1 -1,3,-1>0,1,0"}
{"par":100,"whiteIs":"B","ptsW":1,"res":"mate","plies":63,"balW":3012,"secs":5.4,"apertura":"2,-2,1>1,0,0 0,3,-1>0,2,-1 3,-2,0>3,-1,0 1,3,-2>1,2,-2 1,-2,2>0,0,1 -1,3,-1>0,1,0"}
{"par":101,"whiteIs":"A","ptsW":0,"res":"mate","plies":40,"balW":-2440,"secs":3.9,"apertura":"2,-2,2>1,0,1 -2,3,1>-1,1,2 1,-2,2>1,-1,2 -2,4,0>-2,2,1 -1,-2,4>-2,0,3 0,3,-1>0,2,-1"}
{"par":101,"whiteIs":"B","ptsW":1,"res":"mate","plies":25,"balW":465,"secs":2.3,"apertura":"2,-2,2>1,0,1 -2,3,1>-1,1,2 1,-2,2>1,-1,2 -2,4,0>-2,2,1 -1,-2,4>-2,0,3 0,3,-1>0,2,-1"}
{"par":102,"whiteIs":"A","ptsW":0,"res":"mate","plies":76,"balW":-3487,"secs":6.7,"apertura":"3,-2,1>2,0,0 -3,3,1>-2,2,2 2,-2,1>1,0,0 -1,3,-1>0,2,0 3,-3,1>-1,1,1 -1,3,0>-1,2,0"}
{"par":102,"whiteIs":"B","ptsW":1,"res":"mate","plies":61,"balW":2977,"secs":6.3,"apertura":"3,-2,1>2,0,0 -3,3,1>-2,2,2 2,-2,1>1,0,0 -1,3,-1>0,2,0 3,-3,1>-1,1,1 -1,3,0>-1,2,0"}
{"par":103,"whiteIs":"A","ptsW":0,"res":"mate","plies":50,"balW":-3522,"secs":5,"apertura":"2,-2,1>2,-1,1 0,3,-2>1,1,-1 1,-2,2>0,0,1 1,1,-1>2,0,0 2,-3,3>1,-2,2 -2,3,1>-1,1,2"}
{"par":103,"whiteIs":"B","ptsW":1,"res":"mate","plies":53,"balW":3440,"secs":5,"apertura":"2,-2,1>2,-1,1 0,3,-2>1,1,-1 1,-2,2>0,0,1 1,1,-1>2,0,0 2,-3,3>1,-2,2 -2,3,1>-1,1,2"}
{"par":104,"whiteIs":"A","ptsW":0,"res":"mate","plies":16,"balW":-630,"secs":1.9,"apertura":"1,-2,2>0,0,1 -3,3,1>-2,2,2 1,-3,3>-1,-1,4 -3,3,2>-3,2,2 -1,-1,4>-3,0,4 -2,4,0>-1,2,0"}
{"par":104,"whiteIs":"B","ptsW":1,"res":"mate","plies":75,"balW":2141,"secs":7.8,"apertura":"1,-2,2>0,0,1 -3,3,1>-2,2,2 1,-3,3>-1,-1,4 -3,3,2>-3,2,2 -1,-1,4>-3,0,4 -2,4,0>-1,2,0"}
{"par":105,"whiteIs":"A","ptsW":0,"res":"mate","plies":80,"balW":-3247,"secs":7.2,"apertura":"2,-2,2>1,-1,1 -2,3,0>-1,2,1 0,-2,3>-1,0,2 1,3,-3>2,2,-2 3,-2,1>2,-1,0 -2,4,0>-1,2,0"}
{"par":105,"whiteIs":"B","ptsW":1,"res":"mate","plies":59,"balW":3022,"secs":5.9,"apertura":"2,-2,2>1,-1,1 -2,3,0>-1,2,1 0,-2,3>-1,0,2 1,3,-3>2,2,-2 3,-2,1>2,-1,0 -2,4,0>-1,2,0"}
{"par":106,"whiteIs":"A","ptsW":0,"res":"mate","plies":56,"balW":-1666,"secs":5.2,"apertura":"3,-2,1>2,-1,0 1,3,-2>1,2,-2 2,-3,2>3,-2,1 0,4,-2>1,3,-2 2,-1,0>2,0,0 -2,3,0>-1,1,1"}
{"par":106,"whiteIs":"B","ptsW":1,"res":"mate","plies":37,"balW":2729,"secs":3.4,"apertura":"3,-2,1>2,-1,0 1,3,-2>1,2,-2 2,-3,2>3,-2,1 0,4,-2>1,3,-2 2,-1,0>2,0,0 -2,3,0>-1,1,1"}
{"par":107,"whiteIs":"A","ptsW":0,"res":"mate","plies":22,"balW":-753,"secs":2.3,"apertura":"-1,-2,4>-2,0,3 -1,3,-1>0,2,0 -2,0,3>-2,1,3 0,4,-3>1,2,-1 3,-2,0>2,0,-1 0,3,-1>1,1,0"}
{"par":107,"whiteIs":"B","ptsW":1,"res":"mate","plies":59,"balW":2789,"secs":5.3,"apertura":"-1,-2,4>-2,0,3 -1,3,-1>0,2,0 -2,0,3>-2,1,3 0,4,-3>1,2,-1 3,-2,0>2,0,-1 0,3,-1>1,1,0"}
{"par":108,"whiteIs":"A","ptsW":0,"res":"mate","plies":40,"balW":-1889,"secs":3.8,"apertura":"4,-2,-1>4,-1,-1 -2,4,0>-2,2,1 4,-1,-1>3,0,-2 -2,3,0>-1,1,1 1,-3,3>1,-1,2 -3,3,1>-2,2,2"}
{"par":108,"whiteIs":"B","ptsW":1,"res":"mate","plies":35,"balW":1216,"secs":3.9,"apertura":"4,-2,-1>4,-1,-1 -2,4,0>-2,2,1 4,-1,-1>3,0,-2 -2,3,0>-1,1,1 1,-3,3>1,-1,2 -3,3,1>-2,2,2"}
{"par":109,"whiteIs":"A","ptsW":0,"res":"mate","plies":74,"balW":-2331,"secs":6.4,"apertura":"2,-2,2>1,-1,1 0,3,-2>1,1,-1 3,-2,1>2,0,0 0,3,-1>1,1,0 -1,-2,4>-1,-1,4 1,3,-3>2,1,-2"}
{"par":109,"whiteIs":"B","ptsW":1,"res":"mate","plies":67,"balW":3129,"secs":6,"apertura":"2,-2,2>1,-1,1 0,3,-2>1,1,-1 3,-2,1>2,0,0 0,3,-1>1,1,0 -1,-2,4>-1,-1,4 1,3,-3>2,1,-2"}
{"par":110,"whiteIs":"A","ptsW":0,"res":"mate","plies":80,"balW":-2831,"secs":6.2,"apertura":"3,-2,1>2,-1,0 -2,3,1>-1,1,2 1,-2,2>1,-1,2 -2,4,0>0,2,-1 0,-2,3>-1,0,2 -2,3,0>-1,1,1"}
{"par":110,"whiteIs":"B","ptsW":1,"res":"mate","plies":33,"balW":2324,"secs":3.5,"apertura":"3,-2,1>2,-1,0 -2,3,1>-1,1,2 1,-2,2>1,-1,2 -2,4,0>0,2,-1 0,-2,3>-1,0,2 -2,3,0>-1,1,1"}
{"par":111,"whiteIs":"A","ptsW":0,"res":"mate","plies":8,"balW":-100,"secs":0.9,"apertura":"2,-2,2>1,0,1 1,3,-2>1,2,-2 4,-3,1>2,-1,0 -2,3,0>-1,1,1 1,-3,3>0,-1,3 -3,4,0>-1,2,0"}
{"par":111,"whiteIs":"B","ptsW":1,"res":"mate","plies":41,"balW":2975,"secs":3.7,"apertura":"2,-2,2>1,0,1 1,3,-2>1,2,-2 4,-3,1>2,-1,0 -2,3,0>-1,1,1 1,-3,3>0,-1,3 -3,4,0>-1,2,0"}
{"par":112,"whiteIs":"A","ptsW":0,"res":"mate","plies":52,"balW":-2664,"secs":4.3,"apertura":"4,-2,-1>4,-1,-1 -2,3,1>-1,1,2 1,-2,3>0,-1,2 -3,3,1>-2,2,2 4,-2,0>3,-1,-1 -3,4,0>-3,3,1"}
{"par":112,"whiteIs":"B","ptsW":1,"res":"mate","plies":65,"balW":2088,"secs":6.1,"apertura":"4,-2,-1>4,-1,-1 -2,3,1>-1,1,2 1,-2,3>0,-1,2 -3,3,1>-2,2,2 4,-2,0>3,-1,-1 -3,4,0>-3,3,1"}
{"par":113,"whiteIs":"A","ptsW":0,"res":"mate","plies":76,"balW":-2159,"secs":7.9,"apertura":"4,-3,1>2,-1,0 -1,3,-1>0,2,0 1,-2,2>1,-1,2 1,3,-2>2,1,-1 4,-2,0>3,0,-1 0,4,-2>2,2,-2"}
{"par":113,"whiteIs":"B","ptsW":1,"res":"mate","plies":41,"balW":1633,"secs":4.6,"apertura":"4,-3,1>2,-1,0 -1,3,-1>0,2,0 1,-2,2>1,-1,2 1,3,-2>2,1,-1 4,-2,0>3,0,-1 0,4,-2>2,2,-2"}
{"par":114,"whiteIs":"A","ptsW":0,"res":"mate","plies":52,"balW":-2705,"secs":4.9,"apertura":"-1,-2,4>-2,0,3 -2,4,0>-3,2,2 3,-2,0>2,0,-1 -2,3,0>-1,2,1 0,-2,4>-1,-1,3 -3,4,0>-1,2,0"}
{"par":114,"whiteIs":"B","ptsW":1,"res":"mate","plies":65,"balW":3770,"secs":5.6,"apertura":"-1,-2,4>-2,0,3 -2,4,0>-3,2,2 3,-2,0>2,0,-1 -2,3,0>-1,2,1 0,-2,4>-1,-1,3 -3,4,0>-1,2,0"}
{"par":115,"whiteIs":"A","ptsW":0,"res":"mate","plies":36,"balW":-1669,"secs":4.5,"apertura":"1,-2,2>0,0,1 2,3,-3>2,2,-3 2,-2,2>1,0,1 1,3,-2>2,1,-1 4,-3,1>2,-1,0 -1,3,-1>0,2,0"}
{"par":115,"whiteIs":"B","ptsW":1,"res":"mate","plies":53,"balW":2729,"secs":5.2,"apertura":"1,-2,2>0,0,1 2,3,-3>2,2,-3 2,-2,2>1,0,1 1,3,-2>2,1,-1 4,-3,1>2,-1,0 -1,3,-1>0,2,0"}
{"par":116,"whiteIs":"A","ptsW":0,"res":"mate","plies":16,"balW":-435,"secs":1.8,"apertura":"4,-3,1>2,-1,0 0,3,-1>1,1,0 1,-3,3>1,-1,2 -3,3,2>-3,2,2 0,-2,3>-1,0,2 -3,3,1>-2,2,2"}
{"par":116,"whiteIs":"B","ptsW":1,"res":"mate","plies":49,"balW":2392,"secs":5.4,"apertura":"4,-3,1>2,-1,0 0,3,-1>1,1,0 1,-3,3>1,-1,2 -3,3,2>-3,2,2 0,-2,3>-1,0,2 -3,3,1>-2,2,2"}
{"par":117,"whiteIs":"A","ptsW":0,"res":"mate","plies":46,"balW":-983,"secs":4.5,"apertura":"2,-2,2>1,-1,1 -1,3,-1>0,2,0 3,-2,0>2,0,-1 -1,4,-1>-1,3,-1 1,-2,3>0,-1,2 -2,3,1>-2,2,1"}
{"par":117,"whiteIs":"B","ptsW":null,"res":"tope","plies":80,"balW":2131,"secs":8.8,"apertura":"2,-2,2>1,-1,1 -1,3,-1>0,2,0 3,-2,0>2,0,-1 -1,4,-1>-1,3,-1 1,-2,3>0,-1,2 -2,3,1>-2,2,1"}
{"par":118,"whiteIs":"A","ptsW":0,"res":"mate","plies":14,"balW":-435,"secs":1.5,"apertura":"4,-2,0>3,-1,-1 1,3,-3>2,2,-2 1,-3,3>1,-1,2 2,3,-3>2,2,-3 0,-2,4>-1,0,3 -2,4,0>-2,2,1"}
{"par":118,"whiteIs":"B","ptsW":1,"res":"mate","plies":33,"balW":2770,"secs":3.7,"apertura":"4,-2,0>3,-1,-1 1,3,-3>2,2,-2 1,-3,3>1,-1,2 2,3,-3>2,2,-3 0,-2,4>-1,0,3 -2,4,0>-2,2,1"}
{"par":119,"whiteIs":"A","ptsW":0,"res":"mate","plies":26,"balW":-1306,"secs":2.8,"apertura":"4,-2,0>3,-1,-1 -3,3,2>-2,1,3 0,-2,4>-1,-1,3 -2,3,0>-1,2,1 3,-2,0>3,-1,0 -2,4,0>0,2,-1"}
{"par":119,"whiteIs":"B","ptsW":1,"res":"mate","plies":33,"balW":1706,"secs":5.2,"apertura":"4,-2,0>3,-1,-1 -3,3,2>-2,1,3 0,-2,4>-1,-1,3 -2,3,0>-1,2,1 3,-2,0>3,-1,0 -2,4,0>0,2,-1"}
{"par":120,"whiteIs":"A","ptsW":0,"res":"mate","plies":80,"balW":-2854,"secs":7.2,"apertura":"2,-2,1>1,0,0 -2,3,0>-1,2,1 1,-2,3>0,0,2 -1,3,0>-1,2,0 2,-2,2>1,-1,1 -2,4,-1>-2,3,0"}
{"par":120,"whiteIs":"B","ptsW":1,"res":"mate","plies":67,"balW":2912,"secs":7.1,"apertura":"2,-2,1>1,0,0 -2,3,0>-1,2,1 1,-2,3>0,0,2 -1,3,0>-1,2,0 2,-2,2>1,-1,1 -2,4,-1>-2,3,0"}
{"par":121,"whiteIs":"A","ptsW":null,"res":"tope","plies":80,"balW":-2622,"secs":8.4,"apertura":"2,-2,2>1,0,1 -2,4,0>-1,2,0 1,-3,3>1,-1,2 -1,2,0>0,0,2 3,-2,1>2,0,0 0,3,-1>0,2,-1"}
{"par":121,"whiteIs":"B","ptsW":1,"res":"mate","plies":43,"balW":1441,"secs":4.7,"apertura":"2,-2,2>1,0,1 -2,4,0>-1,2,0 1,-3,3>1,-1,2 -1,2,0>0,0,2 3,-2,1>2,0,0 0,3,-1>0,2,-1"}
{"par":122,"whiteIs":"A","ptsW":0,"res":"mate","plies":52,"balW":-3257,"secs":4.9,"apertura":"0,-2,4>-1,0,3 -3,3,1>-2,2,2 1,-3,3>0,-1,3 -3,3,2>-2,1,3 3,-2,1>2,0,0 -2,2,2>-2,1,2"}
{"par":122,"whiteIs":"B","ptsW":1,"res":"mate","plies":59,"balW":3670,"secs":5.5,"apertura":"0,-2,4>-1,0,3 -3,3,1>-2,2,2 1,-3,3>0,-1,3 -3,3,2>-2,1,3 3,-2,1>2,0,0 -2,2,2>-2,1,2"}
{"par":123,"whiteIs":"A","ptsW":0,"res":"mate","plies":36,"balW":-3010,"secs":3.7,"apertura":"1,-3,3>0,-1,3 1,3,-2>2,1,-1 2,-2,2>1,0,1 -1,3,0>-1,2,0 3,-2,1>2,-1,0 -1,3,-1>0,2,0"}
{"par":123,"whiteIs":"B","ptsW":1,"res":"mate","plies":61,"balW":4828,"secs":6.1,"apertura":"1,-3,3>0,-1,3 1,3,-2>2,1,-1 2,-2,2>1,0,1 -1,3,0>-1,2,0 3,-2,1>2,-1,0 -1,3,-1>0,2,0"}
{"par":124,"whiteIs":"A","ptsW":0,"res":"mate","plies":42,"balW":-683,"secs":4.4,"apertura":"1,-3,3>1,-1,2 1,3,-3>2,1,-2 1,-1,2>-1,-1,3 0,3,-1>1,1,0 0,-2,3>0,-1,3 -2,4,0>-3,2,2"}
{"par":124,"whiteIs":"B","ptsW":1,"res":"mate","plies":75,"balW":2489,"secs":7.1,"apertura":"1,-3,3>1,-1,2 1,3,-3>2,1,-2 1,-1,2>-1,-1,3 0,3,-1>1,1,0 0,-2,3>0,-1,3 -2,4,0>-3,2,2"}
{"par":125,"whiteIs":"A","ptsW":0,"res":"mate","plies":48,"balW":-2789,"secs":4.2,"apertura":"2,-2,1>2,-1,1 2,3,-3>3,1,-2 3,-2,0>3,-1,0 -2,3,0>-1,2,1 4,-2,-1>4,-1,-1 -2,4,0>-1,2,0"}
{"par":125,"whiteIs":"B","ptsW":1,"res":"mate","plies":67,"balW":3222,"secs":6.1,"apertura":"2,-2,1>2,-1,1 2,3,-3>3,1,-2 3,-2,0>3,-1,0 -2,3,0>-1,2,1 4,-2,-1>4,-1,-1 -2,4,0>-1,2,0"}
{"par":126,"whiteIs":"A","ptsW":0,"res":"mate","plies":52,"balW":-2424,"secs":5.5,"apertura":"4,-3,1>3,-1,-1 -3,3,1>-2,1,2 3,-1,-1>4,1,-3 -3,4,0>-3,1,3 1,-2,2>1,-1,2 -3,1,3>-3,0,4"}
{"par":126,"whiteIs":"B","ptsW":1,"res":"mate","plies":51,"balW":2289,"secs":5.3,"apertura":"4,-3,1>3,-1,-1 -3,3,1>-2,1,2 3,-1,-1>4,1,-3 -3,4,0>-3,1,3 1,-2,2>1,-1,2 -3,1,3>-3,0,4"}
{"par":127,"whiteIs":"A","ptsW":0,"res":"mate","plies":24,"balW":-900,"secs":2.7,"apertura":"4,-2,-1>3,0,-2 -1,3,0>0,1,1 3,-2,1>2,0,0 1,3,-2>1,2,-2 4,-3,1>4,-2,-1 0,4,-2>4,0,-2"}
{"par":127,"whiteIs":"B","ptsW":1,"res":"mate","plies":49,"balW":2624,"secs":5,"apertura":"4,-2,-1>3,0,-2 -1,3,0>0,1,1 3,-2,1>2,0,0 1,3,-2>1,2,-2 4,-3,1>4,-2,-1 0,4,-2>4,0,-2"}
{"par":128,"whiteIs":"A","ptsW":0,"res":"mate","plies":64,"balW":-2064,"secs":8,"apertura":"1,-2,3>0,-1,2 -3,3,1>-2,2,2 -1,-2,4>-1,-1,4 -3,3,2>-2,1,3 2,-3,2>1,-2,3 -3,4,0>-3,1,3"}
{"par":128,"whiteIs":"B","ptsW":1,"res":"mate","plies":67,"balW":1931,"secs":7.6,"apertura":"1,-2,3>0,-1,2 -3,3,1>-2,2,2 -1,-2,4>-1,-1,4 -3,3,2>-2,1,3 2,-3,2>1,-2,3 -3,4,0>-3,1,3"}
{"par":129,"whiteIs":"A","ptsW":0,"res":"mate","plies":44,"balW":-4093,"secs":4.7,"apertura":"1,-3,3>1,-1,2 -1,3,0>-1,2,0 1,-2,3>0,0,2 -1,2,0>0,1,1 3,-2,1>2,-1,0 0,1,1>0,0,1"}
{"par":129,"whiteIs":"B","ptsW":1,"res":"mate","plies":5,"balW":100,"secs":0.6,"apertura":"1,-3,3>1,-1,2 -1,3,0>-1,2,0 1,-2,3>0,0,2 -1,2,0>0,1,1 3,-2,1>2,-1,0 0,1,1>0,0,1"}
{"par":130,"whiteIs":"A","ptsW":0,"res":"mate","plies":74,"balW":-1876,"secs":7.7,"apertura":"0,-2,3>0,-1,3 -1,3,-1>0,2,0 4,-3,1>3,-1,-1 -1,4,-1>-1,3,-1 1,-2,2>0,0,1 0,2,0>0,1,0"}
{"par":130,"whiteIs":"B","ptsW":1,"res":"mate","plies":39,"balW":1564,"secs":5.4,"apertura":"0,-2,3>0,-1,3 -1,3,-1>0,2,0 4,-3,1>3,-1,-1 -1,4,-1>-1,3,-1 1,-2,2>0,0,1 0,2,0>0,1,0"}
{"par":131,"whiteIs":"A","ptsW":0,"res":"mate","plies":20,"balW":-300,"secs":2.1,"apertura":"1,-3,3>2,-1,1 0,3,-2>1,2,-1 -1,-2,4>-1,-1,4 -3,3,2>-2,1,3 2,-3,3>1,-3,3 1,3,-3>2,1,-2"}
{"par":131,"whiteIs":"B","ptsW":1,"res":"mate","plies":63,"balW":2924,"secs":6.2,"apertura":"1,-3,3>2,-1,1 0,3,-2>1,2,-1 -1,-2,4>-1,-1,4 -3,3,2>-2,1,3 2,-3,3>1,-3,3 1,3,-3>2,1,-2"}
{"par":132,"whiteIs":"A","ptsW":null,"res":"tope","plies":80,"balW":-2589,"secs":7.4,"apertura":"2,-2,2>1,0,1 -1,3,0>0,1,1 0,-2,3>0,-1,3 0,3,-1>0,2,-1 0,-1,3>-1,0,2 0,1,1>0,0,1"}
{"par":132,"whiteIs":"B","ptsW":1,"res":"mate","plies":37,"balW":2369,"secs":4.2,"apertura":"2,-2,2>1,0,1 -1,3,0>0,1,1 0,-2,3>0,-1,3 0,3,-1>0,2,-1 0,-1,3>-1,0,2 0,1,1>0,0,1"}
{"par":133,"whiteIs":"A","ptsW":null,"res":"tope","plies":80,"balW":-3059,"secs":7,"apertura":"3,-2,1>2,0,0 0,3,-1>0,2,-1 0,-2,3>0,-1,3 0,4,-2>0,2,0 2,0,0>1,1,-1 -1,4,-2>0,3,-1"}
{"par":133,"whiteIs":"B","ptsW":1,"res":"mate","plies":55,"balW":2889,"secs":6.7,"apertura":"3,-2,1>2,0,0 0,3,-1>0,2,-1 0,-2,3>0,-1,3 0,4,-2>0,2,0 2,0,0>1,1,-1 -1,4,-2>0,3,-1"}
{"par":134,"whiteIs":"A","ptsW":0,"res":"mate","plies":22,"balW":-1083,"secs":2.3,"apertura":"4,-2,0>3,0,-1 0,3,-2>1,1,-1 1,-2,3>0,0,2 -2,4,0>0,2,-1 1,-3,4>1,0,1 2,3,-3>2,2,-3"}
{"par":134,"whiteIs":"B","ptsW":1,"res":"mate","plies":55,"balW":3170,"secs":5,"apertura":"4,-2,0>3,0,-1 0,3,-2>1,1,-1 1,-2,3>0,0,2 -2,4,0>0,2,-1 1,-3,4>1,0,1 2,3,-3>2,2,-3"}
{"par":135,"whiteIs":"A","ptsW":null,"res":"tope","plies":80,"balW":-3635,"secs":7.2,"apertura":"-1,-2,4>-1,-1,4 1,3,-3>2,2,-2 4,-2,0>3,-1,-1 0,3,-1>0,2,-1 4,-2,-1>3,0,-2 -3,3,2>-3,2,2"}
{"par":135,"whiteIs":"B","ptsW":1,"res":"mate","plies":39,"balW":1448,"secs":5.8,"apertura":"-1,-2,4>-1,-1,4 1,3,-3>2,2,-2 4,-2,0>3,-1,-1 0,3,-1>0,2,-1 4,-2,-1>3,0,-2 -3,3,2>-3,2,2"}
{"par":136,"whiteIs":"A","ptsW":0,"res":"mate","plies":60,"balW":-2857,"secs":6.1,"apertura":"2,-2,1>2,-1,1 0,3,-2>1,2,-1 3,-3,1>0,0,1 -3,3,1>-2,2,2 0,0,1>-3,0,4 0,3,-1>1,1,0"}
{"par":136,"whiteIs":"B","ptsW":null,"res":"tope","plies":80,"balW":966,"secs":8.2,"apertura":"2,-2,1>2,-1,1 0,3,-2>1,2,-1 3,-3,1>0,0,1 -3,3,1>-2,2,2 0,0,1>-3,0,4 0,3,-1>1,1,0"}
{"par":137,"whiteIs":"A","ptsW":0,"res":"mate","plies":80,"balW":-2824,"secs":7.2,"apertura":"4,-3,1>3,-1,-1 1,3,-3>2,1,-2 -1,-2,4>-1,-1,4 -1,3,-1>0,1,0 3,-1,-1>4,1,-3 1,4,-3>1,3,-3"}
{"par":137,"whiteIs":"B","ptsW":1,"res":"mate","plies":69,"balW":3470,"secs":6.5,"apertura":"4,-3,1>3,-1,-1 1,3,-3>2,1,-2 -1,-2,4>-1,-1,4 -1,3,-1>0,1,0 3,-1,-1>4,1,-3 1,4,-3>1,3,-3"}
{"par":138,"whiteIs":"A","ptsW":null,"res":"tope","plies":80,"balW":-2606,"secs":6.3,"apertura":"4,-2,-1>3,0,-2 0,3,-2>1,1,-1 0,-2,3>0,-1,3 -1,4,-1>0,3,-2 3,-2,0>2,0,-1 -2,4,-1>-1,4,-1"}
{"par":138,"whiteIs":"B","ptsW":1,"res":"mate","plies":73,"balW":2992,"secs":6.8,"apertura":"4,-2,-1>3,0,-2 0,3,-2>1,1,-1 0,-2,3>0,-1,3 -1,4,-1>0,3,-2 3,-2,0>2,0,-1 -2,4,-1>-1,4,-1"}
{"par":139,"whiteIs":"A","ptsW":0,"res":"mate","plies":48,"balW":-3405,"secs":5.4,"apertura":"4,-2,-1>3,0,-2 -2,3,1>-1,1,2 1,-3,3>-1,-1,4 -1,3,-1>0,1,0 1,-2,2>1,-1,2 -3,3,1>-2,2,2"}
{"par":139,"whiteIs":"B","ptsW":1,"res":"mate","plies":41,"balW":2029,"secs":3.9,"apertura":"4,-2,-1>3,0,-2 -2,3,1>-1,1,2 1,-3,3>-1,-1,4 -1,3,-1>0,1,0 1,-2,2>1,-1,2 -3,3,1>-2,2,2"}
{"par":140,"whiteIs":"A","ptsW":0,"res":"mate","plies":22,"balW":-918,"secs":2.6,"apertura":"4,-2,-1>3,0,-2 0,3,-1>0,2,-1 0,-2,4>-1,-1,3 -1,3,0>0,1,1 4,-3,1>2,-1,0 1,3,-2>1,2,-2"}
{"par":140,"whiteIs":"B","ptsW":1,"res":"mate","plies":21,"balW":1083,"secs":2.1,"apertura":"4,-2,-1>3,0,-2 0,3,-1>0,2,-1 0,-2,4>-1,-1,3 -1,3,0>0,1,1 4,-3,1>2,-1,0 1,3,-2>1,2,-2"}
{"par":141,"whiteIs":"A","ptsW":0,"res":"mate","plies":58,"balW":-2882,"secs":6.4,"apertura":"0,-2,4>-1,0,3 -1,3,-1>0,1,0 1,-3,3>2,-1,1 2,3,-3>2,2,-3 4,-2,0>3,-1,-1 0,3,-2>1,1,-1"}
{"par":141,"whiteIs":"B","ptsW":1,"res":"mate","plies":65,"balW":3757,"secs":6.6,"apertura":"0,-2,4>-1,0,3 -1,3,-1>0,1,0 1,-3,3>2,-1,1 2,3,-3>2,2,-3 4,-2,0>3,-1,-1 0,3,-2>1,1,-1"}
{"par":142,"whiteIs":"A","ptsW":0,"res":"mate","plies":70,"balW":-4751,"secs":7.5,"apertura":"1,-2,2>0,0,1 -2,4,0>-1,2,0 3,-2,0>2,0,-1 0,4,-3>2,2,-2 0,-2,4>-1,-1,3 -1,2,0>-1,1,2"}
{"par":142,"whiteIs":"B","ptsW":1,"res":"mate","plies":69,"balW":1931,"secs":5.8,"apertura":"1,-2,2>0,0,1 -2,4,0>-1,2,0 3,-2,0>2,0,-1 0,4,-3>2,2,-2 0,-2,4>-1,-1,3 -1,2,0>-1,1,2"}
{"par":143,"whiteIs":"A","ptsW":null,"res":"tope","plies":80,"balW":-3159,"secs":6.2,"apertura":"0,-2,3>0,-1,3 1,3,-3>2,1,-2 1,-3,3>2,-1,1 0,3,-1>1,1,0 2,-1,1>0,0,1 -1,4,-2>0,2,-1"}
{"par":143,"whiteIs":"B","ptsW":1,"res":"mate","plies":47,"balW":2487,"secs":5.8,"apertura":"0,-2,3>0,-1,3 1,3,-3>2,1,-2 1,-3,3>2,-1,1 0,3,-1>1,1,0 2,-1,1>0,0,1 -1,4,-2>0,2,-1"}
{"par":144,"whiteIs":"A","ptsW":0,"res":"mate","plies":42,"balW":-2657,"secs":4.9,"apertura":"1,-2,3>0,0,2 -2,3,0>-1,2,1 -1,-2,4>-1,-1,4 -1,3,-1>0,2,0 1,-3,3>1,-1,2 1,3,-2>2,1,-1"}
{"par":144,"whiteIs":"B","ptsW":1,"res":"mate","plies":15,"balW":683,"secs":1.8,"apertura":"1,-2,3>0,0,2 -2,3,0>-1,2,1 -1,-2,4>-1,-1,4 -1,3,-1>0,2,0 1,-3,3>1,-1,2 1,3,-2>2,1,-1"}
{"par":145,"whiteIs":"A","ptsW":0,"res":"mate","plies":74,"balW":-1701,"secs":7.5,"apertura":"1,-3,3>0,-1,3 2,3,-3>3,1,-2 4,-2,-1>4,-1,-1 -1,3,-1>0,2,0 0,-2,4>-1,-1,3 -3,3,2>-2,1,3"}
{"par":145,"whiteIs":"B","ptsW":1,"res":"mate","plies":63,"balW":2024,"secs":5.7,"apertura":"1,-3,3>0,-1,3 2,3,-3>3,1,-2 4,-2,-1>4,-1,-1 -1,3,-1>0,2,0 0,-2,4>-1,-1,3 -3,3,2>-2,1,3"}
{"par":146,"whiteIs":"A","ptsW":null,"res":"tope","plies":80,"balW":-2712,"secs":6.9,"apertura":"1,-3,3>1,-1,2 -2,3,1>-1,1,2 3,-2,0>3,-1,0 1,3,-3>2,2,-2 0,-2,3>-1,0,2 0,3,-1>1,1,0"}
{"par":146,"whiteIs":"B","ptsW":1,"res":"mate","plies":61,"balW":3370,"secs":6,"apertura":"1,-3,3>1,-1,2 -2,3,1>-1,1,2 3,-2,0>3,-1,0 1,3,-3>2,2,-2 0,-2,3>-1,0,2 0,3,-1>1,1,0"}
{"par":147,"whiteIs":"A","ptsW":0,"res":"mate","plies":56,"balW":-2336,"secs":5.4,"apertura":"2,-2,2>1,0,1 -2,3,1>-2,2,1 -1,-2,4>-2,0,3 -3,3,1>-2,1,2 3,-2,0>3,-1,0 -3,4,1>-2,3,1"}
{"par":147,"whiteIs":"B","ptsW":1,"res":"mate","plies":23,"balW":200,"secs":3,"apertura":"2,-2,2>1,0,1 -2,3,1>-2,2,1 -1,-2,4>-2,0,3 -3,3,1>-2,1,2 3,-2,0>3,-1,0 -3,4,1>-2,3,1"}
{"par":148,"whiteIs":"A","ptsW":0,"res":"mate","plies":68,"balW":-2339,"secs":7.1,"apertura":"2,-2,1>1,0,0 -3,3,2>-3,2,2 1,-2,3>0,0,2 2,3,-3>3,1,-2 1,-3,4>1,1,0 0,4,-3>2,2,-2"}
{"par":148,"whiteIs":"B","ptsW":1,"res":"mate","plies":75,"balW":2624,"secs":6.5,"apertura":"2,-2,1>1,0,0 -3,3,2>-3,2,2 1,-2,3>0,0,2 2,3,-3>3,1,-2 1,-3,4>1,1,0 0,4,-3>2,2,-2"}
{"par":149,"whiteIs":"A","ptsW":null,"res":"tope","plies":80,"balW":-2241,"secs":8.2,"apertura":"2,-2,2>1,-1,1 1,3,-3>2,1,-2 0,-2,3>0,-1,3 0,3,-1>0,2,-1 1,-1,1>1,0,1 -1,3,-1>0,2,0"}
{"par":149,"whiteIs":"B","ptsW":1,"res":"mate","plies":53,"balW":2987,"secs":6.2,"apertura":"2,-2,2>1,-1,1 1,3,-3>2,1,-2 0,-2,3>0,-1,3 0,3,-1>0,2,-1 1,-1,1>1,0,1 -1,3,-1>0,2,0"}
{"par":150,"whiteIs":"A","ptsW":0,"res":"mate","plies":74,"balW":-3022,"secs":7.3,"apertura":"0,-2,3>-1,0,2 1,3,-2>2,1,-1 1,-3,3>-1,-1,4 -2,4,0>-3,2,2 3,-2,0>2,0,-1 0,4,-3>1,2,-1"}
{"par":150,"whiteIs":"B","ptsW":1,"res":"mate","plies":59,"balW":3505,"secs":5.4,"apertura":"0,-2,3>-1,0,2 1,3,-2>2,1,-1 1,-3,3>-1,-1,4 -2,4,0>-3,2,2 3,-2,0>2,0,-1 0,4,-3>1,2,-1"}
{"par":151,"whiteIs":"A","ptsW":0,"res":"mate","plies":32,"balW":-1641,"secs":3.4,"apertura":"3,-2,1>2,0,0 -2,4,0>-3,2,2 2,0,0>1,1,-1 -2,3,0>-1,2,1 1,-2,2>0,0,1 -1,2,1>-1,1,1"}
{"par":151,"whiteIs":"B","ptsW":1,"res":"mate","plies":69,"balW":3822,"secs":7.9,"apertura":"3,-2,1>2,0,0 -2,4,0>-3,2,2 2,0,0>1,1,-1 -2,3,0>-1,2,1 1,-2,2>0,0,1 -1,2,1>-1,1,1"}
{"par":152,"whiteIs":"A","ptsW":0,"res":"mate","plies":78,"balW":-3105,"secs":7.2,"apertura":"2,-2,2>1,-1,1 -2,4,0>-1,2,0 4,-2,0>3,-1,-1 -3,3,1>-2,2,2 2,-3,2>2,-2,2 1,3,-3>2,2,-2"}
{"par":152,"whiteIs":"B","ptsW":1,"res":"mate","plies":45,"balW":2822,"secs":5,"apertura":"2,-2,2>1,-1,1 -2,4,0>-1,2,0 4,-2,0>3,-1,-1 -3,3,1>-2,2,2 2,-3,2>2,-2,2 1,3,-3>2,2,-2"}
{"par":153,"whiteIs":"A","ptsW":0,"res":"mate","plies":72,"balW":-3047,"secs":6.4,"apertura":"-1,-2,4>-2,0,3 -3,3,2>-2,1,3 1,-3,3>2,-1,1 -1,3,0>0,1,1 1,-2,2>1,-1,2 1,3,-2>1,2,-2"}
{"par":153,"whiteIs":"B","ptsW":1,"res":"mate","plies":23,"balW":100,"secs":2.8,"apertura":"-1,-2,4>-2,0,3 -3,3,2>-2,1,3 1,-3,3>2,-1,1 -1,3,0>0,1,1 1,-2,2>1,-1,2 1,3,-2>1,2,-2"}
{"par":154,"whiteIs":"A","ptsW":0,"res":"mate","plies":70,"balW":-2524,"secs":6.7,"apertura":"1,-3,3>0,-1,3 -2,4,0>-3,2,2 4,-2,0>3,-1,-1 0,3,-2>1,2,-1 -1,-2,4>-2,0,3 -1,3,0>-1,2,0"}
{"par":154,"whiteIs":"B","ptsW":null,"res":"tope","plies":80,"balW":2812,"secs":7.4,"apertura":"1,-3,3>0,-1,3 -2,4,0>-3,2,2 4,-2,0>3,-1,-1 0,3,-2>1,2,-1 -1,-2,4>-2,0,3 -1,3,0>-1,2,0"}
{"par":155,"whiteIs":"A","ptsW":0,"res":"mate","plies":32,"balW":-1453,"secs":3.5,"apertura":"0,-2,4>-1,0,3 0,3,-1>1,1,0 3,-2,0>2,0,-1 -1,3,-1>0,1,0 3,-3,1>3,0,-2 1,3,-3>2,1,-2"}
{"par":155,"whiteIs":"B","ptsW":1,"res":"mate","plies":53,"balW":2639,"secs":4.7,"apertura":"0,-2,4>-1,0,3 0,3,-1>1,1,0 3,-2,0>2,0,-1 -1,3,-1>0,1,0 3,-3,1>3,0,-2 1,3,-3>2,1,-2"}
{"par":156,"whiteIs":"A","ptsW":0,"res":"mate","plies":26,"balW":-630,"secs":2.2,"apertura":"1,-3,3>2,-1,1 -1,3,-1>0,2,0 4,-3,1>2,-1,0 0,2,0>0,1,0 2,-3,3>1,-3,3 -2,3,1>-1,1,2"}
{"par":156,"whiteIs":"B","ptsW":1,"res":"mate","plies":49,"balW":3105,"secs":4.7,"apertura":"1,-3,3>2,-1,1 -1,3,-1>0,2,0 4,-3,1>2,-1,0 0,2,0>0,1,0 2,-3,3>1,-3,3 -2,3,1>-1,1,2"}
{"par":157,"whiteIs":"A","ptsW":0,"res":"mate","plies":2,"balW":-100,"secs":0.2,"apertura":"4,-3,1>2,-1,0 0,3,-2>1,1,-1 2,-1,0>4,-3,1 -2,4,0>-3,2,2 3,-2,0>2,0,-1 -3,2,2>-2,0,4"}
{"par":157,"whiteIs":"B","ptsW":1,"res":"mate","plies":57,"balW":2281,"secs":4.9,"apertura":"4,-3,1>2,-1,0 0,3,-2>1,1,-1 2,-1,0>4,-3,1 -2,4,0>-3,2,2 3,-2,0>2,0,-1 -3,2,2>-2,0,4"}
{"par":158,"whiteIs":"A","ptsW":0,"res":"mate","plies":66,"balW":-2676,"secs":5.7,"apertura":"4,-3,1>3,-1,-1 0,3,-1>1,1,0 4,-2,-1>3,0,-2 -1,4,-2>0,2,-1 1,-2,3>0,-1,2 0,4,-3>1,2,-1"}
{"par":158,"whiteIs":"B","ptsW":1,"res":"mate","plies":51,"balW":1516,"secs":6,"apertura":"4,-3,1>3,-1,-1 0,3,-1>1,1,0 4,-2,-1>3,0,-2 -1,4,-2>0,2,-1 1,-2,3>0,-1,2 0,4,-3>1,2,-1"}
{"par":159,"whiteIs":"A","ptsW":0,"res":"mate","plies":40,"balW":-1759,"secs":4.8,"apertura":"2,-2,2>1,-1,1 0,4,-3>2,2,-2 1,-2,2>1,-1,2 0,3,-1>0,2,-1 2,-3,3>1,-2,2 -3,3,1>-2,1,2"}
{"par":159,"whiteIs":"B","ptsW":1,"res":"mate","plies":61,"balW":2957,"secs":5.8,"apertura":"2,-2,2>1,-1,1 0,4,-3>2,2,-2 1,-2,2>1,-1,2 0,3,-1>0,2,-1 2,-3,3>1,-2,2 -3,3,1>-2,1,2"}
{"par":160,"whiteIs":"A","ptsW":null,"res":"tope","plies":80,"balW":-3189,"secs":5.7,"apertura":"3,-2,1>2,-1,0 0,3,-1>1,1,0 3,-2,0>3,-1,0 -3,3,1>-2,2,2 2,-3,2>4,-1,-2 -2,2,2>-2,1,2"}
{"par":160,"whiteIs":"B","ptsW":1,"res":"mate","plies":45,"balW":3412,"secs":4.1,"apertura":"3,-2,1>2,-1,0 0,3,-1>1,1,0 3,-2,0>3,-1,0 -3,3,1>-2,2,2 2,-3,2>4,-1,-2 -2,2,2>-2,1,2"}
{"par":161,"whiteIs":"A","ptsW":0,"res":"mate","plies":66,"balW":-2457,"secs":5.9,"apertura":"4,-2,-1>3,0,-2 -3,3,1>-2,2,2 4,-3,1>3,-1,-1 1,3,-3>2,2,-2 -1,-2,4>-2,0,3 -3,4,0>-3,1,3"}
{"par":161,"whiteIs":"B","ptsW":1,"res":"mate","plies":61,"balW":2424,"secs":5.6,"apertura":"4,-2,-1>3,0,-2 -3,3,1>-2,2,2 4,-3,1>3,-1,-1 1,3,-3>2,2,-2 -1,-2,4>-2,0,3 -3,4,0>-3,1,3"}
{"par":162,"whiteIs":"A","ptsW":0,"res":"mate","plies":42,"balW":-2394,"secs":4,"apertura":"4,-3,1>2,-1,0 1,3,-2>1,2,-2 0,-2,3>0,-1,3 -2,4,0>-2,2,1 3,-2,0>2,0,-1 1,3,-3>2,2,-2"}
{"par":162,"whiteIs":"B","ptsW":1,"res":"mate","plies":65,"balW":3240,"secs":6.4,"apertura":"4,-3,1>2,-1,0 1,3,-2>1,2,-2 0,-2,3>0,-1,3 -2,4,0>-2,2,1 3,-2,0>2,0,-1 1,3,-3>2,2,-2"}
{"par":163,"whiteIs":"A","ptsW":0,"res":"mate","plies":48,"balW":-3733,"secs":3.8,"apertura":"4,-2,-1>4,-1,-1 1,3,-3>2,1,-2 0,-2,3>0,-1,3 -1,3,-1>0,2,0 3,-2,1>2,-1,0 2,1,-2>3,0,-1"}
{"par":163,"whiteIs":"B","ptsW":1,"res":"mate","plies":41,"balW":2354,"secs":4.9,"apertura":"4,-2,-1>4,-1,-1 1,3,-3>2,1,-2 0,-2,3>0,-1,3 -1,3,-1>0,2,0 3,-2,1>2,-1,0 2,1,-2>3,0,-1"}
{"par":164,"whiteIs":"A","ptsW":0,"res":"mate","plies":42,"balW":-1383,"secs":5.1,"apertura":"0,-2,4>-1,0,3 1,3,-2>2,1,-1 1,-2,2>1,-1,2 -1,3,0>0,1,1 0,-3,4>0,-2,4 0,4,-2>3,1,-2"}
{"par":164,"whiteIs":"B","ptsW":1,"res":"mate","plies":77,"balW":1781,"secs":9.4,"apertura":"0,-2,4>-1,0,3 1,3,-2>2,1,-1 1,-2,2>1,-1,2 -1,3,0>0,1,1 0,-3,4>0,-2,4 0,4,-2>3,1,-2"}
{"par":165,"whiteIs":"A","ptsW":0,"res":"mate","plies":42,"balW":-1411,"secs":4,"apertura":"2,-2,1>2,-1,1 1,3,-3>2,2,-2 2,-2,2>1,0,1 -2,4,0>-1,2,0 4,-3,1>2,-1,0 -3,3,1>-2,1,2"}
{"par":165,"whiteIs":"B","ptsW":1,"res":"mate","plies":61,"balW":2689,"secs":5.7,"apertura":"2,-2,1>2,-1,1 1,3,-3>2,2,-2 2,-2,2>1,0,1 -2,4,0>-1,2,0 4,-3,1>2,-1,0 -3,3,1>-2,1,2"}
{"par":166,"whiteIs":"A","ptsW":0,"res":"mate","plies":24,"balW":-1183,"secs":2.6,"apertura":"1,-2,2>1,-1,2 2,3,-3>2,2,-3 1,-1,2>0,0,1 0,3,-1>1,1,0 4,-3,1>3,-1,-1 0,4,-3>2,2,-2"}
{"par":166,"whiteIs":"B","ptsW":1,"res":"mate","plies":41,"balW":3147,"secs":3.8,"apertura":"1,-2,2>1,-1,2 2,3,-3>2,2,-3 1,-1,2>0,0,1 0,3,-1>1,1,0 4,-3,1>3,-1,-1 0,4,-3>2,2,-2"}
{"par":167,"whiteIs":"A","ptsW":0,"res":"mate","plies":56,"balW":-3505,"secs":6,"apertura":"2,-2,1>2,-1,1 -1,3,-1>0,2,0 0,-2,4>-1,-1,3 1,3,-2>1,2,-2 3,-2,1>2,-1,0 0,4,-2>1,3,-2"}
{"par":167,"whiteIs":"B","ptsW":1,"res":"mate","plies":33,"balW":2101,"secs":3.2,"apertura":"2,-2,1>2,-1,1 -1,3,-1>0,2,0 0,-2,4>-1,-1,3 1,3,-2>1,2,-2 3,-2,1>2,-1,0 0,4,-2>1,3,-2"}
{"par":168,"whiteIs":"A","ptsW":0,"res":"mate","plies":50,"balW":-2331,"secs":4.6,"apertura":"0,-2,3>-1,0,2 -3,3,1>-2,2,2 1,-2,3>0,0,2 -2,3,1>-1,1,2 4,-2,0>3,0,-1 -1,3,0>0,1,1"}
{"par":168,"whiteIs":"B","ptsW":1,"res":"mate","plies":35,"balW":2747,"secs":2.6,"apertura":"0,-2,3>-1,0,2 -3,3,1>-2,2,2 1,-2,3>0,0,2 -2,3,1>-1,1,2 4,-2,0>3,0,-1 -1,3,0>0,1,1"}
{"par":169,"whiteIs":"A","ptsW":0,"res":"mate","plies":72,"balW":-2712,"secs":6,"apertura":"1,-3,3>1,-1,2 -2,3,0>-1,2,1 0,-2,4>-1,-1,3 -2,4,-1>-2,3,0 1,-3,4>-2,0,4 -1,2,1>-1,1,1"}
{"par":169,"whiteIs":"B","ptsW":1,"res":"mate","plies":23,"balW":2174,"secs":1.9,"apertura":"1,-3,3>1,-1,2 -2,3,0>-1,2,1 0,-2,4>-1,-1,3 -2,4,-1>-2,3,0 1,-3,4>-2,0,4 -1,2,1>-1,1,1"}
{"par":170,"whiteIs":"A","ptsW":0,"res":"mate","plies":70,"balW":-1824,"secs":6.1,"apertura":"4,-2,0>3,0,-1 -2,4,0>-1,2,0 3,-2,1>2,-1,0 -2,3,1>-1,1,2 0,-2,3>-1,0,2 -2,3,0>-1,2,1"}
{"par":170,"whiteIs":"B","ptsW":1,"res":"mate","plies":29,"balW":1539,"secs":2.3,"apertura":"4,-2,0>3,0,-1 -2,4,0>-1,2,0 3,-2,1>2,-1,0 -2,3,1>-1,1,2 0,-2,3>-1,0,2 -2,3,0>-1,2,1"}
{"par":171,"whiteIs":"A","ptsW":0,"res":"mate","plies":56,"balW":-1658,"secs":6.1,"apertura":"4,-2,-1>3,0,-2 2,3,-3>2,2,-3 4,-3,1>4,-2,-1 1,3,-3>2,1,-2 1,-2,3>0,-1,2 0,4,-3>2,2,-2"}
{"par":171,"whiteIs":"B","ptsW":1,"res":"mate","plies":51,"balW":3670,"secs":3.3,"apertura":"4,-2,-1>3,0,-2 2,3,-3>2,2,-3 4,-3,1>4,-2,-1 1,3,-3>2,1,-2 1,-2,3>0,-1,2 0,4,-3>2,2,-2"}
{"par":172,"whiteIs":"A","ptsW":0,"res":"mate","plies":58,"balW":-2712,"secs":5.6,"apertura":"4,-2,0>3,-1,-1 -3,3,2>-2,1,3 -1,-2,4>-1,-1,4 0,3,-1>0,2,-1 2,-2,1>2,-1,1 -1,3,-1>0,2,0"}
{"par":172,"whiteIs":"B","ptsW":1,"res":"mate","plies":59,"balW":3247,"secs":4.9,"apertura":"4,-2,0>3,-1,-1 -3,3,2>-2,1,3 -1,-2,4>-1,-1,4 0,3,-1>0,2,-1 2,-2,1>2,-1,1 -1,3,-1>0,2,0"}
{"par":173,"whiteIs":"A","ptsW":0,"res":"mate","plies":46,"balW":-1648,"secs":3.4,"apertura":"1,-3,3>-1,-1,4 1,3,-3>2,2,-2 -1,-1,4>-2,1,2 0,3,-1>0,2,-1 3,-2,1>2,-1,0 0,2,-1>1,1,0"}
{"par":173,"whiteIs":"B","ptsW":1,"res":"mate","plies":1,"balW":100,"secs":0.1,"apertura":"1,-3,3>-1,-1,4 1,3,-3>2,2,-2 -1,-1,4>-2,1,2 0,3,-1>0,2,-1 3,-2,1>2,-1,0 0,2,-1>1,1,0"}
{"par":174,"whiteIs":"A","ptsW":0,"res":"mate","plies":52,"balW":-3940,"secs":4.3,"apertura":"3,-2,0>3,-1,0 -2,4,0>-3,2,2 4,-2,-1>4,-1,-1 2,3,-3>3,1,-2 2,-2,2>1,0,1 -2,3,0>-1,2,1"}
{"par":174,"whiteIs":"B","ptsW":1,"res":"mate","plies":67,"balW":2354,"secs":5.7,"apertura":"3,-2,0>3,-1,0 -2,4,0>-3,2,2 4,-2,-1>4,-1,-1 2,3,-3>3,1,-2 2,-2,2>1,0,1 -2,3,0>-1,2,1"}
{"par":175,"whiteIs":"A","ptsW":0,"res":"mate","plies":34,"balW":-1248,"secs":3,"apertura":"1,-3,3>1,-1,2 -1,3,0>0,1,1 0,-2,4>-1,0,3 0,3,-2>1,2,-1 2,-2,2>1,0,1 2,3,-3>2,2,-3"}
{"par":175,"whiteIs":"B","ptsW":1,"res":"mate","plies":59,"balW":3640,"secs":3.8,"apertura":"1,-3,3>1,-1,2 -1,3,0>0,1,1 0,-2,4>-1,0,3 0,3,-2>1,2,-1 2,-2,2>1,0,1 2,3,-3>2,2,-3"}
{"par":176,"whiteIs":"A","ptsW":0,"res":"mate","plies":62,"balW":-3124,"secs":4.6,"apertura":"2,-2,1>1,0,0 -2,3,1>-1,1,2 4,-2,0>3,-1,-1 2,3,-3>3,1,-2 3,-2,1>2,-1,0 0,3,-1>1,1,0"}
{"par":176,"whiteIs":"B","ptsW":null,"res":"tope","plies":80,"balW":2234,"secs":6.8,"apertura":"2,-2,1>1,0,0 -2,3,1>-1,1,2 4,-2,0>3,-1,-1 2,3,-3>3,1,-2 3,-2,1>2,-1,0 0,3,-1>1,1,0"}
{"par":177,"whiteIs":"A","ptsW":0,"res":"mate","plies":56,"balW":-3047,"secs":4.5,"apertura":"1,-2,3>0,-1,2 0,3,-1>1,1,0 -1,-2,4>-1,-1,4 0,4,-3>1,2,-1 3,-2,0>3,-1,0 -2,3,1>-2,2,1"}
{"par":177,"whiteIs":"B","ptsW":1,"res":"mate","plies":63,"balW":3805,"secs":4.2,"apertura":"1,-2,3>0,-1,2 0,3,-1>1,1,0 -1,-2,4>-1,-1,4 0,4,-3>1,2,-1 3,-2,0>3,-1,0 -2,3,1>-2,2,1"}
{"par":178,"whiteIs":"A","ptsW":0,"res":"mate","plies":72,"balW":-3435,"secs":5.3,"apertura":"1,-3,3>1,-1,2 -3,3,2>-2,1,3 0,-2,3>0,-1,3 1,3,-3>2,2,-2 1,-1,2>1,0,0 0,3,-1>0,2,-1"}
{"par":178,"whiteIs":"B","ptsW":1,"res":"mate","plies":53,"balW":1506,"secs":5.2,"apertura":"1,-3,3>1,-1,2 -3,3,2>-2,1,3 0,-2,3>0,-1,3 1,3,-3>2,2,-2 1,-1,2>1,0,0 0,3,-1>0,2,-1"}
{"par":179,"whiteIs":"A","ptsW":0,"res":"mate","plies":56,"balW":-3387,"secs":4,"apertura":"0,-2,4>-1,-1,3 2,3,-3>2,2,-3 1,-3,3>1,-1,2 0,3,-1>0,2,-1 1,-2,3>0,0,2 -3,3,1>-2,1,2"}
{"par":179,"whiteIs":"B","ptsW":1,"res":"mate","plies":43,"balW":2905,"secs":3.4,"apertura":"0,-2,4>-1,-1,3 2,3,-3>2,2,-3 1,-3,3>1,-1,2 0,3,-1>0,2,-1 1,-2,3>0,0,2 -3,3,1>-2,1,2"}
{"par":180,"whiteIs":"A","ptsW":null,"res":"tope","plies":80,"balW":-1483,"secs":7.7,"apertura":"1,-2,3>0,-1,2 -2,4,0>-1,2,0 1,-3,4>1,2,-1 -1,2,0>-2,4,0 1,2,-1>1,-3,4 0,3,-1>0,2,-1"}
{"par":180,"whiteIs":"B","ptsW":1,"res":"mate","plies":25,"balW":1213,"secs":2,"apertura":"1,-2,3>0,-1,2 -2,4,0>-1,2,0 1,-3,4>1,2,-1 -1,2,0>-2,4,0 1,2,-1>1,-3,4 0,3,-1>0,2,-1"}
{"par":181,"whiteIs":"A","ptsW":0,"res":"mate","plies":34,"balW":-2824,"secs":2.8,"apertura":"2,-2,1>1,0,0 1,3,-3>2,1,-2 4,-3,1>2,-2,1 -3,3,1>-2,2,2 1,0,0>1,1,0 2,1,-2>3,0,-1"}
{"par":181,"whiteIs":"B","ptsW":1,"res":"mate","plies":33,"balW":2457,"secs":2.5,"apertura":"2,-2,1>1,0,0 1,3,-3>2,1,-2 4,-3,1>2,-2,1 -3,3,1>-2,2,2 1,0,0>1,1,0 2,1,-2>3,0,-1"}
{"par":182,"whiteIs":"A","ptsW":0,"res":"mate","plies":38,"balW":-2864,"secs":2.9,"apertura":"2,-2,1>2,-1,1 1,3,-2>2,1,-1 3,-3,2>2,-2,1 0,4,-2>3,1,-2 1,-2,2>0,0,1 1,3,-3>2,1,-2"}
{"par":182,"whiteIs":"B","ptsW":1,"res":"mate","plies":11,"balW":200,"secs":1,"apertura":"2,-2,1>2,-1,1 1,3,-2>2,1,-1 3,-3,2>2,-2,1 0,4,-2>3,1,-2 1,-2,2>0,0,1 1,3,-3>2,1,-2"}
{"par":183,"whiteIs":"A","ptsW":0,"res":"mate","plies":46,"balW":-3670,"secs":3.4,"apertura":"4,-3,1>2,-1,0 -2,4,0>0,2,-1 3,-2,0>2,0,-1 -2,3,0>-1,1,1 1,-2,2>0,0,1 -2,3,1>-1,1,2"}
{"par":183,"whiteIs":"B","ptsW":1,"res":"mate","plies":71,"balW":4703,"secs":5,"apertura":"4,-3,1>2,-1,0 -2,4,0>0,2,-1 3,-2,0>2,0,-1 -2,3,0>-1,1,1 1,-2,2>0,0,1 -2,3,1>-1,1,2"}
{"par":184,"whiteIs":"A","ptsW":0,"res":"mate","plies":40,"balW":-2147,"secs":3.4,"apertura":"2,-2,2>1,0,1 -2,4,0>-1,2,0 3,-2,1>2,0,0 -1,3,-1>0,1,0 1,-2,2>1,-1,2 -2,3,1>-2,2,1"}
{"par":184,"whiteIs":"B","ptsW":1,"res":"mate","plies":43,"balW":2209,"secs":4.2,"apertura":"2,-2,2>1,0,1 -2,4,0>-1,2,0 3,-2,1>2,0,0 -1,3,-1>0,1,0 1,-2,2>1,-1,2 -2,3,1>-2,2,1"}
{"par":185,"whiteIs":"A","ptsW":0,"res":"mate","plies":66,"balW":-2289,"secs":5.3,"apertura":"1,-3,3>0,-1,3 -2,4,0>-1,2,0 -1,-2,4>-1,-1,4 -1,2,0>1,0,1 4,-2,0>3,-1,-1 1,3,-2>1,2,-2"}
{"par":185,"whiteIs":"B","ptsW":1,"res":"mate","plies":63,"balW":3205,"secs":4.5,"apertura":"1,-3,3>0,-1,3 -2,4,0>-1,2,0 -1,-2,4>-1,-1,4 -1,2,0>1,0,1 4,-2,0>3,-1,-1 1,3,-2>1,2,-2"}
{"par":186,"whiteIs":"A","ptsW":null,"res":"tope","plies":80,"balW":-2454,"secs":6.3,"apertura":"-1,-2,4>-1,-1,4 -1,3,0>-1,2,0 1,-2,2>0,0,1 2,3,-3>3,1,-2 1,-2,3>0,-1,2 0,4,-3>2,3,-3"}
{"par":186,"whiteIs":"B","ptsW":1,"res":"mate","plies":67,"balW":2183,"secs":5.1,"apertura":"-1,-2,4>-1,-1,4 -1,3,0>-1,2,0 1,-2,2>0,0,1 2,3,-3>3,1,-2 1,-2,3>0,-1,2 0,4,-3>2,3,-3"}
{"par":187,"whiteIs":"A","ptsW":0,"res":"mate","plies":58,"balW":-2829,"secs":4.5,"apertura":"0,-2,4>-1,0,3 1,3,-3>2,1,-2 4,-3,1>2,-1,0 -3,3,2>-2,1,3 4,-2,0>3,-1,-1 0,3,-1>1,1,0"}
{"par":187,"whiteIs":"B","ptsW":1,"res":"mate","plies":51,"balW":4356,"secs":3.8,"apertura":"0,-2,4>-1,0,3 1,3,-3>2,1,-2 4,-3,1>2,-1,0 -3,3,2>-2,1,3 4,-2,0>3,-1,-1 0,3,-1>1,1,0"}
{"par":188,"whiteIs":"A","ptsW":0,"res":"mate","plies":48,"balW":-2822,"secs":4.2,"apertura":"4,-2,0>3,-1,-1 0,4,-3>1,2,-1 3,-2,1>2,-1,0 1,2,-1>2,0,-1 4,-2,-1>4,-1,-1 1,3,-2>2,1,-1"}
{"par":188,"whiteIs":"B","ptsW":1,"res":"mate","plies":67,"balW":2589,"secs":5,"apertura":"4,-2,0>3,-1,-1 0,4,-3>1,2,-1 3,-2,1>2,-1,0 1,2,-1>2,0,-1 4,-2,-1>4,-1,-1 1,3,-2>2,1,-1"}
{"par":189,"whiteIs":"A","ptsW":null,"res":"tope","plies":80,"balW":-1393,"secs":6.2,"apertura":"3,-2,1>2,-1,0 -2,3,0>-1,2,1 0,-2,3>-1,0,2 0,3,-1>0,2,-1 2,-2,2>1,0,1 -1,3,-1>0,1,0"}
{"par":189,"whiteIs":"B","ptsW":1,"res":"mate","plies":31,"balW":1318,"secs":2.7,"apertura":"3,-2,1>2,-1,0 -2,3,0>-1,2,1 0,-2,3>-1,0,2 0,3,-1>0,2,-1 2,-2,2>1,0,1 -1,3,-1>0,1,0"}
{"par":190,"whiteIs":"A","ptsW":0,"res":"mate","plies":68,"balW":-3247,"secs":5.7,"apertura":"-1,-2,4>-1,-1,4 -2,3,0>-1,1,1 1,-3,3>2,-1,1 -3,3,2>-2,1,3 2,-1,1>0,-1,2 -1,4,-1>-2,3,0"}
{"par":190,"whiteIs":"B","ptsW":1,"res":"mate","plies":71,"balW":2624,"secs":6,"apertura":"-1,-2,4>-1,-1,4 -2,3,0>-1,1,1 1,-3,3>2,-1,1 -3,3,2>-2,1,3 2,-1,1>0,-1,2 -1,4,-1>-2,3,0"}
{"par":191,"whiteIs":"A","ptsW":0,"res":"mate","plies":50,"balW":-1263,"secs":4.5,"apertura":"2,-2,2>1,0,1 -1,3,-1>0,2,0 3,-2,0>3,-1,0 -1,3,0>-1,2,0 0,-2,3>-1,0,2 0,4,-3>2,2,-2"}
{"par":191,"whiteIs":"B","ptsW":1,"res":"mate","plies":33,"balW":2059,"secs":3,"apertura":"2,-2,2>1,0,1 -1,3,-1>0,2,0 3,-2,0>3,-1,0 -1,3,0>-1,2,0 0,-2,3>-1,0,2 0,4,-3>2,2,-2"}
{"par":192,"whiteIs":"A","ptsW":0,"res":"mate","plies":46,"balW":-2104,"secs":3.9,"apertura":"0,-2,4>-1,0,3 -3,3,1>-2,1,2 2,-2,2>1,-1,1 -2,3,1>-1,1,2 4,-2,0>3,0,-1 1,3,-3>2,1,-2"}
{"par":192,"whiteIs":"B","ptsW":1,"res":"mate","plies":53,"balW":2767,"secs":4.7,"apertura":"0,-2,4>-1,0,3 -3,3,1>-2,1,2 2,-2,2>1,-1,1 -2,3,1>-1,1,2 4,-2,0>3,0,-1 1,3,-3>2,1,-2"}
{"par":193,"whiteIs":"A","ptsW":0,"res":"mate","plies":40,"balW":-3540,"secs":3.4,"apertura":"0,-2,4>-1,-1,3 -3,3,2>-2,1,3 2,-2,2>1,-1,1 -3,3,1>-2,1,2 1,-3,3>1,-1,2 -2,4,0>0,2,-1"}
{"par":193,"whiteIs":"B","ptsW":1,"res":"mate","plies":25,"balW":1148,"secs":1.8,"apertura":"0,-2,4>-1,-1,3 -3,3,2>-2,1,3 2,-2,2>1,-1,1 -3,3,1>-2,1,2 1,-3,3>1,-1,2 -2,4,0>0,2,-1"}
{"par":194,"whiteIs":"A","ptsW":0,"res":"mate","plies":46,"balW":-3570,"secs":4,"apertura":"3,-2,1>2,-1,0 -3,3,2>-3,2,2 4,-2,-1>4,-1,-1 -2,3,0>-1,2,1 2,-2,1>2,-1,1 -3,4,0>1,0,0"}
{"par":194,"whiteIs":"B","ptsW":1,"res":"mate","plies":55,"balW":2252,"secs":4.8,"apertura":"3,-2,1>2,-1,0 -3,3,2>-3,2,2 4,-2,-1>4,-1,-1 -2,3,0>-1,2,1 2,-2,1>2,-1,1 -3,4,0>1,0,0"}
{"par":195,"whiteIs":"A","ptsW":0,"res":"mate","plies":26,"balW":-1383,"secs":2.5,"apertura":"1,-2,3>0,-1,2 -2,4,0>0,2,-1 2,-3,2>1,-2,3 1,3,-3>2,1,-2 4,-2,-1>3,0,-2 0,4,-3>1,2,-1"}
{"par":195,"whiteIs":"B","ptsW":null,"res":"tope","plies":80,"balW":2148,"secs":6,"apertura":"1,-2,3>0,-1,2 -2,4,0>0,2,-1 2,-3,2>1,-2,3 1,3,-3>2,1,-2 4,-2,-1>3,0,-2 0,4,-3>1,2,-1"}
{"par":196,"whiteIs":"A","ptsW":0,"res":"mate","plies":32,"balW":-2059,"secs":2.4,"apertura":"1,-3,3>0,-1,3 0,3,-2>1,2,-1 0,-1,3>-2,-1,4 -2,3,1>-2,2,1 0,-2,4>-1,-1,3 -2,3,0>-1,1,1"}
{"par":196,"whiteIs":"B","ptsW":1,"res":"mate","plies":51,"balW":3405,"secs":4,"apertura":"1,-3,3>0,-1,3 0,3,-2>1,2,-1 0,-1,3>-2,-1,4 -2,3,1>-2,2,1 0,-2,4>-1,-1,3 -2,3,0>-1,1,1"}
{"par":197,"whiteIs":"A","ptsW":0,"res":"mate","plies":54,"balW":-3640,"secs":3.9,"apertura":"4,-2,-1>3,0,-2 0,4,-3>2,2,-2 2,-2,2>1,0,1 -3,3,2>-2,1,3 2,-3,2>2,-2,2 2,2,-2>2,0,-1"}
{"par":197,"whiteIs":"B","ptsW":1,"res":"mate","plies":15,"balW":465,"secs":1.3,"apertura":"4,-2,-1>3,0,-2 0,4,-3>2,2,-2 2,-2,2>1,0,1 -3,3,2>-2,1,3 2,-3,2>2,-2,2 2,2,-2>2,0,-1"}
{"par":198,"whiteIs":"A","ptsW":0,"res":"mate","plies":34,"balW":-2224,"secs":2.7,"apertura":"3,-2,0>3,-1,0 -2,4,0>-3,2,2 1,-3,3>0,-1,3 0,3,-2>1,2,-1 3,-3,1>3,1,-3 -2,3,0>-1,2,1"}
{"par":198,"whiteIs":"B","ptsW":1,"res":"mate","plies":27,"balW":700,"secs":2.5,"apertura":"3,-2,0>3,-1,0 -2,4,0>-3,2,2 1,-3,3>0,-1,3 0,3,-2>1,2,-1 3,-3,1>3,1,-3 -2,3,0>-1,2,1"}
{"par":199,"whiteIs":"A","ptsW":0,"res":"mate","plies":52,"balW":-3154,"secs":3.9,"apertura":"1,-3,3>-1,-1,4 1,3,-2>1,2,-2 1,-2,2>0,0,1 -2,3,0>-1,2,1 -1,-1,4>-2,1,2 -1,3,0>0,1,1"}
{"par":199,"whiteIs":"B","ptsW":1,"res":"mate","plies":41,"balW":2222,"secs":3.1,"apertura":"1,-3,3>-1,-1,4 1,3,-2>1,2,-2 1,-2,2>0,0,1 -2,3,0>-1,2,1 -1,-1,4>-2,1,2 -1,3,0>0,1,1"}
{"par":200,"whiteIs":"A","ptsW":0,"res":"mate","plies":40,"balW":-1501,"secs":3.3,"apertura":"1,-2,2>1,-1,2 0,3,-1>0,2,-1 2,-2,2>1,0,1 0,4,-3>2,2,-2 3,-2,0>2,0,-1 -2,3,1>-2,2,1"}
{"par":200,"whiteIs":"B","ptsW":1,"res":"mate","plies":69,"balW":1476,"secs":5.7,"apertura":"1,-2,2>1,-1,2 0,3,-1>0,2,-1 2,-2,2>1,0,1 0,4,-3>2,2,-2 3,-2,0>2,0,-1 -2,3,1>-2,2,1"}
