# {"fecha":"2026-08-03T18:27:30.005Z","modalidad":"salas","A":{"nombre":"nivel5","cfg":{"depth":24,"mobility":true,"order":true,"quiesce":true,"nodes":16000}},"B":{"nombre":"nivel6","cfg":{"depth":24,"mobility":true,"order":true,"quiesce":true,"nodes":60000}},"MAX_PLIES":80,"FIFTY":40,"OPENING_PLIES":6,"SEED":19000,"FIRST":1,"PAIRS":200,"libro":"libro.json"}
{"par":1,"whiteIs":"A","ptsW":null,"res":"tope","plies":80,"balW":-418,"secs":21.4,"apertura":"1,-3,3>1,-1,2 -1,3,-1>0,1,0 1,-1,2>-1,0,2 2,3,-3>2,2,-3 1,-2,2>0,0,1 -2,4,0>-3,2,2"}
{"par":1,"whiteIs":"B","ptsW":null,"res":"tope","plies":80,"balW":-360,"secs":23.6,"apertura":"1,-3,3>1,-1,2 -1,3,-1>0,1,0 1,-1,2>-1,0,2 2,3,-3>2,2,-3 1,-2,2>0,0,1 -2,4,0>-3,2,2"}
{"par":2,"whiteIs":"A","ptsW":null,"res":"tope","plies":80,"balW":-518,"secs":24.3,"apertura":"3,-2,0>2,0,-1 -1,3,-1>0,2,0 2,-2,2>1,0,1 -3,3,2>-2,1,3 1,-2,3>0,0,2 -3,3,1>-2,2,2"}
{"par":2,"whiteIs":"B","ptsW":null,"res":"tope","plies":80,"balW":118,"secs":27,"apertura":"3,-2,0>2,0,-1 -1,3,-1>0,2,0 2,-2,2>1,0,1 -3,3,2>-2,1,3 1,-2,3>0,0,2 -3,3,1>-2,2,2"}
{"par":3,"whiteIs":"A","ptsW":null,"res":"tope","plies":80,"balW":-513,"secs":26.5,"apertura":"0,-2,3>0,-1,3 -2,3,1>-2,2,1 1,-2,2>1,-1,2 0,4,-3>2,2,-2 2,-3,3>1,-2,2 2,2,-2>1,0,0"}
{"par":3,"whiteIs":"B","ptsW":null,"res":"tope","plies":80,"balW":377,"secs":28.6,"apertura":"0,-2,3>0,-1,3 -2,3,1>-2,2,1 1,-2,2>1,-1,2 0,4,-3>2,2,-2 2,-3,3>1,-2,2 2,2,-2>1,0,0"}
{"par":4,"whiteIs":"A","ptsW":null,"res":"tope","plies":80,"balW":-1318,"secs":28.6,"apertura":"1,-2,2>0,0,1 -2,3,0>-1,1,1 2,-3,3>1,-2,2 -3,3,1>-2,1,2 1,-2,2>1,-1,2 0,4,-3>2,2,-2"}
{"par":4,"whiteIs":"B","ptsW":null,"res":"tope","plies":80,"balW":300,"secs":40.4,"apertura":"1,-2,2>0,0,1 -2,3,0>-1,1,1 2,-3,3>1,-2,2 -3,3,1>-2,1,2 1,-2,2>1,-1,2 0,4,-3>2,2,-2"}
{"par":5,"whiteIs":"A","ptsW":null,"res":"tope","plies":80,"balW":-358,"secs":38,"apertura":"1,-2,3>0,0,2 2,3,-3>2,2,-3 4,-2,-1>3,0,-2 -1,3,0>0,1,1 -1,-2,4>-2,0,3 0,3,-2>1,2,-1"}
{"par":5,"whiteIs":"B","ptsW":null,"res":"tope","plies":80,"balW":-658,"secs":36,"apertura":"1,-2,3>0,0,2 2,3,-3>2,2,-3 4,-2,-1>3,0,-2 -1,3,0>0,1,1 -1,-2,4>-2,0,3 0,3,-2>1,2,-1"}
{"par":6,"whiteIs":"A","ptsW":null,"res":"tope","plies":80,"balW":-581,"secs":39.3,"apertura":"2,-2,1>2,-1,1 1,3,-2>1,2,-2 3,-3,1>1,-1,1 0,4,-2>3,1,-2 1,-1,1>0,-1,2 -1,3,-1>0,2,0"}
{"par":6,"whiteIs":"B","ptsW":null,"res":"tope","plies":80,"balW":-122,"secs":41.2,"apertura":"2,-2,1>2,-1,1 1,3,-2>1,2,-2 3,-3,1>1,-1,1 0,4,-2>3,1,-2 1,-1,1>0,-1,2 -1,3,-1>0,2,0"}
{"par":7,"whiteIs":"A","ptsW":null,"res":"tope","plies":80,"balW":-918,"secs":37,"apertura":"3,-2,0>2,0,-1 0,3,-1>0,2,-1 4,-3,1>3,-1,-1 0,3,-2>1,2,-1 1,-3,3>0,-1,3 -2,3,1>-2,2,1"}
{"par":7,"whiteIs":"B","ptsW":null,"res":"tope","plies":80,"balW":676,"secs":35.8,"apertura":"3,-2,0>2,0,-1 0,3,-1>0,2,-1 4,-3,1>3,-1,-1 0,3,-2>1,2,-1 1,-3,3>0,-1,3 -2,3,1>-2,2,1"}
{"par":8,"whiteIs":"A","ptsW":null,"res":"tope","plies":80,"balW":100,"secs":37.9,"apertura":"1,-2,2>1,-1,2 1,3,-2>1,2,-2 0,-2,4>-1,-1,3 0,4,-2>4,0,-2 3,-2,1>2,-1,0 2,3,-3>2,2,-3"}
{"par":8,"whiteIs":"B","ptsW":null,"res":"tope","plies":80,"balW":510,"secs":38.7,"apertura":"1,-2,2>1,-1,2 1,3,-2>1,2,-2 0,-2,4>-1,-1,3 0,4,-2>4,0,-2 3,-2,1>2,-1,0 2,3,-3>2,2,-3"}
{"par":9,"whiteIs":"A","ptsW":null,"res":"tope","plies":80,"balW":-901,"secs":33.8,"apertura":"4,-3,1>3,-1,-1 1,3,-3>2,2,-2 0,-2,4>-1,0,3 -2,4,0>-3,2,2 1,-2,3>0,-1,2 -3,2,2>-2,4,0"}
{"par":9,"whiteIs":"B","ptsW":null,"res":"tope","plies":80,"balW":55,"secs":42.5,"apertura":"4,-3,1>3,-1,-1 1,3,-3>2,2,-2 0,-2,4>-1,0,3 -2,4,0>-3,2,2 1,-2,3>0,-1,2 -3,2,2>-2,4,0"}
{"par":10,"whiteIs":"A","ptsW":null,"res":"tope","plies":80,"balW":-343,"secs":35.5,"apertura":"1,-3,3>1,-1,2 1,3,-2>2,1,-1 2,-2,1>2,-1,1 -3,3,2>-3,2,2 -1,-2,4>-1,-1,4 0,4,-2>4,0,-2"}
{"par":10,"whiteIs":"B","ptsW":null,"res":"tope","plies":80,"balW":-1516,"secs":39.4,"apertura":"1,-3,3>1,-1,2 1,3,-2>2,1,-1 2,-2,1>2,-1,1 -3,3,2>-3,2,2 -1,-2,4>-1,-1,4 0,4,-2>4,0,-2"}
{"par":11,"whiteIs":"A","ptsW":null,"res":"tope","plies":80,"balW":-766,"secs":41.2,"apertura":"2,-2,2>1,0,1 -3,3,1>-2,1,2 3,-2,0>2,0,-1 0,3,-2>1,2,-1 2,-2,1>1,0,0 -2,4,0>-3,2,2"}
{"par":11,"whiteIs":"B","ptsW":null,"res":"tope","plies":80,"balW":-223,"secs":40.6,"apertura":"2,-2,2>1,0,1 -3,3,1>-2,1,2 3,-2,0>2,0,-1 0,3,-2>1,2,-1 2,-2,1>1,0,0 -2,4,0>-3,2,2"}
{"par":12,"whiteIs":"A","ptsW":0,"res":"mate","plies":68,"balW":200,"secs":35.7,"apertura":"1,-2,3>0,0,2 1,3,-2>1,2,-2 4,-3,1>3,-1,-1 -1,3,-1>0,2,0 0,0,2>-1,1,1 -3,3,1>-2,1,2"}
{"par":12,"whiteIs":"B","ptsW":null,"res":"tope","plies":80,"balW":225,"secs":38.2,"apertura":"1,-2,3>0,0,2 1,3,-2>1,2,-2 4,-3,1>3,-1,-1 -1,3,-1>0,2,0 0,0,2>-1,1,1 -3,3,1>-2,1,2"}
{"par":13,"whiteIs":"A","ptsW":null,"res":"tope","plies":80,"balW":-605,"secs":39.2,"apertura":"0,-2,3>0,-1,3 -3,3,1>-2,2,2 0,-1,3>-1,0,2 -1,3,0>0,1,1 2,-2,1>1,0,0 -3,3,2>-2,1,3"}
{"par":13,"whiteIs":"B","ptsW":1,"res":"mate","plies":75,"balW":1246,"secs":37.3,"apertura":"0,-2,3>0,-1,3 -3,3,1>-2,2,2 0,-1,3>-1,0,2 -1,3,0>0,1,1 2,-2,1>1,0,0 -3,3,2>-2,1,3"}
{"par":14,"whiteIs":"A","ptsW":0,"res":"mate","plies":56,"balW":240,"secs":33.5,"apertura":"3,-2,0>2,0,-1 -1,3,-1>0,1,0 4,-2,-1>3,0,-2 -2,4,0>-2,2,1 4,-3,1>4,-2,-1 -1,4,-1>-1,3,-1"}
{"par":14,"whiteIs":"B","ptsW":1,"res":"mate","plies":41,"balW":48,"secs":24,"apertura":"3,-2,0>2,0,-1 -1,3,-1>0,1,0 4,-2,-1>3,0,-2 -2,4,0>-2,2,1 4,-3,1>4,-2,-1 -1,4,-1>-1,3,-1"}
{"par":15,"whiteIs":"A","ptsW":0,"res":"mate","plies":40,"balW":-763,"secs":18.8,"apertura":"0,-2,4>-1,0,3 1,3,-2>2,1,-1 1,-3,3>2,-1,1 -2,4,0>0,2,-1 -1,0,3>-2,1,2 0,2,-1>1,0,1"}
{"par":15,"whiteIs":"B","ptsW":null,"res":"tope","plies":80,"balW":283,"secs":36.8,"apertura":"0,-2,4>-1,0,3 1,3,-2>2,1,-1 1,-3,3>2,-1,1 -2,4,0>0,2,-1 -1,0,3>-2,1,2 0,2,-1>1,0,1"}
{"par":16,"whiteIs":"A","ptsW":null,"res":"tope","plies":80,"balW":30,"secs":31.5,"apertura":"1,-3,3>-1,-1,4 0,4,-3>1,2,-1 1,-2,3>0,-1,2 1,4,-3>0,4,-3 1,-3,4>1,1,0 1,2,-1>3,1,-3"}
{"par":16,"whiteIs":"B","ptsW":null,"res":"tope","plies":80,"balW":565,"secs":34.2,"apertura":"1,-3,3>-1,-1,4 0,4,-3>1,2,-1 1,-2,3>0,-1,2 1,4,-3>0,4,-3 1,-3,4>1,1,0 1,2,-1>3,1,-3"}
{"par":17,"whiteIs":"A","ptsW":null,"res":"tope","plies":80,"balW":-295,"secs":36.4,"apertura":"0,-2,4>-1,-1,3 -1,3,-1>0,2,0 -1,-2,4>-2,0,3 -3,3,1>-2,2,2 4,-2,0>3,0,-1 -2,4,0>-2,2,1"}
{"par":17,"whiteIs":"B","ptsW":1,"res":"mate","plies":59,"balW":-248,"secs":29.7,"apertura":"0,-2,4>-1,-1,3 -1,3,-1>0,2,0 -1,-2,4>-2,0,3 -3,3,1>-2,2,2 4,-2,0>3,0,-1 -2,4,0>-2,2,1"}
{"par":18,"whiteIs":"A","ptsW":null,"res":"tope","plies":80,"balW":-318,"secs":40.6,"apertura":"3,-2,1>2,0,0 -3,3,2>-2,1,3 4,-2,0>3,-1,-1 -2,3,1>-2,2,1 4,-2,-1>3,0,-2 -1,3,0>0,1,1"}
{"par":18,"whiteIs":"B","ptsW":null,"res":"tope","plies":80,"balW":1516,"secs":36.9,"apertura":"3,-2,1>2,0,0 -3,3,2>-2,1,3 4,-2,0>3,-1,-1 -2,3,1>-2,2,1 4,-2,-1>3,0,-2 -1,3,0>0,1,1"}
{"par":19,"whiteIs":"A","ptsW":null,"res":"tope","plies":80,"balW":-948,"secs":34.5,"apertura":"0,-2,3>0,-1,3 0,4,-3>1,2,-1 1,-3,3>-1,-1,4 1,2,-1>0,0,1 0,-2,4>-1,0,3 0,3,-2>1,2,-1"}
{"par":19,"whiteIs":"B","ptsW":null,"res":"tope","plies":80,"balW":235,"secs":34.1,"apertura":"0,-2,3>0,-1,3 0,4,-3>1,2,-1 1,-3,3>-1,-1,4 1,2,-1>0,0,1 0,-2,4>-1,0,3 0,3,-2>1,2,-1"}
{"par":20,"whiteIs":"A","ptsW":null,"res":"tope","plies":80,"balW":-921,"secs":34.5,"apertura":"3,-2,0>3,-1,0 -3,3,1>-2,2,2 4,-2,-1>3,0,-2 -3,4,0>-3,0,4 2,-2,1>1,0,0 -2,2,2>-2,1,2"}
{"par":20,"whiteIs":"B","ptsW":null,"res":"tope","plies":80,"balW":0,"secs":33.7,"apertura":"3,-2,0>3,-1,0 -3,3,1>-2,2,2 4,-2,-1>3,0,-2 -3,4,0>-3,0,4 2,-2,1>1,0,0 -2,2,2>-2,1,2"}
{"par":21,"whiteIs":"A","ptsW":null,"res":"tope","plies":80,"balW":-535,"secs":35.7,"apertura":"1,-3,3>0,-1,3 -2,4,0>-2,2,1 3,-2,0>2,0,-1 -1,3,-1>0,2,0 0,-1,3>-2,-1,4 -3,3,1>-2,2,2"}
{"par":21,"whiteIs":"B","ptsW":null,"res":"tope","plies":80,"balW":976,"secs":41.5,"apertura":"1,-3,3>0,-1,3 -2,4,0>-2,2,1 3,-2,0>2,0,-1 -1,3,-1>0,2,0 0,-1,3>-2,-1,4 -3,3,1>-2,2,2"}
{"par":22,"whiteIs":"A","ptsW":null,"res":"tope","plies":80,"balW":-23,"secs":33.4,"apertura":"0,-2,4>-1,-1,3 1,3,-2>1,2,-2 3,-2,0>2,0,-1 1,3,-3>2,2,-2 1,-2,2>1,-1,2 0,3,-1>1,1,0"}
{"par":22,"whiteIs":"B","ptsW":null,"res":"tope","plies":80,"balW":125,"secs":36.9,"apertura":"0,-2,4>-1,-1,3 1,3,-2>1,2,-2 3,-2,0>2,0,-1 1,3,-3>2,2,-2 1,-2,2>1,-1,2 0,3,-1>1,1,0"}
{"par":23,"whiteIs":"A","ptsW":null,"res":"tope","plies":80,"balW":-981,"secs":41.2,"apertura":"4,-3,1>3,-1,-1 -2,3,1>-1,1,2 1,-2,2>1,-1,2 0,4,-3>2,2,-2 4,-3,0>4,-3,1 2,3,-3>2,2,-3"}
{"par":23,"whiteIs":"B","ptsW":1,"res":"mate","plies":63,"balW":-881,"secs":34.3,"apertura":"4,-3,1>3,-1,-1 -2,3,1>-1,1,2 1,-2,2>1,-1,2 0,4,-3>2,2,-2 4,-3,0>4,-3,1 2,3,-3>2,2,-3"}
{"par":24,"whiteIs":"A","ptsW":0,"res":"mate","plies":78,"balW":-851,"secs":34.9,"apertura":"1,-3,3>-1,-1,4 0,4,-3>2,2,-2 -1,-1,4>0,-1,2 2,2,-2>3,0,-2 4,-3,1>3,-1,-1 3,0,-2>1,2,-1"}
{"par":24,"whiteIs":"B","ptsW":null,"res":"tope","plies":80,"balW":365,"secs":32.6,"apertura":"1,-3,3>-1,-1,4 0,4,-3>2,2,-2 -1,-1,4>0,-1,2 2,2,-2>3,0,-2 4,-3,1>3,-1,-1 3,0,-2>1,2,-1"}
{"par":25,"whiteIs":"A","ptsW":null,"res":"tope","plies":80,"balW":-1071,"secs":32.2,"apertura":"-1,-2,4>-1,-1,4 -1,3,-1>0,2,0 1,-2,3>0,0,2 -2,4,-1>-1,3,-1 0,-2,3>-1,0,2 -3,3,1>-2,2,2"}
{"par":25,"whiteIs":"B","ptsW":null,"res":"tope","plies":80,"balW":-100,"secs":30.8,"apertura":"-1,-2,4>-1,-1,4 -1,3,-1>0,2,0 1,-2,3>0,0,2 -2,4,-1>-1,3,-1 0,-2,3>-1,0,2 -3,3,1>-2,2,2"}
{"par":26,"whiteIs":"A","ptsW":null,"res":"tope","plies":80,"balW":-648,"secs":24.1,"apertura":"1,-3,3>1,-1,2 -2,4,0>-2,2,1 -1,-2,4>-2,0,3 -1,3,-1>0,2,0 2,-2,2>1,0,1 -2,3,0>-1,1,1"}
{"par":26,"whiteIs":"B","ptsW":null,"res":"tope","plies":80,"balW":-1141,"secs":29.5,"apertura":"1,-3,3>1,-1,2 -2,4,0>-2,2,1 -1,-2,4>-2,0,3 -1,3,-1>0,2,0 2,-2,2>1,0,1 -2,3,0>-1,1,1"}
{"par":27,"whiteIs":"A","ptsW":null,"res":"tope","plies":80,"balW":-243,"secs":29.8,"apertura":"1,-2,2>1,-1,2 2,3,-3>2,2,-3 4,-2,0>3,0,-1 -2,3,0>-1,2,1 1,-3,3>-1,-1,4 -3,4,0>0,1,0"}
{"par":27,"whiteIs":"B","ptsW":null,"res":"tope","plies":80,"balW":548,"secs":30.1,"apertura":"1,-2,2>1,-1,2 2,3,-3>2,2,-3 4,-2,0>3,0,-1 -2,3,0>-1,2,1 1,-3,3>-1,-1,4 -3,4,0>0,1,0"}
{"par":28,"whiteIs":"A","ptsW":null,"res":"tope","plies":80,"balW":387,"secs":28.5,"apertura":"1,-3,3>2,-1,1 -2,4,0>0,2,-1 2,-2,2>1,-1,1 0,2,-1>2,0,0 2,-1,1>1,1,-1 -2,3,1>-1,1,2"}
{"par":28,"whiteIs":"B","ptsW":null,"res":"tope","plies":80,"balW":70,"secs":23.2,"apertura":"1,-3,3>2,-1,1 -2,4,0>0,2,-1 2,-2,2>1,-1,1 0,2,-1>2,0,0 2,-1,1>1,1,-1 -2,3,1>-1,1,2"}
{"par":29,"whiteIs":"A","ptsW":null,"res":"tope","plies":80,"balW":-23,"secs":27.9,"apertura":"1,-3,3>1,-1,2 0,3,-2>1,2,-1 1,-1,2>-1,-1,3 -2,3,1>-1,1,2 -1,-1,3>1,-1,2 -2,4,0>-2,2,1"}
{"par":29,"whiteIs":"B","ptsW":null,"res":"tope","plies":80,"balW":853,"secs":26.7,"apertura":"1,-3,3>1,-1,2 0,3,-2>1,2,-1 1,-1,2>-1,-1,3 -2,3,1>-1,1,2 -1,-1,3>1,-1,2 -2,4,0>-2,2,1"}
{"par":30,"whiteIs":"A","ptsW":null,"res":"tope","plies":80,"balW":-163,"secs":26,"apertura":"1,-3,3>-1,-1,4 -3,3,1>-2,1,2 4,-2,-1>3,0,-2 -3,4,1>-3,3,1 0,-2,4>-1,0,3 -2,4,0>-1,2,0"}
{"par":30,"whiteIs":"B","ptsW":null,"res":"tope","plies":80,"balW":531,"secs":26.3,"apertura":"1,-3,3>-1,-1,4 -3,3,1>-2,1,2 4,-2,-1>3,0,-2 -3,4,1>-3,3,1 0,-2,4>-1,0,3 -2,4,0>-1,2,0"}
{"par":31,"whiteIs":"A","ptsW":null,"res":"tope","plies":80,"balW":-122,"secs":28.2,"apertura":"0,-2,4>-1,0,3 2,3,-3>2,2,-3 4,-3,1>2,-1,0 0,3,-1>0,2,-1 2,-1,0>1,1,0 -3,3,2>-2,1,3"}
{"par":31,"whiteIs":"B","ptsW":null,"res":"tope","plies":80,"balW":613,"secs":28.4,"apertura":"0,-2,4>-1,0,3 2,3,-3>2,2,-3 4,-3,1>2,-1,0 0,3,-1>0,2,-1 2,-1,0>1,1,0 -3,3,2>-2,1,3"}
{"par":32,"whiteIs":"A","ptsW":null,"res":"tope","plies":80,"balW":-883,"secs":25.5,"apertura":"1,-2,2>0,0,1 -2,4,0>0,2,-1 -1,-2,4>-1,-1,4 2,3,-3>3,1,-2 1,-3,3>1,-1,2 0,4,-3>1,2,-1"}
{"par":32,"whiteIs":"B","ptsW":null,"res":"tope","plies":80,"balW":-10,"secs":26,"apertura":"1,-2,2>0,0,1 -2,4,0>0,2,-1 -1,-2,4>-1,-1,4 2,3,-3>3,1,-2 1,-3,3>1,-1,2 0,4,-3>1,2,-1"}
{"par":33,"whiteIs":"A","ptsW":null,"res":"tope","plies":80,"balW":-28,"secs":28.1,"apertura":"3,-2,1>2,-1,0 2,3,-3>2,2,-3 0,-2,3>-1,0,2 -2,4,0>-1,2,0 3,-2,0>2,0,-1 -1,2,0>1,1,0"}
{"par":33,"whiteIs":"B","ptsW":null,"res":"tope","plies":80,"balW":-88,"secs":27.2,"apertura":"3,-2,1>2,-1,0 2,3,-3>2,2,-3 0,-2,3>-1,0,2 -2,4,0>-1,2,0 3,-2,0>2,0,-1 -1,2,0>1,1,0"}
{"par":34,"whiteIs":"A","ptsW":null,"res":"tope","plies":80,"balW":-1316,"secs":25.1,"apertura":"1,-3,3>1,-1,2 1,3,-3>2,2,-2 0,-2,3>-1,0,2 -3,3,1>-2,2,2 3,-2,0>3,-1,0 -3,4,0>-3,0,4"}
{"par":34,"whiteIs":"B","ptsW":null,"res":"tope","plies":80,"balW":601,"secs":24,"apertura":"1,-3,3>1,-1,2 1,3,-3>2,2,-2 0,-2,3>-1,0,2 -3,3,1>-2,2,2 3,-2,0>3,-1,0 -3,4,0>-3,0,4"}
{"par":35,"whiteIs":"A","ptsW":0,"res":"mate","plies":70,"balW":-1539,"secs":24.5,"apertura":"1,-2,2>1,-1,2 -1,3,0>0,1,1 4,-2,0>3,-1,-1 -2,4,0>0,2,-1 0,-2,3>0,-1,3 0,3,-2>1,1,-1"}
{"par":35,"whiteIs":"B","ptsW":null,"res":"tope","plies":80,"balW":505,"secs":22.1,"apertura":"1,-2,2>1,-1,2 -1,3,0>0,1,1 4,-2,0>3,-1,-1 -2,4,0>0,2,-1 0,-2,3>0,-1,3 0,3,-2>1,1,-1"}
{"par":36,"whiteIs":"A","ptsW":0,"res":"mate","plies":62,"balW":-683,"secs":19.3,"apertura":"-1,-2,4>-1,-1,4 -1,3,-1>0,1,0 1,-3,3>2,-1,1 -2,4,0>-3,2,2 3,-2,0>3,-1,0 -2,4,-1>-2,4,0"}
{"par":36,"whiteIs":"B","ptsW":null,"res":"tope","plies":80,"balW":758,"secs":27.2,"apertura":"-1,-2,4>-1,-1,4 -1,3,-1>0,1,0 1,-3,3>2,-1,1 -2,4,0>-3,2,2 3,-2,0>3,-1,0 -2,4,-1>-2,4,0"}
{"par":37,"whiteIs":"A","ptsW":null,"res":"tope","plies":80,"balW":-918,"secs":24.5,"apertura":"2,-2,1>2,-1,1 -2,3,1>-1,1,2 2,-2,2>1,-1,1 1,3,-3>2,1,-2 4,-2,-1>4,-1,-1 -1,3,-1>0,2,0"}
{"par":37,"whiteIs":"B","ptsW":1,"res":"mate","plies":19,"balW":100,"secs":6.5,"apertura":"2,-2,1>2,-1,1 -2,3,1>-1,1,2 2,-2,2>1,-1,1 1,3,-3>2,1,-2 4,-2,-1>4,-1,-1 -1,3,-1>0,2,0"}
{"par":38,"whiteIs":"A","ptsW":null,"res":"tope","plies":80,"balW":-218,"secs":26,"apertura":"4,-3,1>3,-1,-1 -2,3,0>-1,2,1 -1,-2,4>-1,-1,4 0,3,-2>1,2,-1 3,-1,-1>1,0,1 2,3,-3>3,1,-2"}
{"par":38,"whiteIs":"B","ptsW":null,"res":"tope","plies":80,"balW":483,"secs":24.9,"apertura":"4,-3,1>3,-1,-1 -2,3,0>-1,2,1 -1,-2,4>-1,-1,4 0,3,-2>1,2,-1 3,-1,-1>1,0,1 2,3,-3>3,1,-2"}
{"par":39,"whiteIs":"A","ptsW":null,"res":"tope","plies":80,"balW":-200,"secs":20.9,"apertura":"1,-2,3>0,0,2 -3,3,2>-3,2,2 1,-3,4>1,1,0 -2,3,1>-1,1,2 1,1,0>1,0,1 2,3,-3>3,1,-2"}
{"par":39,"whiteIs":"B","ptsW":1,"res":"mate","plies":61,"balW":1466,"secs":20.7,"apertura":"1,-2,3>0,0,2 -3,3,2>-3,2,2 1,-3,4>1,1,0 -2,3,1>-1,1,2 1,1,0>1,0,1 2,3,-3>3,1,-2"}
{"par":40,"whiteIs":"A","ptsW":null,"res":"tope","plies":80,"balW":-365,"secs":19.9,"apertura":"0,-2,3>0,-1,3 -2,3,1>-2,2,1 4,-2,-1>4,-1,-1 0,3,-1>0,2,-1 4,-3,1>2,-1,0 -1,3,-1>0,1,0"}
{"par":40,"whiteIs":"B","ptsW":null,"res":"tope","plies":80,"balW":70,"secs":23.9,"apertura":"0,-2,3>0,-1,3 -2,3,1>-2,2,1 4,-2,-1>4,-1,-1 0,3,-1>0,2,-1 4,-3,1>2,-1,0 -1,3,-1>0,1,0"}
{"par":41,"whiteIs":"A","ptsW":null,"res":"tope","plies":80,"balW":18,"secs":23,"apertura":"1,-2,2>0,0,1 -2,4,0>-2,2,1 1,-2,3>0,0,2 -1,3,-1>0,1,0 1,-3,4>1,0,1 0,3,-2>1,2,-1"}
{"par":41,"whiteIs":"B","ptsW":null,"res":"tope","plies":80,"balW":553,"secs":22,"apertura":"1,-2,2>0,0,1 -2,4,0>-2,2,1 1,-2,3>0,0,2 -1,3,-1>0,1,0 1,-3,4>1,0,1 0,3,-2>1,2,-1"}
{"par":42,"whiteIs":"A","ptsW":null,"res":"tope","plies":80,"balW":-748,"secs":22.7,"apertura":"0,-2,3>0,-1,3 2,3,-3>3,1,-2 4,-2,-1>4,-1,-1 -3,3,1>-2,1,2 3,-2,0>3,-1,0 -2,4,0>-1,2,0"}
{"par":42,"whiteIs":"B","ptsW":null,"res":"tope","plies":80,"balW":230,"secs":19.3,"apertura":"0,-2,3>0,-1,3 2,3,-3>3,1,-2 4,-2,-1>4,-1,-1 -3,3,1>-2,1,2 3,-2,0>3,-1,0 -2,4,0>-1,2,0"}
{"par":43,"whiteIs":"A","ptsW":null,"res":"tope","plies":80,"balW":-441,"secs":19.1,"apertura":"0,-2,4>-1,-1,3 -2,4,0>-1,2,0 4,-2,-1>4,-1,-1 1,3,-2>1,2,-2 4,-2,0>3,-1,-1 0,3,-1>1,1,0"}
{"par":43,"whiteIs":"B","ptsW":null,"res":"tope","plies":80,"balW":583,"secs":17.8,"apertura":"0,-2,4>-1,-1,3 -2,4,0>-1,2,0 4,-2,-1>4,-1,-1 1,3,-2>1,2,-2 4,-2,0>3,-1,-1 0,3,-1>1,1,0"}
{"par":44,"whiteIs":"A","ptsW":null,"res":"tope","plies":80,"balW":183,"secs":21.8,"apertura":"2,-2,1>2,-1,1 1,3,-2>2,1,-1 3,-3,1>1,-1,1 -2,3,0>-1,1,1 3,-2,1>2,-1,0 -3,4,0>-1,2,0"}
{"par":44,"whiteIs":"B","ptsW":1,"res":"mate","plies":17,"balW":365,"secs":4.6,"apertura":"2,-2,1>2,-1,1 1,3,-2>2,1,-1 3,-3,1>1,-1,1 -2,3,0>-1,1,1 3,-2,1>2,-1,0 -3,4,0>-1,2,0"}
{"par":45,"whiteIs":"A","ptsW":null,"res":"tope","plies":80,"balW":-841,"secs":23.3,"apertura":"-1,-2,4>-1,-1,4 -1,3,-1>0,2,0 3,-2,0>3,-1,0 -1,3,0>0,1,1 1,-3,3>0,-1,3 0,3,-1>1,1,0"}
{"par":45,"whiteIs":"B","ptsW":null,"res":"tope","plies":80,"balW":-148,"secs":22.3,"apertura":"-1,-2,4>-1,-1,4 -1,3,-1>0,2,0 3,-2,0>3,-1,0 -1,3,0>0,1,1 1,-3,3>0,-1,3 0,3,-1>1,1,0"}
{"par":46,"whiteIs":"A","ptsW":null,"res":"tope","plies":80,"balW":676,"secs":22.9,"apertura":"1,-3,3>2,-1,1 0,3,-2>1,2,-1 2,-1,1>0,0,1 -2,4,0>0,2,-1 3,-2,1>2,-1,0 1,3,-3>2,2,-2"}
{"par":46,"whiteIs":"B","ptsW":null,"res":"tope","plies":80,"balW":583,"secs":20.4,"apertura":"1,-3,3>2,-1,1 0,3,-2>1,2,-1 2,-1,1>0,0,1 -2,4,0>0,2,-1 3,-2,1>2,-1,0 1,3,-3>2,2,-2"}
{"par":47,"whiteIs":"A","ptsW":null,"res":"tope","plies":80,"balW":-798,"secs":18.9,"apertura":"1,-3,3>0,-1,3 -3,3,1>-2,1,2 0,-1,3>1,-3,3 2,3,-3>3,1,-2 1,-2,3>0,0,2 1,3,-3>2,1,-2"}
{"par":47,"whiteIs":"B","ptsW":null,"res":"tope","plies":80,"balW":713,"secs":21.8,"apertura":"1,-3,3>0,-1,3 -3,3,1>-2,1,2 0,-1,3>1,-3,3 2,3,-3>3,1,-2 1,-2,3>0,0,2 1,3,-3>2,1,-2"}
{"par":48,"whiteIs":"A","ptsW":null,"res":"tope","plies":80,"balW":-1016,"secs":21.5,"apertura":"4,-3,1>3,-1,-1 -1,3,-1>0,1,0 4,-2,-1>4,-1,-1 -2,3,0>-1,2,1 3,-2,1>2,-1,0 -3,3,1>-2,2,2"}
{"par":48,"whiteIs":"B","ptsW":null,"res":"tope","plies":80,"balW":700,"secs":23.1,"apertura":"4,-3,1>3,-1,-1 -1,3,-1>0,1,0 4,-2,-1>4,-1,-1 -2,3,0>-1,2,1 3,-2,1>2,-1,0 -3,3,1>-2,2,2"}
{"par":49,"whiteIs":"A","ptsW":null,"res":"tope","plies":80,"balW":0,"secs":22.9,"apertura":"1,-2,2>1,-1,2 2,3,-3>2,2,-3 1,-2,3>0,-1,2 -2,3,0>-1,1,1 0,-2,4>-1,-1,3 -1,1,1>0,0,2"}
{"par":49,"whiteIs":"B","ptsW":1,"res":"mate","plies":25,"balW":843,"secs":7.6,"apertura":"1,-2,2>1,-1,2 2,3,-3>2,2,-3 1,-2,3>0,-1,2 -2,3,0>-1,1,1 0,-2,4>-1,-1,3 -1,1,1>0,0,2"}
{"par":50,"whiteIs":"A","ptsW":null,"res":"tope","plies":80,"balW":-30,"secs":19.3,"apertura":"1,-3,3>1,-1,2 0,4,-3>1,2,-1 2,-2,1>1,0,0 1,2,-1>0,0,1 0,-2,3>-1,0,2 0,3,-2>1,2,-1"}
{"par":50,"whiteIs":"B","ptsW":null,"res":"tope","plies":80,"balW":1218,"secs":21,"apertura":"1,-3,3>1,-1,2 0,4,-3>1,2,-1 2,-2,1>1,0,0 1,2,-1>0,0,1 0,-2,3>-1,0,2 0,3,-2>1,2,-1"}
{"par":51,"whiteIs":"A","ptsW":null,"res":"tope","plies":80,"balW":-328,"secs":23.5,"apertura":"4,-3,1>3,-1,-1 1,3,-2>2,1,-1 1,-3,3>-1,-1,4 -2,4,0>-3,2,2 0,-2,3>0,-1,3 0,4,-2>4,0,-2"}
{"par":51,"whiteIs":"B","ptsW":null,"res":"tope","plies":80,"balW":1411,"secs":20.9,"apertura":"4,-3,1>3,-1,-1 1,3,-2>2,1,-1 1,-3,3>-1,-1,4 -2,4,0>-3,2,2 0,-2,3>0,-1,3 0,4,-2>4,0,-2"}
{"par":52,"whiteIs":"A","ptsW":null,"res":"tope","plies":80,"balW":-398,"secs":21,"apertura":"3,-2,1>2,0,0 -2,3,1>-1,1,2 2,-2,2>1,0,1 -1,3,0>-1,2,0 1,-2,2>0,0,1 1,3,-3>2,1,-2"}
{"par":52,"whiteIs":"B","ptsW":null,"res":"tope","plies":80,"balW":-171,"secs":22.6,"apertura":"3,-2,1>2,0,0 -2,3,1>-1,1,2 2,-2,2>1,0,1 -1,3,0>-1,2,0 1,-2,2>0,0,1 1,3,-3>2,1,-2"}
{"par":53,"whiteIs":"A","ptsW":null,"res":"tope","plies":80,"balW":-588,"secs":21.4,"apertura":"3,-2,0>3,-1,0 1,3,-2>2,1,-1 3,-1,0>2,0,-1 1,3,-3>2,2,-2 1,-3,3>-1,-1,4 2,2,-2>2,1,-2"}
{"par":53,"whiteIs":"B","ptsW":null,"res":"tope","plies":80,"balW":148,"secs":22.4,"apertura":"3,-2,0>3,-1,0 1,3,-2>2,1,-1 3,-1,0>2,0,-1 1,3,-3>2,2,-2 1,-3,3>-1,-1,4 2,2,-2>2,1,-2"}
{"par":54,"whiteIs":"A","ptsW":null,"res":"tope","plies":80,"balW":-170,"secs":20.9,"apertura":"4,-2,-1>3,0,-2 1,3,-3>2,2,-2 0,-2,3>-1,0,2 -1,3,-1>0,1,0 2,-2,2>1,0,1 -1,3,0>-1,2,0"}
{"par":54,"whiteIs":"B","ptsW":null,"res":"tope","plies":80,"balW":1136,"secs":21.1,"apertura":"4,-2,-1>3,0,-2 1,3,-3>2,2,-2 0,-2,3>-1,0,2 -1,3,-1>0,1,0 2,-2,2>1,0,1 -1,3,0>-1,2,0"}
{"par":55,"whiteIs":"A","ptsW":null,"res":"tope","plies":80,"balW":275,"secs":19.4,"apertura":"3,-2,0>2,0,-1 -1,3,-1>0,2,0 4,-2,-1>3,0,-2 1,3,-2>1,2,-2 -1,-2,4>-2,0,3 -1,3,0>-1,2,0"}
{"par":55,"whiteIs":"B","ptsW":null,"res":"tope","plies":80,"balW":335,"secs":21.6,"apertura":"3,-2,0>2,0,-1 -1,3,-1>0,2,0 4,-2,-1>3,0,-2 1,3,-2>1,2,-2 -1,-2,4>-2,0,3 -1,3,0>-1,2,0"}
{"par":56,"whiteIs":"A","ptsW":null,"res":"tope","plies":80,"balW":-258,"secs":21.5,"apertura":"1,-2,2>1,-1,2 -3,3,2>-3,2,2 0,-2,4>-1,-1,3 -2,4,0>-1,2,0 3,-2,1>2,0,0 0,3,-2>1,1,-1"}
{"par":56,"whiteIs":"B","ptsW":null,"res":"tope","plies":80,"balW":1100,"secs":19.1,"apertura":"1,-2,2>1,-1,2 -3,3,2>-3,2,2 0,-2,4>-1,-1,3 -2,4,0>-1,2,0 3,-2,1>2,0,0 0,3,-2>1,1,-1"}
{"par":57,"whiteIs":"A","ptsW":null,"res":"tope","plies":80,"balW":-517,"secs":17.6,"apertura":"0,-2,3>-1,0,2 -1,3,0>0,1,1 1,-2,3>0,-1,2 2,3,-3>2,2,-3 2,-3,2>1,-2,3 -1,3,-1>0,1,0"}
{"par":57,"whiteIs":"B","ptsW":null,"res":"tope","plies":80,"balW":-117,"secs":17.1,"apertura":"0,-2,3>-1,0,2 -1,3,0>0,1,1 1,-2,3>0,-1,2 2,3,-3>2,2,-3 2,-3,2>1,-2,3 -1,3,-1>0,1,0"}
{"par":58,"whiteIs":"A","ptsW":0,"res":"mate","plies":66,"balW":-2077,"secs":14.8,"apertura":"3,-2,0>2,0,-1 -3,3,2>-2,1,3 1,-2,2>1,-1,2 1,3,-3>2,2,-2 4,-2,-1>3,0,-2 -2,1,3>-2,0,3"}
{"par":58,"whiteIs":"B","ptsW":null,"res":"tope","plies":80,"balW":-358,"secs":16.5,"apertura":"3,-2,0>2,0,-1 -3,3,2>-2,1,3 1,-2,2>1,-1,2 1,3,-3>2,2,-2 4,-2,-1>3,0,-2 -2,1,3>-2,0,3"}
{"par":59,"whiteIs":"A","ptsW":null,"res":"tope","plies":80,"balW":-435,"secs":19.4,"apertura":"3,-2,0>3,-1,0 2,3,-3>3,1,-2 4,-2,-1>3,0,-2 -3,3,2>-2,1,3 0,-2,3>-1,0,2 -2,3,1>-2,2,1"}
{"par":59,"whiteIs":"B","ptsW":null,"res":"tope","plies":80,"balW":107,"secs":17.6,"apertura":"3,-2,0>3,-1,0 2,3,-3>3,1,-2 4,-2,-1>3,0,-2 -3,3,2>-2,1,3 0,-2,3>-1,0,2 -2,3,1>-2,2,1"}
{"par":60,"whiteIs":"A","ptsW":null,"res":"tope","plies":80,"balW":-558,"secs":18.4,"apertura":"4,-2,0>3,0,-1 -1,3,-1>0,2,0 3,0,-1>2,1,-2 1,3,-3>2,2,-2 1,-2,3>0,-1,2 0,2,0>0,1,0"}
{"par":60,"whiteIs":"B","ptsW":null,"res":"tope","plies":80,"balW":-17,"secs":18.4,"apertura":"4,-2,0>3,0,-1 -1,3,-1>0,2,0 3,0,-1>2,1,-2 1,3,-3>2,2,-2 1,-2,3>0,-1,2 0,2,0>0,1,0"}
{"par":61,"whiteIs":"A","ptsW":null,"res":"tope","plies":80,"balW":23,"secs":19.2,"apertura":"4,-2,-1>3,0,-2 0,3,-2>1,2,-1 3,-2,1>2,-1,0 -1,4,-1>0,3,-2 1,-3,3>0,-1,3 2,3,-3>3,1,-2"}
{"par":61,"whiteIs":"B","ptsW":null,"res":"tope","plies":80,"balW":177,"secs":19.8,"apertura":"4,-2,-1>3,0,-2 0,3,-2>1,2,-1 3,-2,1>2,-1,0 -1,4,-1>0,3,-2 1,-3,3>0,-1,3 2,3,-3>3,1,-2"}
{"par":62,"whiteIs":"A","ptsW":null,"res":"tope","plies":80,"balW":-1104,"secs":19.1,"apertura":"3,-2,1>2,-1,0 0,3,-1>1,1,0 4,-2,-1>4,-1,-1 1,3,-2>2,1,-1 -1,-2,4>-2,0,3 -1,4,-2>0,2,-1"}
{"par":62,"whiteIs":"B","ptsW":null,"res":"tope","plies":80,"balW":165,"secs":16,"apertura":"3,-2,1>2,-1,0 0,3,-1>1,1,0 4,-2,-1>4,-1,-1 1,3,-2>2,1,-1 -1,-2,4>-2,0,3 -1,4,-2>0,2,-1"}
{"par":63,"whiteIs":"A","ptsW":null,"res":"tope","plies":80,"balW":-93,"secs":19.5,"apertura":"4,-3,1>2,-1,0 1,3,-3>2,1,-2 2,-1,0>4,0,-2 1,3,-2>2,1,-1 4,-2,0>3,-1,-1 1,4,-3>1,0,1"}
{"par":63,"whiteIs":"B","ptsW":null,"res":"tope","plies":80,"balW":370,"secs":19.5,"apertura":"4,-3,1>2,-1,0 1,3,-3>2,1,-2 2,-1,0>4,0,-2 1,3,-2>2,1,-1 4,-2,0>3,-1,-1 1,4,-3>1,0,1"}
{"par":64,"whiteIs":"A","ptsW":null,"res":"tope","plies":80,"balW":-370,"secs":18.6,"apertura":"0,-2,4>-1,0,3 -1,3,-1>0,1,0 1,-3,4>-1,-1,4 -2,4,0>-2,2,1 -1,-1,4>1,-3,4 -1,3,0>0,1,1"}
{"par":64,"whiteIs":"B","ptsW":null,"res":"tope","plies":80,"balW":824,"secs":20.1,"apertura":"0,-2,4>-1,0,3 -1,3,-1>0,1,0 1,-3,4>-1,-1,4 -2,4,0>-2,2,1 -1,-1,4>1,-3,4 -1,3,0>0,1,1"}
{"par":65,"whiteIs":"A","ptsW":null,"res":"tope","plies":80,"balW":-593,"secs":18.9,"apertura":"1,-2,3>0,0,2 2,3,-3>3,1,-2 0,-2,3>-1,0,2 -3,3,1>-2,1,2 2,-2,1>2,-1,1 -1,3,-1>0,1,0"}
{"par":65,"whiteIs":"B","ptsW":null,"res":"tope","plies":80,"balW":535,"secs":19.9,"apertura":"1,-2,3>0,0,2 2,3,-3>3,1,-2 0,-2,3>-1,0,2 -3,3,1>-2,1,2 2,-2,1>2,-1,1 -1,3,-1>0,1,0"}
{"par":66,"whiteIs":"A","ptsW":null,"res":"tope","plies":80,"balW":-52,"secs":17.3,"apertura":"2,-2,2>1,-1,1 0,3,-2>1,2,-1 1,-3,3>0,-1,3 -3,3,2>-3,2,2 3,-2,0>2,0,-1 -1,3,0>0,1,1"}
{"par":66,"whiteIs":"B","ptsW":null,"res":"tope","plies":80,"balW":1371,"secs":18.3,"apertura":"2,-2,2>1,-1,1 0,3,-2>1,2,-1 1,-3,3>0,-1,3 -3,3,2>-3,2,2 3,-2,0>2,0,-1 -1,3,0>0,1,1"}
{"par":67,"whiteIs":"A","ptsW":null,"res":"tope","plies":80,"balW":-1211,"secs":19.3,"apertura":"1,-3,3>-1,-1,4 0,4,-3>1,2,-1 0,-2,3>-1,0,2 1,2,-1>0,4,-3 -1,-1,4>-3,0,4 0,4,-3>1,2,-1"}
{"par":67,"whiteIs":"B","ptsW":null,"res":"tope","plies":80,"balW":613,"secs":18.4,"apertura":"1,-3,3>-1,-1,4 0,4,-3>1,2,-1 0,-2,3>-1,0,2 1,2,-1>0,4,-3 -1,-1,4>-3,0,4 0,4,-3>1,2,-1"}
{"par":68,"whiteIs":"A","ptsW":1,"res":"mate","plies":1,"balW":100,"secs":0.1,"apertura":"1,-3,3>-1,-1,4 0,3,-2>1,1,-1 -1,-1,4>-3,1,3 2,3,-3>2,2,-3 0,-2,4>-1,0,3 0,4,-3>1,2,-1"}
{"par":68,"whiteIs":"B","ptsW":1,"res":"mate","plies":1,"balW":100,"secs":0.2,"apertura":"1,-3,3>-1,-1,4 0,3,-2>1,1,-1 -1,-1,4>-3,1,3 2,3,-3>2,2,-3 0,-2,4>-1,0,3 0,4,-3>1,2,-1"}
{"par":69,"whiteIs":"A","ptsW":null,"res":"tope","plies":80,"balW":-247,"secs":17.9,"apertura":"1,-2,3>0,-1,2 -2,4,0>-2,2,1 3,-2,0>2,0,-1 0,4,-3>1,2,-1 3,-3,1>3,1,-3 1,3,-3>2,1,-2"}
{"par":69,"whiteIs":"B","ptsW":null,"res":"tope","plies":80,"balW":658,"secs":17.1,"apertura":"1,-2,3>0,-1,2 -2,4,0>-2,2,1 3,-2,0>2,0,-1 0,4,-3>1,2,-1 3,-3,1>3,1,-3 1,3,-3>2,1,-2"}
{"par":70,"whiteIs":"A","ptsW":null,"res":"tope","plies":80,"balW":-565,"secs":17.9,"apertura":"0,-2,3>0,-1,3 1,3,-3>2,2,-2 1,-2,3>0,-1,2 0,3,-2>1,1,-1 2,-3,2>1,-2,3 -2,4,0>0,2,-1"}
{"par":70,"whiteIs":"B","ptsW":null,"res":"tope","plies":80,"balW":220,"secs":18.6,"apertura":"0,-2,3>0,-1,3 1,3,-3>2,2,-2 1,-2,3>0,-1,2 0,3,-2>1,1,-1 2,-3,2>1,-2,3 -2,4,0>0,2,-1"}
{"par":71,"whiteIs":"A","ptsW":null,"res":"tope","plies":80,"balW":-548,"secs":17.1,"apertura":"1,-3,3>2,-1,1 -3,3,2>-3,2,2 1,-2,2>1,-1,2 -3,3,1>-2,1,2 3,-2,1>2,0,0 -2,3,0>-1,2,1"}
{"par":71,"whiteIs":"B","ptsW":null,"res":"tope","plies":80,"balW":118,"secs":18.6,"apertura":"1,-3,3>2,-1,1 -3,3,2>-3,2,2 1,-2,2>1,-1,2 -3,3,1>-2,1,2 3,-2,1>2,0,0 -2,3,0>-1,2,1"}
{"par":72,"whiteIs":"A","ptsW":0,"res":"mate","plies":26,"balW":-465,"secs":6.6,"apertura":"2,-2,1>2,-1,1 -2,3,1>-1,1,2 3,-3,1>0,0,1 1,3,-3>2,2,-2 1,-2,2>1,-1,2 0,3,-2>1,1,-1"}
{"par":72,"whiteIs":"B","ptsW":null,"res":"tope","plies":80,"balW":-60,"secs":18.8,"apertura":"2,-2,1>2,-1,1 -2,3,1>-1,1,2 3,-3,1>0,0,1 1,3,-3>2,2,-2 1,-2,2>1,-1,2 0,3,-2>1,1,-1"}
{"par":73,"whiteIs":"A","ptsW":null,"res":"tope","plies":80,"balW":-325,"secs":19.8,"apertura":"1,-3,3>1,-1,2 1,3,-2>1,2,-2 1,-1,2>1,-3,3 0,4,-2>2,2,-2 3,-2,0>2,0,-1 2,2,-2>4,0,-2"}
{"par":73,"whiteIs":"B","ptsW":null,"res":"tope","plies":80,"balW":95,"secs":18.7,"apertura":"1,-3,3>1,-1,2 1,3,-2>1,2,-2 1,-1,2>1,-3,3 0,4,-2>2,2,-2 3,-2,0>2,0,-1 2,2,-2>4,0,-2"}
{"par":74,"whiteIs":"A","ptsW":0,"res":"mate","plies":76,"balW":-118,"secs":19.9,"apertura":"2,-2,2>1,0,1 -2,4,0>-2,2,1 2,-2,1>2,-1,1 -1,3,0>0,1,1 2,-3,3>2,-2,2 1,3,-3>2,2,-2"}
{"par":74,"whiteIs":"B","ptsW":null,"res":"tope","plies":80,"balW":625,"secs":19.5,"apertura":"2,-2,2>1,0,1 -2,4,0>-2,2,1 2,-2,1>2,-1,1 -1,3,0>0,1,1 2,-3,3>2,-2,2 1,3,-3>2,2,-2"}
{"par":75,"whiteIs":"A","ptsW":null,"res":"tope","plies":80,"balW":-233,"secs":21,"apertura":"-1,-2,4>-1,-1,4 -1,3,0>0,1,1 1,-3,3>1,-1,2 0,3,-1>0,2,-1 1,-1,2>-1,-1,3 0,3,-2>1,2,-1"}
{"par":75,"whiteIs":"B","ptsW":null,"res":"tope","plies":80,"balW":951,"secs":21.6,"apertura":"-1,-2,4>-1,-1,4 -1,3,0>0,1,1 1,-3,3>1,-1,2 0,3,-1>0,2,-1 1,-1,2>-1,-1,3 0,3,-2>1,2,-1"}
{"par":76,"whiteIs":"A","ptsW":null,"res":"tope","plies":80,"balW":-310,"secs":19,"apertura":"2,-2,2>1,0,1 -3,3,1>-2,2,2 0,-2,3>0,-1,3 -2,4,0>-3,2,2 3,-2,0>2,0,-1 -3,2,2>-1,1,2"}
{"par":76,"whiteIs":"B","ptsW":null,"res":"tope","plies":80,"balW":383,"secs":20.3,"apertura":"2,-2,2>1,0,1 -3,3,1>-2,2,2 0,-2,3>0,-1,3 -2,4,0>-3,2,2 3,-2,0>2,0,-1 -3,2,2>-1,1,2"}
{"par":77,"whiteIs":"A","ptsW":null,"res":"tope","plies":80,"balW":-506,"secs":17.4,"apertura":"2,-2,2>1,0,1 0,4,-3>2,2,-2 3,-2,0>3,-1,0 -1,3,-1>0,1,0 1,-2,3>0,0,2 -3,3,2>-2,1,3"}
{"par":77,"whiteIs":"B","ptsW":null,"res":"tope","plies":80,"balW":916,"secs":22.3,"apertura":"2,-2,2>1,0,1 0,4,-3>2,2,-2 3,-2,0>3,-1,0 -1,3,-1>0,1,0 1,-2,3>0,0,2 -3,3,2>-2,1,3"}
{"par":78,"whiteIs":"A","ptsW":null,"res":"tope","plies":80,"balW":78,"secs":19.6,"apertura":"0,-2,3>0,-1,3 0,3,-1>1,1,0 0,-1,3>-1,0,2 -2,3,1>-2,2,1 1,-3,3>1,-1,2 1,3,-3>2,1,-2"}
{"par":78,"whiteIs":"B","ptsW":1,"res":"mate","plies":63,"balW":2029,"secs":16.2,"apertura":"0,-2,3>0,-1,3 0,3,-1>1,1,0 0,-1,3>-1,0,2 -2,3,1>-2,2,1 1,-3,3>1,-1,2 1,3,-3>2,1,-2"}
{"par":79,"whiteIs":"A","ptsW":null,"res":"tope","plies":80,"balW":548,"secs":18.3,"apertura":"1,-2,3>0,0,2 2,3,-3>2,2,-3 1,-3,4>1,-1,2 -1,3,-1>0,2,0 1,-1,2>2,-1,1 -1,4,-1>-1,3,-1"}
{"par":79,"whiteIs":"B","ptsW":null,"res":"tope","plies":80,"balW":620,"secs":17.7,"apertura":"1,-2,3>0,0,2 2,3,-3>2,2,-3 1,-3,4>1,-1,2 -1,3,-1>0,2,0 1,-1,2>2,-1,1 -1,4,-1>-1,3,-1"}
{"par":80,"whiteIs":"A","ptsW":null,"res":"tope","plies":80,"balW":-370,"secs":19.2,"apertura":"1,-3,3>0,-1,3 -3,3,1>-2,2,2 4,-3,1>3,-1,-1 -1,3,0>-1,2,0 3,-1,-1>3,1,-2 1,3,-2>2,1,-1"}
{"par":80,"whiteIs":"B","ptsW":null,"res":"tope","plies":80,"balW":293,"secs":19,"apertura":"1,-3,3>0,-1,3 -3,3,1>-2,2,2 4,-3,1>3,-1,-1 -1,3,0>-1,2,0 3,-1,-1>3,1,-2 1,3,-2>2,1,-1"}
{"par":81,"whiteIs":"A","ptsW":null,"res":"tope","plies":80,"balW":330,"secs":19.6,"apertura":"1,-3,3>0,-1,3 -3,3,1>-2,2,2 0,-1,3>1,-1,1 -2,2,2>-2,1,2 4,-2,0>3,0,-1 -2,3,1>-2,2,1"}
{"par":81,"whiteIs":"B","ptsW":null,"res":"tope","plies":80,"balW":188,"secs":17.6,"apertura":"1,-3,3>0,-1,3 -3,3,1>-2,2,2 0,-1,3>1,-1,1 -2,2,2>-2,1,2 4,-2,0>3,0,-1 -2,3,1>-2,2,1"}
{"par":82,"whiteIs":"A","ptsW":null,"res":"tope","plies":80,"balW":7,"secs":17.4,"apertura":"2,-2,2>1,0,1 -1,3,-1>0,1,0 1,-3,3>-1,-1,4 0,3,-1>1,1,0 0,-2,4>-1,-1,3 0,4,-2>0,3,-1"}
{"par":82,"whiteIs":"B","ptsW":null,"res":"tope","plies":80,"balW":1001,"secs":19.3,"apertura":"2,-2,2>1,0,1 -1,3,-1>0,1,0 1,-3,3>-1,-1,4 0,3,-1>1,1,0 0,-2,4>-1,-1,3 0,4,-2>0,3,-1"}
{"par":83,"whiteIs":"A","ptsW":null,"res":"tope","plies":80,"balW":-488,"secs":18,"apertura":"4,-2,0>3,0,-1 -3,3,1>-2,1,2 0,-2,3>-1,0,2 -2,1,2>-1,0,3 0,-2,4>-1,-1,3 1,3,-2>2,1,-1"}
{"par":83,"whiteIs":"B","ptsW":null,"res":"tope","plies":80,"balW":270,"secs":18.4,"apertura":"4,-2,0>3,0,-1 -3,3,1>-2,1,2 0,-2,3>-1,0,2 -2,1,2>-1,0,3 0,-2,4>-1,-1,3 1,3,-2>2,1,-1"}
{"par":84,"whiteIs":"A","ptsW":0,"res":"mate","plies":42,"balW":125,"secs":10,"apertura":"2,-2,2>1,-1,1 0,4,-3>2,2,-2 3,-2,0>2,0,-1 0,3,-2>1,2,-1 1,-3,3>0,-1,3 2,2,-2>0,1,0"}
{"par":84,"whiteIs":"B","ptsW":null,"res":"tope","plies":80,"balW":1048,"secs":17.8,"apertura":"2,-2,2>1,-1,1 0,4,-3>2,2,-2 3,-2,0>2,0,-1 0,3,-2>1,2,-1 1,-3,3>0,-1,3 2,2,-2>0,1,0"}
{"par":85,"whiteIs":"A","ptsW":null,"res":"tope","plies":80,"balW":7,"secs":16.4,"apertura":"2,-2,1>2,-1,1 1,3,-2>1,2,-2 1,-3,3>-1,-1,4 -1,3,-1>0,2,0 -1,-1,4>1,-3,3 -3,3,2>-3,2,2"}
{"par":85,"whiteIs":"B","ptsW":null,"res":"tope","plies":80,"balW":311,"secs":17.9,"apertura":"2,-2,1>2,-1,1 1,3,-2>1,2,-2 1,-3,3>-1,-1,4 -1,3,-1>0,2,0 -1,-1,4>1,-3,3 -3,3,2>-3,2,2"}
{"par":86,"whiteIs":"A","ptsW":0,"res":"mate","plies":50,"balW":-593,"secs":12.4,"apertura":"4,-2,0>3,0,-1 -1,3,-1>0,1,0 1,-3,3>-1,-1,4 1,3,-3>2,2,-2 3,0,-1>2,1,-2 -3,3,1>-2,2,2"}
{"par":86,"whiteIs":"B","ptsW":null,"res":"tope","plies":80,"balW":-170,"secs":17.1,"apertura":"4,-2,0>3,0,-1 -1,3,-1>0,1,0 1,-3,3>-1,-1,4 1,3,-3>2,2,-2 3,0,-1>2,1,-2 -3,3,1>-2,2,2"}
{"par":87,"whiteIs":"A","ptsW":null,"res":"tope","plies":80,"balW":-483,"secs":215.6,"apertura":"3,-2,1>2,0,0 0,3,-1>0,2,-1 0,-2,4>-1,-1,3 2,3,-3>3,1,-2 2,-2,1>2,-1,1 -1,4,-2>0,3,-1"}
{"par":87,"whiteIs":"B","ptsW":null,"res":"tope","plies":80,"balW":335,"secs":18.2,"apertura":"3,-2,1>2,0,0 0,3,-1>0,2,-1 0,-2,4>-1,-1,3 2,3,-3>3,1,-2 2,-2,1>2,-1,1 -1,4,-2>0,3,-1"}
{"par":88,"whiteIs":"A","ptsW":0,"res":"mate","plies":68,"balW":-1346,"secs":1063.1,"apertura":"0,-2,3>-1,0,2 0,3,-1>1,1,0 2,-2,2>1,-1,1 -2,3,0>-1,2,1 4,-2,-1>3,0,-2 0,4,-2>0,1,1"}
{"par":88,"whiteIs":"B","ptsW":null,"res":"tope","plies":80,"balW":117,"secs":1268.7,"apertura":"0,-2,3>-1,0,2 0,3,-1>1,1,0 2,-2,2>1,-1,1 -2,3,0>-1,2,1 4,-2,-1>3,0,-2 0,4,-2>0,1,1"}
{"par":89,"whiteIs":"A","ptsW":null,"res":"tope","plies":80,"balW":1229,"secs":21.3,"apertura":"3,-2,0>2,0,-1 0,3,-1>1,1,0 4,-2,0>3,0,-1 0,4,-3>2,2,-2 0,-2,4>-1,-1,3 1,3,-2>1,2,-2"}
{"par":89,"whiteIs":"B","ptsW":null,"res":"tope","plies":80,"balW":100,"secs":16.8,"apertura":"3,-2,0>2,0,-1 0,3,-1>1,1,0 4,-2,0>3,0,-1 0,4,-3>2,2,-2 0,-2,4>-1,-1,3 1,3,-2>1,2,-2"}
{"par":90,"whiteIs":"A","ptsW":null,"res":"tope","plies":80,"balW":-853,"secs":16.5,"apertura":"1,-3,3>2,-1,1 -3,3,1>-2,1,2 2,-1,1>0,-1,2 2,3,-3>3,1,-2 4,-2,0>3,-1,-1 -2,1,2>-1,0,3"}
{"par":90,"whiteIs":"B","ptsW":1,"res":"mate","plies":69,"balW":693,"secs":17.3,"apertura":"1,-3,3>2,-1,1 -3,3,1>-2,1,2 2,-1,1>0,-1,2 2,3,-3>3,1,-2 4,-2,0>3,-1,-1 -2,1,2>-1,0,3"}
{"par":91,"whiteIs":"A","ptsW":null,"res":"tope","plies":80,"balW":930,"secs":18.3,"apertura":"3,-2,1>2,-1,0 -2,3,1>-1,1,2 0,-2,3>-1,0,2 1,3,-2>1,2,-2 -1,-2,4>-2,0,3 -2,4,0>0,2,-1"}
{"par":91,"whiteIs":"B","ptsW":null,"res":"tope","plies":80,"balW":490,"secs":16.2,"apertura":"3,-2,1>2,-1,0 -2,3,1>-1,1,2 0,-2,3>-1,0,2 1,3,-2>1,2,-2 -1,-2,4>-2,0,3 -2,4,0>0,2,-1"}
{"par":92,"whiteIs":"A","ptsW":null,"res":"tope","plies":80,"balW":-118,"secs":16.5,"apertura":"0,-2,3>-1,0,2 -3,3,1>-2,2,2 3,-2,1>2,-1,0 -2,4,0>-3,2,2 1,-2,3>0,0,2 -3,2,2>-1,1,2"}
{"par":92,"whiteIs":"B","ptsW":null,"res":"tope","plies":80,"balW":390,"secs":18.8,"apertura":"0,-2,3>-1,0,2 -3,3,1>-2,2,2 3,-2,1>2,-1,0 -2,4,0>-3,2,2 1,-2,3>0,0,2 -3,2,2>-1,1,2"}
{"par":93,"whiteIs":"A","ptsW":null,"res":"tope","plies":80,"balW":-1283,"secs":20.6,"apertura":"4,-2,0>3,-1,-1 0,4,-3>1,2,-1 3,-1,-1>3,0,-1 2,3,-3>3,1,-2 2,-2,2>1,0,1 -2,3,1>-2,2,1"}
{"par":93,"whiteIs":"B","ptsW":null,"res":"tope","plies":80,"balW":2347,"secs":16.8,"apertura":"4,-2,0>3,-1,-1 0,4,-3>1,2,-1 3,-1,-1>3,0,-1 2,3,-3>3,1,-2 2,-2,2>1,0,1 -2,3,1>-2,2,1"}
{"par":94,"whiteIs":"A","ptsW":0,"res":"mate","plies":74,"balW":-1364,"secs":17.7,"apertura":"2,-2,1>2,-1,1 -2,3,0>-1,2,1 1,-3,3>0,-1,3 0,4,-3>1,2,-1 3,-2,0>3,-1,0 2,3,-3>3,1,-2"}
{"par":94,"whiteIs":"B","ptsW":null,"res":"tope","plies":80,"balW":-483,"secs":17.3,"apertura":"2,-2,1>2,-1,1 -2,3,0>-1,2,1 1,-3,3>0,-1,3 0,4,-3>1,2,-1 3,-2,0>3,-1,0 2,3,-3>3,1,-2"}
{"par":95,"whiteIs":"A","ptsW":null,"res":"tope","plies":80,"balW":-1604,"secs":18.7,"apertura":"-1,-2,4>-1,-1,4 -2,3,1>-2,2,1 2,-2,1>2,-1,1 -1,3,-1>0,2,0 4,-2,-1>4,-1,-1 -3,3,1>-2,1,2"}
{"par":95,"whiteIs":"B","ptsW":null,"res":"tope","plies":80,"balW":-100,"secs":20.8,"apertura":"-1,-2,4>-1,-1,4 -2,3,1>-2,2,1 2,-2,1>2,-1,1 -1,3,-1>0,2,0 4,-2,-1>4,-1,-1 -3,3,1>-2,1,2"}
{"par":96,"whiteIs":"A","ptsW":null,"res":"tope","plies":80,"balW":-648,"secs":16.1,"apertura":"0,-2,4>-1,-1,3 -2,3,1>-1,1,2 1,-2,3>0,0,2 -2,4,0>0,2,-1 4,-2,-1>4,-1,-1 -2,3,0>-1,1,1"}
{"par":96,"whiteIs":"B","ptsW":1,"res":"mate","plies":53,"balW":0,"secs":13,"apertura":"0,-2,4>-1,-1,3 -2,3,1>-1,1,2 1,-2,3>0,0,2 -2,4,0>0,2,-1 4,-2,-1>4,-1,-1 -2,3,0>-1,1,1"}
{"par":97,"whiteIs":"A","ptsW":0,"res":"mate","plies":72,"balW":-660,"secs":17.2,"apertura":"3,-2,0>2,0,-1 -2,3,0>-1,2,1 3,-3,1>3,-2,0 1,3,-2>1,2,-2 1,-3,3>2,-1,1 -3,4,0>-1,2,0"}
{"par":97,"whiteIs":"B","ptsW":null,"res":"tope","plies":80,"balW":133,"secs":19.5,"apertura":"3,-2,0>2,0,-1 -2,3,0>-1,2,1 3,-3,1>3,-2,0 1,3,-2>1,2,-2 1,-3,3>2,-1,1 -3,4,0>-1,2,0"}
{"par":98,"whiteIs":"A","ptsW":null,"res":"tope","plies":80,"balW":-135,"secs":19.6,"apertura":"1,-3,3>-1,-1,4 -2,3,1>-2,2,1 -1,-1,4>1,-3,3 1,3,-2>2,1,-1 0,-2,3>-1,0,2 -1,3,0>0,1,1"}
{"par":98,"whiteIs":"B","ptsW":null,"res":"tope","plies":80,"balW":488,"secs":18.7,"apertura":"1,-3,3>-1,-1,4 -2,3,1>-2,2,1 -1,-1,4>1,-3,3 1,3,-2>2,1,-1 0,-2,3>-1,0,2 -1,3,0>0,1,1"}
{"par":99,"whiteIs":"A","ptsW":0,"res":"mate","plies":74,"balW":-823,"secs":16.8,"apertura":"1,-3,3>-1,-1,4 1,3,-2>2,1,-1 -1,-1,4>-1,0,2 2,3,-3>2,2,-3 -1,-2,4>-1,-1,4 -1,3,0>-1,2,0"}
{"par":99,"whiteIs":"B","ptsW":null,"res":"tope","plies":80,"balW":258,"secs":17.4,"apertura":"1,-3,3>-1,-1,4 1,3,-2>2,1,-1 -1,-1,4>-1,0,2 2,3,-3>2,2,-3 -1,-2,4>-1,-1,4 -1,3,0>-1,2,0"}
{"par":100,"whiteIs":"A","ptsW":null,"res":"tope","plies":80,"balW":-2029,"secs":18.3,"apertura":"2,-2,1>1,0,0 0,3,-1>0,2,-1 3,-2,0>3,-1,0 1,3,-2>1,2,-2 1,-2,2>0,0,1 -1,3,-1>0,1,0"}
{"par":100,"whiteIs":"B","ptsW":null,"res":"tope","plies":80,"balW":-375,"secs":20.1,"apertura":"2,-2,1>1,0,0 0,3,-1>0,2,-1 3,-2,0>3,-1,0 1,3,-2>1,2,-2 1,-2,2>0,0,1 -1,3,-1>0,1,0"}
{"par":101,"whiteIs":"A","ptsW":0,"res":"mate","plies":78,"balW":-1757,"secs":18.2,"apertura":"2,-2,2>1,0,1 -2,3,1>-1,1,2 1,-2,2>1,-1,2 -2,4,0>-2,2,1 -1,-2,4>-2,0,3 0,3,-1>0,2,-1"}
{"par":101,"whiteIs":"B","ptsW":null,"res":"tope","plies":80,"balW":125,"secs":19.1,"apertura":"2,-2,2>1,0,1 -2,3,1>-1,1,2 1,-2,2>1,-1,2 -2,4,0>-2,2,1 -1,-2,4>-2,0,3 0,3,-1>0,2,-1"}
{"par":102,"whiteIs":"A","ptsW":null,"res":"tope","plies":80,"balW":-218,"secs":18.1,"apertura":"3,-2,1>2,0,0 -3,3,1>-2,2,2 2,-2,1>1,0,0 -1,3,-1>0,2,0 3,-3,1>-1,1,1 -1,3,0>-1,2,0"}
{"par":102,"whiteIs":"B","ptsW":null,"res":"tope","plies":80,"balW":-218,"secs":19.2,"apertura":"3,-2,1>2,0,0 -3,3,1>-2,2,2 2,-2,1>1,0,0 -1,3,-1>0,2,0 3,-3,1>-1,1,1 -1,3,0>-1,2,0"}
{"par":103,"whiteIs":"A","ptsW":0,"res":"mate","plies":24,"balW":-816,"secs":6.9,"apertura":"2,-2,1>2,-1,1 0,3,-2>1,1,-1 1,-2,2>0,0,1 1,1,-1>2,0,0 2,-3,3>1,-2,2 -2,3,1>-1,1,2"}
{"par":103,"whiteIs":"B","ptsW":null,"res":"tope","plies":80,"balW":458,"secs":18.9,"apertura":"2,-2,1>2,-1,1 0,3,-2>1,1,-1 1,-2,2>0,0,1 1,1,-1>2,0,0 2,-3,3>1,-2,2 -2,3,1>-1,1,2"}
{"par":104,"whiteIs":"A","ptsW":null,"res":"tope","plies":80,"balW":-172,"secs":18.6,"apertura":"1,-2,2>0,0,1 -3,3,1>-2,2,2 1,-3,3>-1,-1,4 -3,3,2>-3,2,2 -1,-1,4>-3,0,4 -2,4,0>-1,2,0"}
{"par":104,"whiteIs":"B","ptsW":null,"res":"tope","plies":80,"balW":-153,"secs":18.4,"apertura":"1,-2,2>0,0,1 -3,3,1>-2,2,2 1,-3,3>-1,-1,4 -3,3,2>-3,2,2 -1,-1,4>-3,0,4 -2,4,0>-1,2,0"}
{"par":105,"whiteIs":"A","ptsW":null,"res":"tope","plies":80,"balW":-488,"secs":18.9,"apertura":"2,-2,2>1,-1,1 -2,3,0>-1,2,1 0,-2,3>-1,0,2 1,3,-3>2,2,-2 3,-2,1>2,-1,0 -2,4,0>-1,2,0"}
{"par":105,"whiteIs":"B","ptsW":null,"res":"tope","plies":80,"balW":318,"secs":18.7,"apertura":"2,-2,2>1,-1,1 -2,3,0>-1,2,1 0,-2,3>-1,0,2 1,3,-3>2,2,-2 3,-2,1>2,-1,0 -2,4,0>-1,2,0"}
{"par":106,"whiteIs":"A","ptsW":null,"res":"tope","plies":80,"balW":-513,"secs":20.9,"apertura":"3,-2,1>2,-1,0 1,3,-2>1,2,-2 2,-3,2>3,-2,1 0,4,-2>1,3,-2 2,-1,0>2,0,0 -2,3,0>-1,1,1"}
{"par":106,"whiteIs":"B","ptsW":1,"res":"mate","plies":79,"balW":325,"secs":18.3,"apertura":"3,-2,1>2,-1,0 1,3,-2>1,2,-2 2,-3,2>3,-2,1 0,4,-2>1,3,-2 2,-1,0>2,0,0 -2,3,0>-1,1,1"}
{"par":107,"whiteIs":"A","ptsW":null,"res":"tope","plies":80,"balW":-225,"secs":18.6,"apertura":"-1,-2,4>-2,0,3 -1,3,-1>0,2,0 -2,0,3>-2,1,3 0,4,-3>1,2,-1 3,-2,0>2,0,-1 0,3,-1>1,1,0"}
{"par":107,"whiteIs":"B","ptsW":null,"res":"tope","plies":80,"balW":-790,"secs":17.7,"apertura":"-1,-2,4>-2,0,3 -1,3,-1>0,2,0 -2,0,3>-2,1,3 0,4,-3>1,2,-1 3,-2,0>2,0,-1 0,3,-1>1,1,0"}
{"par":108,"whiteIs":"A","ptsW":null,"res":"tope","plies":80,"balW":-683,"secs":18.5,"apertura":"4,-2,-1>4,-1,-1 -2,4,0>-2,2,1 4,-1,-1>3,0,-2 -2,3,0>-1,1,1 1,-3,3>1,-1,2 -3,3,1>-2,2,2"}
{"par":108,"whiteIs":"B","ptsW":null,"res":"tope","plies":80,"balW":1183,"secs":18.2,"apertura":"4,-2,-1>4,-1,-1 -2,4,0>-2,2,1 4,-1,-1>3,0,-2 -2,3,0>-1,1,1 1,-3,3>1,-1,2 -3,3,1>-2,2,2"}
{"par":109,"whiteIs":"A","ptsW":null,"res":"tope","plies":80,"balW":-701,"secs":19.1,"apertura":"2,-2,2>1,-1,1 0,3,-2>1,1,-1 3,-2,1>2,0,0 0,3,-1>1,1,0 -1,-2,4>-1,-1,4 1,3,-3>2,1,-2"}
{"par":109,"whiteIs":"B","ptsW":null,"res":"tope","plies":80,"balW":318,"secs":17.2,"apertura":"2,-2,2>1,-1,1 0,3,-2>1,1,-1 3,-2,1>2,0,0 0,3,-1>1,1,0 -1,-2,4>-1,-1,4 1,3,-3>2,1,-2"}
{"par":110,"whiteIs":"A","ptsW":null,"res":"tope","plies":80,"balW":-316,"secs":18.3,"apertura":"3,-2,1>2,-1,0 -2,3,1>-1,1,2 1,-2,2>1,-1,2 -2,4,0>0,2,-1 0,-2,3>-1,0,2 -2,3,0>-1,1,1"}
{"par":110,"whiteIs":"B","ptsW":0,"res":"mate","plies":78,"balW":-2557,"secs":18.9,"apertura":"3,-2,1>2,-1,0 -2,3,1>-1,1,2 1,-2,2>1,-1,2 -2,4,0>0,2,-1 0,-2,3>-1,0,2 -2,3,0>-1,1,1"}
{"par":111,"whiteIs":"A","ptsW":null,"res":"tope","plies":80,"balW":-1646,"secs":18.2,"apertura":"2,-2,2>1,0,1 1,3,-2>1,2,-2 4,-3,1>2,-1,0 -2,3,0>-1,1,1 1,-3,3>0,-1,3 -3,4,0>-1,2,0"}
{"par":111,"whiteIs":"B","ptsW":null,"res":"tope","plies":80,"balW":1536,"secs":13.9,"apertura":"2,-2,2>1,0,1 1,3,-2>1,2,-2 4,-3,1>2,-1,0 -2,3,0>-1,1,1 1,-3,3>0,-1,3 -3,4,0>-1,2,0"}
{"par":112,"whiteIs":"A","ptsW":null,"res":"tope","plies":80,"balW":-513,"secs":19.3,"apertura":"4,-2,-1>4,-1,-1 -2,3,1>-1,1,2 1,-2,3>0,-1,2 -3,3,1>-2,2,2 4,-2,0>3,-1,-1 -3,4,0>-3,3,1"}
{"par":112,"whiteIs":"B","ptsW":1,"res":"mate","plies":69,"balW":700,"secs":17.4,"apertura":"4,-2,-1>4,-1,-1 -2,3,1>-1,1,2 1,-2,3>0,-1,2 -3,3,1>-2,2,2 4,-2,0>3,-1,-1 -3,4,0>-3,3,1"}
{"par":113,"whiteIs":"A","ptsW":0,"res":"mate","plies":76,"balW":-986,"secs":18.3,"apertura":"4,-3,1>2,-1,0 -1,3,-1>0,2,0 1,-2,2>1,-1,2 1,3,-2>2,1,-1 4,-2,0>3,0,-1 0,4,-2>2,2,-2"}
{"par":113,"whiteIs":"B","ptsW":null,"res":"tope","plies":80,"balW":0,"secs":18.7,"apertura":"4,-3,1>2,-1,0 -1,3,-1>0,2,0 1,-2,2>1,-1,2 1,3,-2>2,1,-1 4,-2,0>3,0,-1 0,4,-2>2,2,-2"}
{"par":114,"whiteIs":"A","ptsW":null,"res":"tope","plies":80,"balW":-183,"secs":17.1,"apertura":"-1,-2,4>-2,0,3 -2,4,0>-3,2,2 3,-2,0>2,0,-1 -2,3,0>-1,2,1 0,-2,4>-1,-1,3 -3,4,0>-1,2,0"}
{"par":114,"whiteIs":"B","ptsW":null,"res":"tope","plies":80,"balW":-535,"secs":19.5,"apertura":"-1,-2,4>-2,0,3 -2,4,0>-3,2,2 3,-2,0>2,0,-1 -2,3,0>-1,2,1 0,-2,4>-1,-1,3 -3,4,0>-1,2,0"}
{"par":115,"whiteIs":"A","ptsW":null,"res":"tope","plies":80,"balW":25,"secs":18.2,"apertura":"1,-2,2>0,0,1 2,3,-3>2,2,-3 2,-2,2>1,0,1 1,3,-2>2,1,-1 4,-3,1>2,-1,0 -1,3,-1>0,2,0"}
{"par":115,"whiteIs":"B","ptsW":null,"res":"tope","plies":80,"balW":300,"secs":21,"apertura":"1,-2,2>0,0,1 2,3,-3>2,2,-3 2,-2,2>1,0,1 1,3,-2>2,1,-1 4,-3,1>2,-1,0 -1,3,-1>0,2,0"}
{"par":116,"whiteIs":"A","ptsW":null,"res":"tope","plies":80,"balW":-793,"secs":17.1,"apertura":"4,-3,1>2,-1,0 0,3,-1>1,1,0 1,-3,3>1,-1,2 -3,3,2>-3,2,2 0,-2,3>-1,0,2 -3,3,1>-2,2,2"}
{"par":116,"whiteIs":"B","ptsW":null,"res":"tope","plies":80,"balW":-7,"secs":17.1,"apertura":"4,-3,1>2,-1,0 0,3,-1>1,1,0 1,-3,3>1,-1,2 -3,3,2>-3,2,2 0,-2,3>-1,0,2 -3,3,1>-2,2,2"}
{"par":117,"whiteIs":"A","ptsW":null,"res":"tope","plies":80,"balW":-223,"secs":17.4,"apertura":"2,-2,2>1,-1,1 -1,3,-1>0,2,0 3,-2,0>2,0,-1 -1,4,-1>-1,3,-1 1,-2,3>0,-1,2 -2,3,1>-2,2,1"}
{"par":117,"whiteIs":"B","ptsW":null,"res":"tope","plies":80,"balW":288,"secs":19.9,"apertura":"2,-2,2>1,-1,1 -1,3,-1>0,2,0 3,-2,0>2,0,-1 -1,4,-1>-1,3,-1 1,-2,3>0,-1,2 -2,3,1>-2,2,1"}
{"par":118,"whiteIs":"A","ptsW":null,"res":"tope","plies":80,"balW":-2081,"secs":18.9,"apertura":"4,-2,0>3,-1,-1 1,3,-3>2,2,-2 1,-3,3>1,-1,2 2,3,-3>2,2,-3 0,-2,4>-1,0,3 -2,4,0>-2,2,1"}
{"par":118,"whiteIs":"B","ptsW":null,"res":"tope","plies":80,"balW":-165,"secs":19.6,"apertura":"4,-2,0>3,-1,-1 1,3,-3>2,2,-2 1,-3,3>1,-1,2 2,3,-3>2,2,-3 0,-2,4>-1,0,3 -2,4,0>-2,2,1"}
{"par":119,"whiteIs":"A","ptsW":null,"res":"tope","plies":80,"balW":-23,"secs":19.3,"apertura":"4,-2,0>3,-1,-1 -3,3,2>-2,1,3 0,-2,4>-1,-1,3 -2,3,0>-1,2,1 3,-2,0>3,-1,0 -2,4,0>0,2,-1"}
{"par":119,"whiteIs":"B","ptsW":null,"res":"tope","plies":80,"balW":730,"secs":20.5,"apertura":"4,-2,0>3,-1,-1 -3,3,2>-2,1,3 0,-2,4>-1,-1,3 -2,3,0>-1,2,1 3,-2,0>3,-1,0 -2,4,0>0,2,-1"}
{"par":120,"whiteIs":"A","ptsW":null,"res":"tope","plies":80,"balW":-548,"secs":17.3,"apertura":"2,-2,1>1,0,0 -2,3,0>-1,2,1 1,-2,3>0,0,2 -1,3,0>-1,2,0 2,-2,2>1,-1,1 -2,4,-1>-2,3,0"}
{"par":120,"whiteIs":"B","ptsW":null,"res":"tope","plies":80,"balW":630,"secs":21.2,"apertura":"2,-2,1>1,0,0 -2,3,0>-1,2,1 1,-2,3>0,0,2 -1,3,0>-1,2,0 2,-2,2>1,-1,1 -2,4,-1>-2,3,0"}
{"par":121,"whiteIs":"A","ptsW":null,"res":"tope","plies":80,"balW":300,"secs":19.5,"apertura":"2,-2,2>1,0,1 -2,4,0>-1,2,0 1,-3,3>1,-1,2 -1,2,0>0,0,2 3,-2,1>2,0,0 0,3,-1>0,2,-1"}
{"par":121,"whiteIs":"B","ptsW":null,"res":"tope","plies":80,"balW":-65,"secs":18.4,"apertura":"2,-2,2>1,0,1 -2,4,0>-1,2,0 1,-3,3>1,-1,2 -1,2,0>0,0,2 3,-2,1>2,0,0 0,3,-1>0,2,-1"}
{"par":122,"whiteIs":"A","ptsW":null,"res":"tope","plies":80,"balW":25,"secs":17.3,"apertura":"0,-2,4>-1,0,3 -3,3,1>-2,2,2 1,-3,3>0,-1,3 -3,3,2>-2,1,3 3,-2,1>2,0,0 -2,2,2>-2,1,2"}
{"par":122,"whiteIs":"B","ptsW":null,"res":"tope","plies":80,"balW":-45,"secs":18,"apertura":"0,-2,4>-1,0,3 -3,3,1>-2,2,2 1,-3,3>0,-1,3 -3,3,2>-2,1,3 3,-2,1>2,0,0 -2,2,2>-2,1,2"}
{"par":123,"whiteIs":"A","ptsW":null,"res":"tope","plies":80,"balW":-433,"secs":17.5,"apertura":"1,-3,3>0,-1,3 1,3,-2>2,1,-1 2,-2,2>1,0,1 -1,3,0>-1,2,0 3,-2,1>2,-1,0 -1,3,-1>0,2,0"}
{"par":123,"whiteIs":"B","ptsW":null,"res":"tope","plies":80,"balW":-40,"secs":19.1,"apertura":"1,-3,3>0,-1,3 1,3,-2>2,1,-1 2,-2,2>1,0,1 -1,3,0>-1,2,0 3,-2,1>2,-1,0 -1,3,-1>0,2,0"}
{"par":124,"whiteIs":"A","ptsW":null,"res":"tope","plies":80,"balW":-1399,"secs":19.2,"apertura":"1,-3,3>1,-1,2 1,3,-3>2,1,-2 1,-1,2>-1,-1,3 0,3,-1>1,1,0 0,-2,3>0,-1,3 -2,4,0>-3,2,2"}
{"par":124,"whiteIs":"B","ptsW":null,"res":"tope","plies":80,"balW":513,"secs":18.7,"apertura":"1,-3,3>1,-1,2 1,3,-3>2,1,-2 1,-1,2>-1,-1,3 0,3,-1>1,1,0 0,-2,3>0,-1,3 -2,4,0>-3,2,2"}
{"par":125,"whiteIs":"A","ptsW":null,"res":"tope","plies":80,"balW":-431,"secs":20.1,"apertura":"2,-2,1>2,-1,1 2,3,-3>3,1,-2 3,-2,0>3,-1,0 -2,3,0>-1,2,1 4,-2,-1>4,-1,-1 -2,4,0>-1,2,0"}
{"par":125,"whiteIs":"B","ptsW":null,"res":"tope","plies":80,"balW":1081,"secs":17.8,"apertura":"2,-2,1>2,-1,1 2,3,-3>3,1,-2 3,-2,0>3,-1,0 -2,3,0>-1,2,1 4,-2,-1>4,-1,-1 -2,4,0>-1,2,0"}
{"par":126,"whiteIs":"A","ptsW":null,"res":"tope","plies":80,"balW":77,"secs":17.6,"apertura":"4,-3,1>3,-1,-1 -3,3,1>-2,1,2 3,-1,-1>4,1,-3 -3,4,0>-3,1,3 1,-2,2>1,-1,2 -3,1,3>-3,0,4"}
{"par":126,"whiteIs":"B","ptsW":null,"res":"tope","plies":80,"balW":1251,"secs":19.3,"apertura":"4,-3,1>3,-1,-1 -3,3,1>-2,1,2 3,-1,-1>4,1,-3 -3,4,0>-3,1,3 1,-2,2>1,-1,2 -3,1,3>-3,0,4"}
{"par":127,"whiteIs":"A","ptsW":null,"res":"tope","plies":80,"balW":183,"secs":16.6,"apertura":"4,-2,-1>3,0,-2 -1,3,0>0,1,1 3,-2,1>2,0,0 1,3,-2>1,2,-2 4,-3,1>4,-2,-1 0,4,-2>4,0,-2"}
{"par":127,"whiteIs":"B","ptsW":1,"res":"mate","plies":77,"balW":1424,"secs":14.6,"apertura":"4,-2,-1>3,0,-2 -1,3,0>0,1,1 3,-2,1>2,0,0 1,3,-2>1,2,-2 4,-3,1>4,-2,-1 0,4,-2>4,0,-2"}
{"par":128,"whiteIs":"A","ptsW":0,"res":"mate","plies":64,"balW":-786,"secs":16.8,"apertura":"1,-2,3>0,-1,2 -3,3,1>-2,2,2 -1,-2,4>-1,-1,4 -3,3,2>-2,1,3 2,-3,2>1,-2,3 -3,4,0>-3,1,3"}
{"par":128,"whiteIs":"B","ptsW":null,"res":"tope","plies":80,"balW":106,"secs":20.4,"apertura":"1,-2,3>0,-1,2 -3,3,1>-2,2,2 -1,-2,4>-1,-1,4 -3,3,2>-2,1,3 2,-3,2>1,-2,3 -3,4,0>-3,1,3"}
{"par":129,"whiteIs":"A","ptsW":null,"res":"tope","plies":80,"balW":-125,"secs":18.8,"apertura":"1,-3,3>1,-1,2 -1,3,0>-1,2,0 1,-2,3>0,0,2 -1,2,0>0,1,1 3,-2,1>2,-1,0 0,1,1>0,0,1"}
{"par":129,"whiteIs":"B","ptsW":null,"res":"tope","plies":80,"balW":1281,"secs":20.3,"apertura":"1,-3,3>1,-1,2 -1,3,0>-1,2,0 1,-2,3>0,0,2 -1,2,0>0,1,1 3,-2,1>2,-1,0 0,1,1>0,0,1"}
{"par":130,"whiteIs":"A","ptsW":null,"res":"tope","plies":80,"balW":218,"secs":17.6,"apertura":"0,-2,3>0,-1,3 -1,3,-1>0,2,0 4,-3,1>3,-1,-1 -1,4,-1>-1,3,-1 1,-2,2>0,0,1 0,2,0>0,1,0"}
{"par":130,"whiteIs":"B","ptsW":null,"res":"tope","plies":80,"balW":-158,"secs":19.8,"apertura":"0,-2,3>0,-1,3 -1,3,-1>0,2,0 4,-3,1>3,-1,-1 -1,4,-1>-1,3,-1 1,-2,2>0,0,1 0,2,0>0,1,0"}
{"par":131,"whiteIs":"A","ptsW":0,"res":"mate","plies":76,"balW":-1013,"secs":17.6,"apertura":"1,-3,3>2,-1,1 0,3,-2>1,2,-1 -1,-2,4>-1,-1,4 -3,3,2>-2,1,3 2,-3,3>1,-3,3 1,3,-3>2,1,-2"}
{"par":131,"whiteIs":"B","ptsW":null,"res":"tope","plies":80,"balW":117,"secs":17.8,"apertura":"1,-3,3>2,-1,1 0,3,-2>1,2,-1 -1,-2,4>-1,-1,4 -3,3,2>-2,1,3 2,-3,3>1,-3,3 1,3,-3>2,1,-2"}
{"par":132,"whiteIs":"A","ptsW":null,"res":"tope","plies":80,"balW":-441,"secs":16.5,"apertura":"2,-2,2>1,0,1 -1,3,0>0,1,1 0,-2,3>0,-1,3 0,3,-1>0,2,-1 0,-1,3>-1,0,2 0,1,1>0,0,1"}
{"par":132,"whiteIs":"B","ptsW":null,"res":"tope","plies":80,"balW":963,"secs":18.8,"apertura":"2,-2,2>1,0,1 -1,3,0>0,1,1 0,-2,3>0,-1,3 0,3,-1>0,2,-1 0,-1,3>-1,0,2 0,1,1>0,0,1"}
{"par":133,"whiteIs":"A","ptsW":0,"res":"mate","plies":72,"balW":-668,"secs":20.3,"apertura":"3,-2,1>2,0,0 0,3,-1>0,2,-1 0,-2,3>0,-1,3 0,4,-2>0,2,0 2,0,0>1,1,-1 -1,4,-2>0,3,-1"}
{"par":133,"whiteIs":"B","ptsW":null,"res":"tope","plies":80,"balW":318,"secs":16.5,"apertura":"3,-2,1>2,0,0 0,3,-1>0,2,-1 0,-2,3>0,-1,3 0,4,-2>0,2,0 2,0,0>1,1,-1 -1,4,-2>0,3,-1"}
{"par":134,"whiteIs":"A","ptsW":null,"res":"tope","plies":80,"balW":-495,"secs":19.4,"apertura":"4,-2,0>3,0,-1 0,3,-2>1,1,-1 1,-2,3>0,0,2 -2,4,0>0,2,-1 1,-3,4>1,0,1 2,3,-3>2,2,-3"}
{"par":134,"whiteIs":"B","ptsW":1,"res":"mate","plies":73,"balW":-293,"secs":18,"apertura":"4,-2,0>3,0,-1 0,3,-2>1,1,-1 1,-2,3>0,0,2 -2,4,0>0,2,-1 1,-3,4>1,0,1 2,3,-3>2,2,-3"}
{"par":135,"whiteIs":"A","ptsW":null,"res":"tope","plies":80,"balW":452,"secs":17.8,"apertura":"-1,-2,4>-1,-1,4 1,3,-3>2,2,-2 4,-2,0>3,-1,-1 0,3,-1>0,2,-1 4,-2,-1>3,0,-2 -3,3,2>-3,2,2"}
{"par":135,"whiteIs":"B","ptsW":null,"res":"tope","plies":80,"balW":905,"secs":17,"apertura":"-1,-2,4>-1,-1,4 1,3,-3>2,2,-2 4,-2,0>3,-1,-1 0,3,-1>0,2,-1 4,-2,-1>3,0,-2 -3,3,2>-3,2,2"}
{"par":136,"whiteIs":"A","ptsW":0,"res":"mate","plies":70,"balW":-976,"secs":15.4,"apertura":"2,-2,1>2,-1,1 0,3,-2>1,2,-1 3,-3,1>0,0,1 -3,3,1>-2,2,2 0,0,1>-3,0,4 0,3,-1>1,1,0"}
{"par":136,"whiteIs":"B","ptsW":null,"res":"tope","plies":80,"balW":300,"secs":19.6,"apertura":"2,-2,1>2,-1,1 0,3,-2>1,2,-1 3,-3,1>0,0,1 -3,3,1>-2,2,2 0,0,1>-3,0,4 0,3,-1>1,1,0"}
{"par":137,"whiteIs":"A","ptsW":null,"res":"tope","plies":80,"balW":-70,"secs":19.9,"apertura":"4,-3,1>3,-1,-1 1,3,-3>2,1,-2 -1,-2,4>-1,-1,4 -1,3,-1>0,1,0 3,-1,-1>4,1,-3 1,4,-3>1,3,-3"}
{"par":137,"whiteIs":"B","ptsW":null,"res":"tope","plies":80,"balW":130,"secs":16.3,"apertura":"4,-3,1>3,-1,-1 1,3,-3>2,1,-2 -1,-2,4>-1,-1,4 -1,3,-1>0,1,0 3,-1,-1>4,1,-3 1,4,-3>1,3,-3"}
{"par":138,"whiteIs":"A","ptsW":null,"res":"tope","plies":80,"balW":-776,"secs":17.7,"apertura":"4,-2,-1>3,0,-2 0,3,-2>1,1,-1 0,-2,3>0,-1,3 -1,4,-1>0,3,-2 3,-2,0>2,0,-1 -2,4,-1>-1,4,-1"}
{"par":138,"whiteIs":"B","ptsW":1,"res":"mate","plies":17,"balW":-881,"secs":4.4,"apertura":"4,-2,-1>3,0,-2 0,3,-2>1,1,-1 0,-2,3>0,-1,3 -1,4,-1>0,3,-2 3,-2,0>2,0,-1 -2,4,-1>-1,4,-1"}
{"par":139,"whiteIs":"A","ptsW":0,"res":"mate","plies":22,"balW":100,"secs":5.8,"apertura":"4,-2,-1>3,0,-2 -2,3,1>-1,1,2 1,-3,3>-1,-1,4 -1,3,-1>0,1,0 1,-2,2>1,-1,2 -3,3,1>-2,2,2"}
{"par":139,"whiteIs":"B","ptsW":null,"res":"tope","plies":80,"balW":1096,"secs":17.3,"apertura":"4,-2,-1>3,0,-2 -2,3,1>-1,1,2 1,-3,3>-1,-1,4 -1,3,-1>0,1,0 1,-2,2>1,-1,2 -3,3,1>-2,2,2"}
{"par":140,"whiteIs":"A","ptsW":null,"res":"tope","plies":80,"balW":0,"secs":19.4,"apertura":"4,-2,-1>3,0,-2 0,3,-1>0,2,-1 0,-2,4>-1,-1,3 -1,3,0>0,1,1 4,-3,1>2,-1,0 1,3,-2>1,2,-2"}
{"par":140,"whiteIs":"B","ptsW":null,"res":"tope","plies":80,"balW":818,"secs":18.6,"apertura":"4,-2,-1>3,0,-2 0,3,-1>0,2,-1 0,-2,4>-1,-1,3 -1,3,0>0,1,1 4,-3,1>2,-1,0 1,3,-2>1,2,-2"}
{"par":141,"whiteIs":"A","ptsW":null,"res":"tope","plies":80,"balW":83,"secs":18.4,"apertura":"0,-2,4>-1,0,3 -1,3,-1>0,1,0 1,-3,3>2,-1,1 2,3,-3>2,2,-3 4,-2,0>3,-1,-1 0,3,-2>1,1,-1"}
{"par":141,"whiteIs":"B","ptsW":null,"res":"tope","plies":80,"balW":1118,"secs":18.2,"apertura":"0,-2,4>-1,0,3 -1,3,-1>0,1,0 1,-3,3>2,-1,1 2,3,-3>2,2,-3 4,-2,0>3,-1,-1 0,3,-2>1,1,-1"}
{"par":142,"whiteIs":"A","ptsW":null,"res":"tope","plies":80,"balW":-258,"secs":19.9,"apertura":"1,-2,2>0,0,1 -2,4,0>-1,2,0 3,-2,0>2,0,-1 0,4,-3>2,2,-2 0,-2,4>-1,-1,3 -1,2,0>-1,1,2"}
{"par":142,"whiteIs":"B","ptsW":null,"res":"tope","plies":80,"balW":448,"secs":18.7,"apertura":"1,-2,2>0,0,1 -2,4,0>-1,2,0 3,-2,0>2,0,-1 0,4,-3>2,2,-2 0,-2,4>-1,-1,3 -1,2,0>-1,1,2"}
{"par":143,"whiteIs":"A","ptsW":null,"res":"tope","plies":80,"balW":-323,"secs":18.9,"apertura":"0,-2,3>0,-1,3 1,3,-3>2,1,-2 1,-3,3>2,-1,1 0,3,-1>1,1,0 2,-1,1>0,0,1 -1,4,-2>0,2,-1"}
{"par":143,"whiteIs":"B","ptsW":1,"res":"mate","plies":65,"balW":505,"secs":17,"apertura":"0,-2,3>0,-1,3 1,3,-3>2,1,-2 1,-3,3>2,-1,1 0,3,-1>1,1,0 2,-1,1>0,0,1 -1,4,-2>0,2,-1"}
{"par":144,"whiteIs":"A","ptsW":null,"res":"tope","plies":80,"balW":-500,"secs":18,"apertura":"1,-2,3>0,0,2 -2,3,0>-1,2,1 -1,-2,4>-1,-1,4 -1,3,-1>0,2,0 1,-3,3>1,-1,2 1,3,-2>2,1,-1"}
{"par":144,"whiteIs":"B","ptsW":null,"res":"tope","plies":80,"balW":170,"secs":18,"apertura":"1,-2,3>0,0,2 -2,3,0>-1,2,1 -1,-2,4>-1,-1,4 -1,3,-1>0,2,0 1,-3,3>1,-1,2 1,3,-2>2,1,-1"}
{"par":145,"whiteIs":"A","ptsW":1,"res":"mate","plies":37,"balW":248,"secs":9.1,"apertura":"1,-3,3>0,-1,3 2,3,-3>3,1,-2 4,-2,-1>4,-1,-1 -1,3,-1>0,2,0 0,-2,4>-1,-1,3 -3,3,2>-2,1,3"}
{"par":145,"whiteIs":"B","ptsW":null,"res":"tope","plies":80,"balW":396,"secs":17.8,"apertura":"1,-3,3>0,-1,3 2,3,-3>3,1,-2 4,-2,-1>4,-1,-1 -1,3,-1>0,2,0 0,-2,4>-1,-1,3 -3,3,2>-2,1,3"}
{"par":146,"whiteIs":"A","ptsW":null,"res":"tope","plies":80,"balW":-490,"secs":19.3,"apertura":"1,-3,3>1,-1,2 -2,3,1>-1,1,2 3,-2,0>3,-1,0 1,3,-3>2,2,-2 0,-2,3>-1,0,2 0,3,-1>1,1,0"}
{"par":146,"whiteIs":"B","ptsW":null,"res":"tope","plies":80,"balW":1418,"secs":17.4,"apertura":"1,-3,3>1,-1,2 -2,3,1>-1,1,2 3,-2,0>3,-1,0 1,3,-3>2,2,-2 0,-2,3>-1,0,2 0,3,-1>1,1,0"}
{"par":147,"whiteIs":"A","ptsW":null,"res":"tope","plies":80,"balW":-300,"secs":18.3,"apertura":"2,-2,2>1,0,1 -2,3,1>-2,2,1 -1,-2,4>-2,0,3 -3,3,1>-2,1,2 3,-2,0>3,-1,0 -3,4,1>-2,3,1"}
{"par":147,"whiteIs":"B","ptsW":null,"res":"tope","plies":80,"balW":1083,"secs":25.5,"apertura":"2,-2,2>1,0,1 -2,3,1>-2,2,1 -1,-2,4>-2,0,3 -3,3,1>-2,1,2 3,-2,0>3,-1,0 -3,4,1>-2,3,1"}
{"par":148,"whiteIs":"A","ptsW":null,"res":"tope","plies":80,"balW":-646,"secs":26.5,"apertura":"2,-2,1>1,0,0 -3,3,2>-3,2,2 1,-2,3>0,0,2 2,3,-3>3,1,-2 1,-3,4>1,1,0 0,4,-3>2,2,-2"}
{"par":148,"whiteIs":"B","ptsW":null,"res":"tope","plies":80,"balW":271,"secs":26,"apertura":"2,-2,1>1,0,0 -3,3,2>-3,2,2 1,-2,3>0,0,2 2,3,-3>3,1,-2 1,-3,4>1,1,0 0,4,-3>2,2,-2"}
{"par":149,"whiteIs":"A","ptsW":null,"res":"tope","plies":80,"balW":-117,"secs":18.7,"apertura":"2,-2,2>1,-1,1 1,3,-3>2,1,-2 0,-2,3>0,-1,3 0,3,-1>0,2,-1 1,-1,1>1,0,1 -1,3,-1>0,2,0"}
{"par":149,"whiteIs":"B","ptsW":null,"res":"tope","plies":80,"balW":435,"secs":26,"apertura":"2,-2,2>1,-1,1 1,3,-3>2,1,-2 0,-2,3>0,-1,3 0,3,-1>0,2,-1 1,-1,1>1,0,1 -1,3,-1>0,2,0"}
{"par":150,"whiteIs":"A","ptsW":null,"res":"tope","plies":80,"balW":-443,"secs":21.6,"apertura":"0,-2,3>-1,0,2 1,3,-2>2,1,-1 1,-3,3>-1,-1,4 -2,4,0>-3,2,2 3,-2,0>2,0,-1 0,4,-3>1,2,-1"}
{"par":150,"whiteIs":"B","ptsW":null,"res":"tope","plies":80,"balW":-23,"secs":21.1,"apertura":"0,-2,3>-1,0,2 1,3,-2>2,1,-1 1,-3,3>-1,-1,4 -2,4,0>-3,2,2 3,-2,0>2,0,-1 0,4,-3>1,2,-1"}
{"par":151,"whiteIs":"A","ptsW":0,"res":"mate","plies":36,"balW":65,"secs":9.7,"apertura":"3,-2,1>2,0,0 -2,4,0>-3,2,2 2,0,0>1,1,-1 -2,3,0>-1,2,1 1,-2,2>0,0,1 -1,2,1>-1,1,1"}
{"par":151,"whiteIs":"B","ptsW":null,"res":"tope","plies":80,"balW":-123,"secs":20,"apertura":"3,-2,1>2,0,0 -2,4,0>-3,2,2 2,0,0>1,1,-1 -2,3,0>-1,2,1 1,-2,2>0,0,1 -1,2,1>-1,1,1"}
{"par":152,"whiteIs":"A","ptsW":0,"res":"mate","plies":58,"balW":-674,"secs":16.4,"apertura":"2,-2,2>1,-1,1 -2,4,0>-1,2,0 4,-2,0>3,-1,-1 -3,3,1>-2,2,2 2,-3,2>2,-2,2 1,3,-3>2,2,-2"}
{"par":152,"whiteIs":"B","ptsW":null,"res":"tope","plies":80,"balW":75,"secs":21.9,"apertura":"2,-2,2>1,-1,1 -2,4,0>-1,2,0 4,-2,0>3,-1,-1 -3,3,1>-2,2,2 2,-3,2>2,-2,2 1,3,-3>2,2,-2"}
{"par":153,"whiteIs":"A","ptsW":null,"res":"tope","plies":80,"balW":-1204,"secs":24.1,"apertura":"-1,-2,4>-2,0,3 -3,3,2>-2,1,3 1,-3,3>2,-1,1 -1,3,0>0,1,1 1,-2,2>1,-1,2 1,3,-2>1,2,-2"}
{"par":153,"whiteIs":"B","ptsW":null,"res":"tope","plies":80,"balW":-535,"secs":24.2,"apertura":"-1,-2,4>-2,0,3 -3,3,2>-2,1,3 1,-3,3>2,-1,1 -1,3,0>0,1,1 1,-2,2>1,-1,2 1,3,-2>1,2,-2"}
{"par":154,"whiteIs":"A","ptsW":null,"res":"tope","plies":80,"balW":375,"secs":23.1,"apertura":"1,-3,3>0,-1,3 -2,4,0>-3,2,2 4,-2,0>3,-1,-1 0,3,-2>1,2,-1 -1,-2,4>-2,0,3 -1,3,0>-1,2,0"}
{"par":154,"whiteIs":"B","ptsW":null,"res":"tope","plies":80,"balW":1041,"secs":22.4,"apertura":"1,-3,3>0,-1,3 -2,4,0>-3,2,2 4,-2,0>3,-1,-1 0,3,-2>1,2,-1 -1,-2,4>-2,0,3 -1,3,0>-1,2,0"}
{"par":155,"whiteIs":"A","ptsW":1,"res":"mate","plies":49,"balW":-228,"secs":13.6,"apertura":"0,-2,4>-1,0,3 0,3,-1>1,1,0 3,-2,0>2,0,-1 -1,3,-1>0,1,0 3,-3,1>3,0,-2 1,3,-3>2,1,-2"}
{"par":155,"whiteIs":"B","ptsW":null,"res":"tope","plies":80,"balW":-435,"secs":19.8,"apertura":"0,-2,4>-1,0,3 0,3,-1>1,1,0 3,-2,0>2,0,-1 -1,3,-1>0,1,0 3,-3,1>3,0,-2 1,3,-3>2,1,-2"}
{"par":156,"whiteIs":"A","ptsW":null,"res":"tope","plies":80,"balW":576,"secs":24.2,"apertura":"1,-3,3>2,-1,1 -1,3,-1>0,2,0 4,-3,1>2,-1,0 0,2,0>0,1,0 2,-3,3>1,-3,3 -2,3,1>-1,1,2"}
{"par":156,"whiteIs":"B","ptsW":null,"res":"tope","plies":80,"balW":100,"secs":23,"apertura":"1,-3,3>2,-1,1 -1,3,-1>0,2,0 4,-3,1>2,-1,0 0,2,0>0,1,0 2,-3,3>1,-3,3 -2,3,1>-1,1,2"}
{"par":157,"whiteIs":"A","ptsW":null,"res":"tope","plies":80,"balW":-583,"secs":17.6,"apertura":"4,-3,1>2,-1,0 0,3,-2>1,1,-1 2,-1,0>4,-3,1 -2,4,0>-3,2,2 3,-2,0>2,0,-1 -3,2,2>-2,0,4"}
{"par":157,"whiteIs":"B","ptsW":null,"res":"tope","plies":80,"balW":900,"secs":20.4,"apertura":"4,-3,1>2,-1,0 0,3,-2>1,1,-1 2,-1,0>4,-3,1 -2,4,0>-3,2,2 3,-2,0>2,0,-1 -3,2,2>-2,0,4"}
{"par":158,"whiteIs":"A","ptsW":null,"res":"tope","plies":80,"balW":200,"secs":24.2,"apertura":"4,-3,1>3,-1,-1 0,3,-1>1,1,0 4,-2,-1>3,0,-2 -1,4,-2>0,2,-1 1,-2,3>0,-1,2 0,4,-3>1,2,-1"}
{"par":158,"whiteIs":"B","ptsW":null,"res":"tope","plies":80,"balW":110,"secs":22.5,"apertura":"4,-3,1>3,-1,-1 0,3,-1>1,1,0 4,-2,-1>3,0,-2 -1,4,-2>0,2,-1 1,-2,3>0,-1,2 0,4,-3>1,2,-1"}
{"par":159,"whiteIs":"A","ptsW":null,"res":"tope","plies":80,"balW":-1389,"secs":23.8,"apertura":"2,-2,2>1,-1,1 0,4,-3>2,2,-2 1,-2,2>1,-1,2 0,3,-1>0,2,-1 2,-3,3>1,-2,2 -3,3,1>-2,1,2"}
{"par":159,"whiteIs":"B","ptsW":null,"res":"tope","plies":80,"balW":-348,"secs":21.4,"apertura":"2,-2,2>1,-1,1 0,4,-3>2,2,-2 1,-2,2>1,-1,2 0,3,-1>0,2,-1 2,-3,3>1,-2,2 -3,3,1>-2,1,2"}
{"par":160,"whiteIs":"A","ptsW":null,"res":"tope","plies":80,"balW":763,"secs":20.8,"apertura":"3,-2,1>2,-1,0 0,3,-1>1,1,0 3,-2,0>3,-1,0 -3,3,1>-2,2,2 2,-3,2>4,-1,-2 -2,2,2>-2,1,2"}
{"par":160,"whiteIs":"B","ptsW":null,"res":"tope","plies":80,"balW":-148,"secs":21.9,"apertura":"3,-2,1>2,-1,0 0,3,-1>1,1,0 3,-2,0>3,-1,0 -3,3,1>-2,2,2 2,-3,2>4,-1,-2 -2,2,2>-2,1,2"}
{"par":161,"whiteIs":"A","ptsW":null,"res":"tope","plies":80,"balW":-535,"secs":22.4,"apertura":"4,-2,-1>3,0,-2 -3,3,1>-2,2,2 4,-3,1>3,-1,-1 1,3,-3>2,2,-2 -1,-2,4>-2,0,3 -3,4,0>-3,1,3"}
{"par":161,"whiteIs":"B","ptsW":null,"res":"tope","plies":80,"balW":465,"secs":18.3,"apertura":"4,-2,-1>3,0,-2 -3,3,1>-2,2,2 4,-3,1>3,-1,-1 1,3,-3>2,2,-2 -1,-2,4>-2,0,3 -3,4,0>-3,1,3"}
{"par":162,"whiteIs":"A","ptsW":0,"res":"mate","plies":78,"balW":-938,"secs":20.2,"apertura":"4,-3,1>2,-1,0 1,3,-2>1,2,-2 0,-2,3>0,-1,3 -2,4,0>-2,2,1 3,-2,0>2,0,-1 1,3,-3>2,2,-2"}
{"par":162,"whiteIs":"B","ptsW":null,"res":"tope","plies":80,"balW":70,"secs":17.3,"apertura":"4,-3,1>2,-1,0 1,3,-2>1,2,-2 0,-2,3>0,-1,3 -2,4,0>-2,2,1 3,-2,0>2,0,-1 1,3,-3>2,2,-2"}
{"par":163,"whiteIs":"A","ptsW":null,"res":"tope","plies":80,"balW":283,"secs":16.8,"apertura":"4,-2,-1>4,-1,-1 1,3,-3>2,1,-2 0,-2,3>0,-1,3 -1,3,-1>0,2,0 3,-2,1>2,-1,0 2,1,-2>3,0,-1"}
{"par":163,"whiteIs":"B","ptsW":null,"res":"tope","plies":80,"balW":783,"secs":18.6,"apertura":"4,-2,-1>4,-1,-1 1,3,-3>2,1,-2 0,-2,3>0,-1,3 -1,3,-1>0,2,0 3,-2,1>2,-1,0 2,1,-2>3,0,-1"}
{"par":164,"whiteIs":"A","ptsW":null,"res":"tope","plies":80,"balW":-1396,"secs":18.9,"apertura":"0,-2,4>-1,0,3 1,3,-2>2,1,-1 1,-2,2>1,-1,2 -1,3,0>0,1,1 0,-3,4>0,-2,4 0,4,-2>3,1,-2"}
{"par":164,"whiteIs":"B","ptsW":null,"res":"tope","plies":80,"balW":490,"secs":20.1,"apertura":"0,-2,4>-1,0,3 1,3,-2>2,1,-1 1,-2,2>1,-1,2 -1,3,0>0,1,1 0,-3,4>0,-2,4 0,4,-2>3,1,-2"}
{"par":165,"whiteIs":"A","ptsW":null,"res":"tope","plies":80,"balW":-1051,"secs":18.8,"apertura":"2,-2,1>2,-1,1 1,3,-3>2,2,-2 2,-2,2>1,0,1 -2,4,0>-1,2,0 4,-3,1>2,-1,0 -3,3,1>-2,1,2"}
{"par":165,"whiteIs":"B","ptsW":null,"res":"tope","plies":80,"balW":155,"secs":20.1,"apertura":"2,-2,1>2,-1,1 1,3,-3>2,2,-2 2,-2,2>1,0,1 -2,4,0>-1,2,0 4,-3,1>2,-1,0 -3,3,1>-2,1,2"}
{"par":166,"whiteIs":"A","ptsW":null,"res":"tope","plies":80,"balW":-2389,"secs":19.6,"apertura":"1,-2,2>1,-1,2 2,3,-3>2,2,-3 1,-1,2>0,0,1 0,3,-1>1,1,0 4,-3,1>3,-1,-1 0,4,-3>2,2,-2"}
{"par":166,"whiteIs":"B","ptsW":null,"res":"tope","plies":80,"balW":828,"secs":16.9,"apertura":"1,-2,2>1,-1,2 2,3,-3>2,2,-3 1,-1,2>0,0,1 0,3,-1>1,1,0 4,-3,1>3,-1,-1 0,4,-3>2,2,-2"}
{"par":167,"whiteIs":"A","ptsW":null,"res":"tope","plies":80,"balW":-1148,"secs":19,"apertura":"2,-2,1>2,-1,1 -1,3,-1>0,2,0 0,-2,4>-1,-1,3 1,3,-2>1,2,-2 3,-2,1>2,-1,0 0,4,-2>1,3,-2"}
{"par":167,"whiteIs":"B","ptsW":null,"res":"tope","plies":80,"balW":448,"secs":19.6,"apertura":"2,-2,1>2,-1,1 -1,3,-1>0,2,0 0,-2,4>-1,-1,3 1,3,-2>1,2,-2 3,-2,1>2,-1,0 0,4,-2>1,3,-2"}
{"par":168,"whiteIs":"A","ptsW":null,"res":"tope","plies":80,"balW":30,"secs":18.9,"apertura":"0,-2,3>-1,0,2 -3,3,1>-2,2,2 1,-2,3>0,0,2 -2,3,1>-1,1,2 4,-2,0>3,0,-1 -1,3,0>0,1,1"}
{"par":168,"whiteIs":"B","ptsW":1,"res":"mate","plies":21,"balW":358,"secs":5.3,"apertura":"0,-2,3>-1,0,2 -3,3,1>-2,2,2 1,-2,3>0,0,2 -2,3,1>-1,1,2 4,-2,0>3,0,-1 -1,3,0>0,1,1"}
{"par":169,"whiteIs":"A","ptsW":0,"res":"mate","plies":80,"balW":-1874,"secs":19.1,"apertura":"1,-3,3>1,-1,2 -2,3,0>-1,2,1 0,-2,4>-1,-1,3 -2,4,-1>-2,3,0 1,-3,4>-2,0,4 -1,2,1>-1,1,1"}
{"par":169,"whiteIs":"B","ptsW":null,"res":"tope","plies":80,"balW":1429,"secs":17.4,"apertura":"1,-3,3>1,-1,2 -2,3,0>-1,2,1 0,-2,4>-1,-1,3 -2,4,-1>-2,3,0 1,-3,4>-2,0,4 -1,2,1>-1,1,1"}
{"par":170,"whiteIs":"A","ptsW":null,"res":"tope","plies":80,"balW":23,"secs":20.3,"apertura":"4,-2,0>3,0,-1 -2,4,0>-1,2,0 3,-2,1>2,-1,0 -2,3,1>-1,1,2 0,-2,3>-1,0,2 -2,3,0>-1,2,1"}
{"par":170,"whiteIs":"B","ptsW":null,"res":"tope","plies":80,"balW":-142,"secs":20.1,"apertura":"4,-2,0>3,0,-1 -2,4,0>-1,2,0 3,-2,1>2,-1,0 -2,3,1>-1,1,2 0,-2,3>-1,0,2 -2,3,0>-1,2,1"}
{"par":171,"whiteIs":"A","ptsW":null,"res":"tope","plies":80,"balW":-1629,"secs":19.2,"apertura":"4,-2,-1>3,0,-2 2,3,-3>2,2,-3 4,-3,1>4,-2,-1 1,3,-3>2,1,-2 1,-2,3>0,-1,2 0,4,-3>2,2,-2"}
{"par":171,"whiteIs":"B","ptsW":1,"res":"mate","plies":71,"balW":335,"secs":17.4,"apertura":"4,-2,-1>3,0,-2 2,3,-3>2,2,-3 4,-3,1>4,-2,-1 1,3,-3>2,1,-2 1,-2,3>0,-1,2 0,4,-3>2,2,-2"}
{"par":172,"whiteIs":"A","ptsW":null,"res":"tope","plies":80,"balW":-593,"secs":16.4,"apertura":"4,-2,0>3,-1,-1 -3,3,2>-2,1,3 -1,-2,4>-1,-1,4 0,3,-1>0,2,-1 2,-2,1>2,-1,1 -1,3,-1>0,2,0"}
{"par":172,"whiteIs":"B","ptsW":null,"res":"tope","plies":80,"balW":335,"secs":18.5,"apertura":"4,-2,0>3,-1,-1 -3,3,2>-2,1,3 -1,-2,4>-1,-1,4 0,3,-1>0,2,-1 2,-2,1>2,-1,1 -1,3,-1>0,2,0"}
{"par":173,"whiteIs":"A","ptsW":1,"res":"mate","plies":1,"balW":100,"secs":0.1,"apertura":"1,-3,3>-1,-1,4 1,3,-3>2,2,-2 -1,-1,4>-2,1,2 0,3,-1>0,2,-1 3,-2,1>2,-1,0 0,2,-1>1,1,0"}
{"par":173,"whiteIs":"B","ptsW":1,"res":"mate","plies":1,"balW":100,"secs":0.2,"apertura":"1,-3,3>-1,-1,4 1,3,-3>2,2,-2 -1,-1,4>-2,1,2 0,3,-1>0,2,-1 3,-2,1>2,-1,0 0,2,-1>1,1,0"}
{"par":174,"whiteIs":"A","ptsW":0,"res":"mate","plies":74,"balW":-2074,"secs":17.8,"apertura":"3,-2,0>3,-1,0 -2,4,0>-3,2,2 4,-2,-1>4,-1,-1 2,3,-3>3,1,-2 2,-2,2>1,0,1 -2,3,0>-1,2,1"}
{"par":174,"whiteIs":"B","ptsW":null,"res":"tope","plies":80,"balW":248,"secs":20.8,"apertura":"3,-2,0>3,-1,0 -2,4,0>-3,2,2 4,-2,-1>4,-1,-1 2,3,-3>3,1,-2 2,-2,2>1,0,1 -2,3,0>-1,2,1"}
{"par":175,"whiteIs":"A","ptsW":null,"res":"tope","plies":80,"balW":-275,"secs":17.6,"apertura":"1,-3,3>1,-1,2 -1,3,0>0,1,1 0,-2,4>-1,0,3 0,3,-2>1,2,-1 2,-2,2>1,0,1 2,3,-3>2,2,-3"}
{"par":175,"whiteIs":"B","ptsW":0.5,"res":"repetition","plies":72,"balW":-118,"secs":17.1,"apertura":"1,-3,3>1,-1,2 -1,3,0>0,1,1 0,-2,4>-1,0,3 0,3,-2>1,2,-1 2,-2,2>1,0,1 2,3,-3>2,2,-3"}
{"par":176,"whiteIs":"A","ptsW":null,"res":"tope","plies":80,"balW":-458,"secs":19.7,"apertura":"2,-2,1>1,0,0 -2,3,1>-1,1,2 4,-2,0>3,-1,-1 2,3,-3>3,1,-2 3,-2,1>2,-1,0 0,3,-1>1,1,0"}
{"par":176,"whiteIs":"B","ptsW":1,"res":"mate","plies":73,"balW":2564,"secs":16.5,"apertura":"2,-2,1>1,0,0 -2,3,1>-1,1,2 4,-2,0>3,-1,-1 2,3,-3>3,1,-2 3,-2,1>2,-1,0 0,3,-1>1,1,0"}
{"par":177,"whiteIs":"A","ptsW":null,"res":"tope","plies":80,"balW":-325,"secs":19.2,"apertura":"1,-2,3>0,-1,2 0,3,-1>1,1,0 -1,-2,4>-1,-1,4 0,4,-3>1,2,-1 3,-2,0>3,-1,0 -2,3,1>-2,2,1"}
{"par":177,"whiteIs":"B","ptsW":null,"res":"tope","plies":80,"balW":1166,"secs":19.3,"apertura":"1,-2,3>0,-1,2 0,3,-1>1,1,0 -1,-2,4>-1,-1,4 0,4,-3>1,2,-1 3,-2,0>3,-1,0 -2,3,1>-2,2,1"}
{"par":178,"whiteIs":"A","ptsW":0,"res":"mate","plies":34,"balW":0,"secs":8.8,"apertura":"1,-3,3>1,-1,2 -3,3,2>-2,1,3 0,-2,3>0,-1,3 1,3,-3>2,2,-2 1,-1,2>1,0,0 0,3,-1>0,2,-1"}
{"par":178,"whiteIs":"B","ptsW":null,"res":"tope","plies":80,"balW":506,"secs":17.6,"apertura":"1,-3,3>1,-1,2 -3,3,2>-2,1,3 0,-2,3>0,-1,3 1,3,-3>2,2,-2 1,-1,2>1,0,0 0,3,-1>0,2,-1"}
{"par":179,"whiteIs":"A","ptsW":null,"res":"tope","plies":80,"balW":-458,"secs":19.6,"apertura":"0,-2,4>-1,-1,3 2,3,-3>2,2,-3 1,-3,3>1,-1,2 0,3,-1>0,2,-1 1,-2,3>0,0,2 -3,3,1>-2,1,2"}
{"par":179,"whiteIs":"B","ptsW":null,"res":"tope","plies":80,"balW":518,"secs":17.9,"apertura":"0,-2,4>-1,-1,3 2,3,-3>2,2,-3 1,-3,3>1,-1,2 0,3,-1>0,2,-1 1,-2,3>0,0,2 -3,3,1>-2,1,2"}
{"par":180,"whiteIs":"A","ptsW":null,"res":"tope","plies":80,"balW":-593,"secs":19.4,"apertura":"1,-2,3>0,-1,2 -2,4,0>-1,2,0 1,-3,4>1,2,-1 -1,2,0>-2,4,0 1,2,-1>1,-3,4 0,3,-1>0,2,-1"}
{"par":180,"whiteIs":"B","ptsW":null,"res":"tope","plies":80,"balW":583,"secs":17.6,"apertura":"1,-2,3>0,-1,2 -2,4,0>-1,2,0 1,-3,4>1,2,-1 -1,2,0>-2,4,0 1,2,-1>1,-3,4 0,3,-1>0,2,-1"}
{"par":181,"whiteIs":"A","ptsW":null,"res":"tope","plies":80,"balW":-1794,"secs":18.1,"apertura":"2,-2,1>1,0,0 1,3,-3>2,1,-2 4,-3,1>2,-2,1 -3,3,1>-2,2,2 1,0,0>1,1,0 2,1,-2>3,0,-1"}
{"par":181,"whiteIs":"B","ptsW":1,"res":"mate","plies":69,"balW":1821,"secs":15.5,"apertura":"2,-2,1>1,0,0 1,3,-3>2,1,-2 4,-3,1>2,-2,1 -3,3,1>-2,2,2 1,0,0>1,1,0 2,1,-2>3,0,-1"}
{"par":182,"whiteIs":"A","ptsW":null,"res":"tope","plies":80,"balW":-48,"secs":19.1,"apertura":"2,-2,1>2,-1,1 1,3,-2>2,1,-1 3,-3,2>2,-2,1 0,4,-2>3,1,-2 1,-2,2>0,0,1 1,3,-3>2,1,-2"}
{"par":182,"whiteIs":"B","ptsW":1,"res":"mate","plies":53,"balW":1381,"secs":13.2,"apertura":"2,-2,1>2,-1,1 1,3,-2>2,1,-1 3,-3,2>2,-2,1 0,4,-2>3,1,-2 1,-2,2>0,0,1 1,3,-3>2,1,-2"}
{"par":183,"whiteIs":"A","ptsW":null,"res":"tope","plies":80,"balW":-200,"secs":15.7,"apertura":"4,-3,1>2,-1,0 -2,4,0>0,2,-1 3,-2,0>2,0,-1 -2,3,0>-1,1,1 1,-2,2>0,0,1 -2,3,1>-1,1,2"}
{"par":183,"whiteIs":"B","ptsW":null,"res":"tope","plies":80,"balW":413,"secs":17.1,"apertura":"4,-3,1>2,-1,0 -2,4,0>0,2,-1 3,-2,0>2,0,-1 -2,3,0>-1,1,1 1,-2,2>0,0,1 -2,3,1>-1,1,2"}
{"par":184,"whiteIs":"A","ptsW":null,"res":"tope","plies":80,"balW":-383,"secs":21.3,"apertura":"2,-2,2>1,0,1 -2,4,0>-1,2,0 3,-2,1>2,0,0 -1,3,-1>0,1,0 1,-2,2>1,-1,2 -2,3,1>-2,2,1"}
{"par":184,"whiteIs":"B","ptsW":null,"res":"tope","plies":80,"balW":1106,"secs":19.6,"apertura":"2,-2,2>1,0,1 -2,4,0>-1,2,0 3,-2,1>2,0,0 -1,3,-1>0,1,0 1,-2,2>1,-1,2 -2,3,1>-2,2,1"}
{"par":185,"whiteIs":"A","ptsW":null,"res":"tope","plies":80,"balW":-593,"secs":24.5,"apertura":"1,-3,3>0,-1,3 -2,4,0>-1,2,0 -1,-2,4>-1,-1,4 -1,2,0>1,0,1 4,-2,0>3,-1,-1 1,3,-2>1,2,-2"}
{"par":185,"whiteIs":"B","ptsW":null,"res":"tope","plies":80,"balW":606,"secs":21.5,"apertura":"1,-3,3>0,-1,3 -2,4,0>-1,2,0 -1,-2,4>-1,-1,4 -1,2,0>1,0,1 4,-2,0>3,-1,-1 1,3,-2>1,2,-2"}
{"par":186,"whiteIs":"A","ptsW":null,"res":"tope","plies":80,"balW":-1334,"secs":34.4,"apertura":"-1,-2,4>-1,-1,4 -1,3,0>-1,2,0 1,-2,2>0,0,1 2,3,-3>3,1,-2 1,-2,3>0,-1,2 0,4,-3>2,3,-3"}
{"par":186,"whiteIs":"B","ptsW":null,"res":"tope","plies":80,"balW":100,"secs":27.6,"apertura":"-1,-2,4>-1,-1,4 -1,3,0>-1,2,0 1,-2,2>0,0,1 2,3,-3>3,1,-2 1,-2,3>0,-1,2 0,4,-3>2,3,-3"}
{"par":187,"whiteIs":"A","ptsW":null,"res":"tope","plies":80,"balW":-100,"secs":19.8,"apertura":"0,-2,4>-1,0,3 1,3,-3>2,1,-2 4,-3,1>2,-1,0 -3,3,2>-2,1,3 4,-2,0>3,-1,-1 0,3,-1>1,1,0"}
{"par":187,"whiteIs":"B","ptsW":null,"res":"tope","plies":80,"balW":-75,"secs":17.9,"apertura":"0,-2,4>-1,0,3 1,3,-3>2,1,-2 4,-3,1>2,-1,0 -3,3,2>-2,1,3 4,-2,0>3,-1,-1 0,3,-1>1,1,0"}
{"par":188,"whiteIs":"A","ptsW":null,"res":"tope","plies":80,"balW":335,"secs":17.8,"apertura":"4,-2,0>3,-1,-1 0,4,-3>1,2,-1 3,-2,1>2,-1,0 1,2,-1>2,0,-1 4,-2,-1>4,-1,-1 1,3,-2>2,1,-1"}
{"par":188,"whiteIs":"B","ptsW":null,"res":"tope","plies":80,"balW":2141,"secs":17.9,"apertura":"4,-2,0>3,-1,-1 0,4,-3>1,2,-1 3,-2,1>2,-1,0 1,2,-1>2,0,-1 4,-2,-1>4,-1,-1 1,3,-2>2,1,-1"}
{"par":189,"whiteIs":"A","ptsW":null,"res":"tope","plies":80,"balW":300,"secs":19.3,"apertura":"3,-2,1>2,-1,0 -2,3,0>-1,2,1 0,-2,3>-1,0,2 0,3,-1>0,2,-1 2,-2,2>1,0,1 -1,3,-1>0,1,0"}
{"par":189,"whiteIs":"B","ptsW":null,"res":"tope","plies":80,"balW":653,"secs":19.1,"apertura":"3,-2,1>2,-1,0 -2,3,0>-1,2,1 0,-2,3>-1,0,2 0,3,-1>0,2,-1 2,-2,2>1,0,1 -1,3,-1>0,1,0"}
{"par":190,"whiteIs":"A","ptsW":0,"res":"mate","plies":74,"balW":-523,"secs":17.9,"apertura":"-1,-2,4>-1,-1,4 -2,3,0>-1,1,1 1,-3,3>2,-1,1 -3,3,2>-2,1,3 2,-1,1>0,-1,2 -1,4,-1>-2,3,0"}
{"par":190,"whiteIs":"B","ptsW":null,"res":"tope","plies":80,"balW":152,"secs":17.5,"apertura":"-1,-2,4>-1,-1,4 -2,3,0>-1,1,1 1,-3,3>2,-1,1 -3,3,2>-2,1,3 2,-1,1>0,-1,2 -1,4,-1>-2,3,0"}
{"par":191,"whiteIs":"A","ptsW":null,"res":"tope","plies":80,"balW":-388,"secs":17.8,"apertura":"2,-2,2>1,0,1 -1,3,-1>0,2,0 3,-2,0>3,-1,0 -1,3,0>-1,2,0 0,-2,3>-1,0,2 0,4,-3>2,2,-2"}
{"par":191,"whiteIs":"B","ptsW":1,"res":"mate","plies":51,"balW":898,"secs":13,"apertura":"2,-2,2>1,0,1 -1,3,-1>0,2,0 3,-2,0>3,-1,0 -1,3,0>-1,2,0 0,-2,3>-1,0,2 0,4,-3>2,2,-2"}
{"par":192,"whiteIs":"A","ptsW":0,"res":"mate","plies":70,"balW":100,"secs":14.3,"apertura":"0,-2,4>-1,0,3 -3,3,1>-2,1,2 2,-2,2>1,-1,1 -2,3,1>-1,1,2 4,-2,0>3,0,-1 1,3,-3>2,1,-2"}
{"par":192,"whiteIs":"B","ptsW":null,"res":"tope","plies":80,"balW":30,"secs":17.3,"apertura":"0,-2,4>-1,0,3 -3,3,1>-2,1,2 2,-2,2>1,-1,1 -2,3,1>-1,1,2 4,-2,0>3,0,-1 1,3,-3>2,1,-2"}
{"par":193,"whiteIs":"A","ptsW":0,"res":"mate","plies":80,"balW":-300,"secs":16.3,"apertura":"0,-2,4>-1,-1,3 -3,3,2>-2,1,3 2,-2,2>1,-1,1 -3,3,1>-2,1,2 1,-3,3>1,-1,2 -2,4,0>0,2,-1"}
{"par":193,"whiteIs":"B","ptsW":null,"res":"tope","plies":80,"balW":1053,"secs":17,"apertura":"0,-2,4>-1,-1,3 -3,3,2>-2,1,3 2,-2,2>1,-1,1 -3,3,1>-2,1,2 1,-3,3>1,-1,2 -2,4,0>0,2,-1"}
{"par":194,"whiteIs":"A","ptsW":null,"res":"tope","plies":80,"balW":593,"secs":15.4,"apertura":"3,-2,1>2,-1,0 -3,3,2>-3,2,2 4,-2,-1>4,-1,-1 -2,3,0>-1,2,1 2,-2,1>2,-1,1 -3,4,0>1,0,0"}
{"par":194,"whiteIs":"B","ptsW":null,"res":"tope","plies":80,"balW":635,"secs":16.7,"apertura":"3,-2,1>2,-1,0 -3,3,2>-3,2,2 4,-2,-1>4,-1,-1 -2,3,0>-1,2,1 2,-2,1>2,-1,1 -3,4,0>1,0,0"}
{"par":195,"whiteIs":"A","ptsW":null,"res":"tope","plies":80,"balW":-365,"secs":17.2,"apertura":"1,-2,3>0,-1,2 -2,4,0>0,2,-1 2,-3,2>1,-2,3 1,3,-3>2,1,-2 4,-2,-1>3,0,-2 0,4,-3>1,2,-1"}
{"par":195,"whiteIs":"B","ptsW":null,"res":"tope","plies":80,"balW":1031,"secs":17.2,"apertura":"1,-2,3>0,-1,2 -2,4,0>0,2,-1 2,-3,2>1,-2,3 1,3,-3>2,1,-2 4,-2,-1>3,0,-2 0,4,-3>1,2,-1"}
{"par":196,"whiteIs":"A","ptsW":null,"res":"tope","plies":80,"balW":-713,"secs":17.4,"apertura":"1,-3,3>0,-1,3 0,3,-2>1,2,-1 0,-1,3>-2,-1,4 -2,3,1>-2,2,1 0,-2,4>-1,-1,3 -2,3,0>-1,1,1"}
{"par":196,"whiteIs":"B","ptsW":null,"res":"tope","plies":80,"balW":100,"secs":20.3,"apertura":"1,-3,3>0,-1,3 0,3,-2>1,2,-1 0,-1,3>-2,-1,4 -2,3,1>-2,2,1 0,-2,4>-1,-1,3 -2,3,0>-1,1,1"}
{"par":197,"whiteIs":"A","ptsW":null,"res":"tope","plies":80,"balW":83,"secs":18.4,"apertura":"4,-2,-1>3,0,-2 0,4,-3>2,2,-2 2,-2,2>1,0,1 -3,3,2>-2,1,3 2,-3,2>2,-2,2 2,2,-2>2,0,-1"}
{"par":197,"whiteIs":"B","ptsW":1,"res":"mate","plies":33,"balW":-265,"secs":8.8,"apertura":"4,-2,-1>3,0,-2 0,4,-3>2,2,-2 2,-2,2>1,0,1 -3,3,2>-2,1,3 2,-3,2>2,-2,2 2,2,-2>2,0,-1"}
{"par":198,"whiteIs":"A","ptsW":null,"res":"tope","plies":80,"balW":318,"secs":18.4,"apertura":"3,-2,0>3,-1,0 -2,4,0>-3,2,2 1,-3,3>0,-1,3 0,3,-2>1,2,-1 3,-3,1>3,1,-3 -2,3,0>-1,2,1"}
{"par":198,"whiteIs":"B","ptsW":1,"res":"mate","plies":47,"balW":175,"secs":12,"apertura":"3,-2,0>3,-1,0 -2,4,0>-3,2,2 1,-3,3>0,-1,3 0,3,-2>1,2,-1 3,-3,1>3,1,-3 -2,3,0>-1,2,1"}
{"par":199,"whiteIs":"A","ptsW":null,"res":"tope","plies":80,"balW":-230,"secs":16.2,"apertura":"1,-3,3>-1,-1,4 1,3,-2>1,2,-2 1,-2,2>0,0,1 -2,3,0>-1,2,1 -1,-1,4>-2,1,2 -1,3,0>0,1,1"}
{"par":199,"whiteIs":"B","ptsW":null,"res":"tope","plies":80,"balW":318,"secs":16.8,"apertura":"1,-3,3>-1,-1,4 1,3,-2>1,2,-2 1,-2,2>0,0,1 -2,3,0>-1,2,1 -1,-1,4>-2,1,2 -1,3,0>0,1,1"}
{"par":200,"whiteIs":"A","ptsW":null,"res":"tope","plies":80,"balW":-77,"secs":16.9,"apertura":"1,-2,2>1,-1,2 0,3,-1>0,2,-1 2,-2,2>1,0,1 0,4,-3>2,2,-2 3,-2,0>2,0,-1 -2,3,1>-2,2,1"}
{"par":200,"whiteIs":"B","ptsW":null,"res":"tope","plies":80,"balW":1183,"secs":18.9,"apertura":"1,-2,2>1,-1,2 0,3,-1>0,2,-1 2,-2,2>1,0,1 0,4,-3>2,2,-2 3,-2,0>2,0,-1 -2,3,1>-2,2,1"}
