# {"fecha":"2026-08-26T20:09:14.551Z","modalidad":"rps-rey","A":{"nombre":"acoso10","cfg":{"depth":24,"mobility":true,"order":true,"quiesce":true,"nodes":4500,"rps":{"PROPORCIONAL":1,"PROP_ACOSO":10,"PROP_ACOSO_REY":10}}},"B":{"nombre":"acoso30","cfg":{"depth":24,"mobility":true,"order":true,"quiesce":true,"nodes":4500,"rps":{"PROPORCIONAL":1,"PROP_ACOSO":30,"PROP_ACOSO_REY":30}}},"MAX_PLIES":800,"FIFTY":80,"OPENING_PLIES":6,"SEED":43,"FIRST":51,"PAIRS":50,"libro":"/Users/salasgar/Documents/git/Ajedrez-triangular/entrenamiento/libro-rps-rey.json"}
{"par":51,"whiteIs":"A","ptsW":1,"res":"mate","plies":311,"balW":400,"secs":14.6,"apertura":"0,-2,4>-1,-1,3 -2,3,1>-2,2,1 2,-2,1>2,-1,1 -2,2,1>-2,3,1 2,-2,2>1,-1,1 0,3,-1>1,2,-2"}
{"par":51,"whiteIs":"B","ptsW":1,"res":"mate","plies":267,"balW":100,"secs":11,"apertura":"0,-2,4>-1,-1,3 -2,3,1>-2,2,1 2,-2,1>2,-1,1 -2,2,1>-2,3,1 2,-2,2>1,-1,1 0,3,-1>1,2,-2"}
{"par":52,"whiteIs":"A","ptsW":1,"res":"mate","plies":361,"balW":300,"secs":13.5,"apertura":"0,-2,3>0,-1,3 1,3,-2>2,2,-2 1,-3,4>0,-2,3 0,4,-3>1,3,-2 0,-2,4>-1,-1,3 -3,3,1>-2,2,1"}
{"par":52,"whiteIs":"B","ptsW":0,"res":"mate","plies":284,"balW":-400,"secs":11.5,"apertura":"0,-2,3>0,-1,3 1,3,-2>2,2,-2 1,-3,4>0,-2,3 0,4,-3>1,3,-2 0,-2,4>-1,-1,3 -3,3,1>-2,2,1"}
{"par":53,"whiteIs":"A","ptsW":0,"res":"mate","plies":256,"balW":0,"secs":10.8,"apertura":"3,-2,0>4,-1,-1 -1,3,0>0,2,-1 3,-2,1>2,-1,1 -1,3,-1>0,2,0 4,-2,0>3,-1,0 0,2,-1>-1,3,-1"}
{"par":53,"whiteIs":"B","ptsW":1,"res":"mate","plies":221,"balW":-100,"secs":10.8,"apertura":"3,-2,0>4,-1,-1 -1,3,0>0,2,-1 3,-2,1>2,-1,1 -1,3,-1>0,2,0 4,-2,0>3,-1,0 0,2,-1>-1,3,-1"}
{"par":54,"whiteIs":"A","ptsW":0.5,"res":"fifty","plies":201,"balW":-200,"secs":11.6,"apertura":"3,-2,0>2,-1,0 1,3,-3>1,2,-2 2,-1,0>1,0,0 1,2,-2>2,2,-3 4,-3,1>3,-2,0 2,2,-3>1,2,-2"}
{"par":54,"whiteIs":"B","ptsW":1,"res":"mate","plies":229,"balW":-100,"secs":16.1,"apertura":"3,-2,0>2,-1,0 1,3,-3>1,2,-2 2,-1,0>1,0,0 1,2,-2>2,2,-3 4,-3,1>3,-2,0 2,2,-3>1,2,-2"}
{"par":55,"whiteIs":"A","ptsW":0.5,"res":"fifty","plies":385,"balW":300,"secs":26.3,"apertura":"4,-2,-1>3,-1,0 1,3,-3>2,2,-3 1,-2,2>0,-1,3 0,3,-2>1,2,-2 3,-2,0>2,-1,0 1,3,-2>0,2,-1"}
{"par":55,"whiteIs":"B","ptsW":0.5,"res":"stalemate","plies":283,"balW":300,"secs":24.8,"apertura":"4,-2,-1>3,-1,0 1,3,-3>2,2,-3 1,-2,2>0,-1,3 0,3,-2>1,2,-2 3,-2,0>2,-1,0 1,3,-2>0,2,-1"}
{"par":56,"whiteIs":"A","ptsW":0,"res":"mate","plies":200,"balW":-400,"secs":13.6,"apertura":"4,-2,0>3,-1,-1 0,3,-1>0,2,0 3,-1,-1>2,-1,0 2,3,-3>2,2,-2 1,-2,2>1,-1,2 1,3,-3>1,2,-2"}
{"par":56,"whiteIs":"B","ptsW":1,"res":"mate","plies":181,"balW":500,"secs":11.7,"apertura":"4,-2,0>3,-1,-1 0,3,-1>0,2,0 3,-1,-1>2,-1,0 2,3,-3>2,2,-2 1,-2,2>1,-1,2 1,3,-3>1,2,-2"}
{"par":57,"whiteIs":"A","ptsW":0.5,"res":"fifty","plies":274,"balW":0,"secs":13.1,"apertura":"2,-2,1>2,-1,0 -2,3,1>-1,2,0 1,-2,3>0,-1,3 -3,3,2>-3,2,2 2,-1,0>2,0,0 1,3,-2>0,2,-1"}
{"par":57,"whiteIs":"B","ptsW":0.5,"res":"fifty","plies":175,"balW":0,"secs":10.4,"apertura":"2,-2,1>2,-1,0 -2,3,1>-1,2,0 1,-2,3>0,-1,3 -3,3,2>-3,2,2 2,-1,0>2,0,0 1,3,-2>0,2,-1"}
{"par":58,"whiteIs":"A","ptsW":0.5,"res":"fifty","plies":74,"balW":0,"secs":4.2,"apertura":"1,-2,2>2,-1,1 0,3,-1>-1,2,0 1,-2,3>1,-1,2 -1,2,0>-1,1,1 0,-2,3>0,-1,3 1,3,-2>1,2,-1"}
{"par":58,"whiteIs":"B","ptsW":0,"res":"mate","plies":398,"balW":-100,"secs":18.6,"apertura":"1,-2,2>2,-1,1 0,3,-1>-1,2,0 1,-2,3>1,-1,2 -1,2,0>-1,1,1 0,-2,3>0,-1,3 1,3,-2>1,2,-1"}
{"par":59,"whiteIs":"A","ptsW":0.5,"res":"fifty","plies":126,"balW":0,"secs":8.8,"apertura":"4,-2,0>3,-1,-1 -2,3,1>-1,2,1 3,-2,1>2,-1,1 -1,2,1>-2,2,1 2,-1,1>1,0,0 -2,2,1>-2,2,2"}
{"par":59,"whiteIs":"B","ptsW":0,"res":"mate","plies":204,"balW":-500,"secs":11.2,"apertura":"4,-2,0>3,-1,-1 -2,3,1>-1,2,1 3,-2,1>2,-1,1 -1,2,1>-2,2,1 2,-1,1>1,0,0 -2,2,1>-2,2,2"}
{"par":60,"whiteIs":"A","ptsW":0,"res":"mate","plies":284,"balW":-200,"secs":17.7,"apertura":"3,-2,0>2,-1,1 2,3,-3>3,2,-3 2,-1,1>3,-2,0 -1,3,0>-2,2,1 2,-2,2>2,-1,1 -1,3,-1>0,2,0"}
{"par":60,"whiteIs":"B","ptsW":0.5,"res":"fifty","plies":74,"balW":0,"secs":3.9,"apertura":"3,-2,0>2,-1,1 2,3,-3>3,2,-3 2,-1,1>3,-2,0 -1,3,0>-2,2,1 2,-2,2>2,-1,1 -1,3,-1>0,2,0"}
{"par":61,"whiteIs":"A","ptsW":1,"res":"mate","plies":219,"balW":600,"secs":11.6,"apertura":"4,-2,-1>4,-1,-2 0,3,-1>0,2,0 4,-1,-2>3,0,-2 0,2,0>-1,2,1 2,-2,1>3,-1,0 -1,2,1>0,1,1"}
{"par":61,"whiteIs":"B","ptsW":1,"res":"mate","plies":267,"balW":400,"secs":16.2,"apertura":"4,-2,-1>4,-1,-2 0,3,-1>0,2,0 4,-1,-2>3,0,-2 0,2,0>-1,2,1 2,-2,1>3,-1,0 -1,2,1>0,1,1"}
{"par":62,"whiteIs":"A","ptsW":0.5,"res":"fifty","plies":74,"balW":0,"secs":4.7,"apertura":"4,-2,-1>3,-1,0 1,3,-2>0,2,-1 4,-2,0>3,-1,-1 -3,3,1>-2,2,2 -1,-2,4>0,-1,3 -2,2,2>-3,3,1"}
{"par":62,"whiteIs":"B","ptsW":1,"res":"mate","plies":247,"balW":0,"secs":17.5,"apertura":"4,-2,-1>3,-1,0 1,3,-2>0,2,-1 4,-2,0>3,-1,-1 -3,3,1>-2,2,2 -1,-2,4>0,-1,3 -2,2,2>-3,3,1"}
{"par":63,"whiteIs":"A","ptsW":0.5,"res":"fifty","plies":377,"balW":600,"secs":19.5,"apertura":"3,-2,1>3,-1,0 0,3,-2>1,2,-1 3,-1,0>2,0,-1 1,2,-1>0,2,-1 1,-2,2>1,-1,1 -3,3,2>-2,2,1"}
{"par":63,"whiteIs":"B","ptsW":1,"res":"mate","plies":339,"balW":200,"secs":15.6,"apertura":"3,-2,1>3,-1,0 0,3,-2>1,2,-1 3,-1,0>2,0,-1 1,2,-1>0,2,-1 1,-2,2>1,-1,1 -3,3,2>-2,2,1"}
{"par":64,"whiteIs":"A","ptsW":0,"res":"mate","plies":226,"balW":300,"secs":13.2,"apertura":"0,-2,4>0,-1,3 2,3,-3>1,2,-2 4,-2,-1>3,-1,0 1,2,-2>2,3,-3 0,-1,3>-1,0,2 -1,3,0>0,2,-1"}
{"par":64,"whiteIs":"B","ptsW":0,"res":"mate","plies":356,"balW":-300,"secs":20.9,"apertura":"0,-2,4>0,-1,3 2,3,-3>1,2,-2 4,-2,-1>3,-1,0 1,2,-2>2,3,-3 0,-1,3>-1,0,2 -1,3,0>0,2,-1"}
{"par":65,"whiteIs":"A","ptsW":1,"res":"mate","plies":271,"balW":500,"secs":21.4,"apertura":"1,-2,2>1,-1,1 0,3,-1>1,2,-1 -1,-2,4>-1,-1,3 -3,3,2>-2,2,2 1,-1,1>0,-1,2 0,3,-2>0,2,-1"}
{"par":65,"whiteIs":"B","ptsW":0.5,"res":"fifty","plies":74,"balW":0,"secs":5.8,"apertura":"1,-2,2>1,-1,1 0,3,-1>1,2,-1 -1,-2,4>-1,-1,3 -3,3,2>-2,2,2 1,-1,1>0,-1,2 0,3,-2>0,2,-1"}
{"par":66,"whiteIs":"A","ptsW":1,"res":"mate","plies":351,"balW":600,"secs":21.5,"apertura":"2,-2,2>1,-1,2 2,3,-3>3,2,-3 3,-2,1>2,-2,2 -1,3,0>-1,2,1 4,-2,0>3,-2,1 1,3,-3>2,3,-3"}
{"par":66,"whiteIs":"B","ptsW":1,"res":"mate","plies":353,"balW":-200,"secs":23.5,"apertura":"2,-2,2>1,-1,2 2,3,-3>3,2,-3 3,-2,1>2,-2,2 -1,3,0>-1,2,1 4,-2,0>3,-2,1 1,3,-3>2,3,-3"}
{"par":67,"whiteIs":"A","ptsW":0.5,"res":"fifty","plies":74,"balW":0,"secs":3.2,"apertura":"2,-2,1>2,-1,1 1,3,-2>0,2,-1 -1,-2,4>-1,-1,4 -2,3,1>-2,2,2 4,-2,0>3,-1,-1 0,3,-2>1,2,-1"}
{"par":67,"whiteIs":"B","ptsW":0.5,"res":"fifty","plies":74,"balW":0,"secs":4.7,"apertura":"2,-2,1>2,-1,1 1,3,-2>0,2,-1 -1,-2,4>-1,-1,4 -2,3,1>-2,2,2 4,-2,0>3,-1,-1 0,3,-2>1,2,-1"}
{"par":68,"whiteIs":"A","ptsW":0,"res":"mate","plies":216,"balW":100,"secs":13.9,"apertura":"-1,-2,4>-1,-1,3 -2,3,1>-2,2,1 1,-2,3>1,-1,2 -2,2,1>-2,3,1 1,-1,2>1,-1,1 -2,3,1>-1,2,1"}
{"par":68,"whiteIs":"B","ptsW":0,"res":"mate","plies":192,"balW":-300,"secs":9.4,"apertura":"-1,-2,4>-1,-1,3 -2,3,1>-2,2,1 1,-2,3>1,-1,2 -2,2,1>-2,3,1 1,-1,2>1,-1,1 -2,3,1>-1,2,1"}
{"par":69,"whiteIs":"A","ptsW":1,"res":"mate","plies":275,"balW":400,"secs":9.2,"apertura":"-1,-2,4>-1,-1,3 1,3,-2>1,2,-2 -1,-1,3>0,-1,2 1,2,-2>1,2,-1 1,-2,3>0,-1,3 -2,3,1>-1,2,1"}
{"par":69,"whiteIs":"B","ptsW":0,"res":"mate","plies":370,"balW":-600,"secs":14.4,"apertura":"-1,-2,4>-1,-1,3 1,3,-2>1,2,-2 -1,-1,3>0,-1,2 1,2,-2>1,2,-1 1,-2,3>0,-1,3 -2,3,1>-1,2,1"}
{"par":70,"whiteIs":"A","ptsW":0.5,"res":"fifty","plies":74,"balW":0,"secs":3,"apertura":"1,-2,2>0,-1,3 -2,3,0>-1,2,0 2,-3,2>1,-2,2 -3,3,2>-2,2,1 0,-1,3>-1,0,2 -2,2,1>-3,3,2"}
{"par":70,"whiteIs":"B","ptsW":1,"res":"mate","plies":347,"balW":-500,"secs":19.7,"apertura":"1,-2,2>0,-1,3 -2,3,0>-1,2,0 2,-3,2>1,-2,2 -3,3,2>-2,2,1 0,-1,3>-1,0,2 -2,2,1>-3,3,2"}
{"par":71,"whiteIs":"A","ptsW":1,"res":"mate","plies":313,"balW":500,"secs":14.5,"apertura":"1,-2,2>0,-1,3 -3,3,1>-2,2,1 0,-1,3>-1,-1,3 -3,3,2>-3,2,2 2,-2,2>2,-1,1 0,3,-2>1,2,-2"}
{"par":71,"whiteIs":"B","ptsW":0,"res":"mate","plies":260,"balW":200,"secs":27.2,"apertura":"1,-2,2>0,-1,3 -3,3,1>-2,2,1 0,-1,3>-1,-1,3 -3,3,2>-3,2,2 2,-2,2>2,-1,1 0,3,-2>1,2,-2"}
{"par":72,"whiteIs":"A","ptsW":0.5,"res":"fifty","plies":74,"balW":0,"secs":5.8,"apertura":"1,-2,2>1,-1,2 1,3,-3>2,2,-2 2,-2,2>1,-2,2 2,3,-3>2,2,-3 0,-2,3>-1,-1,4 0,4,-3>1,3,-3"}
{"par":72,"whiteIs":"B","ptsW":1,"res":"mate","plies":247,"balW":-200,"secs":13.2,"apertura":"1,-2,2>1,-1,2 1,3,-3>2,2,-2 2,-2,2>1,-2,2 2,3,-3>2,2,-3 0,-2,3>-1,-1,4 0,4,-3>1,3,-3"}
{"par":73,"whiteIs":"A","ptsW":1,"res":"mate","plies":309,"balW":900,"secs":20.3,"apertura":"-1,-2,4>0,-1,3 -2,3,1>-1,2,0 2,-2,2>1,-1,2 -2,3,0>-2,3,1 3,-2,0>3,-1,-1 -1,3,-1>0,2,0"}
{"par":73,"whiteIs":"B","ptsW":0,"res":"mate","plies":216,"balW":-600,"secs":27.9,"apertura":"-1,-2,4>0,-1,3 -2,3,1>-1,2,0 2,-2,2>1,-1,2 -2,3,0>-2,3,1 3,-2,0>3,-1,-1 -1,3,-1>0,2,0"}
{"par":74,"whiteIs":"A","ptsW":0,"res":"mate","plies":254,"balW":0,"secs":28.8,"apertura":"1,-2,3>1,-1,2 -2,3,1>-1,2,0 0,-2,3>0,-1,3 -1,2,0>-2,3,1 4,-2,0>3,-1,-1 -3,3,2>-2,2,1"}
{"par":74,"whiteIs":"B","ptsW":0,"res":"mate","plies":342,"balW":-200,"secs":32.8,"apertura":"1,-2,3>1,-1,2 -2,3,1>-1,2,0 0,-2,3>0,-1,3 -1,2,0>-2,3,1 4,-2,0>3,-1,-1 -3,3,2>-2,2,1"}
{"par":75,"whiteIs":"A","ptsW":0.5,"res":"fifty","plies":74,"balW":0,"secs":7.2,"apertura":"2,-2,2>1,-1,2 -2,3,1>-3,2,2 1,-1,2>0,-1,2 1,3,-2>1,2,-2 -1,-2,4>0,-1,3 -1,3,0>-1,2,0"}
{"par":75,"whiteIs":"B","ptsW":0,"res":"mate","plies":282,"balW":-700,"secs":17.9,"apertura":"2,-2,2>1,-1,2 -2,3,1>-3,2,2 1,-1,2>0,-1,2 1,3,-2>1,2,-2 -1,-2,4>0,-1,3 -1,3,0>-1,2,0"}
{"par":76,"whiteIs":"A","ptsW":0.5,"res":"fifty","plies":74,"balW":0,"secs":11.5,"apertura":"3,-2,1>2,-1,0 -1,3,0>0,2,-1 0,-2,4>0,-1,3 2,3,-3>3,2,-3 1,-2,2>0,-1,2 0,2,-1>1,2,-1"}
{"par":76,"whiteIs":"B","ptsW":0.5,"res":"fifty","plies":74,"balW":0,"secs":13,"apertura":"3,-2,1>2,-1,0 -1,3,0>0,2,-1 0,-2,4>0,-1,3 2,3,-3>3,2,-3 1,-2,2>0,-1,2 0,2,-1>1,2,-1"}
{"par":77,"whiteIs":"A","ptsW":0,"res":"mate","plies":112,"balW":100,"secs":10.3,"apertura":"0,-2,4>-1,-1,3 1,3,-2>2,2,-3 -1,-1,3>-1,-1,4 -3,3,1>-2,2,1 3,-2,0>4,-1,-1 2,3,-3>1,2,-2"}
{"par":77,"whiteIs":"B","ptsW":0,"res":"mate","plies":314,"balW":-100,"secs":11.9,"apertura":"0,-2,4>-1,-1,3 1,3,-2>2,2,-3 -1,-1,3>-1,-1,4 -3,3,1>-2,2,1 3,-2,0>4,-1,-1 2,3,-3>1,2,-2"}
{"par":78,"whiteIs":"A","ptsW":0,"res":"mate","plies":298,"balW":-200,"secs":12.7,"apertura":"2,-2,1>1,-1,2 -3,3,1>-2,2,1 3,-2,0>2,-1,0 -1,3,0>0,2,-1 4,-3,0>3,-2,0 1,3,-3>2,2,-2"}
{"par":78,"whiteIs":"B","ptsW":0,"res":"mate","plies":264,"balW":0,"secs":16.7,"apertura":"2,-2,1>1,-1,2 -3,3,1>-2,2,1 3,-2,0>2,-1,0 -1,3,0>0,2,-1 4,-3,0>3,-2,0 1,3,-3>2,2,-2"}
{"par":79,"whiteIs":"A","ptsW":1,"res":"mate","plies":231,"balW":100,"secs":13.4,"apertura":"0,-2,3>-1,-1,3 0,3,-1>-1,2,0 -1,-2,4>0,-1,3 1,3,-2>1,2,-2 0,-1,3>0,0,2 2,3,-3>3,2,-3"}
{"par":79,"whiteIs":"B","ptsW":1,"res":"mate","plies":291,"balW":-300,"secs":22,"apertura":"0,-2,3>-1,-1,3 0,3,-1>-1,2,0 -1,-2,4>0,-1,3 1,3,-2>1,2,-2 0,-1,3>0,0,2 2,3,-3>3,2,-3"}
{"par":80,"whiteIs":"A","ptsW":0.5,"res":"stalemate","plies":282,"balW":-300,"secs":12.9,"apertura":"2,-2,1>1,-1,1 -2,3,0>-2,2,1 2,-2,2>2,-2,1 -3,3,1>-2,2,2 1,-1,1>2,-1,0 -2,2,2>-3,3,1"}
{"par":80,"whiteIs":"B","ptsW":0.5,"res":"fifty","plies":452,"balW":100,"secs":17.3,"apertura":"2,-2,1>1,-1,1 -2,3,0>-2,2,1 2,-2,2>2,-2,1 -3,3,1>-2,2,2 1,-1,1>2,-1,0 -2,2,2>-3,3,1"}
{"par":81,"whiteIs":"A","ptsW":0.5,"res":"fifty","plies":74,"balW":0,"secs":3.8,"apertura":"2,-2,1>1,-1,2 -3,3,1>-2,2,2 4,-2,-1>4,-1,-1 0,3,-1>1,2,-2 3,-2,0>2,-1,0 -2,3,0>-3,3,1"}
{"par":81,"whiteIs":"B","ptsW":0.5,"res":"fifty","plies":141,"balW":0,"secs":8.1,"apertura":"2,-2,1>1,-1,2 -3,3,1>-2,2,2 4,-2,-1>4,-1,-1 0,3,-1>1,2,-2 3,-2,0>2,-1,0 -2,3,0>-3,3,1"}
{"par":82,"whiteIs":"A","ptsW":0.5,"res":"fifty","plies":74,"balW":0,"secs":4.6,"apertura":"1,-2,2>1,-1,1 0,3,-2>1,2,-2 1,-1,1>0,0,1 -1,3,-1>0,2,0 0,-2,4>-1,-1,4 0,2,0>-1,2,0"}
{"par":82,"whiteIs":"B","ptsW":1,"res":"mate","plies":327,"balW":200,"secs":20.1,"apertura":"1,-2,2>1,-1,1 0,3,-2>1,2,-2 1,-1,1>0,0,1 -1,3,-1>0,2,0 0,-2,4>-1,-1,4 0,2,0>-1,2,0"}
{"par":83,"whiteIs":"A","ptsW":0.5,"res":"fifty","plies":74,"balW":0,"secs":8,"apertura":"2,-2,2>1,-1,1 2,3,-3>2,2,-3 2,-3,2>2,-2,2 0,3,-1>1,2,-1 4,-2,-1>4,-1,-2 -3,3,1>-2,2,2"}
{"par":83,"whiteIs":"B","ptsW":0,"res":"mate","plies":322,"balW":-500,"secs":22.1,"apertura":"2,-2,2>1,-1,1 2,3,-3>2,2,-3 2,-3,2>2,-2,2 0,3,-1>1,2,-1 4,-2,-1>4,-1,-2 -3,3,1>-2,2,2"}
{"par":84,"whiteIs":"A","ptsW":0.5,"res":"fifty","plies":142,"balW":0,"secs":11,"apertura":"-1,-2,4>-2,-1,4 -2,3,0>-2,2,1 0,-2,4>-1,-1,4 0,3,-1>1,2,-2 -1,-1,4>0,-1,3 -2,2,1>-1,1,1"}
{"par":84,"whiteIs":"B","ptsW":1,"res":"mate","plies":189,"balW":300,"secs":14.6,"apertura":"-1,-2,4>-2,-1,4 -2,3,0>-2,2,1 0,-2,4>-1,-1,4 0,3,-1>1,2,-2 -1,-1,4>0,-1,3 -2,2,1>-1,1,1"}
{"par":85,"whiteIs":"A","ptsW":0,"res":"mate","plies":254,"balW":-200,"secs":17.9,"apertura":"-1,-2,4>-2,-1,4 -2,3,0>-2,2,1 4,-2,-1>3,-1,0 -2,2,1>-1,1,2 4,-2,0>3,-1,-1 -1,3,-1>-1,2,0"}
{"par":85,"whiteIs":"B","ptsW":0.5,"res":"fifty","plies":342,"balW":0,"secs":15.9,"apertura":"-1,-2,4>-2,-1,4 -2,3,0>-2,2,1 4,-2,-1>3,-1,0 -2,2,1>-1,1,2 4,-2,0>3,-1,-1 -1,3,-1>-1,2,0"}
{"par":86,"whiteIs":"A","ptsW":0,"res":"mate","plies":298,"balW":200,"secs":17.5,"apertura":"2,-2,1>1,-1,1 0,3,-1>1,2,-2 2,-3,2>2,-2,1 1,3,-2>2,2,-3 0,-2,3>1,-1,2 -3,3,1>-2,2,2"}
{"par":86,"whiteIs":"B","ptsW":0.5,"res":"fifty","plies":132,"balW":0,"secs":8.9,"apertura":"2,-2,1>1,-1,1 0,3,-1>1,2,-2 2,-3,2>2,-2,1 1,3,-2>2,2,-3 0,-2,3>1,-1,2 -3,3,1>-2,2,2"}
{"par":87,"whiteIs":"A","ptsW":1,"res":"mate","plies":225,"balW":-300,"secs":13.3,"apertura":"4,-2,-1>4,-1,-2 -2,3,0>-1,2,0 2,-2,2>1,-1,1 -1,2,0>0,1,1 1,-2,2>2,-2,2 0,1,1>0,0,1"}
{"par":87,"whiteIs":"B","ptsW":0.5,"res":"fifty","plies":264,"balW":0,"secs":20.9,"apertura":"4,-2,-1>4,-1,-2 -2,3,0>-1,2,0 2,-2,2>1,-1,1 -1,2,0>0,1,1 1,-2,2>2,-2,2 0,1,1>0,0,1"}
{"par":88,"whiteIs":"A","ptsW":0.5,"res":"fifty","plies":74,"balW":0,"secs":3.5,"apertura":"2,-2,1>2,-1,1 -3,3,1>-2,2,2 4,-2,-1>3,-1,0 1,3,-2>1,2,-2 -1,-2,4>-1,-1,3 -2,2,2>-3,3,1"}
{"par":88,"whiteIs":"B","ptsW":0,"res":"mate","plies":404,"balW":-300,"secs":14.3,"apertura":"2,-2,1>2,-1,1 -3,3,1>-2,2,2 4,-2,-1>3,-1,0 1,3,-2>1,2,-2 -1,-2,4>-1,-1,3 -2,2,2>-3,3,1"}
{"par":89,"whiteIs":"A","ptsW":1,"res":"mate","plies":277,"balW":100,"secs":14.9,"apertura":"3,-2,1>2,-1,0 1,3,-2>2,2,-3 2,-3,2>3,-2,1 0,3,-2>0,2,-1 2,-1,0>3,-1,0 -1,3,0>-2,2,1"}
{"par":89,"whiteIs":"B","ptsW":0,"res":"mate","plies":276,"balW":-500,"secs":19.9,"apertura":"3,-2,1>2,-1,0 1,3,-2>2,2,-3 2,-3,2>3,-2,1 0,3,-2>0,2,-1 2,-1,0>3,-1,0 -1,3,0>-2,2,1"}
{"par":90,"whiteIs":"A","ptsW":0.5,"res":"fifty","plies":305,"balW":100,"secs":17,"apertura":"4,-2,-1>4,-1,-2 0,3,-1>1,2,-2 4,-3,0>4,-2,-1 1,2,-2>2,2,-3 4,-2,0>3,-1,0 -1,3,0>-1,2,0"}
{"par":90,"whiteIs":"B","ptsW":0,"res":"mate","plies":264,"balW":-800,"secs":19.1,"apertura":"4,-2,-1>4,-1,-2 0,3,-1>1,2,-2 4,-3,0>4,-2,-1 1,2,-2>2,2,-3 4,-2,0>3,-1,0 -1,3,0>-1,2,0"}
{"par":91,"whiteIs":"A","ptsW":0,"res":"mate","plies":270,"balW":0,"secs":24.9,"apertura":"3,-2,0>4,-1,-1 0,3,-2>0,2,-1 1,-2,3>1,-1,2 0,2,-1>1,1,-1 4,-2,-1>3,-2,0 -3,3,2>-3,2,3"}
{"par":91,"whiteIs":"B","ptsW":0.5,"res":"fifty","plies":74,"balW":0,"secs":4.1,"apertura":"3,-2,0>4,-1,-1 0,3,-2>0,2,-1 1,-2,3>1,-1,2 0,2,-1>1,1,-1 4,-2,-1>3,-2,0 -3,3,2>-3,2,3"}
{"par":92,"whiteIs":"A","ptsW":0.5,"res":"fifty","plies":289,"balW":100,"secs":14.9,"apertura":"1,-2,2>2,-1,1 0,3,-2>1,2,-2 2,-2,1>1,-1,1 0,3,-1>0,2,0 1,-1,1>1,-2,2 -1,3,0>-1,2,0"}
{"par":92,"whiteIs":"B","ptsW":1,"res":"mate","plies":275,"balW":-400,"secs":23.3,"apertura":"1,-2,2>2,-1,1 0,3,-2>1,2,-2 2,-2,1>1,-1,1 0,3,-1>0,2,0 1,-1,1>1,-2,2 -1,3,0>-1,2,0"}
{"par":93,"whiteIs":"A","ptsW":1,"res":"mate","plies":425,"balW":400,"secs":30.4,"apertura":"3,-2,0>2,-1,1 0,3,-2>1,2,-2 2,-1,1>1,0,1 -2,3,0>-2,2,1 2,-2,1>3,-1,0 2,3,-3>2,2,-3"}
{"par":93,"whiteIs":"B","ptsW":0,"res":"mate","plies":184,"balW":-900,"secs":11.9,"apertura":"3,-2,0>2,-1,1 0,3,-2>1,2,-2 2,-1,1>1,0,1 -2,3,0>-2,2,1 2,-2,1>3,-1,0 2,3,-3>2,2,-3"}
{"par":94,"whiteIs":"A","ptsW":0.5,"res":"fifty","plies":103,"balW":0,"secs":10.8,"apertura":"-1,-2,4>0,-1,3 -1,3,0>-2,2,1 0,-1,3>1,-1,2 -2,2,1>-1,1,2 3,-2,0>3,-1,0 -1,1,2>0,0,1"}
{"par":94,"whiteIs":"B","ptsW":0,"res":"mate","plies":324,"balW":-100,"secs":17.4,"apertura":"-1,-2,4>0,-1,3 -1,3,0>-2,2,1 0,-1,3>1,-1,2 -2,2,1>-1,1,2 3,-2,0>3,-1,0 -1,1,2>0,0,1"}
{"par":95,"whiteIs":"A","ptsW":1,"res":"mate","plies":273,"balW":400,"secs":37.6,"apertura":"3,-2,0>3,-1,-1 -1,3,0>-1,2,1 2,-2,2>1,-1,2 2,3,-3>2,2,-2 1,-2,3>0,-1,3 -2,4,-1>-1,3,0"}
{"par":95,"whiteIs":"B","ptsW":0,"res":"mate","plies":314,"balW":-500,"secs":17.3,"apertura":"3,-2,0>3,-1,-1 -1,3,0>-1,2,1 2,-2,2>1,-1,2 2,3,-3>2,2,-2 1,-2,3>0,-1,3 -2,4,-1>-1,3,0"}
{"par":96,"whiteIs":"A","ptsW":1,"res":"mate","plies":289,"balW":400,"secs":17,"apertura":"1,-2,2>2,-1,1 -2,3,0>-2,2,1 3,-2,0>4,-1,-1 -2,3,1>-3,2,2 2,-2,1>2,-1,0 -3,2,2>-3,2,3"}
{"par":96,"whiteIs":"B","ptsW":0,"res":"mate","plies":270,"balW":-400,"secs":20.9,"apertura":"1,-2,2>2,-1,1 -2,3,0>-2,2,1 3,-2,0>4,-1,-1 -2,3,1>-3,2,2 2,-2,1>2,-1,0 -3,2,2>-3,2,3"}
{"par":97,"whiteIs":"A","ptsW":1,"res":"mate","plies":383,"balW":200,"secs":21.8,"apertura":"4,-2,0>3,-1,0 -2,3,1>-2,2,1 3,-1,0>4,-1,-1 1,3,-3>1,2,-2 3,-2,1>2,-1,1 -2,3,0>-1,2,1"}
{"par":97,"whiteIs":"B","ptsW":1,"res":"mate","plies":259,"balW":400,"secs":17.7,"apertura":"4,-2,0>3,-1,0 -2,3,1>-2,2,1 3,-1,0>4,-1,-1 1,3,-3>1,2,-2 3,-2,1>2,-1,1 -2,3,0>-1,2,1"}
{"par":98,"whiteIs":"A","ptsW":0.5,"res":"fifty","plies":301,"balW":1000,"secs":26.7,"apertura":"3,-2,1>2,-1,0 -1,3,0>0,2,-1 3,-3,1>3,-2,1 -2,3,0>-1,2,1 3,-2,0>4,-1,-1 0,2,-1>0,1,0"}
{"par":98,"whiteIs":"B","ptsW":0.5,"res":"fifty","plies":74,"balW":0,"secs":11.3,"apertura":"3,-2,1>2,-1,0 -1,3,0>0,2,-1 3,-3,1>3,-2,1 -2,3,0>-1,2,1 3,-2,0>4,-1,-1 0,2,-1>0,1,0"}
{"par":99,"whiteIs":"A","ptsW":0.5,"res":"fifty","plies":74,"balW":0,"secs":4.4,"apertura":"0,-2,3>-1,-1,3 -1,3,0>-1,2,0 3,-2,0>3,-1,0 0,3,-1>1,2,-1 3,-1,0>2,-1,1 -1,3,-1>-1,3,0"}
{"par":99,"whiteIs":"B","ptsW":0,"res":"mate","plies":272,"balW":100,"secs":16.7,"apertura":"0,-2,3>-1,-1,3 -1,3,0>-1,2,0 3,-2,0>3,-1,0 0,3,-1>1,2,-1 3,-1,0>2,-1,1 -1,3,-1>-1,3,0"}
{"par":100,"whiteIs":"A","ptsW":0,"res":"mate","plies":280,"balW":300,"secs":12.4,"apertura":"1,-2,3>0,-1,2 -1,3,0>0,2,-1 2,-2,1>3,-1,0 -2,4,-1>-1,3,0 3,-1,0>2,-2,1 -2,3,1>-2,2,2"}
{"par":100,"whiteIs":"B","ptsW":1,"res":"mate","plies":351,"balW":400,"secs":14.8,"apertura":"1,-2,3>0,-1,2 -1,3,0>0,2,-1 2,-2,1>3,-1,0 -2,4,-1>-1,3,0 3,-1,0>2,-2,1 -2,3,1>-2,2,2"}
