# {"fecha":"2026-08-26T21:03:06.768Z","modalidad":"rps-rey","A":{"nombre":"vigente","cfg":{"depth":24,"mobility":true,"order":true,"quiesce":true,"nodes":4500}},"B":{"nombre":"t22-final","cfg":{"depth":24,"mobility":true,"order":true,"quiesce":true,"nodes":4500,"rps":{"PROPORCIONAL":1,"PROP_ACOSO":10,"PROP_ACOSO_REY":10,"PROP_PESOS":1}}},"MAX_PLIES":800,"FIFTY":80,"OPENING_PLIES":6,"SEED":63,"FIRST":51,"PAIRS":50,"libro":"/Users/salasgar/Documents/git/Ajedrez-triangular/entrenamiento/libro-rps-rey.json"}
{"par":51,"whiteIs":"A","ptsW":0,"res":"mate","plies":318,"balW":-100,"secs":19.9,"apertura":"0,-2,4>-1,-1,3 -2,3,1>-2,2,1 2,-2,1>2,-1,1 -2,2,1>-2,3,1 2,-2,2>1,-1,1 0,3,-1>1,2,-2"}
{"par":51,"whiteIs":"B","ptsW":0,"res":"mate","plies":44,"balW":0,"secs":2.1,"apertura":"0,-2,4>-1,-1,3 -2,3,1>-2,2,1 2,-2,1>2,-1,1 -2,2,1>-2,3,1 2,-2,2>1,-1,1 0,3,-1>1,2,-2"}
{"par":52,"whiteIs":"A","ptsW":0,"res":"mate","plies":366,"balW":-300,"secs":26.6,"apertura":"0,-2,3>0,-1,3 1,3,-2>2,2,-2 1,-3,4>0,-2,3 0,4,-3>1,3,-2 0,-2,4>-1,-1,3 -3,3,1>-2,2,1"}
{"par":52,"whiteIs":"B","ptsW":1,"res":"mate","plies":377,"balW":500,"secs":14.6,"apertura":"0,-2,3>0,-1,3 1,3,-2>2,2,-2 1,-3,4>0,-2,3 0,4,-3>1,3,-2 0,-2,4>-1,-1,3 -3,3,1>-2,2,1"}
{"par":53,"whiteIs":"A","ptsW":0,"res":"mate","plies":298,"balW":-100,"secs":14.5,"apertura":"3,-2,0>4,-1,-1 -1,3,0>0,2,-1 3,-2,1>2,-1,1 -1,3,-1>0,2,0 4,-2,0>3,-1,0 0,2,-1>-1,3,-1"}
{"par":53,"whiteIs":"B","ptsW":0.5,"res":"fifty","plies":396,"balW":100,"secs":14.1,"apertura":"3,-2,0>4,-1,-1 -1,3,0>0,2,-1 3,-2,1>2,-1,1 -1,3,-1>0,2,0 4,-2,0>3,-1,0 0,2,-1>-1,3,-1"}
{"par":54,"whiteIs":"A","ptsW":0,"res":"mate","plies":320,"balW":-300,"secs":44.9,"apertura":"3,-2,0>2,-1,0 1,3,-3>1,2,-2 2,-1,0>1,0,0 1,2,-2>2,2,-3 4,-3,1>3,-2,0 2,2,-3>1,2,-2"}
{"par":54,"whiteIs":"B","ptsW":1,"res":"mate","plies":311,"balW":500,"secs":62,"apertura":"3,-2,0>2,-1,0 1,3,-3>1,2,-2 2,-1,0>1,0,0 1,2,-2>2,2,-3 4,-3,1>3,-2,0 2,2,-3>1,2,-2"}
{"par":55,"whiteIs":"A","ptsW":0,"res":"mate","plies":322,"balW":-300,"secs":17.3,"apertura":"4,-2,-1>3,-1,0 1,3,-3>2,2,-3 1,-2,2>0,-1,3 0,3,-2>1,2,-2 3,-2,0>2,-1,0 1,3,-2>0,2,-1"}
{"par":55,"whiteIs":"B","ptsW":1,"res":"mate","plies":265,"balW":400,"secs":37.2,"apertura":"4,-2,-1>3,-1,0 1,3,-3>2,2,-3 1,-2,2>0,-1,3 0,3,-2>1,2,-2 3,-2,0>2,-1,0 1,3,-2>0,2,-1"}
{"par":56,"whiteIs":"A","ptsW":0.5,"res":"fifty","plies":110,"balW":0,"secs":41,"apertura":"4,-2,0>3,-1,-1 0,3,-1>0,2,0 3,-1,-1>2,-1,0 2,3,-3>2,2,-2 1,-2,2>1,-1,2 1,3,-3>1,2,-2"}
{"par":56,"whiteIs":"B","ptsW":1,"res":"mate","plies":237,"balW":700,"secs":23.9,"apertura":"4,-2,0>3,-1,-1 0,3,-1>0,2,0 3,-1,-1>2,-1,0 2,3,-3>2,2,-2 1,-2,2>1,-1,2 1,3,-3>1,2,-2"}
{"par":57,"whiteIs":"A","ptsW":0,"res":"mate","plies":376,"balW":-400,"secs":26.5,"apertura":"2,-2,1>2,-1,0 -2,3,1>-1,2,0 1,-2,3>0,-1,3 -3,3,2>-3,2,2 2,-1,0>2,0,0 1,3,-2>0,2,-1"}
{"par":57,"whiteIs":"B","ptsW":1,"res":"mate","plies":337,"balW":300,"secs":35,"apertura":"2,-2,1>2,-1,0 -2,3,1>-1,2,0 1,-2,3>0,-1,3 -3,3,2>-3,2,2 2,-1,0>2,0,0 1,3,-2>0,2,-1"}
{"par":58,"whiteIs":"A","ptsW":0,"res":"mate","plies":256,"balW":-400,"secs":22.9,"apertura":"1,-2,2>2,-1,1 0,3,-1>-1,2,0 1,-2,3>1,-1,2 -1,2,0>-1,1,1 0,-2,3>0,-1,3 1,3,-2>1,2,-1"}
{"par":58,"whiteIs":"B","ptsW":1,"res":"mate","plies":281,"balW":300,"secs":21.7,"apertura":"1,-2,2>2,-1,1 0,3,-1>-1,2,0 1,-2,3>1,-1,2 -1,2,0>-1,1,1 0,-2,3>0,-1,3 1,3,-2>1,2,-1"}
{"par":59,"whiteIs":"A","ptsW":0,"res":"mate","plies":160,"balW":-400,"secs":11.3,"apertura":"4,-2,0>3,-1,-1 -2,3,1>-1,2,1 3,-2,1>2,-1,1 -1,2,1>-2,2,1 2,-1,1>1,0,0 -2,2,1>-2,2,2"}
{"par":59,"whiteIs":"B","ptsW":1,"res":"mate","plies":303,"balW":500,"secs":14.8,"apertura":"4,-2,0>3,-1,-1 -2,3,1>-1,2,1 3,-2,1>2,-1,1 -1,2,1>-2,2,1 2,-1,1>1,0,0 -2,2,1>-2,2,2"}
{"par":60,"whiteIs":"A","ptsW":0,"res":"mate","plies":284,"balW":-500,"secs":18.8,"apertura":"3,-2,0>2,-1,1 2,3,-3>3,2,-3 2,-1,1>3,-2,0 -1,3,0>-2,2,1 2,-2,2>2,-1,1 -1,3,-1>0,2,0"}
{"par":60,"whiteIs":"B","ptsW":1,"res":"mate","plies":281,"balW":300,"secs":18.8,"apertura":"3,-2,0>2,-1,1 2,3,-3>3,2,-3 2,-1,1>3,-2,0 -1,3,0>-2,2,1 2,-2,2>2,-1,1 -1,3,-1>0,2,0"}
{"par":61,"whiteIs":"A","ptsW":0.5,"res":"fifty","plies":345,"balW":300,"secs":19.5,"apertura":"4,-2,-1>4,-1,-2 0,3,-1>0,2,0 4,-1,-2>3,0,-2 0,2,0>-1,2,1 2,-2,1>3,-1,0 -1,2,1>0,1,1"}
{"par":61,"whiteIs":"B","ptsW":1,"res":"mate","plies":149,"balW":300,"secs":10.6,"apertura":"4,-2,-1>4,-1,-2 0,3,-1>0,2,0 4,-1,-2>3,0,-2 0,2,0>-1,2,1 2,-2,1>3,-1,0 -1,2,1>0,1,1"}
{"par":62,"whiteIs":"A","ptsW":0,"res":"mate","plies":232,"balW":0,"secs":18.2,"apertura":"4,-2,-1>3,-1,0 1,3,-2>0,2,-1 4,-2,0>3,-1,-1 -3,3,1>-2,2,2 -1,-2,4>0,-1,3 -2,2,2>-3,3,1"}
{"par":62,"whiteIs":"B","ptsW":1,"res":"mate","plies":289,"balW":300,"secs":24.6,"apertura":"4,-2,-1>3,-1,0 1,3,-2>0,2,-1 4,-2,0>3,-1,-1 -3,3,1>-2,2,2 -1,-2,4>0,-1,3 -2,2,2>-3,3,1"}
{"par":63,"whiteIs":"A","ptsW":0,"res":"mate","plies":206,"balW":-1200,"secs":12.7,"apertura":"3,-2,1>3,-1,0 0,3,-2>1,2,-1 3,-1,0>2,0,-1 1,2,-1>0,2,-1 1,-2,2>1,-1,1 -3,3,2>-2,2,1"}
{"par":63,"whiteIs":"B","ptsW":1,"res":"mate","plies":337,"balW":200,"secs":27.4,"apertura":"3,-2,1>3,-1,0 0,3,-2>1,2,-1 3,-1,0>2,0,-1 1,2,-1>0,2,-1 1,-2,2>1,-1,1 -3,3,2>-2,2,1"}
{"par":64,"whiteIs":"A","ptsW":0,"res":"mate","plies":294,"balW":-300,"secs":22.8,"apertura":"0,-2,4>0,-1,3 2,3,-3>1,2,-2 4,-2,-1>3,-1,0 1,2,-2>2,3,-3 0,-1,3>-1,0,2 -1,3,0>0,2,-1"}
{"par":64,"whiteIs":"B","ptsW":0.5,"res":"fifty","plies":339,"balW":500,"secs":18.7,"apertura":"0,-2,4>0,-1,3 2,3,-3>1,2,-2 4,-2,-1>3,-1,0 1,2,-2>2,3,-3 0,-1,3>-1,0,2 -1,3,0>0,2,-1"}
{"par":65,"whiteIs":"A","ptsW":0,"res":"mate","plies":244,"balW":-400,"secs":22.2,"apertura":"1,-2,2>1,-1,1 0,3,-1>1,2,-1 -1,-2,4>-1,-1,3 -3,3,2>-2,2,2 1,-1,1>0,-1,2 0,3,-2>0,2,-1"}
{"par":65,"whiteIs":"B","ptsW":1,"res":"mate","plies":171,"balW":700,"secs":13.8,"apertura":"1,-2,2>1,-1,1 0,3,-1>1,2,-1 -1,-2,4>-1,-1,3 -3,3,2>-2,2,2 1,-1,1>0,-1,2 0,3,-2>0,2,-1"}
{"par":66,"whiteIs":"A","ptsW":0,"res":"mate","plies":282,"balW":-500,"secs":21.7,"apertura":"2,-2,2>1,-1,2 2,3,-3>3,2,-3 3,-2,1>2,-2,2 -1,3,0>-1,2,1 4,-2,0>3,-2,1 1,3,-3>2,3,-3"}
{"par":66,"whiteIs":"B","ptsW":1,"res":"mate","plies":337,"balW":100,"secs":28.2,"apertura":"2,-2,2>1,-1,2 2,3,-3>3,2,-3 3,-2,1>2,-2,2 -1,3,0>-1,2,1 4,-2,0>3,-2,1 1,3,-3>2,3,-3"}
{"par":67,"whiteIs":"A","ptsW":0,"res":"mate","plies":350,"balW":-700,"secs":22,"apertura":"2,-2,1>2,-1,1 1,3,-2>0,2,-1 -1,-2,4>-1,-1,4 -2,3,1>-2,2,2 4,-2,0>3,-1,-1 0,3,-2>1,2,-1"}
{"par":67,"whiteIs":"B","ptsW":1,"res":"mate","plies":317,"balW":500,"secs":30.6,"apertura":"2,-2,1>2,-1,1 1,3,-2>0,2,-1 -1,-2,4>-1,-1,4 -2,3,1>-2,2,2 4,-2,0>3,-1,-1 0,3,-2>1,2,-1"}
{"par":68,"whiteIs":"A","ptsW":0,"res":"mate","plies":170,"balW":-700,"secs":15.4,"apertura":"-1,-2,4>-1,-1,3 -2,3,1>-2,2,1 1,-2,3>1,-1,2 -2,2,1>-2,3,1 1,-1,2>1,-1,1 -2,3,1>-1,2,1"}
{"par":68,"whiteIs":"B","ptsW":1,"res":"mate","plies":295,"balW":400,"secs":24.4,"apertura":"-1,-2,4>-1,-1,3 -2,3,1>-2,2,1 1,-2,3>1,-1,2 -2,2,1>-2,3,1 1,-1,2>1,-1,1 -2,3,1>-1,2,1"}
{"par":69,"whiteIs":"A","ptsW":0.5,"res":"stalemate","plies":286,"balW":-600,"secs":16.2,"apertura":"-1,-2,4>-1,-1,3 1,3,-2>1,2,-2 -1,-1,3>0,-1,2 1,2,-2>1,2,-1 1,-2,3>0,-1,3 -2,3,1>-1,2,1"}
{"par":69,"whiteIs":"B","ptsW":0.5,"res":"fifty","plies":335,"balW":700,"secs":20.4,"apertura":"-1,-2,4>-1,-1,3 1,3,-2>1,2,-2 -1,-1,3>0,-1,2 1,2,-2>1,2,-1 1,-2,3>0,-1,3 -2,3,1>-1,2,1"}
{"par":70,"whiteIs":"A","ptsW":0,"res":"mate","plies":320,"balW":-400,"secs":18.2,"apertura":"1,-2,2>0,-1,3 -2,3,0>-1,2,0 2,-3,2>1,-2,2 -3,3,2>-2,2,1 0,-1,3>-1,0,2 -2,2,1>-3,3,2"}
{"par":70,"whiteIs":"B","ptsW":1,"res":"mate","plies":297,"balW":800,"secs":25.5,"apertura":"1,-2,2>0,-1,3 -2,3,0>-1,2,0 2,-3,2>1,-2,2 -3,3,2>-2,2,1 0,-1,3>-1,0,2 -2,2,1>-3,3,2"}
{"par":71,"whiteIs":"A","ptsW":0,"res":"mate","plies":254,"balW":-700,"secs":26,"apertura":"1,-2,2>0,-1,3 -3,3,1>-2,2,1 0,-1,3>-1,-1,3 -3,3,2>-3,2,2 2,-2,2>2,-1,1 0,3,-2>1,2,-2"}
{"par":71,"whiteIs":"B","ptsW":1,"res":"mate","plies":269,"balW":400,"secs":20.7,"apertura":"1,-2,2>0,-1,3 -3,3,1>-2,2,1 0,-1,3>-1,-1,3 -3,3,2>-3,2,2 2,-2,2>2,-1,1 0,3,-2>1,2,-2"}
{"par":72,"whiteIs":"A","ptsW":0,"res":"mate","plies":260,"balW":-100,"secs":15.1,"apertura":"1,-2,2>1,-1,2 1,3,-3>2,2,-2 2,-2,2>1,-2,2 2,3,-3>2,2,-3 0,-2,3>-1,-1,4 0,4,-3>1,3,-3"}
{"par":72,"whiteIs":"B","ptsW":1,"res":"mate","plies":289,"balW":-300,"secs":37.4,"apertura":"1,-2,2>1,-1,2 1,3,-3>2,2,-2 2,-2,2>1,-2,2 2,3,-3>2,2,-3 0,-2,3>-1,-1,4 0,4,-3>1,3,-3"}
{"par":73,"whiteIs":"A","ptsW":0.5,"res":"stalemate","plies":300,"balW":-800,"secs":28.4,"apertura":"-1,-2,4>0,-1,3 -2,3,1>-1,2,0 2,-2,2>1,-1,2 -2,3,0>-2,3,1 3,-2,0>3,-1,-1 -1,3,-1>0,2,0"}
{"par":73,"whiteIs":"B","ptsW":0.5,"res":"fifty","plies":277,"balW":800,"secs":18.4,"apertura":"-1,-2,4>0,-1,3 -2,3,1>-1,2,0 2,-2,2>1,-1,2 -2,3,0>-2,3,1 3,-2,0>3,-1,-1 -1,3,-1>0,2,0"}
{"par":74,"whiteIs":"A","ptsW":1,"res":"mate","plies":241,"balW":-500,"secs":17.7,"apertura":"1,-2,3>1,-1,2 -2,3,1>-1,2,0 0,-2,3>0,-1,3 -1,2,0>-2,3,1 4,-2,0>3,-1,-1 -3,3,2>-2,2,1"}
{"par":74,"whiteIs":"B","ptsW":1,"res":"mate","plies":219,"balW":500,"secs":13.8,"apertura":"1,-2,3>1,-1,2 -2,3,1>-1,2,0 0,-2,3>0,-1,3 -1,2,0>-2,3,1 4,-2,0>3,-1,-1 -3,3,2>-2,2,1"}
{"par":75,"whiteIs":"A","ptsW":0,"res":"mate","plies":282,"balW":0,"secs":24.8,"apertura":"2,-2,2>1,-1,2 -2,3,1>-3,2,2 1,-1,2>0,-1,2 1,3,-2>1,2,-2 -1,-2,4>0,-1,3 -1,3,0>-1,2,0"}
{"par":75,"whiteIs":"B","ptsW":1,"res":"mate","plies":273,"balW":700,"secs":25.7,"apertura":"2,-2,2>1,-1,2 -2,3,1>-3,2,2 1,-1,2>0,-1,2 1,3,-2>1,2,-2 -1,-2,4>0,-1,3 -1,3,0>-1,2,0"}
{"par":76,"whiteIs":"A","ptsW":0,"res":"mate","plies":228,"balW":-300,"secs":12.9,"apertura":"3,-2,1>2,-1,0 -1,3,0>0,2,-1 0,-2,4>0,-1,3 2,3,-3>3,2,-3 1,-2,2>0,-1,2 0,2,-1>1,2,-1"}
{"par":76,"whiteIs":"B","ptsW":1,"res":"mate","plies":339,"balW":300,"secs":17,"apertura":"3,-2,1>2,-1,0 -1,3,0>0,2,-1 0,-2,4>0,-1,3 2,3,-3>3,2,-3 1,-2,2>0,-1,2 0,2,-1>1,2,-1"}
{"par":77,"whiteIs":"A","ptsW":0,"res":"mate","plies":238,"balW":-200,"secs":13.4,"apertura":"0,-2,4>-1,-1,3 1,3,-2>2,2,-3 -1,-1,3>-1,-1,4 -3,3,1>-2,2,1 3,-2,0>4,-1,-1 2,3,-3>1,2,-2"}
{"par":77,"whiteIs":"B","ptsW":1,"res":"mate","plies":241,"balW":300,"secs":17.6,"apertura":"0,-2,4>-1,-1,3 1,3,-2>2,2,-3 -1,-1,3>-1,-1,4 -3,3,1>-2,2,1 3,-2,0>4,-1,-1 2,3,-3>1,2,-2"}
{"par":78,"whiteIs":"A","ptsW":1,"res":"mate","plies":189,"balW":-300,"secs":14.5,"apertura":"2,-2,1>1,-1,2 -3,3,1>-2,2,1 3,-2,0>2,-1,0 -1,3,0>0,2,-1 4,-3,0>3,-2,0 1,3,-3>2,2,-2"}
{"par":78,"whiteIs":"B","ptsW":1,"res":"mate","plies":257,"balW":800,"secs":13.8,"apertura":"2,-2,1>1,-1,2 -3,3,1>-2,2,1 3,-2,0>2,-1,0 -1,3,0>0,2,-1 4,-3,0>3,-2,0 1,3,-3>2,2,-2"}
{"par":79,"whiteIs":"A","ptsW":0,"res":"mate","plies":302,"balW":-400,"secs":22.3,"apertura":"0,-2,3>-1,-1,3 0,3,-1>-1,2,0 -1,-2,4>0,-1,3 1,3,-2>1,2,-2 0,-1,3>0,0,2 2,3,-3>3,2,-3"}
{"par":79,"whiteIs":"B","ptsW":1,"res":"mate","plies":231,"balW":300,"secs":14.6,"apertura":"0,-2,3>-1,-1,3 0,3,-1>-1,2,0 -1,-2,4>0,-1,3 1,3,-2>1,2,-2 0,-1,3>0,0,2 2,3,-3>3,2,-3"}
{"par":80,"whiteIs":"A","ptsW":0,"res":"mate","plies":346,"balW":-500,"secs":28.1,"apertura":"2,-2,1>1,-1,1 -2,3,0>-2,2,1 2,-2,2>2,-2,1 -3,3,1>-2,2,2 1,-1,1>2,-1,0 -2,2,2>-3,3,1"}
{"par":80,"whiteIs":"B","ptsW":1,"res":"mate","plies":285,"balW":200,"secs":13.3,"apertura":"2,-2,1>1,-1,1 -2,3,0>-2,2,1 2,-2,2>2,-2,1 -3,3,1>-2,2,2 1,-1,1>2,-1,0 -2,2,2>-3,3,1"}
{"par":81,"whiteIs":"A","ptsW":0,"res":"mate","plies":252,"balW":-400,"secs":15.9,"apertura":"2,-2,1>1,-1,2 -3,3,1>-2,2,2 4,-2,-1>4,-1,-1 0,3,-1>1,2,-2 3,-2,0>2,-1,0 -2,3,0>-3,3,1"}
{"par":81,"whiteIs":"B","ptsW":1,"res":"mate","plies":379,"balW":200,"secs":15.2,"apertura":"2,-2,1>1,-1,2 -3,3,1>-2,2,2 4,-2,-1>4,-1,-1 0,3,-1>1,2,-2 3,-2,0>2,-1,0 -2,3,0>-3,3,1"}
{"par":82,"whiteIs":"A","ptsW":0,"res":"mate","plies":354,"balW":-500,"secs":27.3,"apertura":"1,-2,2>1,-1,1 0,3,-2>1,2,-2 1,-1,1>0,0,1 -1,3,-1>0,2,0 0,-2,4>-1,-1,4 0,2,0>-1,2,0"}
{"par":82,"whiteIs":"B","ptsW":0.5,"res":"fifty","plies":295,"balW":800,"secs":16.7,"apertura":"1,-2,2>1,-1,1 0,3,-2>1,2,-2 1,-1,1>0,0,1 -1,3,-1>0,2,0 0,-2,4>-1,-1,4 0,2,0>-1,2,0"}
{"par":83,"whiteIs":"A","ptsW":0,"res":"mate","plies":268,"balW":-700,"secs":19.7,"apertura":"2,-2,2>1,-1,1 2,3,-3>2,2,-3 2,-3,2>2,-2,2 0,3,-1>1,2,-1 4,-2,-1>4,-1,-2 -3,3,1>-2,2,2"}
{"par":83,"whiteIs":"B","ptsW":1,"res":"mate","plies":313,"balW":800,"secs":16.4,"apertura":"2,-2,2>1,-1,1 2,3,-3>2,2,-3 2,-3,2>2,-2,2 0,3,-1>1,2,-1 4,-2,-1>4,-1,-2 -3,3,1>-2,2,2"}
{"par":84,"whiteIs":"A","ptsW":0,"res":"mate","plies":264,"balW":-600,"secs":22.9,"apertura":"-1,-2,4>-2,-1,4 -2,3,0>-2,2,1 0,-2,4>-1,-1,4 0,3,-1>1,2,-2 -1,-1,4>0,-1,3 -2,2,1>-1,1,1"}
{"par":84,"whiteIs":"B","ptsW":1,"res":"mate","plies":301,"balW":400,"secs":15.4,"apertura":"-1,-2,4>-2,-1,4 -2,3,0>-2,2,1 0,-2,4>-1,-1,4 0,3,-1>1,2,-2 -1,-1,4>0,-1,3 -2,2,1>-1,1,1"}
{"par":85,"whiteIs":"A","ptsW":0,"res":"mate","plies":284,"balW":-100,"secs":15.3,"apertura":"-1,-2,4>-2,-1,4 -2,3,0>-2,2,1 4,-2,-1>3,-1,0 -2,2,1>-1,1,2 4,-2,0>3,-1,-1 -1,3,-1>-1,2,0"}
{"par":85,"whiteIs":"B","ptsW":1,"res":"mate","plies":277,"balW":400,"secs":16.9,"apertura":"-1,-2,4>-2,-1,4 -2,3,0>-2,2,1 4,-2,-1>3,-1,0 -2,2,1>-1,1,2 4,-2,0>3,-1,-1 -1,3,-1>-1,2,0"}
{"par":86,"whiteIs":"A","ptsW":0,"res":"mate","plies":360,"balW":-100,"secs":16.5,"apertura":"2,-2,1>1,-1,1 0,3,-1>1,2,-2 2,-3,2>2,-2,1 1,3,-2>2,2,-3 0,-2,3>1,-1,2 -3,3,1>-2,2,2"}
{"par":86,"whiteIs":"B","ptsW":0.5,"res":"fifty","plies":338,"balW":600,"secs":20.7,"apertura":"2,-2,1>1,-1,1 0,3,-1>1,2,-2 2,-3,2>2,-2,1 1,3,-2>2,2,-3 0,-2,3>1,-1,2 -3,3,1>-2,2,2"}
{"par":87,"whiteIs":"A","ptsW":0,"res":"mate","plies":316,"balW":-100,"secs":18.5,"apertura":"4,-2,-1>4,-1,-2 -2,3,0>-1,2,0 2,-2,2>1,-1,1 -1,2,0>0,1,1 1,-2,2>2,-2,2 0,1,1>0,0,1"}
{"par":87,"whiteIs":"B","ptsW":1,"res":"mate","plies":167,"balW":300,"secs":16.1,"apertura":"4,-2,-1>4,-1,-2 -2,3,0>-1,2,0 2,-2,2>1,-1,1 -1,2,0>0,1,1 1,-2,2>2,-2,2 0,1,1>0,0,1"}
{"par":88,"whiteIs":"A","ptsW":0,"res":"mate","plies":374,"balW":-400,"secs":21.7,"apertura":"2,-2,1>2,-1,1 -3,3,1>-2,2,2 4,-2,-1>3,-1,0 1,3,-2>1,2,-2 -1,-2,4>-1,-1,3 -2,2,2>-3,3,1"}
{"par":88,"whiteIs":"B","ptsW":1,"res":"mate","plies":301,"balW":400,"secs":26.9,"apertura":"2,-2,1>2,-1,1 -3,3,1>-2,2,2 4,-2,-1>3,-1,0 1,3,-2>1,2,-2 -1,-2,4>-1,-1,3 -2,2,2>-3,3,1"}
{"par":89,"whiteIs":"A","ptsW":0,"res":"mate","plies":332,"balW":-600,"secs":20,"apertura":"3,-2,1>2,-1,0 1,3,-2>2,2,-3 2,-3,2>3,-2,1 0,3,-2>0,2,-1 2,-1,0>3,-1,0 -1,3,0>-2,2,1"}
{"par":89,"whiteIs":"B","ptsW":1,"res":"mate","plies":257,"balW":100,"secs":21.4,"apertura":"3,-2,1>2,-1,0 1,3,-2>2,2,-3 2,-3,2>3,-2,1 0,3,-2>0,2,-1 2,-1,0>3,-1,0 -1,3,0>-2,2,1"}
{"par":90,"whiteIs":"A","ptsW":1,"res":"mate","plies":75,"balW":100,"secs":9.2,"apertura":"4,-2,-1>4,-1,-2 0,3,-1>1,2,-2 4,-3,0>4,-2,-1 1,2,-2>2,2,-3 4,-2,0>3,-1,0 -1,3,0>-1,2,0"}
{"par":90,"whiteIs":"B","ptsW":0.5,"res":"fifty","plies":271,"balW":600,"secs":29,"apertura":"4,-2,-1>4,-1,-2 0,3,-1>1,2,-2 4,-3,0>4,-2,-1 1,2,-2>2,2,-3 4,-2,0>3,-1,0 -1,3,0>-1,2,0"}
{"par":91,"whiteIs":"A","ptsW":0.5,"res":"fifty","plies":446,"balW":-600,"secs":32,"apertura":"3,-2,0>4,-1,-1 0,3,-2>0,2,-1 1,-2,3>1,-1,2 0,2,-1>1,1,-1 4,-2,-1>3,-2,0 -3,3,2>-3,2,3"}
{"par":91,"whiteIs":"B","ptsW":1,"res":"mate","plies":253,"balW":400,"secs":13.1,"apertura":"3,-2,0>4,-1,-1 0,3,-2>0,2,-1 1,-2,3>1,-1,2 0,2,-1>1,1,-1 4,-2,-1>3,-2,0 -3,3,2>-3,2,3"}
{"par":92,"whiteIs":"A","ptsW":0,"res":"mate","plies":302,"balW":-500,"secs":20.4,"apertura":"1,-2,2>2,-1,1 0,3,-2>1,2,-2 2,-2,1>1,-1,1 0,3,-1>0,2,0 1,-1,1>1,-2,2 -1,3,0>-1,2,0"}
{"par":92,"whiteIs":"B","ptsW":1,"res":"mate","plies":329,"balW":400,"secs":15.2,"apertura":"1,-2,2>2,-1,1 0,3,-2>1,2,-2 2,-2,1>1,-1,1 0,3,-1>0,2,0 1,-1,1>1,-2,2 -1,3,0>-1,2,0"}
{"par":93,"whiteIs":"A","ptsW":0,"res":"mate","plies":252,"balW":-400,"secs":17.1,"apertura":"3,-2,0>2,-1,1 0,3,-2>1,2,-2 2,-1,1>1,0,1 -2,3,0>-2,2,1 2,-2,1>3,-1,0 2,3,-3>2,2,-3"}
{"par":93,"whiteIs":"B","ptsW":1,"res":"mate","plies":321,"balW":300,"secs":20,"apertura":"3,-2,0>2,-1,1 0,3,-2>1,2,-2 2,-1,1>1,0,1 -2,3,0>-2,2,1 2,-2,1>3,-1,0 2,3,-3>2,2,-3"}
{"par":94,"whiteIs":"A","ptsW":0,"res":"mate","plies":158,"balW":-300,"secs":11.7,"apertura":"-1,-2,4>0,-1,3 -1,3,0>-2,2,1 0,-1,3>1,-1,2 -2,2,1>-1,1,2 3,-2,0>3,-1,0 -1,1,2>0,0,1"}
{"par":94,"whiteIs":"B","ptsW":0.5,"res":"fifty","plies":285,"balW":400,"secs":29.7,"apertura":"-1,-2,4>0,-1,3 -1,3,0>-2,2,1 0,-1,3>1,-1,2 -2,2,1>-1,1,2 3,-2,0>3,-1,0 -1,1,2>0,0,1"}
{"par":95,"whiteIs":"A","ptsW":0.5,"res":"repetition","plies":271,"balW":-700,"secs":35,"apertura":"3,-2,0>3,-1,-1 -1,3,0>-1,2,1 2,-2,2>1,-1,2 2,3,-3>2,2,-2 1,-2,3>0,-1,3 -2,4,-1>-1,3,0"}
{"par":95,"whiteIs":"B","ptsW":1,"res":"mate","plies":223,"balW":0,"secs":14.1,"apertura":"3,-2,0>3,-1,-1 -1,3,0>-1,2,1 2,-2,2>1,-1,2 2,3,-3>2,2,-2 1,-2,3>0,-1,3 -2,4,-1>-1,3,0"}
{"par":96,"whiteIs":"A","ptsW":0,"res":"mate","plies":258,"balW":-100,"secs":13.8,"apertura":"1,-2,2>2,-1,1 -2,3,0>-2,2,1 3,-2,0>4,-1,-1 -2,3,1>-3,2,2 2,-2,1>2,-1,0 -3,2,2>-3,2,3"}
{"par":96,"whiteIs":"B","ptsW":1,"res":"mate","plies":265,"balW":700,"secs":18.2,"apertura":"1,-2,2>2,-1,1 -2,3,0>-2,2,1 3,-2,0>4,-1,-1 -2,3,1>-3,2,2 2,-2,1>2,-1,0 -3,2,2>-3,2,3"}
{"par":97,"whiteIs":"A","ptsW":0,"res":"mate","plies":308,"balW":-600,"secs":29,"apertura":"4,-2,0>3,-1,0 -2,3,1>-2,2,1 3,-1,0>4,-1,-1 1,3,-3>1,2,-2 3,-2,1>2,-1,1 -2,3,0>-1,2,1"}
{"par":97,"whiteIs":"B","ptsW":1,"res":"mate","plies":375,"balW":400,"secs":61.4,"apertura":"4,-2,0>3,-1,0 -2,3,1>-2,2,1 3,-1,0>4,-1,-1 1,3,-3>1,2,-2 3,-2,1>2,-1,1 -2,3,0>-1,2,1"}
{"par":98,"whiteIs":"A","ptsW":0,"res":"mate","plies":258,"balW":-600,"secs":22.1,"apertura":"3,-2,1>2,-1,0 -1,3,0>0,2,-1 3,-3,1>3,-2,1 -2,3,0>-1,2,1 3,-2,0>4,-1,-1 0,2,-1>0,1,0"}
{"par":98,"whiteIs":"B","ptsW":1,"res":"mate","plies":271,"balW":300,"secs":43.1,"apertura":"3,-2,1>2,-1,0 -1,3,0>0,2,-1 3,-3,1>3,-2,1 -2,3,0>-1,2,1 3,-2,0>4,-1,-1 0,2,-1>0,1,0"}
{"par":99,"whiteIs":"A","ptsW":0,"res":"mate","plies":270,"balW":-500,"secs":24.2,"apertura":"0,-2,3>-1,-1,3 -1,3,0>-1,2,0 3,-2,0>3,-1,0 0,3,-1>1,2,-1 3,-1,0>2,-1,1 -1,3,-1>-1,3,0"}
{"par":99,"whiteIs":"B","ptsW":1,"res":"mate","plies":139,"balW":300,"secs":12.1,"apertura":"0,-2,3>-1,-1,3 -1,3,0>-1,2,0 3,-2,0>3,-1,0 0,3,-1>1,2,-1 3,-1,0>2,-1,1 -1,3,-1>-1,3,0"}
{"par":100,"whiteIs":"A","ptsW":0.5,"res":"fifty","plies":318,"balW":-500,"secs":25.5,"apertura":"1,-2,3>0,-1,2 -1,3,0>0,2,-1 2,-2,1>3,-1,0 -2,4,-1>-1,3,0 3,-1,0>2,-2,1 -2,3,1>-2,2,2"}
{"par":100,"whiteIs":"B","ptsW":1,"res":"mate","plies":287,"balW":700,"secs":27.5,"apertura":"1,-2,3>0,-1,2 -1,3,0>0,2,-1 2,-2,1>3,-1,0 -2,4,-1>-1,3,0 3,-1,0>2,-2,1 -2,3,1>-2,2,2"}
