# {"fecha":"2026-08-26T20:09:14.544Z","modalidad":"rps-rey","A":{"nombre":"acoso10","cfg":{"depth":24,"mobility":true,"order":true,"quiesce":true,"nodes":4500,"rps":{"PROPORCIONAL":1,"PROP_ACOSO":10,"PROP_ACOSO_REY":10}}},"B":{"nombre":"acoso30","cfg":{"depth":24,"mobility":true,"order":true,"quiesce":true,"nodes":4500,"rps":{"PROPORCIONAL":1,"PROP_ACOSO":30,"PROP_ACOSO_REY":30}}},"MAX_PLIES":800,"FIFTY":80,"OPENING_PLIES":6,"SEED":42,"FIRST":1,"PAIRS":50,"libro":"/Users/salasgar/Documents/git/Ajedrez-triangular/entrenamiento/libro-rps-rey.json"}
{"par":1,"whiteIs":"A","ptsW":0,"res":"mate","plies":264,"balW":200,"secs":10.1,"apertura":"0,-2,4>-1,-1,3 0,3,-1>1,2,-2 -1,-1,3>-2,-1,4 1,2,-2>2,1,-2 1,-2,2>1,-1,1 0,4,-2>0,3,-1"}
{"par":1,"whiteIs":"B","ptsW":0.5,"res":"fifty","plies":74,"balW":0,"secs":3.8,"apertura":"0,-2,4>-1,-1,3 0,3,-1>1,2,-2 -1,-1,3>-2,-1,4 1,2,-2>2,1,-2 1,-2,2>1,-1,1 0,4,-2>0,3,-1"}
{"par":2,"whiteIs":"A","ptsW":0.5,"res":"fifty","plies":74,"balW":0,"secs":2.6,"apertura":"4,-2,0>3,-1,-1 0,3,-1>0,2,0 3,-2,0>4,-1,-1 -2,3,0>-1,2,0 3,-2,1>3,-2,0 -2,3,1>-2,3,0"}
{"par":2,"whiteIs":"B","ptsW":0,"res":"mate","plies":334,"balW":-200,"secs":11,"apertura":"4,-2,0>3,-1,-1 0,3,-1>0,2,0 3,-2,0>4,-1,-1 -2,3,0>-1,2,0 3,-2,1>3,-2,0 -2,3,1>-2,3,0"}
{"par":3,"whiteIs":"A","ptsW":0,"res":"mate","plies":278,"balW":0,"secs":13.8,"apertura":"1,-2,2>1,-1,1 -1,3,0>-1,2,0 2,-2,1>2,-1,0 -3,3,2>-2,2,2 -1,-2,4>-1,-1,3 -2,2,2>-2,1,2"}
{"par":3,"whiteIs":"B","ptsW":0.5,"res":"fifty","plies":74,"balW":0,"secs":2.8,"apertura":"1,-2,2>1,-1,1 -1,3,0>-1,2,0 2,-2,1>2,-1,0 -3,3,2>-2,2,2 -1,-2,4>-1,-1,3 -2,2,2>-2,1,2"}
{"par":4,"whiteIs":"A","ptsW":0.5,"res":"fifty","plies":74,"balW":0,"secs":4.1,"apertura":"2,-2,1>2,-1,0 -1,3,-1>-1,2,0 0,-2,4>-1,-1,4 0,3,-1>0,2,0 2,-1,0>1,0,1 0,3,-2>0,2,-1"}
{"par":4,"whiteIs":"B","ptsW":1,"res":"mate","plies":257,"balW":200,"secs":12.3,"apertura":"2,-2,1>2,-1,0 -1,3,-1>-1,2,0 0,-2,4>-1,-1,4 0,3,-1>0,2,0 2,-1,0>1,0,1 0,3,-2>0,2,-1"}
{"par":5,"whiteIs":"A","ptsW":1,"res":"mate","plies":245,"balW":300,"secs":12.5,"apertura":"2,-2,2>1,-1,2 2,3,-3>2,2,-3 1,-1,2>1,-1,1 0,3,-1>1,2,-2 2,-2,1>2,-1,0 1,3,-3>2,3,-3"}
{"par":5,"whiteIs":"B","ptsW":0.5,"res":"fifty","plies":74,"balW":0,"secs":5.1,"apertura":"2,-2,2>1,-1,2 2,3,-3>2,2,-3 1,-1,2>1,-1,1 0,3,-1>1,2,-2 2,-2,1>2,-1,0 1,3,-3>2,3,-3"}
{"par":6,"whiteIs":"A","ptsW":0,"res":"mate","plies":246,"balW":-400,"secs":14.1,"apertura":"2,-2,1>1,-1,2 1,3,-2>2,2,-3 0,-2,4>-1,-1,4 -2,3,1>-3,2,2 -1,-1,4>-1,0,3 -1,3,-1>-1,2,0"}
{"par":6,"whiteIs":"B","ptsW":1,"res":"mate","plies":277,"balW":100,"secs":28.2,"apertura":"2,-2,1>1,-1,2 1,3,-2>2,2,-3 0,-2,4>-1,-1,4 -2,3,1>-3,2,2 -1,-1,4>-1,0,3 -1,3,-1>-1,2,0"}
{"par":7,"whiteIs":"A","ptsW":1,"res":"mate","plies":249,"balW":400,"secs":16.4,"apertura":"3,-2,0>2,-1,1 0,3,-2>0,2,-1 1,-2,3>0,-1,2 1,3,-3>0,3,-2 2,-3,2>1,-2,3 0,3,-1>0,2,0"}
{"par":7,"whiteIs":"B","ptsW":0.5,"res":"fifty","plies":74,"balW":0,"secs":5.6,"apertura":"3,-2,0>2,-1,1 0,3,-2>0,2,-1 1,-2,3>0,-1,2 1,3,-3>0,3,-2 2,-3,2>1,-2,3 0,3,-1>0,2,0"}
{"par":8,"whiteIs":"A","ptsW":1,"res":"mate","plies":289,"balW":100,"secs":16.5,"apertura":"2,-2,2>2,-1,1 1,3,-2>2,2,-3 0,-2,3>-1,-1,4 -2,3,1>-2,2,2 4,-2,-1>4,-1,-2 1,3,-3>1,3,-2"}
{"par":8,"whiteIs":"B","ptsW":0,"res":"mate","plies":262,"balW":-300,"secs":14.7,"apertura":"2,-2,2>2,-1,1 1,3,-2>2,2,-3 0,-2,3>-1,-1,4 -2,3,1>-2,2,2 4,-2,-1>4,-1,-2 1,3,-3>1,3,-2"}
{"par":9,"whiteIs":"A","ptsW":1,"res":"mate","plies":243,"balW":0,"secs":14.5,"apertura":"0,-2,3>0,-1,2 1,3,-3>2,2,-3 1,-2,3>0,-1,3 1,4,-3>1,3,-3 2,-2,2>2,-1,1 2,2,-3>2,2,-2"}
{"par":9,"whiteIs":"B","ptsW":0.5,"res":"fifty","plies":290,"balW":-600,"secs":15.1,"apertura":"0,-2,3>0,-1,2 1,3,-3>2,2,-3 1,-2,3>0,-1,3 1,4,-3>1,3,-3 2,-2,2>2,-1,1 2,2,-3>2,2,-2"}
{"par":10,"whiteIs":"A","ptsW":0.5,"res":"fifty","plies":391,"balW":600,"secs":20.3,"apertura":"2,-2,2>1,-1,1 -1,3,0>0,2,0 1,-1,1>2,-2,2 -3,3,2>-2,2,2 1,-2,3>1,-1,2 -2,3,1>-3,3,2"}
{"par":10,"whiteIs":"B","ptsW":1,"res":"mate","plies":225,"balW":-100,"secs":11.9,"apertura":"2,-2,2>1,-1,1 -1,3,0>0,2,0 1,-1,1>2,-2,2 -3,3,2>-2,2,2 1,-2,3>1,-1,2 -2,3,1>-3,3,2"}
{"par":11,"whiteIs":"A","ptsW":0.5,"res":"fifty","plies":74,"balW":0,"secs":3.9,"apertura":"0,-2,4>-1,-1,4 1,3,-2>2,2,-2 2,-2,2>2,-1,1 -2,3,0>-1,2,1 1,-2,3>0,-1,3 -3,3,1>-3,2,2"}
{"par":11,"whiteIs":"B","ptsW":0.5,"res":"fifty","plies":74,"balW":0,"secs":4.5,"apertura":"0,-2,4>-1,-1,4 1,3,-2>2,2,-2 2,-2,2>2,-1,1 -2,3,0>-1,2,1 1,-2,3>0,-1,3 -3,3,1>-3,2,2"}
{"par":12,"whiteIs":"A","ptsW":0.5,"res":"fifty","plies":303,"balW":400,"secs":13.2,"apertura":"2,-2,1>1,-1,1 -1,3,0>-2,2,1 1,-1,1>1,0,0 1,3,-3>2,2,-2 4,-2,-1>3,-1,-1 -2,3,1>-1,2,1"}
{"par":12,"whiteIs":"B","ptsW":0.5,"res":"fifty","plies":74,"balW":0,"secs":4.4,"apertura":"2,-2,1>1,-1,1 -1,3,0>-2,2,1 1,-1,1>1,0,0 1,3,-3>2,2,-2 4,-2,-1>3,-1,-1 -2,3,1>-1,2,1"}
{"par":13,"whiteIs":"A","ptsW":0.5,"res":"fifty","plies":74,"balW":0,"secs":4.3,"apertura":"2,-2,2>1,-1,2 1,3,-2>2,2,-3 1,-2,2>2,-1,1 0,3,-2>0,2,-1 1,-1,2>0,0,2 0,3,-1>-1,2,0"}
{"par":13,"whiteIs":"B","ptsW":1,"res":"mate","plies":245,"balW":0,"secs":13.9,"apertura":"2,-2,2>1,-1,2 1,3,-2>2,2,-3 1,-2,2>2,-1,1 0,3,-2>0,2,-1 1,-1,2>0,0,2 0,3,-1>-1,2,0"}
{"par":14,"whiteIs":"A","ptsW":0.5,"res":"fifty","plies":74,"balW":0,"secs":5.1,"apertura":"1,-2,2>1,-1,1 -2,3,0>-2,2,1 1,-1,1>0,0,2 0,3,-2>0,2,-1 3,-2,0>2,-1,1 -1,3,-1>-1,2,0"}
{"par":14,"whiteIs":"B","ptsW":1,"res":"mate","plies":257,"balW":100,"secs":13.1,"apertura":"1,-2,2>1,-1,1 -2,3,0>-2,2,1 1,-1,1>0,0,2 0,3,-2>0,2,-1 3,-2,0>2,-1,1 -1,3,-1>-1,2,0"}
{"par":15,"whiteIs":"A","ptsW":0,"res":"mate","plies":300,"balW":-200,"secs":20.2,"apertura":"4,-2,0>3,-1,-1 0,3,-1>1,2,-1 3,-1,-1>2,-1,0 -3,3,2>-2,2,1 1,-2,3>0,-1,2 -3,3,1>-3,2,2"}
{"par":15,"whiteIs":"B","ptsW":0.5,"res":"repetition","plies":187,"balW":-100,"secs":12.7,"apertura":"4,-2,0>3,-1,-1 0,3,-1>1,2,-1 3,-1,-1>2,-1,0 -3,3,2>-2,2,1 1,-2,3>0,-1,2 -3,3,1>-3,2,2"}
{"par":16,"whiteIs":"A","ptsW":0,"res":"mate","plies":286,"balW":-100,"secs":15.9,"apertura":"1,-2,3>0,-1,3 1,3,-3>1,2,-2 0,-2,4>1,-2,3 0,4,-2>1,3,-3 0,-1,3>-1,-1,3 1,2,-2>1,2,-1"}
{"par":16,"whiteIs":"B","ptsW":0,"res":"mate","plies":244,"balW":-100,"secs":21,"apertura":"1,-2,3>0,-1,3 1,3,-3>1,2,-2 0,-2,4>1,-2,3 0,4,-2>1,3,-3 0,-1,3>-1,-1,3 1,2,-2>1,2,-1"}
{"par":17,"whiteIs":"A","ptsW":0,"res":"mate","plies":244,"balW":-500,"secs":13.7,"apertura":"-1,-2,4>-1,-1,3 -2,3,1>-2,2,1 1,-2,2>1,-1,2 -3,3,2>-2,3,1 0,-2,4>-1,-1,4 -2,2,1>-2,1,2"}
{"par":17,"whiteIs":"B","ptsW":0.5,"res":"fifty","plies":74,"balW":0,"secs":5.1,"apertura":"-1,-2,4>-1,-1,3 -2,3,1>-2,2,1 1,-2,2>1,-1,2 -3,3,2>-2,3,1 0,-2,4>-1,-1,4 -2,2,1>-2,1,2"}
{"par":18,"whiteIs":"A","ptsW":1,"res":"mate","plies":239,"balW":0,"secs":20.4,"apertura":"1,-2,3>0,-1,2 0,3,-1>0,2,0 1,-2,2>1,-2,3 -1,3,0>-2,2,1 0,-1,2>0,-1,3 -2,3,1>-1,3,0"}
{"par":18,"whiteIs":"B","ptsW":0,"res":"mate","plies":408,"balW":-300,"secs":23.8,"apertura":"1,-2,3>0,-1,2 0,3,-1>0,2,0 1,-2,2>1,-2,3 -1,3,0>-2,2,1 0,-1,2>0,-1,3 -2,3,1>-1,3,0"}
{"par":19,"whiteIs":"A","ptsW":0,"res":"mate","plies":202,"balW":-200,"secs":15.5,"apertura":"3,-2,0>3,-1,0 -2,3,1>-1,2,1 3,-1,0>2,-1,1 -1,3,0>-1,2,0 2,-1,1>2,-1,0 0,3,-1>1,2,-2"}
{"par":19,"whiteIs":"B","ptsW":0,"res":"mate","plies":140,"balW":-300,"secs":9.2,"apertura":"3,-2,0>3,-1,0 -2,3,1>-1,2,1 3,-1,0>2,-1,1 -1,3,0>-1,2,0 2,-1,1>2,-1,0 0,3,-1>1,2,-2"}
{"par":20,"whiteIs":"A","ptsW":1,"res":"mate","plies":321,"balW":300,"secs":14.1,"apertura":"1,-2,2>1,-1,2 -2,3,1>-3,2,2 2,-3,3>1,-2,2 -3,2,2>-2,2,1 0,-2,4>-1,-1,3 0,3,-1>1,2,-2"}
{"par":20,"whiteIs":"B","ptsW":0,"res":"mate","plies":328,"balW":-200,"secs":12.6,"apertura":"1,-2,2>1,-1,2 -2,3,1>-3,2,2 2,-3,3>1,-2,2 -3,2,2>-2,2,1 0,-2,4>-1,-1,3 0,3,-1>1,2,-2"}
{"par":21,"whiteIs":"A","ptsW":1,"res":"mate","plies":317,"balW":400,"secs":14.3,"apertura":"3,-2,0>2,-1,1 -2,3,0>-2,2,1 2,-1,1>2,0,0 -3,3,2>-2,2,2 4,-2,-1>3,-1,0 -2,2,1>-2,3,0"}
{"par":21,"whiteIs":"B","ptsW":0,"res":"mate","plies":322,"balW":-600,"secs":15.6,"apertura":"3,-2,0>2,-1,1 -2,3,0>-2,2,1 2,-1,1>2,0,0 -3,3,2>-2,2,2 4,-2,-1>3,-1,0 -2,2,1>-2,3,0"}
{"par":22,"whiteIs":"A","ptsW":0.5,"res":"fifty","plies":74,"balW":0,"secs":3.3,"apertura":"0,-2,4>-1,-1,3 -3,3,1>-2,2,1 3,-2,0>3,-1,-1 -1,3,-1>-1,2,0 3,-1,-1>3,-1,0 -2,3,1>-2,2,2"}
{"par":22,"whiteIs":"B","ptsW":0.5,"res":"fifty","plies":358,"balW":200,"secs":18.3,"apertura":"0,-2,4>-1,-1,3 -3,3,1>-2,2,1 3,-2,0>3,-1,-1 -1,3,-1>-1,2,0 3,-1,-1>3,-1,0 -2,3,1>-2,2,2"}
{"par":23,"whiteIs":"A","ptsW":0.5,"res":"fifty","plies":74,"balW":0,"secs":3.6,"apertura":"1,-2,3>0,-1,3 1,3,-2>2,2,-3 4,-2,-1>3,-1,-1 2,3,-3>3,2,-3 3,-2,0>2,-1,0 2,2,-3>2,3,-3"}
{"par":23,"whiteIs":"B","ptsW":0,"res":"mate","plies":264,"balW":-400,"secs":10.4,"apertura":"1,-2,3>0,-1,3 1,3,-2>2,2,-3 4,-2,-1>3,-1,-1 2,3,-3>3,2,-3 3,-2,0>2,-1,0 2,2,-3>2,3,-3"}
{"par":24,"whiteIs":"A","ptsW":0,"res":"mate","plies":254,"balW":0,"secs":28.6,"apertura":"0,-2,3>0,-1,3 -1,3,0>-1,2,1 2,-2,2>2,-1,1 -3,3,1>-2,2,1 3,-3,1>2,-2,2 2,3,-3>3,2,-3"}
{"par":24,"whiteIs":"B","ptsW":0,"res":"mate","plies":350,"balW":-100,"secs":18.3,"apertura":"0,-2,3>0,-1,3 -1,3,0>-1,2,1 2,-2,2>2,-1,1 -3,3,1>-2,2,1 3,-3,1>2,-2,2 2,3,-3>3,2,-3"}
{"par":25,"whiteIs":"A","ptsW":1,"res":"mate","plies":297,"balW":600,"secs":30.5,"apertura":"-1,-2,4>-1,-1,4 -3,3,1>-2,2,2 -1,-1,4>-2,0,4 -2,2,2>-3,3,1 0,-2,4>-1,-1,4 1,3,-3>2,2,-3"}
{"par":25,"whiteIs":"B","ptsW":0.5,"res":"fifty","plies":74,"balW":0,"secs":13,"apertura":"-1,-2,4>-1,-1,4 -3,3,1>-2,2,2 -1,-1,4>-2,0,4 -2,2,2>-3,3,1 0,-2,4>-1,-1,4 1,3,-3>2,2,-3"}
{"par":26,"whiteIs":"A","ptsW":0.5,"res":"fifty","plies":74,"balW":0,"secs":7.8,"apertura":"0,-2,3>-1,-1,3 0,3,-1>0,2,0 2,-2,2>1,-1,1 -3,3,1>-2,2,1 3,-2,1>2,-1,0 -1,3,0>0,2,-1"}
{"par":26,"whiteIs":"B","ptsW":0.5,"res":"fifty","plies":384,"balW":-600,"secs":50.1,"apertura":"0,-2,3>-1,-1,3 0,3,-1>0,2,0 2,-2,2>1,-1,1 -3,3,1>-2,2,1 3,-2,1>2,-1,0 -1,3,0>0,2,-1"}
{"par":27,"whiteIs":"A","ptsW":1,"res":"mate","plies":257,"balW":600,"secs":24.4,"apertura":"0,-2,4>-1,-1,4 -3,3,1>-3,2,2 -1,-2,4>-2,-1,4 -1,3,0>0,2,0 1,-2,2>0,-1,3 -2,3,0>-3,3,1"}
{"par":27,"whiteIs":"B","ptsW":0.5,"res":"fifty","plies":177,"balW":100,"secs":17,"apertura":"0,-2,4>-1,-1,4 -3,3,1>-3,2,2 -1,-2,4>-2,-1,4 -1,3,0>0,2,0 1,-2,2>0,-1,3 -2,3,0>-3,3,1"}
{"par":28,"whiteIs":"A","ptsW":0.5,"res":"fifty","plies":277,"balW":600,"secs":26,"apertura":"2,-2,2>2,-1,1 2,3,-3>1,2,-2 2,-1,1>1,-1,2 -1,3,-1>0,2,-1 2,-3,3>2,-2,2 -1,4,-2>-1,3,-1"}
{"par":28,"whiteIs":"B","ptsW":0.5,"res":"fifty","plies":358,"balW":-400,"secs":17.1,"apertura":"2,-2,2>2,-1,1 2,3,-3>1,2,-2 2,-1,1>1,-1,2 -1,3,-1>0,2,-1 2,-3,3>2,-2,2 -1,4,-2>-1,3,-1"}
{"par":29,"whiteIs":"A","ptsW":1,"res":"mate","plies":275,"balW":300,"secs":9.6,"apertura":"-1,-2,4>0,-1,3 -3,3,2>-3,2,3 2,-2,1>3,-1,0 2,3,-3>2,2,-2 0,-1,3>0,-1,2 -2,3,0>-2,2,1"}
{"par":29,"whiteIs":"B","ptsW":1,"res":"mate","plies":251,"balW":0,"secs":12.9,"apertura":"-1,-2,4>0,-1,3 -3,3,2>-3,2,3 2,-2,1>3,-1,0 2,3,-3>2,2,-2 0,-1,3>0,-1,2 -2,3,0>-2,2,1"}
{"par":30,"whiteIs":"A","ptsW":1,"res":"mate","plies":349,"balW":200,"secs":13.2,"apertura":"0,-2,4>-1,-1,3 1,3,-2>0,2,-1 -1,-1,3>-2,0,4 -1,3,0>0,2,0 -2,0,4>-1,0,3 -3,3,2>-2,2,2"}
{"par":30,"whiteIs":"B","ptsW":1,"res":"mate","plies":415,"balW":100,"secs":18.6,"apertura":"0,-2,4>-1,-1,3 1,3,-2>0,2,-1 -1,-1,3>-2,0,4 -1,3,0>0,2,0 -2,0,4>-1,0,3 -3,3,2>-2,2,2"}
{"par":31,"whiteIs":"A","ptsW":0,"res":"mate","plies":216,"balW":200,"secs":11.8,"apertura":"-1,-2,4>-1,-1,3 -1,3,0>-2,2,1 4,-2,-1>3,-1,-1 -2,4,0>-1,3,0 1,-2,3>0,-1,2 -3,3,2>-3,2,3"}
{"par":31,"whiteIs":"B","ptsW":0.5,"res":"fifty","plies":74,"balW":0,"secs":3.8,"apertura":"-1,-2,4>-1,-1,3 -1,3,0>-2,2,1 4,-2,-1>3,-1,-1 -2,4,0>-1,3,0 1,-2,3>0,-1,2 -3,3,2>-3,2,3"}
{"par":32,"whiteIs":"A","ptsW":0,"res":"mate","plies":246,"balW":-100,"secs":14.1,"apertura":"1,-2,3>1,-1,2 2,3,-3>2,2,-3 0,-2,3>-1,-1,3 1,3,-2>1,2,-2 -1,-1,3>0,-2,3 -1,3,-1>0,2,-1"}
{"par":32,"whiteIs":"B","ptsW":0.5,"res":"fifty","plies":74,"balW":0,"secs":4.2,"apertura":"1,-2,3>1,-1,2 2,3,-3>2,2,-3 0,-2,3>-1,-1,3 1,3,-2>1,2,-2 -1,-1,3>0,-2,3 -1,3,-1>0,2,-1"}
{"par":33,"whiteIs":"A","ptsW":1,"res":"mate","plies":329,"balW":500,"secs":15.3,"apertura":"2,-2,1>2,-1,0 -3,3,2>-3,2,3 0,-2,3>-1,-1,3 1,3,-3>2,2,-3 3,-3,1>2,-2,1 -3,3,1>-3,2,2"}
{"par":33,"whiteIs":"B","ptsW":0,"res":"mate","plies":350,"balW":-600,"secs":19.7,"apertura":"2,-2,1>2,-1,0 -3,3,2>-3,2,3 0,-2,3>-1,-1,3 1,3,-3>2,2,-3 3,-3,1>2,-2,1 -3,3,1>-3,2,2"}
{"par":34,"whiteIs":"A","ptsW":0.5,"res":"fifty","plies":74,"balW":0,"secs":7.3,"apertura":"3,-2,0>3,-1,-1 2,3,-3>2,2,-3 1,-2,2>0,-1,3 -3,3,2>-2,2,2 3,-1,-1>4,0,-2 -2,2,2>-1,1,1"}
{"par":34,"whiteIs":"B","ptsW":0,"res":"mate","plies":218,"balW":100,"secs":15.3,"apertura":"3,-2,0>3,-1,-1 2,3,-3>2,2,-3 1,-2,2>0,-1,3 -3,3,2>-2,2,2 3,-1,-1>4,0,-2 -2,2,2>-1,1,1"}
{"par":35,"whiteIs":"A","ptsW":0,"res":"mate","plies":352,"balW":-300,"secs":20.8,"apertura":"0,-2,4>-1,-1,3 1,3,-3>2,2,-2 1,-2,3>0,-1,3 -2,3,0>-1,2,0 3,-2,0>4,-1,-1 -3,3,2>-3,2,3"}
{"par":35,"whiteIs":"B","ptsW":0.5,"res":"fifty","plies":74,"balW":0,"secs":5.2,"apertura":"0,-2,4>-1,-1,3 1,3,-3>2,2,-2 1,-2,3>0,-1,3 -2,3,0>-1,2,0 3,-2,0>4,-1,-1 -3,3,2>-3,2,3"}
{"par":36,"whiteIs":"A","ptsW":1,"res":"mate","plies":269,"balW":200,"secs":19.6,"apertura":"2,-2,2>1,-1,2 0,3,-1>0,2,-1 4,-2,-1>3,-1,-1 -1,4,-2>0,3,-1 1,-2,2>0,-1,3 0,3,-2>1,2,-1"}
{"par":36,"whiteIs":"B","ptsW":1,"res":"mate","plies":355,"balW":-500,"secs":34.8,"apertura":"2,-2,2>1,-1,2 0,3,-1>0,2,-1 4,-2,-1>3,-1,-1 -1,4,-2>0,3,-1 1,-2,2>0,-1,3 0,3,-2>1,2,-1"}
{"par":37,"whiteIs":"A","ptsW":1,"res":"mate","plies":233,"balW":700,"secs":12.8,"apertura":"0,-2,3>-1,-1,3 0,3,-1>1,2,-2 1,-3,3>0,-2,3 0,4,-2>0,3,-1 3,-2,1>2,-1,1 -1,4,-2>0,4,-2"}
{"par":37,"whiteIs":"B","ptsW":0,"res":"mate","plies":316,"balW":-600,"secs":17.3,"apertura":"0,-2,3>-1,-1,3 0,3,-1>1,2,-2 1,-3,3>0,-2,3 0,4,-2>0,3,-1 3,-2,1>2,-1,1 -1,4,-2>0,4,-2"}
{"par":38,"whiteIs":"A","ptsW":1,"res":"mate","plies":277,"balW":300,"secs":25.4,"apertura":"3,-2,1>2,-1,0 -1,3,0>-1,2,0 4,-2,0>3,-2,1 -1,2,0>0,2,-1 2,-1,0>2,-1,1 0,3,-2>1,2,-2"}
{"par":38,"whiteIs":"B","ptsW":1,"res":"mate","plies":239,"balW":200,"secs":13.8,"apertura":"3,-2,1>2,-1,0 -1,3,0>-1,2,0 4,-2,0>3,-2,1 -1,2,0>0,2,-1 2,-1,0>2,-1,1 0,3,-2>1,2,-2"}
{"par":39,"whiteIs":"A","ptsW":0.5,"res":"fifty","plies":74,"balW":0,"secs":3.5,"apertura":"0,-2,3>0,-1,2 -1,3,0>0,2,0 0,-2,4>-1,-1,3 2,3,-3>2,2,-3 0,-1,2>0,-1,3 2,2,-3>2,1,-2"}
{"par":39,"whiteIs":"B","ptsW":1,"res":"mate","plies":221,"balW":-300,"secs":14.4,"apertura":"0,-2,3>0,-1,2 -1,3,0>0,2,0 0,-2,4>-1,-1,3 2,3,-3>2,2,-3 0,-1,2>0,-1,3 2,2,-3>2,1,-2"}
{"par":40,"whiteIs":"A","ptsW":0.5,"res":"fifty","plies":74,"balW":0,"secs":3.7,"apertura":"2,-2,2>1,-1,1 -2,3,1>-2,2,2 -1,-2,4>-1,-1,3 -1,3,0>0,2,-1 -1,-1,3>0,0,2 0,2,-1>1,2,-2"}
{"par":40,"whiteIs":"B","ptsW":0.5,"res":"fifty","plies":74,"balW":0,"secs":5.4,"apertura":"2,-2,2>1,-1,1 -2,3,1>-2,2,2 -1,-2,4>-1,-1,3 -1,3,0>0,2,-1 -1,-1,3>0,0,2 0,2,-1>1,2,-2"}
{"par":41,"whiteIs":"A","ptsW":0,"res":"mate","plies":204,"balW":-100,"secs":14.6,"apertura":"1,-2,2>1,-1,2 -1,3,0>-2,2,1 1,-1,2>0,0,1 0,3,-2>1,2,-1 -1,-2,4>-2,-1,4 2,3,-3>1,2,-2"}
{"par":41,"whiteIs":"B","ptsW":0.5,"res":"fifty","plies":74,"balW":0,"secs":5.9,"apertura":"1,-2,2>1,-1,2 -1,3,0>-2,2,1 1,-1,2>0,0,1 0,3,-2>1,2,-1 -1,-2,4>-2,-1,4 2,3,-3>1,2,-2"}
{"par":42,"whiteIs":"A","ptsW":0,"res":"mate","plies":188,"balW":0,"secs":15.7,"apertura":"2,-2,1>2,-1,1 -3,3,1>-2,2,1 2,-2,2>1,-1,2 -1,3,-1>0,2,-1 3,-3,2>2,-2,1 0,3,-2>1,2,-2"}
{"par":42,"whiteIs":"B","ptsW":1,"res":"mate","plies":215,"balW":100,"secs":18.7,"apertura":"2,-2,1>2,-1,1 -3,3,1>-2,2,1 2,-2,2>1,-1,2 -1,3,-1>0,2,-1 3,-3,2>2,-2,1 0,3,-2>1,2,-2"}
{"par":43,"whiteIs":"A","ptsW":0.5,"res":"fifty","plies":295,"balW":700,"secs":15.7,"apertura":"1,-2,2>1,-1,2 2,3,-3>2,2,-2 1,-1,2>0,0,1 -1,3,0>-1,2,1 4,-2,-1>3,-1,0 -2,3,1>-1,2,0"}
{"par":43,"whiteIs":"B","ptsW":0.5,"res":"fifty","plies":74,"balW":0,"secs":5.3,"apertura":"1,-2,2>1,-1,2 2,3,-3>2,2,-2 1,-1,2>0,0,1 -1,3,0>-1,2,1 4,-2,-1>3,-1,0 -2,3,1>-1,2,0"}
{"par":44,"whiteIs":"A","ptsW":1,"res":"mate","plies":239,"balW":200,"secs":15.5,"apertura":"1,-2,3>0,-1,3 -3,3,1>-3,2,2 0,-1,3>-1,0,3 0,3,-2>0,2,-1 -1,0,3>-2,1,2 1,3,-2>0,3,-2"}
{"par":44,"whiteIs":"B","ptsW":0,"res":"mate","plies":230,"balW":300,"secs":22.7,"apertura":"1,-2,3>0,-1,3 -3,3,1>-3,2,2 0,-1,3>-1,0,3 0,3,-2>0,2,-1 -1,0,3>-2,1,2 1,3,-2>0,3,-2"}
{"par":45,"whiteIs":"A","ptsW":1,"res":"mate","plies":283,"balW":200,"secs":24.8,"apertura":"3,-2,1>2,-1,0 1,3,-2>2,2,-2 0,-2,4>-1,-1,3 0,3,-1>1,2,-1 2,-2,1>2,-1,1 0,4,-2>0,3,-1"}
{"par":45,"whiteIs":"B","ptsW":0,"res":"mate","plies":290,"balW":-700,"secs":22.2,"apertura":"3,-2,1>2,-1,0 1,3,-2>2,2,-2 0,-2,4>-1,-1,3 0,3,-1>1,2,-1 2,-2,1>2,-1,1 0,4,-2>0,3,-1"}
{"par":46,"whiteIs":"A","ptsW":0.5,"res":"fifty","plies":142,"balW":100,"secs":12.9,"apertura":"0,-2,3>-1,-1,3 0,3,-1>0,2,0 4,-2,-1>4,-1,-2 1,3,-2>0,3,-1 1,-3,3>0,-2,3 2,3,-3>1,2,-2"}
{"par":46,"whiteIs":"B","ptsW":0.5,"res":"fifty","plies":74,"balW":0,"secs":4.2,"apertura":"0,-2,3>-1,-1,3 0,3,-1>0,2,0 4,-2,-1>4,-1,-2 1,3,-2>0,3,-1 1,-3,3>0,-2,3 2,3,-3>1,2,-2"}
{"par":47,"whiteIs":"A","ptsW":1,"res":"mate","plies":419,"balW":500,"secs":40.2,"apertura":"-1,-2,4>-1,-1,4 1,3,-2>0,2,-1 -1,-1,4>-1,-1,3 0,4,-2>1,3,-2 2,-2,1>1,-1,1 0,3,-2>0,4,-2"}
{"par":47,"whiteIs":"B","ptsW":0.5,"res":"fifty","plies":74,"balW":0,"secs":4.2,"apertura":"-1,-2,4>-1,-1,4 1,3,-2>0,2,-1 -1,-1,4>-1,-1,3 0,4,-2>1,3,-2 2,-2,1>1,-1,1 0,3,-2>0,4,-2"}
{"par":48,"whiteIs":"A","ptsW":0.5,"res":"fifty","plies":341,"balW":700,"secs":16.4,"apertura":"0,-2,4>-1,-1,3 -2,3,0>-1,2,1 -1,-1,3>0,-1,3 -1,2,1>-1,2,0 1,-2,2>2,-1,1 -1,2,0>-1,2,1"}
{"par":48,"whiteIs":"B","ptsW":1,"res":"mate","plies":295,"balW":-200,"secs":25.6,"apertura":"0,-2,4>-1,-1,3 -2,3,0>-1,2,1 -1,-1,3>0,-1,3 -1,2,1>-1,2,0 1,-2,2>2,-1,1 -1,2,0>-1,2,1"}
{"par":49,"whiteIs":"A","ptsW":0.5,"res":"stalemate","plies":237,"balW":700,"secs":13.8,"apertura":"0,-2,3>0,-1,2 0,3,-1>1,2,-2 4,-2,0>4,-1,-1 -1,3,-1>-1,2,0 3,-2,0>2,-1,0 0,3,-2>0,2,-1"}
{"par":49,"whiteIs":"B","ptsW":1,"res":"mate","plies":245,"balW":100,"secs":14.7,"apertura":"0,-2,3>0,-1,2 0,3,-1>1,2,-2 4,-2,0>4,-1,-1 -1,3,-1>-1,2,0 3,-2,0>2,-1,0 0,3,-2>0,2,-1"}
{"par":50,"whiteIs":"A","ptsW":0.5,"res":"fifty","plies":361,"balW":800,"secs":20.1,"apertura":"2,-2,2>2,-1,1 2,3,-3>2,2,-3 1,-2,2>0,-1,3 0,3,-1>-1,2,0 2,-2,1>2,-1,0 -1,2,0>-2,2,1"}
{"par":50,"whiteIs":"B","ptsW":0,"res":"mate","plies":214,"balW":-200,"secs":26.7,"apertura":"2,-2,2>2,-1,1 2,3,-3>2,2,-3 1,-2,2>0,-1,3 0,3,-1>-1,2,0 2,-2,1>2,-1,0 -1,2,0>-2,2,1"}
