# {"fecha":"2026-08-26T19:07:34.219Z","modalidad":"rps-rey","A":{"nombre":"vigente","cfg":{"depth":24,"mobility":true,"order":true,"quiesce":true,"nodes":4500}},"B":{"nombre":"t22-acoso10","cfg":{"depth":24,"mobility":true,"order":true,"quiesce":true,"nodes":4500,"rps":{"PROPORCIONAL":1,"PROP_ACOSO":10,"PROP_ACOSO_REY":10}}},"MAX_PLIES":800,"FIFTY":80,"OPENING_PLIES":6,"SEED":23,"FIRST":51,"PAIRS":50,"libro":"/Users/salasgar/Documents/git/Ajedrez-triangular/entrenamiento/libro-rps-rey.json"}
{"par":51,"whiteIs":"A","ptsW":0,"res":"mate","plies":304,"balW":-100,"secs":14.2,"apertura":"0,-2,4>-1,-1,3 -2,3,1>-2,2,1 2,-2,1>2,-1,1 -2,2,1>-2,3,1 2,-2,2>1,-1,1 0,3,-1>1,2,-2"}
{"par":51,"whiteIs":"B","ptsW":1,"res":"mate","plies":261,"balW":0,"secs":16.7,"apertura":"0,-2,4>-1,-1,3 -2,3,1>-2,2,1 2,-2,1>2,-1,1 -2,2,1>-2,3,1 2,-2,2>1,-1,1 0,3,-1>1,2,-2"}
{"par":52,"whiteIs":"A","ptsW":0,"res":"mate","plies":218,"balW":-200,"secs":22.5,"apertura":"0,-2,3>0,-1,3 1,3,-2>2,2,-2 1,-3,4>0,-2,3 0,4,-3>1,3,-2 0,-2,4>-1,-1,3 -3,3,1>-2,2,1"}
{"par":52,"whiteIs":"B","ptsW":0.5,"res":"fifty","plies":347,"balW":800,"secs":40.8,"apertura":"0,-2,3>0,-1,3 1,3,-2>2,2,-2 1,-3,4>0,-2,3 0,4,-3>1,3,-2 0,-2,4>-1,-1,3 -3,3,1>-2,2,1"}
{"par":53,"whiteIs":"A","ptsW":0,"res":"mate","plies":322,"balW":-200,"secs":26,"apertura":"3,-2,0>4,-1,-1 -1,3,0>0,2,-1 3,-2,1>2,-1,1 -1,3,-1>0,2,0 4,-2,0>3,-1,0 0,2,-1>-1,3,-1"}
{"par":53,"whiteIs":"B","ptsW":1,"res":"mate","plies":341,"balW":0,"secs":36.5,"apertura":"3,-2,0>4,-1,-1 -1,3,0>0,2,-1 3,-2,1>2,-1,1 -1,3,-1>0,2,0 4,-2,0>3,-1,0 0,2,-1>-1,3,-1"}
{"par":54,"whiteIs":"A","ptsW":0,"res":"mate","plies":238,"balW":-200,"secs":25.8,"apertura":"3,-2,0>2,-1,0 1,3,-3>1,2,-2 2,-1,0>1,0,0 1,2,-2>2,2,-3 4,-3,1>3,-2,0 2,2,-3>1,2,-2"}
{"par":54,"whiteIs":"B","ptsW":1,"res":"mate","plies":297,"balW":300,"secs":26.4,"apertura":"3,-2,0>2,-1,0 1,3,-3>1,2,-2 2,-1,0>1,0,0 1,2,-2>2,2,-3 4,-3,1>3,-2,0 2,2,-3>1,2,-2"}
{"par":55,"whiteIs":"A","ptsW":0,"res":"mate","plies":218,"balW":200,"secs":18.4,"apertura":"4,-2,-1>3,-1,0 1,3,-3>2,2,-3 1,-2,2>0,-1,3 0,3,-2>1,2,-2 3,-2,0>2,-1,0 1,3,-2>0,2,-1"}
{"par":55,"whiteIs":"B","ptsW":1,"res":"mate","plies":179,"balW":300,"secs":19.6,"apertura":"4,-2,-1>3,-1,0 1,3,-3>2,2,-3 1,-2,2>0,-1,3 0,3,-2>1,2,-2 3,-2,0>2,-1,0 1,3,-2>0,2,-1"}
{"par":56,"whiteIs":"A","ptsW":0,"res":"mate","plies":250,"balW":-400,"secs":26.6,"apertura":"4,-2,0>3,-1,-1 0,3,-1>0,2,0 3,-1,-1>2,-1,0 2,3,-3>2,2,-2 1,-2,2>1,-1,2 1,3,-3>1,2,-2"}
{"par":56,"whiteIs":"B","ptsW":1,"res":"mate","plies":399,"balW":200,"secs":44.9,"apertura":"4,-2,0>3,-1,-1 0,3,-1>0,2,0 3,-1,-1>2,-1,0 2,3,-3>2,2,-2 1,-2,2>1,-1,2 1,3,-3>1,2,-2"}
{"par":57,"whiteIs":"A","ptsW":0,"res":"mate","plies":256,"balW":-700,"secs":18.4,"apertura":"2,-2,1>2,-1,0 -2,3,1>-1,2,0 1,-2,3>0,-1,3 -3,3,2>-3,2,2 2,-1,0>2,0,0 1,3,-2>0,2,-1"}
{"par":57,"whiteIs":"B","ptsW":1,"res":"mate","plies":139,"balW":300,"secs":13,"apertura":"2,-2,1>2,-1,0 -2,3,1>-1,2,0 1,-2,3>0,-1,3 -3,3,2>-3,2,2 2,-1,0>2,0,0 1,3,-2>0,2,-1"}
{"par":58,"whiteIs":"A","ptsW":0,"res":"mate","plies":256,"balW":-100,"secs":29,"apertura":"1,-2,2>2,-1,1 0,3,-1>-1,2,0 1,-2,3>1,-1,2 -1,2,0>-1,1,1 0,-2,3>0,-1,3 1,3,-2>1,2,-1"}
{"par":58,"whiteIs":"B","ptsW":1,"res":"mate","plies":143,"balW":100,"secs":17.1,"apertura":"1,-2,2>2,-1,1 0,3,-1>-1,2,0 1,-2,3>1,-1,2 -1,2,0>-1,1,1 0,-2,3>0,-1,3 1,3,-2>1,2,-1"}
{"par":59,"whiteIs":"A","ptsW":0,"res":"mate","plies":296,"balW":-100,"secs":36.5,"apertura":"4,-2,0>3,-1,-1 -2,3,1>-1,2,1 3,-2,1>2,-1,1 -1,2,1>-2,2,1 2,-1,1>1,0,0 -2,2,1>-2,2,2"}
{"par":59,"whiteIs":"B","ptsW":1,"res":"mate","plies":171,"balW":-200,"secs":16.7,"apertura":"4,-2,0>3,-1,-1 -2,3,1>-1,2,1 3,-2,1>2,-1,1 -1,2,1>-2,2,1 2,-1,1>1,0,0 -2,2,1>-2,2,2"}
{"par":60,"whiteIs":"A","ptsW":0,"res":"mate","plies":312,"balW":-200,"secs":21.3,"apertura":"3,-2,0>2,-1,1 2,3,-3>3,2,-3 2,-1,1>3,-2,0 -1,3,0>-2,2,1 2,-2,2>2,-1,1 -1,3,-1>0,2,0"}
{"par":60,"whiteIs":"B","ptsW":1,"res":"mate","plies":329,"balW":200,"secs":24.3,"apertura":"3,-2,0>2,-1,1 2,3,-3>3,2,-3 2,-1,1>3,-2,0 -1,3,0>-2,2,1 2,-2,2>2,-1,1 -1,3,-1>0,2,0"}
{"par":61,"whiteIs":"A","ptsW":0.5,"res":"fifty","plies":315,"balW":-400,"secs":29.2,"apertura":"4,-2,-1>4,-1,-2 0,3,-1>0,2,0 4,-1,-2>3,0,-2 0,2,0>-1,2,1 2,-2,1>3,-1,0 -1,2,1>0,1,1"}
{"par":61,"whiteIs":"B","ptsW":1,"res":"mate","plies":257,"balW":300,"secs":27.4,"apertura":"4,-2,-1>4,-1,-2 0,3,-1>0,2,0 4,-1,-2>3,0,-2 0,2,0>-1,2,1 2,-2,1>3,-1,0 -1,2,1>0,1,1"}
{"par":62,"whiteIs":"A","ptsW":0,"res":"mate","plies":278,"balW":0,"secs":24.3,"apertura":"4,-2,-1>3,-1,0 1,3,-2>0,2,-1 4,-2,0>3,-1,-1 -3,3,1>-2,2,2 -1,-2,4>0,-1,3 -2,2,2>-3,3,1"}
{"par":62,"whiteIs":"B","ptsW":1,"res":"mate","plies":307,"balW":900,"secs":18.3,"apertura":"4,-2,-1>3,-1,0 1,3,-2>0,2,-1 4,-2,0>3,-1,-1 -3,3,1>-2,2,2 -1,-2,4>0,-1,3 -2,2,2>-3,3,1"}
{"par":63,"whiteIs":"A","ptsW":0,"res":"mate","plies":310,"balW":-600,"secs":23.9,"apertura":"3,-2,1>3,-1,0 0,3,-2>1,2,-1 3,-1,0>2,0,-1 1,2,-1>0,2,-1 1,-2,2>1,-1,1 -3,3,2>-2,2,1"}
{"par":63,"whiteIs":"B","ptsW":1,"res":"mate","plies":229,"balW":200,"secs":13.7,"apertura":"3,-2,1>3,-1,0 0,3,-2>1,2,-1 3,-1,0>2,0,-1 1,2,-1>0,2,-1 1,-2,2>1,-1,1 -3,3,2>-2,2,1"}
{"par":64,"whiteIs":"A","ptsW":0.5,"res":"fifty","plies":244,"balW":-800,"secs":11.8,"apertura":"0,-2,4>0,-1,3 2,3,-3>1,2,-2 4,-2,-1>3,-1,0 1,2,-2>2,3,-3 0,-1,3>-1,0,2 -1,3,0>0,2,-1"}
{"par":64,"whiteIs":"B","ptsW":1,"res":"mate","plies":321,"balW":400,"secs":23.6,"apertura":"0,-2,4>0,-1,3 2,3,-3>1,2,-2 4,-2,-1>3,-1,0 1,2,-2>2,3,-3 0,-1,3>-1,0,2 -1,3,0>0,2,-1"}
{"par":65,"whiteIs":"A","ptsW":0,"res":"mate","plies":276,"balW":-400,"secs":17,"apertura":"1,-2,2>1,-1,1 0,3,-1>1,2,-1 -1,-2,4>-1,-1,3 -3,3,2>-2,2,2 1,-1,1>0,-1,2 0,3,-2>0,2,-1"}
{"par":65,"whiteIs":"B","ptsW":1,"res":"mate","plies":231,"balW":300,"secs":22.1,"apertura":"1,-2,2>1,-1,1 0,3,-1>1,2,-1 -1,-2,4>-1,-1,3 -3,3,2>-2,2,2 1,-1,1>0,-1,2 0,3,-2>0,2,-1"}
{"par":66,"whiteIs":"A","ptsW":0,"res":"mate","plies":292,"balW":-500,"secs":16.9,"apertura":"2,-2,2>1,-1,2 2,3,-3>3,2,-3 3,-2,1>2,-2,2 -1,3,0>-1,2,1 4,-2,0>3,-2,1 1,3,-3>2,3,-3"}
{"par":66,"whiteIs":"B","ptsW":1,"res":"mate","plies":279,"balW":0,"secs":27,"apertura":"2,-2,2>1,-1,2 2,3,-3>3,2,-3 3,-2,1>2,-2,2 -1,3,0>-1,2,1 4,-2,0>3,-2,1 1,3,-3>2,3,-3"}
{"par":67,"whiteIs":"A","ptsW":0,"res":"mate","plies":226,"balW":-200,"secs":16.9,"apertura":"2,-2,1>2,-1,1 1,3,-2>0,2,-1 -1,-2,4>-1,-1,4 -2,3,1>-2,2,2 4,-2,0>3,-1,-1 0,3,-2>1,2,-1"}
{"par":67,"whiteIs":"B","ptsW":1,"res":"mate","plies":327,"balW":-100,"secs":17,"apertura":"2,-2,1>2,-1,1 1,3,-2>0,2,-1 -1,-2,4>-1,-1,4 -2,3,1>-2,2,2 4,-2,0>3,-1,-1 0,3,-2>1,2,-1"}
{"par":68,"whiteIs":"A","ptsW":0,"res":"mate","plies":272,"balW":200,"secs":17.9,"apertura":"-1,-2,4>-1,-1,3 -2,3,1>-2,2,1 1,-2,3>1,-1,2 -2,2,1>-2,3,1 1,-1,2>1,-1,1 -2,3,1>-1,2,1"}
{"par":68,"whiteIs":"B","ptsW":1,"res":"mate","plies":277,"balW":200,"secs":22.1,"apertura":"-1,-2,4>-1,-1,3 -2,3,1>-2,2,1 1,-2,3>1,-1,2 -2,2,1>-2,3,1 1,-1,2>1,-1,1 -2,3,1>-1,2,1"}
{"par":69,"whiteIs":"A","ptsW":1,"res":"mate","plies":251,"balW":-300,"secs":17.2,"apertura":"-1,-2,4>-1,-1,3 1,3,-2>1,2,-2 -1,-1,3>0,-1,2 1,2,-2>1,2,-1 1,-2,3>0,-1,3 -2,3,1>-1,2,1"}
{"par":69,"whiteIs":"B","ptsW":1,"res":"mate","plies":285,"balW":300,"secs":15.1,"apertura":"-1,-2,4>-1,-1,3 1,3,-2>1,2,-2 -1,-1,3>0,-1,2 1,2,-2>1,2,-1 1,-2,3>0,-1,3 -2,3,1>-1,2,1"}
{"par":70,"whiteIs":"A","ptsW":0,"res":"mate","plies":214,"balW":-100,"secs":12.6,"apertura":"1,-2,2>0,-1,3 -2,3,0>-1,2,0 2,-3,2>1,-2,2 -3,3,2>-2,2,1 0,-1,3>-1,0,2 -2,2,1>-3,3,2"}
{"par":70,"whiteIs":"B","ptsW":1,"res":"mate","plies":287,"balW":100,"secs":16.4,"apertura":"1,-2,2>0,-1,3 -2,3,0>-1,2,0 2,-3,2>1,-2,2 -3,3,2>-2,2,1 0,-1,3>-1,0,2 -2,2,1>-3,3,2"}
{"par":71,"whiteIs":"A","ptsW":0,"res":"mate","plies":400,"balW":-600,"secs":32.2,"apertura":"1,-2,2>0,-1,3 -3,3,1>-2,2,1 0,-1,3>-1,-1,3 -3,3,2>-3,2,2 2,-2,2>2,-1,1 0,3,-2>1,2,-2"}
{"par":71,"whiteIs":"B","ptsW":1,"res":"mate","plies":253,"balW":300,"secs":13.8,"apertura":"1,-2,2>0,-1,3 -3,3,1>-2,2,1 0,-1,3>-1,-1,3 -3,3,2>-3,2,2 2,-2,2>2,-1,1 0,3,-2>1,2,-2"}
{"par":72,"whiteIs":"A","ptsW":0.5,"res":"fifty","plies":267,"balW":-1000,"secs":16.5,"apertura":"1,-2,2>1,-1,2 1,3,-3>2,2,-2 2,-2,2>1,-2,2 2,3,-3>2,2,-3 0,-2,3>-1,-1,4 0,4,-3>1,3,-3"}
{"par":72,"whiteIs":"B","ptsW":1,"res":"mate","plies":281,"balW":500,"secs":16.7,"apertura":"1,-2,2>1,-1,2 1,3,-3>2,2,-2 2,-2,2>1,-2,2 2,3,-3>2,2,-3 0,-2,3>-1,-1,4 0,4,-3>1,3,-3"}
{"par":73,"whiteIs":"A","ptsW":1,"res":"mate","plies":243,"balW":400,"secs":15.2,"apertura":"-1,-2,4>0,-1,3 -2,3,1>-1,2,0 2,-2,2>1,-1,2 -2,3,0>-2,3,1 3,-2,0>3,-1,-1 -1,3,-1>0,2,0"}
{"par":73,"whiteIs":"B","ptsW":0.5,"res":"fifty","plies":311,"balW":1000,"secs":20.4,"apertura":"-1,-2,4>0,-1,3 -2,3,1>-1,2,0 2,-2,2>1,-1,2 -2,3,0>-2,3,1 3,-2,0>3,-1,-1 -1,3,-1>0,2,0"}
{"par":74,"whiteIs":"A","ptsW":0,"res":"mate","plies":420,"balW":-200,"secs":19.5,"apertura":"1,-2,3>1,-1,2 -2,3,1>-1,2,0 0,-2,3>0,-1,3 -1,2,0>-2,3,1 4,-2,0>3,-1,-1 -3,3,2>-2,2,1"}
{"par":74,"whiteIs":"B","ptsW":1,"res":"mate","plies":353,"balW":100,"secs":24.6,"apertura":"1,-2,3>1,-1,2 -2,3,1>-1,2,0 0,-2,3>0,-1,3 -1,2,0>-2,3,1 4,-2,0>3,-1,-1 -3,3,2>-2,2,1"}
{"par":75,"whiteIs":"A","ptsW":0,"res":"mate","plies":278,"balW":-400,"secs":12.9,"apertura":"2,-2,2>1,-1,2 -2,3,1>-3,2,2 1,-1,2>0,-1,2 1,3,-2>1,2,-2 -1,-2,4>0,-1,3 -1,3,0>-1,2,0"}
{"par":75,"whiteIs":"B","ptsW":1,"res":"mate","plies":237,"balW":200,"secs":15.9,"apertura":"2,-2,2>1,-1,2 -2,3,1>-3,2,2 1,-1,2>0,-1,2 1,3,-2>1,2,-2 -1,-2,4>0,-1,3 -1,3,0>-1,2,0"}
{"par":76,"whiteIs":"A","ptsW":0,"res":"mate","plies":304,"balW":-400,"secs":16.7,"apertura":"3,-2,1>2,-1,0 -1,3,0>0,2,-1 0,-2,4>0,-1,3 2,3,-3>3,2,-3 1,-2,2>0,-1,2 0,2,-1>1,2,-1"}
{"par":76,"whiteIs":"B","ptsW":0.5,"res":"fifty","plies":333,"balW":900,"secs":21,"apertura":"3,-2,1>2,-1,0 -1,3,0>0,2,-1 0,-2,4>0,-1,3 2,3,-3>3,2,-3 1,-2,2>0,-1,2 0,2,-1>1,2,-1"}
{"par":77,"whiteIs":"A","ptsW":0.5,"res":"fifty","plies":353,"balW":-300,"secs":22,"apertura":"0,-2,4>-1,-1,3 1,3,-2>2,2,-3 -1,-1,3>-1,-1,4 -3,3,1>-2,2,1 3,-2,0>4,-1,-1 2,3,-3>1,2,-2"}
{"par":77,"whiteIs":"B","ptsW":1,"res":"mate","plies":263,"balW":200,"secs":17.4,"apertura":"0,-2,4>-1,-1,3 1,3,-2>2,2,-3 -1,-1,3>-1,-1,4 -3,3,1>-2,2,1 3,-2,0>4,-1,-1 2,3,-3>1,2,-2"}
{"par":78,"whiteIs":"A","ptsW":0.5,"res":"fifty","plies":372,"balW":-700,"secs":21.9,"apertura":"2,-2,1>1,-1,2 -3,3,1>-2,2,1 3,-2,0>2,-1,0 -1,3,0>0,2,-1 4,-3,0>3,-2,0 1,3,-3>2,2,-2"}
{"par":78,"whiteIs":"B","ptsW":1,"res":"mate","plies":263,"balW":300,"secs":25.2,"apertura":"2,-2,1>1,-1,2 -3,3,1>-2,2,1 3,-2,0>2,-1,0 -1,3,0>0,2,-1 4,-3,0>3,-2,0 1,3,-3>2,2,-2"}
{"par":79,"whiteIs":"A","ptsW":1,"res":"mate","plies":269,"balW":200,"secs":20.7,"apertura":"0,-2,3>-1,-1,3 0,3,-1>-1,2,0 -1,-2,4>0,-1,3 1,3,-2>1,2,-2 0,-1,3>0,0,2 2,3,-3>3,2,-3"}
{"par":79,"whiteIs":"B","ptsW":1,"res":"mate","plies":343,"balW":600,"secs":25.4,"apertura":"0,-2,3>-1,-1,3 0,3,-1>-1,2,0 -1,-2,4>0,-1,3 1,3,-2>1,2,-2 0,-1,3>0,0,2 2,3,-3>3,2,-3"}
{"par":80,"whiteIs":"A","ptsW":0.5,"res":"fifty","plies":74,"balW":0,"secs":10,"apertura":"2,-2,1>1,-1,1 -2,3,0>-2,2,1 2,-2,2>2,-2,1 -3,3,1>-2,2,2 1,-1,1>2,-1,0 -2,2,2>-3,3,1"}
{"par":80,"whiteIs":"B","ptsW":1,"res":"mate","plies":217,"balW":400,"secs":17.6,"apertura":"2,-2,1>1,-1,1 -2,3,0>-2,2,1 2,-2,2>2,-2,1 -3,3,1>-2,2,2 1,-1,1>2,-1,0 -2,2,2>-3,3,1"}
{"par":81,"whiteIs":"A","ptsW":1,"res":"mate","plies":233,"balW":-500,"secs":17.8,"apertura":"2,-2,1>1,-1,2 -3,3,1>-2,2,2 4,-2,-1>4,-1,-1 0,3,-1>1,2,-2 3,-2,0>2,-1,0 -2,3,0>-3,3,1"}
{"par":81,"whiteIs":"B","ptsW":1,"res":"mate","plies":269,"balW":-100,"secs":21.3,"apertura":"2,-2,1>1,-1,2 -3,3,1>-2,2,2 4,-2,-1>4,-1,-1 0,3,-1>1,2,-2 3,-2,0>2,-1,0 -2,3,0>-3,3,1"}
{"par":82,"whiteIs":"A","ptsW":0,"res":"mate","plies":210,"balW":-500,"secs":18.5,"apertura":"1,-2,2>1,-1,1 0,3,-2>1,2,-2 1,-1,1>0,0,1 -1,3,-1>0,2,0 0,-2,4>-1,-1,4 0,2,0>-1,2,0"}
{"par":82,"whiteIs":"B","ptsW":1,"res":"mate","plies":249,"balW":300,"secs":20.9,"apertura":"1,-2,2>1,-1,1 0,3,-2>1,2,-2 1,-1,1>0,0,1 -1,3,-1>0,2,0 0,-2,4>-1,-1,4 0,2,0>-1,2,0"}
{"par":83,"whiteIs":"A","ptsW":0,"res":"mate","plies":320,"balW":-300,"secs":15.7,"apertura":"2,-2,2>1,-1,1 2,3,-3>2,2,-3 2,-3,2>2,-2,2 0,3,-1>1,2,-1 4,-2,-1>4,-1,-2 -3,3,1>-2,2,2"}
{"par":83,"whiteIs":"B","ptsW":1,"res":"mate","plies":397,"balW":700,"secs":26.2,"apertura":"2,-2,2>1,-1,1 2,3,-3>2,2,-3 2,-3,2>2,-2,2 0,3,-1>1,2,-1 4,-2,-1>4,-1,-2 -3,3,1>-2,2,2"}
{"par":84,"whiteIs":"A","ptsW":0,"res":"mate","plies":308,"balW":-500,"secs":20.5,"apertura":"-1,-2,4>-2,-1,4 -2,3,0>-2,2,1 0,-2,4>-1,-1,4 0,3,-1>1,2,-2 -1,-1,4>0,-1,3 -2,2,1>-1,1,1"}
{"par":84,"whiteIs":"B","ptsW":1,"res":"mate","plies":295,"balW":200,"secs":15,"apertura":"-1,-2,4>-2,-1,4 -2,3,0>-2,2,1 0,-2,4>-1,-1,4 0,3,-1>1,2,-2 -1,-1,4>0,-1,3 -2,2,1>-1,1,1"}
{"par":85,"whiteIs":"A","ptsW":1,"res":"mate","plies":217,"balW":-100,"secs":16.5,"apertura":"-1,-2,4>-2,-1,4 -2,3,0>-2,2,1 4,-2,-1>3,-1,0 -2,2,1>-1,1,2 4,-2,0>3,-1,-1 -1,3,-1>-1,2,0"}
{"par":85,"whiteIs":"B","ptsW":0.5,"res":"fifty","plies":414,"balW":-400,"secs":20.7,"apertura":"-1,-2,4>-2,-1,4 -2,3,0>-2,2,1 4,-2,-1>3,-1,0 -2,2,1>-1,1,2 4,-2,0>3,-1,-1 -1,3,-1>-1,2,0"}
{"par":86,"whiteIs":"A","ptsW":0.5,"res":"fifty","plies":292,"balW":-1000,"secs":14.1,"apertura":"2,-2,1>1,-1,1 0,3,-1>1,2,-2 2,-3,2>2,-2,1 1,3,-2>2,2,-3 0,-2,3>1,-1,2 -3,3,1>-2,2,2"}
{"par":86,"whiteIs":"B","ptsW":1,"res":"mate","plies":167,"balW":200,"secs":15.4,"apertura":"2,-2,1>1,-1,1 0,3,-1>1,2,-2 2,-3,2>2,-2,1 1,3,-2>2,2,-3 0,-2,3>1,-1,2 -3,3,1>-2,2,2"}
{"par":87,"whiteIs":"A","ptsW":0,"res":"mate","plies":314,"balW":-200,"secs":23.4,"apertura":"4,-2,-1>4,-1,-2 -2,3,0>-1,2,0 2,-2,2>1,-1,1 -1,2,0>0,1,1 1,-2,2>2,-2,2 0,1,1>0,0,1"}
{"par":87,"whiteIs":"B","ptsW":1,"res":"mate","plies":377,"balW":700,"secs":19.7,"apertura":"4,-2,-1>4,-1,-2 -2,3,0>-1,2,0 2,-2,2>1,-1,1 -1,2,0>0,1,1 1,-2,2>2,-2,2 0,1,1>0,0,1"}
{"par":88,"whiteIs":"A","ptsW":0,"res":"mate","plies":188,"balW":-700,"secs":20.9,"apertura":"2,-2,1>2,-1,1 -3,3,1>-2,2,2 4,-2,-1>3,-1,0 1,3,-2>1,2,-2 -1,-2,4>-1,-1,3 -2,2,2>-3,3,1"}
{"par":88,"whiteIs":"B","ptsW":1,"res":"mate","plies":267,"balW":900,"secs":20,"apertura":"2,-2,1>2,-1,1 -3,3,1>-2,2,2 4,-2,-1>3,-1,0 1,3,-2>1,2,-2 -1,-2,4>-1,-1,3 -2,2,2>-3,3,1"}
{"par":89,"whiteIs":"A","ptsW":0,"res":"mate","plies":174,"balW":-400,"secs":11.6,"apertura":"3,-2,1>2,-1,0 1,3,-2>2,2,-3 2,-3,2>3,-2,1 0,3,-2>0,2,-1 2,-1,0>3,-1,0 -1,3,0>-2,2,1"}
{"par":89,"whiteIs":"B","ptsW":1,"res":"mate","plies":255,"balW":800,"secs":15.7,"apertura":"3,-2,1>2,-1,0 1,3,-2>2,2,-3 2,-3,2>3,-2,1 0,3,-2>0,2,-1 2,-1,0>3,-1,0 -1,3,0>-2,2,1"}
{"par":90,"whiteIs":"A","ptsW":0,"res":"mate","plies":292,"balW":-300,"secs":15.3,"apertura":"4,-2,-1>4,-1,-2 0,3,-1>1,2,-2 4,-3,0>4,-2,-1 1,2,-2>2,2,-3 4,-2,0>3,-1,0 -1,3,0>-1,2,0"}
{"par":90,"whiteIs":"B","ptsW":1,"res":"mate","plies":293,"balW":300,"secs":23.6,"apertura":"4,-2,-1>4,-1,-2 0,3,-1>1,2,-2 4,-3,0>4,-2,-1 1,2,-2>2,2,-3 4,-2,0>3,-1,0 -1,3,0>-1,2,0"}
{"par":91,"whiteIs":"A","ptsW":0,"res":"mate","plies":284,"balW":-200,"secs":16.9,"apertura":"3,-2,0>4,-1,-1 0,3,-2>0,2,-1 1,-2,3>1,-1,2 0,2,-1>1,1,-1 4,-2,-1>3,-2,0 -3,3,2>-3,2,3"}
{"par":91,"whiteIs":"B","ptsW":1,"res":"mate","plies":331,"balW":500,"secs":16.1,"apertura":"3,-2,0>4,-1,-1 0,3,-2>0,2,-1 1,-2,3>1,-1,2 0,2,-1>1,1,-1 4,-2,-1>3,-2,0 -3,3,2>-3,2,3"}
{"par":92,"whiteIs":"A","ptsW":0.5,"res":"fifty","plies":374,"balW":-500,"secs":18.4,"apertura":"1,-2,2>2,-1,1 0,3,-2>1,2,-2 2,-2,1>1,-1,1 0,3,-1>0,2,0 1,-1,1>1,-2,2 -1,3,0>-1,2,0"}
{"par":92,"whiteIs":"B","ptsW":1,"res":"mate","plies":305,"balW":500,"secs":16.8,"apertura":"1,-2,2>2,-1,1 0,3,-2>1,2,-2 2,-2,1>1,-1,1 0,3,-1>0,2,0 1,-1,1>1,-2,2 -1,3,0>-1,2,0"}
{"par":93,"whiteIs":"A","ptsW":0,"res":"mate","plies":228,"balW":-500,"secs":22.1,"apertura":"3,-2,0>2,-1,1 0,3,-2>1,2,-2 2,-1,1>1,0,1 -2,3,0>-2,2,1 2,-2,1>3,-1,0 2,3,-3>2,2,-3"}
{"par":93,"whiteIs":"B","ptsW":1,"res":"mate","plies":309,"balW":0,"secs":35.3,"apertura":"3,-2,0>2,-1,1 0,3,-2>1,2,-2 2,-1,1>1,0,1 -2,3,0>-2,2,1 2,-2,1>3,-1,0 2,3,-3>2,2,-3"}
{"par":94,"whiteIs":"A","ptsW":0,"res":"mate","plies":178,"balW":-100,"secs":10.6,"apertura":"-1,-2,4>0,-1,3 -1,3,0>-2,2,1 0,-1,3>1,-1,2 -2,2,1>-1,1,2 3,-2,0>3,-1,0 -1,1,2>0,0,1"}
{"par":94,"whiteIs":"B","ptsW":1,"res":"mate","plies":267,"balW":200,"secs":15.6,"apertura":"-1,-2,4>0,-1,3 -1,3,0>-2,2,1 0,-1,3>1,-1,2 -2,2,1>-1,1,2 3,-2,0>3,-1,0 -1,1,2>0,0,1"}
{"par":95,"whiteIs":"A","ptsW":0,"res":"mate","plies":212,"balW":-500,"secs":13.6,"apertura":"3,-2,0>3,-1,-1 -1,3,0>-1,2,1 2,-2,2>1,-1,2 2,3,-3>2,2,-2 1,-2,3>0,-1,3 -2,4,-1>-1,3,0"}
{"par":95,"whiteIs":"B","ptsW":1,"res":"mate","plies":243,"balW":100,"secs":12.9,"apertura":"3,-2,0>3,-1,-1 -1,3,0>-1,2,1 2,-2,2>1,-1,2 2,3,-3>2,2,-2 1,-2,3>0,-1,3 -2,4,-1>-1,3,0"}
{"par":96,"whiteIs":"A","ptsW":0,"res":"mate","plies":344,"balW":-200,"secs":19.4,"apertura":"1,-2,2>2,-1,1 -2,3,0>-2,2,1 3,-2,0>4,-1,-1 -2,3,1>-3,2,2 2,-2,1>2,-1,0 -3,2,2>-3,2,3"}
{"par":96,"whiteIs":"B","ptsW":1,"res":"mate","plies":201,"balW":900,"secs":11.9,"apertura":"1,-2,2>2,-1,1 -2,3,0>-2,2,1 3,-2,0>4,-1,-1 -2,3,1>-3,2,2 2,-2,1>2,-1,0 -3,2,2>-3,2,3"}
{"par":97,"whiteIs":"A","ptsW":0.5,"res":"fifty","plies":346,"balW":-600,"secs":18.2,"apertura":"4,-2,0>3,-1,0 -2,3,1>-2,2,1 3,-1,0>4,-1,-1 1,3,-3>1,2,-2 3,-2,1>2,-1,1 -2,3,0>-1,2,1"}
{"par":97,"whiteIs":"B","ptsW":1,"res":"mate","plies":365,"balW":700,"secs":27,"apertura":"4,-2,0>3,-1,0 -2,3,1>-2,2,1 3,-1,0>4,-1,-1 1,3,-3>1,2,-2 3,-2,1>2,-1,1 -2,3,0>-1,2,1"}
{"par":98,"whiteIs":"A","ptsW":0.5,"res":"fifty","plies":415,"balW":-200,"secs":25.9,"apertura":"3,-2,1>2,-1,0 -1,3,0>0,2,-1 3,-3,1>3,-2,1 -2,3,0>-1,2,1 3,-2,0>4,-1,-1 0,2,-1>0,1,0"}
{"par":98,"whiteIs":"B","ptsW":0.5,"res":"fifty","plies":348,"balW":0,"secs":17.8,"apertura":"3,-2,1>2,-1,0 -1,3,0>0,2,-1 3,-3,1>3,-2,1 -2,3,0>-1,2,1 3,-2,0>4,-1,-1 0,2,-1>0,1,0"}
{"par":99,"whiteIs":"A","ptsW":0.5,"res":"fifty","plies":549,"balW":300,"secs":38.3,"apertura":"0,-2,3>-1,-1,3 -1,3,0>-1,2,0 3,-2,0>3,-1,0 0,3,-1>1,2,-1 3,-1,0>2,-1,1 -1,3,-1>-1,3,0"}
{"par":99,"whiteIs":"B","ptsW":0,"res":"mate","plies":222,"balW":600,"secs":12.9,"apertura":"0,-2,3>-1,-1,3 -1,3,0>-1,2,0 3,-2,0>3,-1,0 0,3,-1>1,2,-1 3,-1,0>2,-1,1 -1,3,-1>-1,3,0"}
{"par":100,"whiteIs":"A","ptsW":0,"res":"mate","plies":340,"balW":-200,"secs":17.7,"apertura":"1,-2,3>0,-1,2 -1,3,0>0,2,-1 2,-2,1>3,-1,0 -2,4,-1>-1,3,0 3,-1,0>2,-2,1 -2,3,1>-2,2,2"}
{"par":100,"whiteIs":"B","ptsW":1,"res":"mate","plies":273,"balW":500,"secs":15.1,"apertura":"1,-2,3>0,-1,2 -1,3,0>0,2,-1 2,-2,1>3,-1,0 -2,4,-1>-1,3,0 3,-1,0>2,-2,1 -2,3,1>-2,2,2"}
