# {"fecha":"2026-08-26T19:41:52.181Z","modalidad":"rps-rey","A":{"nombre":"vigente","cfg":{"depth":24,"mobility":true,"order":true,"quiesce":true,"nodes":4500}},"B":{"nombre":"t22-acoso30","cfg":{"depth":24,"mobility":true,"order":true,"quiesce":true,"nodes":4500,"rps":{"PROPORCIONAL":1,"PROP_ACOSO":30,"PROP_ACOSO_REY":30}}},"MAX_PLIES":800,"FIFTY":80,"OPENING_PLIES":6,"SEED":32,"FIRST":1,"PAIRS":50,"libro":"/Users/salasgar/Documents/git/Ajedrez-triangular/entrenamiento/libro-rps-rey.json"}
{"par":1,"whiteIs":"A","ptsW":1,"res":"mate","plies":249,"balW":-500,"secs":20.7,"apertura":"0,-2,4>-1,-1,3 0,3,-1>1,2,-2 -1,-1,3>-2,-1,4 1,2,-2>2,1,-2 1,-2,2>1,-1,1 0,4,-2>0,3,-1"}
{"par":1,"whiteIs":"B","ptsW":1,"res":"mate","plies":251,"balW":0,"secs":12.3,"apertura":"0,-2,4>-1,-1,3 0,3,-1>1,2,-2 -1,-1,3>-2,-1,4 1,2,-2>2,1,-2 1,-2,2>1,-1,1 0,4,-2>0,3,-1"}
{"par":2,"whiteIs":"A","ptsW":0,"res":"mate","plies":226,"balW":-700,"secs":10.6,"apertura":"4,-2,0>3,-1,-1 0,3,-1>0,2,0 3,-2,0>4,-1,-1 -2,3,0>-1,2,0 3,-2,1>3,-2,0 -2,3,1>-2,3,0"}
{"par":2,"whiteIs":"B","ptsW":1,"res":"mate","plies":215,"balW":600,"secs":11.8,"apertura":"4,-2,0>3,-1,-1 0,3,-1>0,2,0 3,-2,0>4,-1,-1 -2,3,0>-1,2,0 3,-2,1>3,-2,0 -2,3,1>-2,3,0"}
{"par":3,"whiteIs":"A","ptsW":0,"res":"mate","plies":292,"balW":-400,"secs":17.6,"apertura":"1,-2,2>1,-1,1 -1,3,0>-1,2,0 2,-2,1>2,-1,0 -3,3,2>-2,2,2 -1,-2,4>-1,-1,3 -2,2,2>-2,1,2"}
{"par":3,"whiteIs":"B","ptsW":1,"res":"mate","plies":273,"balW":400,"secs":15.1,"apertura":"1,-2,2>1,-1,1 -1,3,0>-1,2,0 2,-2,1>2,-1,0 -3,3,2>-2,2,2 -1,-2,4>-1,-1,3 -2,2,2>-2,1,2"}
{"par":4,"whiteIs":"A","ptsW":0,"res":"mate","plies":186,"balW":300,"secs":13,"apertura":"2,-2,1>2,-1,0 -1,3,-1>-1,2,0 0,-2,4>-1,-1,4 0,3,-1>0,2,0 2,-1,0>1,0,1 0,3,-2>0,2,-1"}
{"par":4,"whiteIs":"B","ptsW":1,"res":"mate","plies":215,"balW":100,"secs":27.6,"apertura":"2,-2,1>2,-1,0 -1,3,-1>-1,2,0 0,-2,4>-1,-1,4 0,3,-1>0,2,0 2,-1,0>1,0,1 0,3,-2>0,2,-1"}
{"par":5,"whiteIs":"A","ptsW":0,"res":"mate","plies":266,"balW":-300,"secs":14,"apertura":"2,-2,2>1,-1,2 2,3,-3>2,2,-3 1,-1,2>1,-1,1 0,3,-1>1,2,-2 2,-2,1>2,-1,0 1,3,-3>2,3,-3"}
{"par":5,"whiteIs":"B","ptsW":1,"res":"mate","plies":229,"balW":-100,"secs":24,"apertura":"2,-2,2>1,-1,2 2,3,-3>2,2,-3 1,-1,2>1,-1,1 0,3,-1>1,2,-2 2,-2,1>2,-1,0 1,3,-3>2,3,-3"}
{"par":6,"whiteIs":"A","ptsW":1,"res":"mate","plies":189,"balW":0,"secs":14.4,"apertura":"2,-2,1>1,-1,2 1,3,-2>2,2,-3 0,-2,4>-1,-1,4 -2,3,1>-3,2,2 -1,-1,4>-1,0,3 -1,3,-1>-1,2,0"}
{"par":6,"whiteIs":"B","ptsW":1,"res":"mate","plies":307,"balW":100,"secs":15.6,"apertura":"2,-2,1>1,-1,2 1,3,-2>2,2,-3 0,-2,4>-1,-1,4 -2,3,1>-3,2,2 -1,-1,4>-1,0,3 -1,3,-1>-1,2,0"}
{"par":7,"whiteIs":"A","ptsW":0,"res":"mate","plies":206,"balW":-200,"secs":10.9,"apertura":"3,-2,0>2,-1,1 0,3,-2>0,2,-1 1,-2,3>0,-1,2 1,3,-3>0,3,-2 2,-3,2>1,-2,3 0,3,-1>0,2,0"}
{"par":7,"whiteIs":"B","ptsW":0,"res":"mate","plies":118,"balW":-100,"secs":8.7,"apertura":"3,-2,0>2,-1,1 0,3,-2>0,2,-1 1,-2,3>0,-1,2 1,3,-3>0,3,-2 2,-3,2>1,-2,3 0,3,-1>0,2,0"}
{"par":8,"whiteIs":"A","ptsW":0,"res":"mate","plies":232,"balW":-400,"secs":13,"apertura":"2,-2,2>2,-1,1 1,3,-2>2,2,-3 0,-2,3>-1,-1,4 -2,3,1>-2,2,2 4,-2,-1>4,-1,-2 1,3,-3>1,3,-2"}
{"par":8,"whiteIs":"B","ptsW":1,"res":"mate","plies":157,"balW":800,"secs":11.4,"apertura":"2,-2,2>2,-1,1 1,3,-2>2,2,-3 0,-2,3>-1,-1,4 -2,3,1>-2,2,2 4,-2,-1>4,-1,-2 1,3,-3>1,3,-2"}
{"par":9,"whiteIs":"A","ptsW":0,"res":"mate","plies":292,"balW":-200,"secs":33.7,"apertura":"0,-2,3>0,-1,2 1,3,-3>2,2,-3 1,-2,3>0,-1,3 1,4,-3>1,3,-3 2,-2,2>2,-1,1 2,2,-3>2,2,-2"}
{"par":9,"whiteIs":"B","ptsW":1,"res":"mate","plies":245,"balW":200,"secs":20,"apertura":"0,-2,3>0,-1,2 1,3,-3>2,2,-3 1,-2,3>0,-1,3 1,4,-3>1,3,-3 2,-2,2>2,-1,1 2,2,-3>2,2,-2"}
{"par":10,"whiteIs":"A","ptsW":0,"res":"mate","plies":260,"balW":200,"secs":14.9,"apertura":"2,-2,2>1,-1,1 -1,3,0>0,2,0 1,-1,1>2,-2,2 -3,3,2>-2,2,2 1,-2,3>1,-1,2 -2,3,1>-3,3,2"}
{"par":10,"whiteIs":"B","ptsW":1,"res":"mate","plies":223,"balW":600,"secs":12.8,"apertura":"2,-2,2>1,-1,1 -1,3,0>0,2,0 1,-1,1>2,-2,2 -3,3,2>-2,2,2 1,-2,3>1,-1,2 -2,3,1>-3,3,2"}
{"par":11,"whiteIs":"A","ptsW":0,"res":"mate","plies":258,"balW":0,"secs":18,"apertura":"0,-2,4>-1,-1,4 1,3,-2>2,2,-2 2,-2,2>2,-1,1 -2,3,0>-1,2,1 1,-2,3>0,-1,3 -3,3,1>-3,2,2"}
{"par":11,"whiteIs":"B","ptsW":0.5,"res":"fifty","plies":378,"balW":0,"secs":16.5,"apertura":"0,-2,4>-1,-1,4 1,3,-2>2,2,-2 2,-2,2>2,-1,1 -2,3,0>-1,2,1 1,-2,3>0,-1,3 -3,3,1>-3,2,2"}
{"par":12,"whiteIs":"A","ptsW":0,"res":"mate","plies":248,"balW":-200,"secs":17.6,"apertura":"2,-2,1>1,-1,1 -1,3,0>-2,2,1 1,-1,1>1,0,0 1,3,-3>2,2,-2 4,-2,-1>3,-1,-1 -2,3,1>-1,2,1"}
{"par":12,"whiteIs":"B","ptsW":0,"res":"mate","plies":254,"balW":300,"secs":16.2,"apertura":"2,-2,1>1,-1,1 -1,3,0>-2,2,1 1,-1,1>1,0,0 1,3,-3>2,2,-2 4,-2,-1>3,-1,-1 -2,3,1>-1,2,1"}
{"par":13,"whiteIs":"A","ptsW":0,"res":"mate","plies":220,"balW":-400,"secs":12,"apertura":"2,-2,2>1,-1,2 1,3,-2>2,2,-3 1,-2,2>2,-1,1 0,3,-2>0,2,-1 1,-1,2>0,0,2 0,3,-1>-1,2,0"}
{"par":13,"whiteIs":"B","ptsW":1,"res":"mate","plies":317,"balW":-100,"secs":14.8,"apertura":"2,-2,2>1,-1,2 1,3,-2>2,2,-3 1,-2,2>2,-1,1 0,3,-2>0,2,-1 1,-1,2>0,0,2 0,3,-1>-1,2,0"}
{"par":14,"whiteIs":"A","ptsW":0,"res":"mate","plies":226,"balW":0,"secs":13.3,"apertura":"1,-2,2>1,-1,1 -2,3,0>-2,2,1 1,-1,1>0,0,2 0,3,-2>0,2,-1 3,-2,0>2,-1,1 -1,3,-1>-1,2,0"}
{"par":14,"whiteIs":"B","ptsW":1,"res":"mate","plies":189,"balW":-200,"secs":11.7,"apertura":"1,-2,2>1,-1,1 -2,3,0>-2,2,1 1,-1,1>0,0,2 0,3,-2>0,2,-1 3,-2,0>2,-1,1 -1,3,-1>-1,2,0"}
{"par":15,"whiteIs":"A","ptsW":0,"res":"mate","plies":324,"balW":0,"secs":20.2,"apertura":"4,-2,0>3,-1,-1 0,3,-1>1,2,-1 3,-1,-1>2,-1,0 -3,3,2>-2,2,1 1,-2,3>0,-1,2 -3,3,1>-3,2,2"}
{"par":15,"whiteIs":"B","ptsW":1,"res":"mate","plies":261,"balW":-200,"secs":21.6,"apertura":"4,-2,0>3,-1,-1 0,3,-1>1,2,-1 3,-1,-1>2,-1,0 -3,3,2>-2,2,1 1,-2,3>0,-1,2 -3,3,1>-3,2,2"}
{"par":16,"whiteIs":"A","ptsW":0,"res":"mate","plies":140,"balW":-100,"secs":17.4,"apertura":"1,-2,3>0,-1,3 1,3,-3>1,2,-2 0,-2,4>1,-2,3 0,4,-2>1,3,-3 0,-1,3>-1,-1,3 1,2,-2>1,2,-1"}
{"par":16,"whiteIs":"B","ptsW":1,"res":"mate","plies":275,"balW":300,"secs":18.9,"apertura":"1,-2,3>0,-1,3 1,3,-3>1,2,-2 0,-2,4>1,-2,3 0,4,-2>1,3,-3 0,-1,3>-1,-1,3 1,2,-2>1,2,-1"}
{"par":17,"whiteIs":"A","ptsW":0,"res":"mate","plies":302,"balW":-600,"secs":16.1,"apertura":"-1,-2,4>-1,-1,3 -2,3,1>-2,2,1 1,-2,2>1,-1,2 -3,3,2>-2,3,1 0,-2,4>-1,-1,4 -2,2,1>-2,1,2"}
{"par":17,"whiteIs":"B","ptsW":0,"res":"mate","plies":264,"balW":-600,"secs":16.3,"apertura":"-1,-2,4>-1,-1,3 -2,3,1>-2,2,1 1,-2,2>1,-1,2 -3,3,2>-2,3,1 0,-2,4>-1,-1,4 -2,2,1>-2,1,2"}
{"par":18,"whiteIs":"A","ptsW":0,"res":"mate","plies":290,"balW":-100,"secs":16,"apertura":"1,-2,3>0,-1,2 0,3,-1>0,2,0 1,-2,2>1,-2,3 -1,3,0>-2,2,1 0,-1,2>0,-1,3 -2,3,1>-1,3,0"}
{"par":18,"whiteIs":"B","ptsW":0.5,"res":"fifty","plies":328,"balW":-400,"secs":17.7,"apertura":"1,-2,3>0,-1,2 0,3,-1>0,2,0 1,-2,2>1,-2,3 -1,3,0>-2,2,1 0,-1,2>0,-1,3 -2,3,1>-1,3,0"}
{"par":19,"whiteIs":"A","ptsW":0,"res":"mate","plies":206,"balW":-200,"secs":11.3,"apertura":"3,-2,0>3,-1,0 -2,3,1>-1,2,1 3,-1,0>2,-1,1 -1,3,0>-1,2,0 2,-1,1>2,-1,0 0,3,-1>1,2,-2"}
{"par":19,"whiteIs":"B","ptsW":1,"res":"mate","plies":237,"balW":600,"secs":15.9,"apertura":"3,-2,0>3,-1,0 -2,3,1>-1,2,1 3,-1,0>2,-1,1 -1,3,0>-1,2,0 2,-1,1>2,-1,0 0,3,-1>1,2,-2"}
{"par":20,"whiteIs":"A","ptsW":0,"res":"mate","plies":342,"balW":-100,"secs":14.2,"apertura":"1,-2,2>1,-1,2 -2,3,1>-3,2,2 2,-3,3>1,-2,2 -3,2,2>-2,2,1 0,-2,4>-1,-1,3 0,3,-1>1,2,-2"}
{"par":20,"whiteIs":"B","ptsW":1,"res":"mate","plies":313,"balW":200,"secs":18.3,"apertura":"1,-2,2>1,-1,2 -2,3,1>-3,2,2 2,-3,3>1,-2,2 -3,2,2>-2,2,1 0,-2,4>-1,-1,3 0,3,-1>1,2,-2"}
{"par":21,"whiteIs":"A","ptsW":0,"res":"mate","plies":266,"balW":100,"secs":17.7,"apertura":"3,-2,0>2,-1,1 -2,3,0>-2,2,1 2,-1,1>2,0,0 -3,3,2>-2,2,2 4,-2,-1>3,-1,0 -2,2,1>-2,3,0"}
{"par":21,"whiteIs":"B","ptsW":1,"res":"mate","plies":195,"balW":-400,"secs":10.6,"apertura":"3,-2,0>2,-1,1 -2,3,0>-2,2,1 2,-1,1>2,0,0 -3,3,2>-2,2,2 4,-2,-1>3,-1,0 -2,2,1>-2,3,0"}
{"par":22,"whiteIs":"A","ptsW":0,"res":"mate","plies":258,"balW":-300,"secs":17,"apertura":"0,-2,4>-1,-1,3 -3,3,1>-2,2,1 3,-2,0>3,-1,-1 -1,3,-1>-1,2,0 3,-1,-1>3,-1,0 -2,3,1>-2,2,2"}
{"par":22,"whiteIs":"B","ptsW":1,"res":"mate","plies":261,"balW":500,"secs":17.3,"apertura":"0,-2,4>-1,-1,3 -3,3,1>-2,2,1 3,-2,0>3,-1,-1 -1,3,-1>-1,2,0 3,-1,-1>3,-1,0 -2,3,1>-2,2,2"}
{"par":23,"whiteIs":"A","ptsW":0,"res":"mate","plies":192,"balW":-400,"secs":13.2,"apertura":"1,-2,3>0,-1,3 1,3,-2>2,2,-3 4,-2,-1>3,-1,-1 2,3,-3>3,2,-3 3,-2,0>2,-1,0 2,2,-3>2,3,-3"}
{"par":23,"whiteIs":"B","ptsW":1,"res":"mate","plies":281,"balW":200,"secs":18.6,"apertura":"1,-2,3>0,-1,3 1,3,-2>2,2,-3 4,-2,-1>3,-1,-1 2,3,-3>3,2,-3 3,-2,0>2,-1,0 2,2,-3>2,3,-3"}
{"par":24,"whiteIs":"A","ptsW":0,"res":"mate","plies":320,"balW":-100,"secs":17,"apertura":"0,-2,3>0,-1,3 -1,3,0>-1,2,1 2,-2,2>2,-1,1 -3,3,1>-2,2,1 3,-3,1>2,-2,2 2,3,-3>3,2,-3"}
{"par":24,"whiteIs":"B","ptsW":1,"res":"mate","plies":285,"balW":-200,"secs":23.4,"apertura":"0,-2,3>0,-1,3 -1,3,0>-1,2,1 2,-2,2>2,-1,1 -3,3,1>-2,2,1 3,-3,1>2,-2,2 2,3,-3>3,2,-3"}
{"par":25,"whiteIs":"A","ptsW":0,"res":"mate","plies":154,"balW":-300,"secs":12.6,"apertura":"-1,-2,4>-1,-1,4 -3,3,1>-2,2,2 -1,-1,4>-2,0,4 -2,2,2>-3,3,1 0,-2,4>-1,-1,4 1,3,-3>2,2,-3"}
{"par":25,"whiteIs":"B","ptsW":1,"res":"mate","plies":265,"balW":600,"secs":13.3,"apertura":"-1,-2,4>-1,-1,4 -3,3,1>-2,2,2 -1,-1,4>-2,0,4 -2,2,2>-3,3,1 0,-2,4>-1,-1,4 1,3,-3>2,2,-3"}
{"par":26,"whiteIs":"A","ptsW":0,"res":"mate","plies":200,"balW":400,"secs":21.2,"apertura":"0,-2,3>-1,-1,3 0,3,-1>0,2,0 2,-2,2>1,-1,1 -3,3,1>-2,2,1 3,-2,1>2,-1,0 -1,3,0>0,2,-1"}
{"par":26,"whiteIs":"B","ptsW":1,"res":"mate","plies":171,"balW":600,"secs":23.5,"apertura":"0,-2,3>-1,-1,3 0,3,-1>0,2,0 2,-2,2>1,-1,1 -3,3,1>-2,2,1 3,-2,1>2,-1,0 -1,3,0>0,2,-1"}
{"par":27,"whiteIs":"A","ptsW":0,"res":"mate","plies":240,"balW":-200,"secs":20.4,"apertura":"0,-2,4>-1,-1,4 -3,3,1>-3,2,2 -1,-2,4>-2,-1,4 -1,3,0>0,2,0 1,-2,2>0,-1,3 -2,3,0>-3,3,1"}
{"par":27,"whiteIs":"B","ptsW":1,"res":"mate","plies":163,"balW":300,"secs":8.3,"apertura":"0,-2,4>-1,-1,4 -3,3,1>-3,2,2 -1,-2,4>-2,-1,4 -1,3,0>0,2,0 1,-2,2>0,-1,3 -2,3,0>-3,3,1"}
{"par":28,"whiteIs":"A","ptsW":0,"res":"mate","plies":230,"balW":-100,"secs":9.7,"apertura":"2,-2,2>2,-1,1 2,3,-3>1,2,-2 2,-1,1>1,-1,2 -1,3,-1>0,2,-1 2,-3,3>2,-2,2 -1,4,-2>-1,3,-1"}
{"par":28,"whiteIs":"B","ptsW":1,"res":"mate","plies":251,"balW":400,"secs":13.1,"apertura":"2,-2,2>2,-1,1 2,3,-3>1,2,-2 2,-1,1>1,-1,2 -1,3,-1>0,2,-1 2,-3,3>2,-2,2 -1,4,-2>-1,3,-1"}
{"par":29,"whiteIs":"A","ptsW":0,"res":"mate","plies":294,"balW":-100,"secs":35.2,"apertura":"-1,-2,4>0,-1,3 -3,3,2>-3,2,3 2,-2,1>3,-1,0 2,3,-3>2,2,-2 0,-1,3>0,-1,2 -2,3,0>-2,2,1"}
{"par":29,"whiteIs":"B","ptsW":0,"res":"mate","plies":220,"balW":-100,"secs":16.6,"apertura":"-1,-2,4>0,-1,3 -3,3,2>-3,2,3 2,-2,1>3,-1,0 2,3,-3>2,2,-2 0,-1,3>0,-1,2 -2,3,0>-2,2,1"}
{"par":30,"whiteIs":"A","ptsW":0,"res":"mate","plies":182,"balW":400,"secs":10.8,"apertura":"0,-2,4>-1,-1,3 1,3,-2>0,2,-1 -1,-1,3>-2,0,4 -1,3,0>0,2,0 -2,0,4>-1,0,3 -3,3,2>-2,2,2"}
{"par":30,"whiteIs":"B","ptsW":1,"res":"mate","plies":197,"balW":-200,"secs":15.8,"apertura":"0,-2,4>-1,-1,3 1,3,-2>0,2,-1 -1,-1,3>-2,0,4 -1,3,0>0,2,0 -2,0,4>-1,0,3 -3,3,2>-2,2,2"}
{"par":31,"whiteIs":"A","ptsW":0,"res":"mate","plies":216,"balW":-600,"secs":22.6,"apertura":"-1,-2,4>-1,-1,3 -1,3,0>-2,2,1 4,-2,-1>3,-1,-1 -2,4,0>-1,3,0 1,-2,3>0,-1,2 -3,3,2>-3,2,3"}
{"par":31,"whiteIs":"B","ptsW":1,"res":"mate","plies":207,"balW":-100,"secs":17,"apertura":"-1,-2,4>-1,-1,3 -1,3,0>-2,2,1 4,-2,-1>3,-1,-1 -2,4,0>-1,3,0 1,-2,3>0,-1,2 -3,3,2>-3,2,3"}
{"par":32,"whiteIs":"A","ptsW":0,"res":"mate","plies":258,"balW":0,"secs":18.9,"apertura":"1,-2,3>1,-1,2 2,3,-3>2,2,-3 0,-2,3>-1,-1,3 1,3,-2>1,2,-2 -1,-1,3>0,-2,3 -1,3,-1>0,2,-1"}
{"par":32,"whiteIs":"B","ptsW":1,"res":"mate","plies":301,"balW":700,"secs":28.5,"apertura":"1,-2,3>1,-1,2 2,3,-3>2,2,-3 0,-2,3>-1,-1,3 1,3,-2>1,2,-2 -1,-1,3>0,-2,3 -1,3,-1>0,2,-1"}
{"par":33,"whiteIs":"A","ptsW":0,"res":"mate","plies":242,"balW":0,"secs":23.2,"apertura":"2,-2,1>2,-1,0 -3,3,2>-3,2,3 0,-2,3>-1,-1,3 1,3,-3>2,2,-3 3,-3,1>2,-2,1 -3,3,1>-3,2,2"}
{"par":33,"whiteIs":"B","ptsW":1,"res":"mate","plies":311,"balW":200,"secs":16.2,"apertura":"2,-2,1>2,-1,0 -3,3,2>-3,2,3 0,-2,3>-1,-1,3 1,3,-3>2,2,-3 3,-3,1>2,-2,1 -3,3,1>-3,2,2"}
{"par":34,"whiteIs":"A","ptsW":0,"res":"mate","plies":124,"balW":0,"secs":7.4,"apertura":"3,-2,0>3,-1,-1 2,3,-3>2,2,-3 1,-2,2>0,-1,3 -3,3,2>-2,2,2 3,-1,-1>4,0,-2 -2,2,2>-1,1,1"}
{"par":34,"whiteIs":"B","ptsW":1,"res":"mate","plies":275,"balW":100,"secs":14.8,"apertura":"3,-2,0>3,-1,-1 2,3,-3>2,2,-3 1,-2,2>0,-1,3 -3,3,2>-2,2,2 3,-1,-1>4,0,-2 -2,2,2>-1,1,1"}
{"par":35,"whiteIs":"A","ptsW":0,"res":"mate","plies":244,"balW":600,"secs":19.4,"apertura":"0,-2,4>-1,-1,3 1,3,-3>2,2,-2 1,-2,3>0,-1,3 -2,3,0>-1,2,0 3,-2,0>4,-1,-1 -3,3,2>-3,2,3"}
{"par":35,"whiteIs":"B","ptsW":1,"res":"mate","plies":357,"balW":100,"secs":16.1,"apertura":"0,-2,4>-1,-1,3 1,3,-3>2,2,-2 1,-2,3>0,-1,3 -2,3,0>-1,2,0 3,-2,0>4,-1,-1 -3,3,2>-3,2,3"}
{"par":36,"whiteIs":"A","ptsW":0,"res":"mate","plies":288,"balW":-200,"secs":18.4,"apertura":"2,-2,2>1,-1,2 0,3,-1>0,2,-1 4,-2,-1>3,-1,-1 -1,4,-2>0,3,-1 1,-2,2>0,-1,3 0,3,-2>1,2,-1"}
{"par":36,"whiteIs":"B","ptsW":0.5,"res":"fifty","plies":416,"balW":0,"secs":29.5,"apertura":"2,-2,2>1,-1,2 0,3,-1>0,2,-1 4,-2,-1>3,-1,-1 -1,4,-2>0,3,-1 1,-2,2>0,-1,3 0,3,-2>1,2,-1"}
{"par":37,"whiteIs":"A","ptsW":0,"res":"mate","plies":294,"balW":-400,"secs":19.3,"apertura":"0,-2,3>-1,-1,3 0,3,-1>1,2,-2 1,-3,3>0,-2,3 0,4,-2>0,3,-1 3,-2,1>2,-1,1 -1,4,-2>0,4,-2"}
{"par":37,"whiteIs":"B","ptsW":0.5,"res":"fifty","plies":506,"balW":0,"secs":21.5,"apertura":"0,-2,3>-1,-1,3 0,3,-1>1,2,-2 1,-3,3>0,-2,3 0,4,-2>0,3,-1 3,-2,1>2,-1,1 -1,4,-2>0,4,-2"}
{"par":38,"whiteIs":"A","ptsW":0,"res":"mate","plies":342,"balW":0,"secs":15.2,"apertura":"3,-2,1>2,-1,0 -1,3,0>-1,2,0 4,-2,0>3,-2,1 -1,2,0>0,2,-1 2,-1,0>2,-1,1 0,3,-2>1,2,-2"}
{"par":38,"whiteIs":"B","ptsW":1,"res":"mate","plies":239,"balW":200,"secs":13.8,"apertura":"3,-2,1>2,-1,0 -1,3,0>-1,2,0 4,-2,0>3,-2,1 -1,2,0>0,2,-1 2,-1,0>2,-1,1 0,3,-2>1,2,-2"}
{"par":39,"whiteIs":"A","ptsW":0,"res":"mate","plies":116,"balW":-100,"secs":7.5,"apertura":"0,-2,3>0,-1,2 -1,3,0>0,2,0 0,-2,4>-1,-1,3 2,3,-3>2,2,-3 0,-1,2>0,-1,3 2,2,-3>2,1,-2"}
{"par":39,"whiteIs":"B","ptsW":1,"res":"mate","plies":215,"balW":300,"secs":11.9,"apertura":"0,-2,3>0,-1,2 -1,3,0>0,2,0 0,-2,4>-1,-1,3 2,3,-3>2,2,-3 0,-1,2>0,-1,3 2,2,-3>2,1,-2"}
{"par":40,"whiteIs":"A","ptsW":1,"res":"mate","plies":235,"balW":400,"secs":15.1,"apertura":"2,-2,2>1,-1,1 -2,3,1>-2,2,2 -1,-2,4>-1,-1,3 -1,3,0>0,2,-1 -1,-1,3>0,0,2 0,2,-1>1,2,-2"}
{"par":40,"whiteIs":"B","ptsW":1,"res":"mate","plies":261,"balW":100,"secs":14.6,"apertura":"2,-2,2>1,-1,1 -2,3,1>-2,2,2 -1,-2,4>-1,-1,3 -1,3,0>0,2,-1 -1,-1,3>0,0,2 0,2,-1>1,2,-2"}
{"par":41,"whiteIs":"A","ptsW":0,"res":"mate","plies":204,"balW":-700,"secs":15.2,"apertura":"1,-2,2>1,-1,2 -1,3,0>-2,2,1 1,-1,2>0,0,1 0,3,-2>1,2,-1 -1,-2,4>-2,-1,4 2,3,-3>1,2,-2"}
{"par":41,"whiteIs":"B","ptsW":1,"res":"mate","plies":285,"balW":100,"secs":14.2,"apertura":"1,-2,2>1,-1,2 -1,3,0>-2,2,1 1,-1,2>0,0,1 0,3,-2>1,2,-1 -1,-2,4>-2,-1,4 2,3,-3>1,2,-2"}
{"par":42,"whiteIs":"A","ptsW":0,"res":"mate","plies":148,"balW":-500,"secs":6.5,"apertura":"2,-2,1>2,-1,1 -3,3,1>-2,2,1 2,-2,2>1,-1,2 -1,3,-1>0,2,-1 3,-3,2>2,-2,1 0,3,-2>1,2,-2"}
{"par":42,"whiteIs":"B","ptsW":1,"res":"mate","plies":191,"balW":-100,"secs":11.1,"apertura":"2,-2,1>2,-1,1 -3,3,1>-2,2,1 2,-2,2>1,-1,2 -1,3,-1>0,2,-1 3,-3,2>2,-2,1 0,3,-2>1,2,-2"}
{"par":43,"whiteIs":"A","ptsW":0,"res":"mate","plies":256,"balW":0,"secs":15.2,"apertura":"1,-2,2>1,-1,2 2,3,-3>2,2,-2 1,-1,2>0,0,1 -1,3,0>-1,2,1 4,-2,-1>3,-1,0 -2,3,1>-1,2,0"}
{"par":43,"whiteIs":"B","ptsW":1,"res":"mate","plies":319,"balW":200,"secs":19,"apertura":"1,-2,2>1,-1,2 2,3,-3>2,2,-2 1,-1,2>0,0,1 -1,3,0>-1,2,1 4,-2,-1>3,-1,0 -2,3,1>-1,2,0"}
{"par":44,"whiteIs":"A","ptsW":0,"res":"mate","plies":254,"balW":-600,"secs":9.5,"apertura":"1,-2,3>0,-1,3 -3,3,1>-3,2,2 0,-1,3>-1,0,3 0,3,-2>0,2,-1 -1,0,3>-2,1,2 1,3,-2>0,3,-2"}
{"par":44,"whiteIs":"B","ptsW":0,"res":"mate","plies":98,"balW":-200,"secs":6.9,"apertura":"1,-2,3>0,-1,3 -3,3,1>-3,2,2 0,-1,3>-1,0,3 0,3,-2>0,2,-1 -1,0,3>-2,1,2 1,3,-2>0,3,-2"}
{"par":45,"whiteIs":"A","ptsW":0,"res":"mate","plies":202,"balW":-200,"secs":12.3,"apertura":"3,-2,1>2,-1,0 1,3,-2>2,2,-2 0,-2,4>-1,-1,3 0,3,-1>1,2,-1 2,-2,1>2,-1,1 0,4,-2>0,3,-1"}
{"par":45,"whiteIs":"B","ptsW":1,"res":"mate","plies":237,"balW":100,"secs":15,"apertura":"3,-2,1>2,-1,0 1,3,-2>2,2,-2 0,-2,4>-1,-1,3 0,3,-1>1,2,-1 2,-2,1>2,-1,1 0,4,-2>0,3,-1"}
{"par":46,"whiteIs":"A","ptsW":0,"res":"mate","plies":238,"balW":400,"secs":16.5,"apertura":"0,-2,3>-1,-1,3 0,3,-1>0,2,0 4,-2,-1>4,-1,-2 1,3,-2>0,3,-1 1,-3,3>0,-2,3 2,3,-3>1,2,-2"}
{"par":46,"whiteIs":"B","ptsW":1,"res":"mate","plies":225,"balW":600,"secs":9.4,"apertura":"0,-2,3>-1,-1,3 0,3,-1>0,2,0 4,-2,-1>4,-1,-2 1,3,-2>0,3,-1 1,-3,3>0,-2,3 2,3,-3>1,2,-2"}
{"par":47,"whiteIs":"A","ptsW":0,"res":"mate","plies":302,"balW":-300,"secs":19.4,"apertura":"-1,-2,4>-1,-1,4 1,3,-2>0,2,-1 -1,-1,4>-1,-1,3 0,4,-2>1,3,-2 2,-2,1>1,-1,1 0,3,-2>0,4,-2"}
{"par":47,"whiteIs":"B","ptsW":1,"res":"mate","plies":273,"balW":100,"secs":7.5,"apertura":"-1,-2,4>-1,-1,4 1,3,-2>0,2,-1 -1,-1,4>-1,-1,3 0,4,-2>1,3,-2 2,-2,1>1,-1,1 0,3,-2>0,4,-2"}
{"par":48,"whiteIs":"A","ptsW":0,"res":"mate","plies":314,"balW":-400,"secs":12,"apertura":"0,-2,4>-1,-1,3 -2,3,0>-1,2,1 -1,-1,3>0,-1,3 -1,2,1>-1,2,0 1,-2,2>2,-1,1 -1,2,0>-1,2,1"}
{"par":48,"whiteIs":"B","ptsW":0,"res":"mate","plies":124,"balW":0,"secs":6.1,"apertura":"0,-2,4>-1,-1,3 -2,3,0>-1,2,1 -1,-1,3>0,-1,3 -1,2,1>-1,2,0 1,-2,2>2,-1,1 -1,2,0>-1,2,1"}
{"par":49,"whiteIs":"A","ptsW":0,"res":"mate","plies":290,"balW":-100,"secs":9.2,"apertura":"0,-2,3>0,-1,2 0,3,-1>1,2,-2 4,-2,0>4,-1,-1 -1,3,-1>-1,2,0 3,-2,0>2,-1,0 0,3,-2>0,2,-1"}
{"par":49,"whiteIs":"B","ptsW":1,"res":"mate","plies":261,"balW":500,"secs":9.9,"apertura":"0,-2,3>0,-1,2 0,3,-1>1,2,-2 4,-2,0>4,-1,-1 -1,3,-1>-1,2,0 3,-2,0>2,-1,0 0,3,-2>0,2,-1"}
{"par":50,"whiteIs":"A","ptsW":0,"res":"mate","plies":130,"balW":-400,"secs":7.3,"apertura":"2,-2,2>2,-1,1 2,3,-3>2,2,-3 1,-2,2>0,-1,3 0,3,-1>-1,2,0 2,-2,1>2,-1,0 -1,2,0>-2,2,1"}
{"par":50,"whiteIs":"B","ptsW":1,"res":"mate","plies":301,"balW":400,"secs":12.2,"apertura":"2,-2,2>2,-1,1 2,3,-3>2,2,-3 1,-2,2>0,-1,3 0,3,-1>-1,2,0 2,-2,1>2,-1,0 -1,2,0>-2,2,1"}
