# {"fecha":"2026-08-26T19:07:34.218Z","modalidad":"rps-rey","A":{"nombre":"vigente","cfg":{"depth":24,"mobility":true,"order":true,"quiesce":true,"nodes":4500}},"B":{"nombre":"t22-acoso10","cfg":{"depth":24,"mobility":true,"order":true,"quiesce":true,"nodes":4500,"rps":{"PROPORCIONAL":1,"PROP_ACOSO":10,"PROP_ACOSO_REY":10}}},"MAX_PLIES":800,"FIFTY":80,"OPENING_PLIES":6,"SEED":22,"FIRST":1,"PAIRS":50,"libro":"/Users/salasgar/Documents/git/Ajedrez-triangular/entrenamiento/libro-rps-rey.json"}
{"par":1,"whiteIs":"A","ptsW":0,"res":"mate","plies":306,"balW":-500,"secs":19.3,"apertura":"0,-2,4>-1,-1,3 0,3,-1>1,2,-2 -1,-1,3>-2,-1,4 1,2,-2>2,1,-2 1,-2,2>1,-1,1 0,4,-2>0,3,-1"}
{"par":1,"whiteIs":"B","ptsW":1,"res":"mate","plies":239,"balW":100,"secs":11.5,"apertura":"0,-2,4>-1,-1,3 0,3,-1>1,2,-2 -1,-1,3>-2,-1,4 1,2,-2>2,1,-2 1,-2,2>1,-1,1 0,4,-2>0,3,-1"}
{"par":2,"whiteIs":"A","ptsW":0,"res":"mate","plies":470,"balW":-100,"secs":22.4,"apertura":"4,-2,0>3,-1,-1 0,3,-1>0,2,0 3,-2,0>4,-1,-1 -2,3,0>-1,2,0 3,-2,1>3,-2,0 -2,3,1>-2,3,0"}
{"par":2,"whiteIs":"B","ptsW":1,"res":"mate","plies":239,"balW":500,"secs":22.9,"apertura":"4,-2,0>3,-1,-1 0,3,-1>0,2,0 3,-2,0>4,-1,-1 -2,3,0>-1,2,0 3,-2,1>3,-2,0 -2,3,1>-2,3,0"}
{"par":3,"whiteIs":"A","ptsW":0.5,"res":"fifty","plies":349,"balW":-700,"secs":42.1,"apertura":"1,-2,2>1,-1,1 -1,3,0>-1,2,0 2,-2,1>2,-1,0 -3,3,2>-2,2,2 -1,-2,4>-1,-1,3 -2,2,2>-2,1,2"}
{"par":3,"whiteIs":"B","ptsW":0,"res":"mate","plies":322,"balW":0,"secs":31.4,"apertura":"1,-2,2>1,-1,1 -1,3,0>-1,2,0 2,-2,1>2,-1,0 -3,3,2>-2,2,2 -1,-2,4>-1,-1,3 -2,2,2>-2,1,2"}
{"par":4,"whiteIs":"A","ptsW":1,"res":"mate","plies":113,"balW":100,"secs":15,"apertura":"2,-2,1>2,-1,0 -1,3,-1>-1,2,0 0,-2,4>-1,-1,4 0,3,-1>0,2,0 2,-1,0>1,0,1 0,3,-2>0,2,-1"}
{"par":4,"whiteIs":"B","ptsW":1,"res":"mate","plies":351,"balW":100,"secs":32,"apertura":"2,-2,1>2,-1,0 -1,3,-1>-1,2,0 0,-2,4>-1,-1,4 0,3,-1>0,2,0 2,-1,0>1,0,1 0,3,-2>0,2,-1"}
{"par":5,"whiteIs":"A","ptsW":0,"res":"mate","plies":262,"balW":-400,"secs":44.2,"apertura":"2,-2,2>1,-1,2 2,3,-3>2,2,-3 1,-1,2>1,-1,1 0,3,-1>1,2,-2 2,-2,1>2,-1,0 1,3,-3>2,3,-3"}
{"par":5,"whiteIs":"B","ptsW":1,"res":"mate","plies":339,"balW":500,"secs":58,"apertura":"2,-2,2>1,-1,2 2,3,-3>2,2,-3 1,-1,2>1,-1,1 0,3,-1>1,2,-2 2,-2,1>2,-1,0 1,3,-3>2,3,-3"}
{"par":6,"whiteIs":"A","ptsW":0,"res":"mate","plies":172,"balW":-400,"secs":15.9,"apertura":"2,-2,1>1,-1,2 1,3,-2>2,2,-3 0,-2,4>-1,-1,4 -2,3,1>-3,2,2 -1,-1,4>-1,0,3 -1,3,-1>-1,2,0"}
{"par":6,"whiteIs":"B","ptsW":1,"res":"mate","plies":295,"balW":-100,"secs":22.1,"apertura":"2,-2,1>1,-1,2 1,3,-2>2,2,-3 0,-2,4>-1,-1,4 -2,3,1>-3,2,2 -1,-1,4>-1,0,3 -1,3,-1>-1,2,0"}
{"par":7,"whiteIs":"A","ptsW":0,"res":"mate","plies":270,"balW":-600,"secs":29.1,"apertura":"3,-2,0>2,-1,1 0,3,-2>0,2,-1 1,-2,3>0,-1,2 1,3,-3>0,3,-2 2,-3,2>1,-2,3 0,3,-1>0,2,0"}
{"par":7,"whiteIs":"B","ptsW":1,"res":"mate","plies":369,"balW":-200,"secs":30.7,"apertura":"3,-2,0>2,-1,1 0,3,-2>0,2,-1 1,-2,3>0,-1,2 1,3,-3>0,3,-2 2,-3,2>1,-2,3 0,3,-1>0,2,0"}
{"par":8,"whiteIs":"A","ptsW":1,"res":"mate","plies":293,"balW":0,"secs":40.1,"apertura":"2,-2,2>2,-1,1 1,3,-2>2,2,-3 0,-2,3>-1,-1,4 -2,3,1>-2,2,2 4,-2,-1>4,-1,-2 1,3,-3>1,3,-2"}
{"par":8,"whiteIs":"B","ptsW":1,"res":"mate","plies":305,"balW":100,"secs":25.5,"apertura":"2,-2,2>2,-1,1 1,3,-2>2,2,-3 0,-2,3>-1,-1,4 -2,3,1>-2,2,2 4,-2,-1>4,-1,-2 1,3,-3>1,3,-2"}
{"par":9,"whiteIs":"A","ptsW":1,"res":"mate","plies":271,"balW":-500,"secs":32.5,"apertura":"0,-2,3>0,-1,2 1,3,-3>2,2,-3 1,-2,3>0,-1,3 1,4,-3>1,3,-3 2,-2,2>2,-1,1 2,2,-3>2,2,-2"}
{"par":9,"whiteIs":"B","ptsW":1,"res":"mate","plies":249,"balW":300,"secs":22.5,"apertura":"0,-2,3>0,-1,2 1,3,-3>2,2,-3 1,-2,3>0,-1,3 1,4,-3>1,3,-3 2,-2,2>2,-1,1 2,2,-3>2,2,-2"}
{"par":10,"whiteIs":"A","ptsW":0,"res":"mate","plies":342,"balW":-100,"secs":46.5,"apertura":"2,-2,2>1,-1,1 -1,3,0>0,2,0 1,-1,1>2,-2,2 -3,3,2>-2,2,2 1,-2,3>1,-1,2 -2,3,1>-3,3,2"}
{"par":10,"whiteIs":"B","ptsW":1,"res":"mate","plies":259,"balW":200,"secs":19.2,"apertura":"2,-2,2>1,-1,1 -1,3,0>0,2,0 1,-1,1>2,-2,2 -3,3,2>-2,2,2 1,-2,3>1,-1,2 -2,3,1>-3,3,2"}
{"par":11,"whiteIs":"A","ptsW":0,"res":"mate","plies":280,"balW":0,"secs":19,"apertura":"0,-2,4>-1,-1,4 1,3,-2>2,2,-2 2,-2,2>2,-1,1 -2,3,0>-1,2,1 1,-2,3>0,-1,3 -3,3,1>-3,2,2"}
{"par":11,"whiteIs":"B","ptsW":0.5,"res":"fifty","plies":291,"balW":900,"secs":18.6,"apertura":"0,-2,4>-1,-1,4 1,3,-2>2,2,-2 2,-2,2>2,-1,1 -2,3,0>-1,2,1 1,-2,3>0,-1,3 -3,3,1>-3,2,2"}
{"par":12,"whiteIs":"A","ptsW":0,"res":"mate","plies":208,"balW":-700,"secs":12,"apertura":"2,-2,1>1,-1,1 -1,3,0>-2,2,1 1,-1,1>1,0,0 1,3,-3>2,2,-2 4,-2,-1>3,-1,-1 -2,3,1>-1,2,1"}
{"par":12,"whiteIs":"B","ptsW":1,"res":"mate","plies":323,"balW":200,"secs":15.4,"apertura":"2,-2,1>1,-1,1 -1,3,0>-2,2,1 1,-1,1>1,0,0 1,3,-3>2,2,-2 4,-2,-1>3,-1,-1 -2,3,1>-1,2,1"}
{"par":13,"whiteIs":"A","ptsW":0.5,"res":"fifty","plies":74,"balW":0,"secs":8,"apertura":"2,-2,2>1,-1,2 1,3,-2>2,2,-3 1,-2,2>2,-1,1 0,3,-2>0,2,-1 1,-1,2>0,0,2 0,3,-1>-1,2,0"}
{"par":13,"whiteIs":"B","ptsW":1,"res":"mate","plies":351,"balW":0,"secs":24.2,"apertura":"2,-2,2>1,-1,2 1,3,-2>2,2,-3 1,-2,2>2,-1,1 0,3,-2>0,2,-1 1,-1,2>0,0,2 0,3,-1>-1,2,0"}
{"par":14,"whiteIs":"A","ptsW":0,"res":"mate","plies":292,"balW":-200,"secs":17.5,"apertura":"1,-2,2>1,-1,1 -2,3,0>-2,2,1 1,-1,1>0,0,2 0,3,-2>0,2,-1 3,-2,0>2,-1,1 -1,3,-1>-1,2,0"}
{"par":14,"whiteIs":"B","ptsW":1,"res":"mate","plies":333,"balW":300,"secs":19.7,"apertura":"1,-2,2>1,-1,1 -2,3,0>-2,2,1 1,-1,1>0,0,2 0,3,-2>0,2,-1 3,-2,0>2,-1,1 -1,3,-1>-1,2,0"}
{"par":15,"whiteIs":"A","ptsW":0,"res":"mate","plies":236,"balW":-400,"secs":13.2,"apertura":"4,-2,0>3,-1,-1 0,3,-1>1,2,-1 3,-1,-1>2,-1,0 -3,3,2>-2,2,1 1,-2,3>0,-1,2 -3,3,1>-3,2,2"}
{"par":15,"whiteIs":"B","ptsW":1,"res":"mate","plies":355,"balW":200,"secs":34.2,"apertura":"4,-2,0>3,-1,-1 0,3,-1>1,2,-1 3,-1,-1>2,-1,0 -3,3,2>-2,2,1 1,-2,3>0,-1,2 -3,3,1>-3,2,2"}
{"par":16,"whiteIs":"A","ptsW":1,"res":"mate","plies":247,"balW":200,"secs":14.7,"apertura":"1,-2,3>0,-1,3 1,3,-3>1,2,-2 0,-2,4>1,-2,3 0,4,-2>1,3,-3 0,-1,3>-1,-1,3 1,2,-2>1,2,-1"}
{"par":16,"whiteIs":"B","ptsW":1,"res":"mate","plies":407,"balW":300,"secs":17.7,"apertura":"1,-2,3>0,-1,3 1,3,-3>1,2,-2 0,-2,4>1,-2,3 0,4,-2>1,3,-3 0,-1,3>-1,-1,3 1,2,-2>1,2,-1"}
{"par":17,"whiteIs":"A","ptsW":0,"res":"mate","plies":272,"balW":-700,"secs":16.2,"apertura":"-1,-2,4>-1,-1,3 -2,3,1>-2,2,1 1,-2,2>1,-1,2 -3,3,2>-2,3,1 0,-2,4>-1,-1,4 -2,2,1>-2,1,2"}
{"par":17,"whiteIs":"B","ptsW":1,"res":"mate","plies":313,"balW":400,"secs":15.4,"apertura":"-1,-2,4>-1,-1,3 -2,3,1>-2,2,1 1,-2,2>1,-1,2 -3,3,2>-2,3,1 0,-2,4>-1,-1,4 -2,2,1>-2,1,2"}
{"par":18,"whiteIs":"A","ptsW":0,"res":"mate","plies":216,"balW":100,"secs":13.8,"apertura":"1,-2,3>0,-1,2 0,3,-1>0,2,0 1,-2,2>1,-2,3 -1,3,0>-2,2,1 0,-1,2>0,-1,3 -2,3,1>-1,3,0"}
{"par":18,"whiteIs":"B","ptsW":1,"res":"mate","plies":313,"balW":100,"secs":17.7,"apertura":"1,-2,3>0,-1,2 0,3,-1>0,2,0 1,-2,2>1,-2,3 -1,3,0>-2,2,1 0,-1,2>0,-1,3 -2,3,1>-1,3,0"}
{"par":19,"whiteIs":"A","ptsW":0,"res":"mate","plies":210,"balW":-100,"secs":12.1,"apertura":"3,-2,0>3,-1,0 -2,3,1>-1,2,1 3,-1,0>2,-1,1 -1,3,0>-1,2,0 2,-1,1>2,-1,0 0,3,-1>1,2,-2"}
{"par":19,"whiteIs":"B","ptsW":1,"res":"mate","plies":339,"balW":900,"secs":30.4,"apertura":"3,-2,0>3,-1,0 -2,3,1>-1,2,1 3,-1,0>2,-1,1 -1,3,0>-1,2,0 2,-1,1>2,-1,0 0,3,-1>1,2,-2"}
{"par":20,"whiteIs":"A","ptsW":0,"res":"mate","plies":246,"balW":200,"secs":15.7,"apertura":"1,-2,2>1,-1,2 -2,3,1>-3,2,2 2,-3,3>1,-2,2 -3,2,2>-2,2,1 0,-2,4>-1,-1,3 0,3,-1>1,2,-2"}
{"par":20,"whiteIs":"B","ptsW":1,"res":"mate","plies":309,"balW":200,"secs":23.6,"apertura":"1,-2,2>1,-1,2 -2,3,1>-3,2,2 2,-3,3>1,-2,2 -3,2,2>-2,2,1 0,-2,4>-1,-1,3 0,3,-1>1,2,-2"}
{"par":21,"whiteIs":"A","ptsW":0,"res":"mate","plies":338,"balW":-500,"secs":17.6,"apertura":"3,-2,0>2,-1,1 -2,3,0>-2,2,1 2,-1,1>2,0,0 -3,3,2>-2,2,2 4,-2,-1>3,-1,0 -2,2,1>-2,3,0"}
{"par":21,"whiteIs":"B","ptsW":1,"res":"mate","plies":291,"balW":300,"secs":27.1,"apertura":"3,-2,0>2,-1,1 -2,3,0>-2,2,1 2,-1,1>2,0,0 -3,3,2>-2,2,2 4,-2,-1>3,-1,0 -2,2,1>-2,3,0"}
{"par":22,"whiteIs":"A","ptsW":0,"res":"mate","plies":172,"balW":-800,"secs":15.7,"apertura":"0,-2,4>-1,-1,3 -3,3,1>-2,2,1 3,-2,0>3,-1,-1 -1,3,-1>-1,2,0 3,-1,-1>3,-1,0 -2,3,1>-2,2,2"}
{"par":22,"whiteIs":"B","ptsW":1,"res":"mate","plies":307,"balW":900,"secs":28.1,"apertura":"0,-2,4>-1,-1,3 -3,3,1>-2,2,1 3,-2,0>3,-1,-1 -1,3,-1>-1,2,0 3,-1,-1>3,-1,0 -2,3,1>-2,2,2"}
{"par":23,"whiteIs":"A","ptsW":0,"res":"mate","plies":290,"balW":100,"secs":31.4,"apertura":"1,-2,3>0,-1,3 1,3,-2>2,2,-3 4,-2,-1>3,-1,-1 2,3,-3>3,2,-3 3,-2,0>2,-1,0 2,2,-3>2,3,-3"}
{"par":23,"whiteIs":"B","ptsW":1,"res":"mate","plies":311,"balW":500,"secs":29.3,"apertura":"1,-2,3>0,-1,3 1,3,-2>2,2,-3 4,-2,-1>3,-1,-1 2,3,-3>3,2,-3 3,-2,0>2,-1,0 2,2,-3>2,3,-3"}
{"par":24,"whiteIs":"A","ptsW":0,"res":"mate","plies":288,"balW":-200,"secs":19.9,"apertura":"0,-2,3>0,-1,3 -1,3,0>-1,2,1 2,-2,2>2,-1,1 -3,3,1>-2,2,1 3,-3,1>2,-2,2 2,3,-3>3,2,-3"}
{"par":24,"whiteIs":"B","ptsW":1,"res":"mate","plies":301,"balW":400,"secs":16,"apertura":"0,-2,3>0,-1,3 -1,3,0>-1,2,1 2,-2,2>2,-1,1 -3,3,1>-2,2,1 3,-3,1>2,-2,2 2,3,-3>3,2,-3"}
{"par":25,"whiteIs":"A","ptsW":0,"res":"mate","plies":142,"balW":-700,"secs":11.4,"apertura":"-1,-2,4>-1,-1,4 -3,3,1>-2,2,2 -1,-1,4>-2,0,4 -2,2,2>-3,3,1 0,-2,4>-1,-1,4 1,3,-3>2,2,-3"}
{"par":25,"whiteIs":"B","ptsW":1,"res":"mate","plies":269,"balW":-500,"secs":19.4,"apertura":"-1,-2,4>-1,-1,4 -3,3,1>-2,2,2 -1,-1,4>-2,0,4 -2,2,2>-3,3,1 0,-2,4>-1,-1,4 1,3,-3>2,2,-3"}
{"par":26,"whiteIs":"A","ptsW":0,"res":"mate","plies":276,"balW":-600,"secs":19.1,"apertura":"0,-2,3>-1,-1,3 0,3,-1>0,2,0 2,-2,2>1,-1,1 -3,3,1>-2,2,1 3,-2,1>2,-1,0 -1,3,0>0,2,-1"}
{"par":26,"whiteIs":"B","ptsW":1,"res":"mate","plies":289,"balW":800,"secs":20.5,"apertura":"0,-2,3>-1,-1,3 0,3,-1>0,2,0 2,-2,2>1,-1,1 -3,3,1>-2,2,1 3,-2,1>2,-1,0 -1,3,0>0,2,-1"}
{"par":27,"whiteIs":"A","ptsW":0,"res":"mate","plies":292,"balW":-400,"secs":19.8,"apertura":"0,-2,4>-1,-1,4 -3,3,1>-3,2,2 -1,-2,4>-2,-1,4 -1,3,0>0,2,0 1,-2,2>0,-1,3 -2,3,0>-3,3,1"}
{"par":27,"whiteIs":"B","ptsW":1,"res":"mate","plies":165,"balW":600,"secs":10.8,"apertura":"0,-2,4>-1,-1,4 -3,3,1>-3,2,2 -1,-2,4>-2,-1,4 -1,3,0>0,2,0 1,-2,2>0,-1,3 -2,3,0>-3,3,1"}
{"par":28,"whiteIs":"A","ptsW":0,"res":"mate","plies":168,"balW":-500,"secs":13.9,"apertura":"2,-2,2>2,-1,1 2,3,-3>1,2,-2 2,-1,1>1,-1,2 -1,3,-1>0,2,-1 2,-3,3>2,-2,2 -1,4,-2>-1,3,-1"}
{"par":28,"whiteIs":"B","ptsW":1,"res":"mate","plies":269,"balW":-100,"secs":14.4,"apertura":"2,-2,2>2,-1,1 2,3,-3>1,2,-2 2,-1,1>1,-1,2 -1,3,-1>0,2,-1 2,-3,3>2,-2,2 -1,4,-2>-1,3,-1"}
{"par":29,"whiteIs":"A","ptsW":0,"res":"mate","plies":324,"balW":0,"secs":22.7,"apertura":"-1,-2,4>0,-1,3 -3,3,2>-3,2,3 2,-2,1>3,-1,0 2,3,-3>2,2,-2 0,-1,3>0,-1,2 -2,3,0>-2,2,1"}
{"par":29,"whiteIs":"B","ptsW":1,"res":"mate","plies":193,"balW":0,"secs":11.5,"apertura":"-1,-2,4>0,-1,3 -3,3,2>-3,2,3 2,-2,1>3,-1,0 2,3,-3>2,2,-2 0,-1,3>0,-1,2 -2,3,0>-2,2,1"}
{"par":30,"whiteIs":"A","ptsW":0,"res":"mate","plies":294,"balW":-100,"secs":15.9,"apertura":"0,-2,4>-1,-1,3 1,3,-2>0,2,-1 -1,-1,3>-2,0,4 -1,3,0>0,2,0 -2,0,4>-1,0,3 -3,3,2>-2,2,2"}
{"par":30,"whiteIs":"B","ptsW":1,"res":"mate","plies":275,"balW":300,"secs":12.3,"apertura":"0,-2,4>-1,-1,3 1,3,-2>0,2,-1 -1,-1,3>-2,0,4 -1,3,0>0,2,0 -2,0,4>-1,0,3 -3,3,2>-2,2,2"}
{"par":31,"whiteIs":"A","ptsW":0,"res":"mate","plies":380,"balW":-500,"secs":20.4,"apertura":"-1,-2,4>-1,-1,3 -1,3,0>-2,2,1 4,-2,-1>3,-1,-1 -2,4,0>-1,3,0 1,-2,3>0,-1,2 -3,3,2>-3,2,3"}
{"par":31,"whiteIs":"B","ptsW":1,"res":"mate","plies":265,"balW":400,"secs":28.9,"apertura":"-1,-2,4>-1,-1,3 -1,3,0>-2,2,1 4,-2,-1>3,-1,-1 -2,4,0>-1,3,0 1,-2,3>0,-1,2 -3,3,2>-3,2,3"}
{"par":32,"whiteIs":"A","ptsW":0,"res":"mate","plies":194,"balW":-500,"secs":12.2,"apertura":"1,-2,3>1,-1,2 2,3,-3>2,2,-3 0,-2,3>-1,-1,3 1,3,-2>1,2,-2 -1,-1,3>0,-2,3 -1,3,-1>0,2,-1"}
{"par":32,"whiteIs":"B","ptsW":1,"res":"mate","plies":223,"balW":-300,"secs":12.8,"apertura":"1,-2,3>1,-1,2 2,3,-3>2,2,-3 0,-2,3>-1,-1,3 1,3,-2>1,2,-2 -1,-1,3>0,-2,3 -1,3,-1>0,2,-1"}
{"par":33,"whiteIs":"A","ptsW":0,"res":"mate","plies":300,"balW":-300,"secs":13.7,"apertura":"2,-2,1>2,-1,0 -3,3,2>-3,2,3 0,-2,3>-1,-1,3 1,3,-3>2,2,-3 3,-3,1>2,-2,1 -3,3,1>-3,2,2"}
{"par":33,"whiteIs":"B","ptsW":1,"res":"mate","plies":195,"balW":-300,"secs":13.5,"apertura":"2,-2,1>2,-1,0 -3,3,2>-3,2,3 0,-2,3>-1,-1,3 1,3,-3>2,2,-3 3,-3,1>2,-2,1 -3,3,1>-3,2,2"}
{"par":34,"whiteIs":"A","ptsW":0,"res":"mate","plies":228,"balW":-500,"secs":17.9,"apertura":"3,-2,0>3,-1,-1 2,3,-3>2,2,-3 1,-2,2>0,-1,3 -3,3,2>-2,2,2 3,-1,-1>4,0,-2 -2,2,2>-1,1,1"}
{"par":34,"whiteIs":"B","ptsW":1,"res":"mate","plies":353,"balW":100,"secs":20.6,"apertura":"3,-2,0>3,-1,-1 2,3,-3>2,2,-3 1,-2,2>0,-1,3 -3,3,2>-2,2,2 3,-1,-1>4,0,-2 -2,2,2>-1,1,1"}
{"par":35,"whiteIs":"A","ptsW":0,"res":"mate","plies":270,"balW":-500,"secs":22.7,"apertura":"0,-2,4>-1,-1,3 1,3,-3>2,2,-2 1,-2,3>0,-1,3 -2,3,0>-1,2,0 3,-2,0>4,-1,-1 -3,3,2>-3,2,3"}
{"par":35,"whiteIs":"B","ptsW":0.5,"res":"fifty","plies":275,"balW":400,"secs":17.3,"apertura":"0,-2,4>-1,-1,3 1,3,-3>2,2,-2 1,-2,3>0,-1,3 -2,3,0>-1,2,0 3,-2,0>4,-1,-1 -3,3,2>-3,2,3"}
{"par":36,"whiteIs":"A","ptsW":0.5,"res":"fifty","plies":332,"balW":-700,"secs":16.5,"apertura":"2,-2,2>1,-1,2 0,3,-1>0,2,-1 4,-2,-1>3,-1,-1 -1,4,-2>0,3,-1 1,-2,2>0,-1,3 0,3,-2>1,2,-1"}
{"par":36,"whiteIs":"B","ptsW":0.5,"res":"fifty","plies":253,"balW":400,"secs":12.2,"apertura":"2,-2,2>1,-1,2 0,3,-1>0,2,-1 4,-2,-1>3,-1,-1 -1,4,-2>0,3,-1 1,-2,2>0,-1,3 0,3,-2>1,2,-1"}
{"par":37,"whiteIs":"A","ptsW":0.5,"res":"fifty","plies":110,"balW":0,"secs":20.7,"apertura":"0,-2,3>-1,-1,3 0,3,-1>1,2,-2 1,-3,3>0,-2,3 0,4,-2>0,3,-1 3,-2,1>2,-1,1 -1,4,-2>0,4,-2"}
{"par":37,"whiteIs":"B","ptsW":1,"res":"mate","plies":471,"balW":500,"secs":19.9,"apertura":"0,-2,3>-1,-1,3 0,3,-1>1,2,-2 1,-3,3>0,-2,3 0,4,-2>0,3,-1 3,-2,1>2,-1,1 -1,4,-2>0,4,-2"}
{"par":38,"whiteIs":"A","ptsW":0,"res":"mate","plies":412,"balW":-300,"secs":38.5,"apertura":"3,-2,1>2,-1,0 -1,3,0>-1,2,0 4,-2,0>3,-2,1 -1,2,0>0,2,-1 2,-1,0>2,-1,1 0,3,-2>1,2,-2"}
{"par":38,"whiteIs":"B","ptsW":1,"res":"mate","plies":283,"balW":300,"secs":12.7,"apertura":"3,-2,1>2,-1,0 -1,3,0>-1,2,0 4,-2,0>3,-2,1 -1,2,0>0,2,-1 2,-1,0>2,-1,1 0,3,-2>1,2,-2"}
{"par":39,"whiteIs":"A","ptsW":0.5,"res":"fifty","plies":324,"balW":-700,"secs":17.7,"apertura":"0,-2,3>0,-1,2 -1,3,0>0,2,0 0,-2,4>-1,-1,3 2,3,-3>2,2,-3 0,-1,2>0,-1,3 2,2,-3>2,1,-2"}
{"par":39,"whiteIs":"B","ptsW":1,"res":"mate","plies":307,"balW":100,"secs":17.2,"apertura":"0,-2,3>0,-1,2 -1,3,0>0,2,0 0,-2,4>-1,-1,3 2,3,-3>2,2,-3 0,-1,2>0,-1,3 2,2,-3>2,1,-2"}
{"par":40,"whiteIs":"A","ptsW":0,"res":"mate","plies":278,"balW":-100,"secs":16.9,"apertura":"2,-2,2>1,-1,1 -2,3,1>-2,2,2 -1,-2,4>-1,-1,3 -1,3,0>0,2,-1 -1,-1,3>0,0,2 0,2,-1>1,2,-2"}
{"par":40,"whiteIs":"B","ptsW":1,"res":"mate","plies":217,"balW":-400,"secs":13.1,"apertura":"2,-2,2>1,-1,1 -2,3,1>-2,2,2 -1,-2,4>-1,-1,3 -1,3,0>0,2,-1 -1,-1,3>0,0,2 0,2,-1>1,2,-2"}
{"par":41,"whiteIs":"A","ptsW":0,"res":"mate","plies":368,"balW":-200,"secs":17.4,"apertura":"1,-2,2>1,-1,2 -1,3,0>-2,2,1 1,-1,2>0,0,1 0,3,-2>1,2,-1 -1,-2,4>-2,-1,4 2,3,-3>1,2,-2"}
{"par":41,"whiteIs":"B","ptsW":1,"res":"mate","plies":193,"balW":400,"secs":15.5,"apertura":"1,-2,2>1,-1,2 -1,3,0>-2,2,1 1,-1,2>0,0,1 0,3,-2>1,2,-1 -1,-2,4>-2,-1,4 2,3,-3>1,2,-2"}
{"par":42,"whiteIs":"A","ptsW":0,"res":"mate","plies":238,"balW":-200,"secs":15.5,"apertura":"2,-2,1>2,-1,1 -3,3,1>-2,2,1 2,-2,2>1,-1,2 -1,3,-1>0,2,-1 3,-3,2>2,-2,1 0,3,-2>1,2,-2"}
{"par":42,"whiteIs":"B","ptsW":1,"res":"mate","plies":221,"balW":800,"secs":20.2,"apertura":"2,-2,1>2,-1,1 -3,3,1>-2,2,1 2,-2,2>1,-1,2 -1,3,-1>0,2,-1 3,-3,2>2,-2,1 0,3,-2>1,2,-2"}
{"par":43,"whiteIs":"A","ptsW":1,"res":"mate","plies":205,"balW":400,"secs":19.1,"apertura":"1,-2,2>1,-1,2 2,3,-3>2,2,-2 1,-1,2>0,0,1 -1,3,0>-1,2,1 4,-2,-1>3,-1,0 -2,3,1>-1,2,0"}
{"par":43,"whiteIs":"B","ptsW":1,"res":"mate","plies":271,"balW":400,"secs":16.5,"apertura":"1,-2,2>1,-1,2 2,3,-3>2,2,-2 1,-1,2>0,0,1 -1,3,0>-1,2,1 4,-2,-1>3,-1,0 -2,3,1>-1,2,0"}
{"par":44,"whiteIs":"A","ptsW":1,"res":"mate","plies":227,"balW":400,"secs":12.5,"apertura":"1,-2,3>0,-1,3 -3,3,1>-3,2,2 0,-1,3>-1,0,3 0,3,-2>0,2,-1 -1,0,3>-2,1,2 1,3,-2>0,3,-2"}
{"par":44,"whiteIs":"B","ptsW":0,"res":"mate","plies":226,"balW":300,"secs":13.2,"apertura":"1,-2,3>0,-1,3 -3,3,1>-3,2,2 0,-1,3>-1,0,3 0,3,-2>0,2,-1 -1,0,3>-2,1,2 1,3,-2>0,3,-2"}
{"par":45,"whiteIs":"A","ptsW":0.5,"res":"fifty","plies":274,"balW":-200,"secs":15.1,"apertura":"3,-2,1>2,-1,0 1,3,-2>2,2,-2 0,-2,4>-1,-1,3 0,3,-1>1,2,-1 2,-2,1>2,-1,1 0,4,-2>0,3,-1"}
{"par":45,"whiteIs":"B","ptsW":1,"res":"mate","plies":199,"balW":800,"secs":12.4,"apertura":"3,-2,1>2,-1,0 1,3,-2>2,2,-2 0,-2,4>-1,-1,3 0,3,-1>1,2,-1 2,-2,1>2,-1,1 0,4,-2>0,3,-1"}
{"par":46,"whiteIs":"A","ptsW":0,"res":"mate","plies":138,"balW":-600,"secs":9.8,"apertura":"0,-2,3>-1,-1,3 0,3,-1>0,2,0 4,-2,-1>4,-1,-2 1,3,-2>0,3,-1 1,-3,3>0,-2,3 2,3,-3>1,2,-2"}
{"par":46,"whiteIs":"B","ptsW":1,"res":"mate","plies":285,"balW":-300,"secs":22.4,"apertura":"0,-2,3>-1,-1,3 0,3,-1>0,2,0 4,-2,-1>4,-1,-2 1,3,-2>0,3,-1 1,-3,3>0,-2,3 2,3,-3>1,2,-2"}
{"par":47,"whiteIs":"A","ptsW":1,"res":"mate","plies":157,"balW":-300,"secs":10.5,"apertura":"-1,-2,4>-1,-1,4 1,3,-2>0,2,-1 -1,-1,4>-1,-1,3 0,4,-2>1,3,-2 2,-2,1>1,-1,1 0,3,-2>0,4,-2"}
{"par":47,"whiteIs":"B","ptsW":0,"res":"mate","plies":214,"balW":300,"secs":15.3,"apertura":"-1,-2,4>-1,-1,4 1,3,-2>0,2,-1 -1,-1,4>-1,-1,3 0,4,-2>1,3,-2 2,-2,1>1,-1,1 0,3,-2>0,4,-2"}
{"par":48,"whiteIs":"A","ptsW":0,"res":"mate","plies":322,"balW":-100,"secs":32.7,"apertura":"0,-2,4>-1,-1,3 -2,3,0>-1,2,1 -1,-1,3>0,-1,3 -1,2,1>-1,2,0 1,-2,2>2,-1,1 -1,2,0>-1,2,1"}
{"par":48,"whiteIs":"B","ptsW":1,"res":"mate","plies":315,"balW":100,"secs":16.4,"apertura":"0,-2,4>-1,-1,3 -2,3,0>-1,2,1 -1,-1,3>0,-1,3 -1,2,1>-1,2,0 1,-2,2>2,-1,1 -1,2,0>-1,2,1"}
{"par":49,"whiteIs":"A","ptsW":0,"res":"mate","plies":286,"balW":-200,"secs":15.9,"apertura":"0,-2,3>0,-1,2 0,3,-1>1,2,-2 4,-2,0>4,-1,-1 -1,3,-1>-1,2,0 3,-2,0>2,-1,0 0,3,-2>0,2,-1"}
{"par":49,"whiteIs":"B","ptsW":0.5,"res":"fifty","plies":311,"balW":600,"secs":14.1,"apertura":"0,-2,3>0,-1,2 0,3,-1>1,2,-2 4,-2,0>4,-1,-1 -1,3,-1>-1,2,0 3,-2,0>2,-1,0 0,3,-2>0,2,-1"}
{"par":50,"whiteIs":"A","ptsW":0,"res":"mate","plies":212,"balW":-300,"secs":16.8,"apertura":"2,-2,2>2,-1,1 2,3,-3>2,2,-3 1,-2,2>0,-1,3 0,3,-1>-1,2,0 2,-2,1>2,-1,0 -1,2,0>-2,2,1"}
{"par":50,"whiteIs":"B","ptsW":1,"res":"mate","plies":267,"balW":400,"secs":15.1,"apertura":"2,-2,2>2,-1,1 2,3,-3>2,2,-3 1,-2,2>0,-1,3 0,3,-1>-1,2,0 2,-2,1>2,-1,0 -1,2,0>-2,2,1"}

# {"fecha":"2026-08-26T19:07:34.219Z","modalidad":"rps-rey","A":{"nombre":"vigente","cfg":{"depth":24,"mobility":true,"order":true,"quiesce":true,"nodes":4500}},"B":{"nombre":"t22-acoso10","cfg":{"depth":24,"mobility":true,"order":true,"quiesce":true,"nodes":4500,"rps":{"PROPORCIONAL":1,"PROP_ACOSO":10,"PROP_ACOSO_REY":10}}},"MAX_PLIES":800,"FIFTY":80,"OPENING_PLIES":6,"SEED":23,"FIRST":51,"PAIRS":50,"libro":"/Users/salasgar/Documents/git/Ajedrez-triangular/entrenamiento/libro-rps-rey.json"}
{"par":51,"whiteIs":"A","ptsW":0,"res":"mate","plies":304,"balW":-100,"secs":14.2,"apertura":"0,-2,4>-1,-1,3 -2,3,1>-2,2,1 2,-2,1>2,-1,1 -2,2,1>-2,3,1 2,-2,2>1,-1,1 0,3,-1>1,2,-2"}
{"par":51,"whiteIs":"B","ptsW":1,"res":"mate","plies":261,"balW":0,"secs":16.7,"apertura":"0,-2,4>-1,-1,3 -2,3,1>-2,2,1 2,-2,1>2,-1,1 -2,2,1>-2,3,1 2,-2,2>1,-1,1 0,3,-1>1,2,-2"}
{"par":52,"whiteIs":"A","ptsW":0,"res":"mate","plies":218,"balW":-200,"secs":22.5,"apertura":"0,-2,3>0,-1,3 1,3,-2>2,2,-2 1,-3,4>0,-2,3 0,4,-3>1,3,-2 0,-2,4>-1,-1,3 -3,3,1>-2,2,1"}
{"par":52,"whiteIs":"B","ptsW":0.5,"res":"fifty","plies":347,"balW":800,"secs":40.8,"apertura":"0,-2,3>0,-1,3 1,3,-2>2,2,-2 1,-3,4>0,-2,3 0,4,-3>1,3,-2 0,-2,4>-1,-1,3 -3,3,1>-2,2,1"}
{"par":53,"whiteIs":"A","ptsW":0,"res":"mate","plies":322,"balW":-200,"secs":26,"apertura":"3,-2,0>4,-1,-1 -1,3,0>0,2,-1 3,-2,1>2,-1,1 -1,3,-1>0,2,0 4,-2,0>3,-1,0 0,2,-1>-1,3,-1"}
{"par":53,"whiteIs":"B","ptsW":1,"res":"mate","plies":341,"balW":0,"secs":36.5,"apertura":"3,-2,0>4,-1,-1 -1,3,0>0,2,-1 3,-2,1>2,-1,1 -1,3,-1>0,2,0 4,-2,0>3,-1,0 0,2,-1>-1,3,-1"}
{"par":54,"whiteIs":"A","ptsW":0,"res":"mate","plies":238,"balW":-200,"secs":25.8,"apertura":"3,-2,0>2,-1,0 1,3,-3>1,2,-2 2,-1,0>1,0,0 1,2,-2>2,2,-3 4,-3,1>3,-2,0 2,2,-3>1,2,-2"}
{"par":54,"whiteIs":"B","ptsW":1,"res":"mate","plies":297,"balW":300,"secs":26.4,"apertura":"3,-2,0>2,-1,0 1,3,-3>1,2,-2 2,-1,0>1,0,0 1,2,-2>2,2,-3 4,-3,1>3,-2,0 2,2,-3>1,2,-2"}
{"par":55,"whiteIs":"A","ptsW":0,"res":"mate","plies":218,"balW":200,"secs":18.4,"apertura":"4,-2,-1>3,-1,0 1,3,-3>2,2,-3 1,-2,2>0,-1,3 0,3,-2>1,2,-2 3,-2,0>2,-1,0 1,3,-2>0,2,-1"}
{"par":55,"whiteIs":"B","ptsW":1,"res":"mate","plies":179,"balW":300,"secs":19.6,"apertura":"4,-2,-1>3,-1,0 1,3,-3>2,2,-3 1,-2,2>0,-1,3 0,3,-2>1,2,-2 3,-2,0>2,-1,0 1,3,-2>0,2,-1"}
{"par":56,"whiteIs":"A","ptsW":0,"res":"mate","plies":250,"balW":-400,"secs":26.6,"apertura":"4,-2,0>3,-1,-1 0,3,-1>0,2,0 3,-1,-1>2,-1,0 2,3,-3>2,2,-2 1,-2,2>1,-1,2 1,3,-3>1,2,-2"}
{"par":56,"whiteIs":"B","ptsW":1,"res":"mate","plies":399,"balW":200,"secs":44.9,"apertura":"4,-2,0>3,-1,-1 0,3,-1>0,2,0 3,-1,-1>2,-1,0 2,3,-3>2,2,-2 1,-2,2>1,-1,2 1,3,-3>1,2,-2"}
{"par":57,"whiteIs":"A","ptsW":0,"res":"mate","plies":256,"balW":-700,"secs":18.4,"apertura":"2,-2,1>2,-1,0 -2,3,1>-1,2,0 1,-2,3>0,-1,3 -3,3,2>-3,2,2 2,-1,0>2,0,0 1,3,-2>0,2,-1"}
{"par":57,"whiteIs":"B","ptsW":1,"res":"mate","plies":139,"balW":300,"secs":13,"apertura":"2,-2,1>2,-1,0 -2,3,1>-1,2,0 1,-2,3>0,-1,3 -3,3,2>-3,2,2 2,-1,0>2,0,0 1,3,-2>0,2,-1"}
{"par":58,"whiteIs":"A","ptsW":0,"res":"mate","plies":256,"balW":-100,"secs":29,"apertura":"1,-2,2>2,-1,1 0,3,-1>-1,2,0 1,-2,3>1,-1,2 -1,2,0>-1,1,1 0,-2,3>0,-1,3 1,3,-2>1,2,-1"}
{"par":58,"whiteIs":"B","ptsW":1,"res":"mate","plies":143,"balW":100,"secs":17.1,"apertura":"1,-2,2>2,-1,1 0,3,-1>-1,2,0 1,-2,3>1,-1,2 -1,2,0>-1,1,1 0,-2,3>0,-1,3 1,3,-2>1,2,-1"}
{"par":59,"whiteIs":"A","ptsW":0,"res":"mate","plies":296,"balW":-100,"secs":36.5,"apertura":"4,-2,0>3,-1,-1 -2,3,1>-1,2,1 3,-2,1>2,-1,1 -1,2,1>-2,2,1 2,-1,1>1,0,0 -2,2,1>-2,2,2"}
{"par":59,"whiteIs":"B","ptsW":1,"res":"mate","plies":171,"balW":-200,"secs":16.7,"apertura":"4,-2,0>3,-1,-1 -2,3,1>-1,2,1 3,-2,1>2,-1,1 -1,2,1>-2,2,1 2,-1,1>1,0,0 -2,2,1>-2,2,2"}
{"par":60,"whiteIs":"A","ptsW":0,"res":"mate","plies":312,"balW":-200,"secs":21.3,"apertura":"3,-2,0>2,-1,1 2,3,-3>3,2,-3 2,-1,1>3,-2,0 -1,3,0>-2,2,1 2,-2,2>2,-1,1 -1,3,-1>0,2,0"}
{"par":60,"whiteIs":"B","ptsW":1,"res":"mate","plies":329,"balW":200,"secs":24.3,"apertura":"3,-2,0>2,-1,1 2,3,-3>3,2,-3 2,-1,1>3,-2,0 -1,3,0>-2,2,1 2,-2,2>2,-1,1 -1,3,-1>0,2,0"}
{"par":61,"whiteIs":"A","ptsW":0.5,"res":"fifty","plies":315,"balW":-400,"secs":29.2,"apertura":"4,-2,-1>4,-1,-2 0,3,-1>0,2,0 4,-1,-2>3,0,-2 0,2,0>-1,2,1 2,-2,1>3,-1,0 -1,2,1>0,1,1"}
{"par":61,"whiteIs":"B","ptsW":1,"res":"mate","plies":257,"balW":300,"secs":27.4,"apertura":"4,-2,-1>4,-1,-2 0,3,-1>0,2,0 4,-1,-2>3,0,-2 0,2,0>-1,2,1 2,-2,1>3,-1,0 -1,2,1>0,1,1"}
{"par":62,"whiteIs":"A","ptsW":0,"res":"mate","plies":278,"balW":0,"secs":24.3,"apertura":"4,-2,-1>3,-1,0 1,3,-2>0,2,-1 4,-2,0>3,-1,-1 -3,3,1>-2,2,2 -1,-2,4>0,-1,3 -2,2,2>-3,3,1"}
{"par":62,"whiteIs":"B","ptsW":1,"res":"mate","plies":307,"balW":900,"secs":18.3,"apertura":"4,-2,-1>3,-1,0 1,3,-2>0,2,-1 4,-2,0>3,-1,-1 -3,3,1>-2,2,2 -1,-2,4>0,-1,3 -2,2,2>-3,3,1"}
{"par":63,"whiteIs":"A","ptsW":0,"res":"mate","plies":310,"balW":-600,"secs":23.9,"apertura":"3,-2,1>3,-1,0 0,3,-2>1,2,-1 3,-1,0>2,0,-1 1,2,-1>0,2,-1 1,-2,2>1,-1,1 -3,3,2>-2,2,1"}
{"par":63,"whiteIs":"B","ptsW":1,"res":"mate","plies":229,"balW":200,"secs":13.7,"apertura":"3,-2,1>3,-1,0 0,3,-2>1,2,-1 3,-1,0>2,0,-1 1,2,-1>0,2,-1 1,-2,2>1,-1,1 -3,3,2>-2,2,1"}
{"par":64,"whiteIs":"A","ptsW":0.5,"res":"fifty","plies":244,"balW":-800,"secs":11.8,"apertura":"0,-2,4>0,-1,3 2,3,-3>1,2,-2 4,-2,-1>3,-1,0 1,2,-2>2,3,-3 0,-1,3>-1,0,2 -1,3,0>0,2,-1"}
{"par":64,"whiteIs":"B","ptsW":1,"res":"mate","plies":321,"balW":400,"secs":23.6,"apertura":"0,-2,4>0,-1,3 2,3,-3>1,2,-2 4,-2,-1>3,-1,0 1,2,-2>2,3,-3 0,-1,3>-1,0,2 -1,3,0>0,2,-1"}
{"par":65,"whiteIs":"A","ptsW":0,"res":"mate","plies":276,"balW":-400,"secs":17,"apertura":"1,-2,2>1,-1,1 0,3,-1>1,2,-1 -1,-2,4>-1,-1,3 -3,3,2>-2,2,2 1,-1,1>0,-1,2 0,3,-2>0,2,-1"}
{"par":65,"whiteIs":"B","ptsW":1,"res":"mate","plies":231,"balW":300,"secs":22.1,"apertura":"1,-2,2>1,-1,1 0,3,-1>1,2,-1 -1,-2,4>-1,-1,3 -3,3,2>-2,2,2 1,-1,1>0,-1,2 0,3,-2>0,2,-1"}
{"par":66,"whiteIs":"A","ptsW":0,"res":"mate","plies":292,"balW":-500,"secs":16.9,"apertura":"2,-2,2>1,-1,2 2,3,-3>3,2,-3 3,-2,1>2,-2,2 -1,3,0>-1,2,1 4,-2,0>3,-2,1 1,3,-3>2,3,-3"}
{"par":66,"whiteIs":"B","ptsW":1,"res":"mate","plies":279,"balW":0,"secs":27,"apertura":"2,-2,2>1,-1,2 2,3,-3>3,2,-3 3,-2,1>2,-2,2 -1,3,0>-1,2,1 4,-2,0>3,-2,1 1,3,-3>2,3,-3"}
{"par":67,"whiteIs":"A","ptsW":0,"res":"mate","plies":226,"balW":-200,"secs":16.9,"apertura":"2,-2,1>2,-1,1 1,3,-2>0,2,-1 -1,-2,4>-1,-1,4 -2,3,1>-2,2,2 4,-2,0>3,-1,-1 0,3,-2>1,2,-1"}
{"par":67,"whiteIs":"B","ptsW":1,"res":"mate","plies":327,"balW":-100,"secs":17,"apertura":"2,-2,1>2,-1,1 1,3,-2>0,2,-1 -1,-2,4>-1,-1,4 -2,3,1>-2,2,2 4,-2,0>3,-1,-1 0,3,-2>1,2,-1"}
{"par":68,"whiteIs":"A","ptsW":0,"res":"mate","plies":272,"balW":200,"secs":17.9,"apertura":"-1,-2,4>-1,-1,3 -2,3,1>-2,2,1 1,-2,3>1,-1,2 -2,2,1>-2,3,1 1,-1,2>1,-1,1 -2,3,1>-1,2,1"}
{"par":68,"whiteIs":"B","ptsW":1,"res":"mate","plies":277,"balW":200,"secs":22.1,"apertura":"-1,-2,4>-1,-1,3 -2,3,1>-2,2,1 1,-2,3>1,-1,2 -2,2,1>-2,3,1 1,-1,2>1,-1,1 -2,3,1>-1,2,1"}
{"par":69,"whiteIs":"A","ptsW":1,"res":"mate","plies":251,"balW":-300,"secs":17.2,"apertura":"-1,-2,4>-1,-1,3 1,3,-2>1,2,-2 -1,-1,3>0,-1,2 1,2,-2>1,2,-1 1,-2,3>0,-1,3 -2,3,1>-1,2,1"}
{"par":69,"whiteIs":"B","ptsW":1,"res":"mate","plies":285,"balW":300,"secs":15.1,"apertura":"-1,-2,4>-1,-1,3 1,3,-2>1,2,-2 -1,-1,3>0,-1,2 1,2,-2>1,2,-1 1,-2,3>0,-1,3 -2,3,1>-1,2,1"}
{"par":70,"whiteIs":"A","ptsW":0,"res":"mate","plies":214,"balW":-100,"secs":12.6,"apertura":"1,-2,2>0,-1,3 -2,3,0>-1,2,0 2,-3,2>1,-2,2 -3,3,2>-2,2,1 0,-1,3>-1,0,2 -2,2,1>-3,3,2"}
{"par":70,"whiteIs":"B","ptsW":1,"res":"mate","plies":287,"balW":100,"secs":16.4,"apertura":"1,-2,2>0,-1,3 -2,3,0>-1,2,0 2,-3,2>1,-2,2 -3,3,2>-2,2,1 0,-1,3>-1,0,2 -2,2,1>-3,3,2"}
{"par":71,"whiteIs":"A","ptsW":0,"res":"mate","plies":400,"balW":-600,"secs":32.2,"apertura":"1,-2,2>0,-1,3 -3,3,1>-2,2,1 0,-1,3>-1,-1,3 -3,3,2>-3,2,2 2,-2,2>2,-1,1 0,3,-2>1,2,-2"}
{"par":71,"whiteIs":"B","ptsW":1,"res":"mate","plies":253,"balW":300,"secs":13.8,"apertura":"1,-2,2>0,-1,3 -3,3,1>-2,2,1 0,-1,3>-1,-1,3 -3,3,2>-3,2,2 2,-2,2>2,-1,1 0,3,-2>1,2,-2"}
{"par":72,"whiteIs":"A","ptsW":0.5,"res":"fifty","plies":267,"balW":-1000,"secs":16.5,"apertura":"1,-2,2>1,-1,2 1,3,-3>2,2,-2 2,-2,2>1,-2,2 2,3,-3>2,2,-3 0,-2,3>-1,-1,4 0,4,-3>1,3,-3"}
{"par":72,"whiteIs":"B","ptsW":1,"res":"mate","plies":281,"balW":500,"secs":16.7,"apertura":"1,-2,2>1,-1,2 1,3,-3>2,2,-2 2,-2,2>1,-2,2 2,3,-3>2,2,-3 0,-2,3>-1,-1,4 0,4,-3>1,3,-3"}
{"par":73,"whiteIs":"A","ptsW":1,"res":"mate","plies":243,"balW":400,"secs":15.2,"apertura":"-1,-2,4>0,-1,3 -2,3,1>-1,2,0 2,-2,2>1,-1,2 -2,3,0>-2,3,1 3,-2,0>3,-1,-1 -1,3,-1>0,2,0"}
{"par":73,"whiteIs":"B","ptsW":0.5,"res":"fifty","plies":311,"balW":1000,"secs":20.4,"apertura":"-1,-2,4>0,-1,3 -2,3,1>-1,2,0 2,-2,2>1,-1,2 -2,3,0>-2,3,1 3,-2,0>3,-1,-1 -1,3,-1>0,2,0"}
{"par":74,"whiteIs":"A","ptsW":0,"res":"mate","plies":420,"balW":-200,"secs":19.5,"apertura":"1,-2,3>1,-1,2 -2,3,1>-1,2,0 0,-2,3>0,-1,3 -1,2,0>-2,3,1 4,-2,0>3,-1,-1 -3,3,2>-2,2,1"}
{"par":74,"whiteIs":"B","ptsW":1,"res":"mate","plies":353,"balW":100,"secs":24.6,"apertura":"1,-2,3>1,-1,2 -2,3,1>-1,2,0 0,-2,3>0,-1,3 -1,2,0>-2,3,1 4,-2,0>3,-1,-1 -3,3,2>-2,2,1"}
{"par":75,"whiteIs":"A","ptsW":0,"res":"mate","plies":278,"balW":-400,"secs":12.9,"apertura":"2,-2,2>1,-1,2 -2,3,1>-3,2,2 1,-1,2>0,-1,2 1,3,-2>1,2,-2 -1,-2,4>0,-1,3 -1,3,0>-1,2,0"}
{"par":75,"whiteIs":"B","ptsW":1,"res":"mate","plies":237,"balW":200,"secs":15.9,"apertura":"2,-2,2>1,-1,2 -2,3,1>-3,2,2 1,-1,2>0,-1,2 1,3,-2>1,2,-2 -1,-2,4>0,-1,3 -1,3,0>-1,2,0"}
{"par":76,"whiteIs":"A","ptsW":0,"res":"mate","plies":304,"balW":-400,"secs":16.7,"apertura":"3,-2,1>2,-1,0 -1,3,0>0,2,-1 0,-2,4>0,-1,3 2,3,-3>3,2,-3 1,-2,2>0,-1,2 0,2,-1>1,2,-1"}
{"par":76,"whiteIs":"B","ptsW":0.5,"res":"fifty","plies":333,"balW":900,"secs":21,"apertura":"3,-2,1>2,-1,0 -1,3,0>0,2,-1 0,-2,4>0,-1,3 2,3,-3>3,2,-3 1,-2,2>0,-1,2 0,2,-1>1,2,-1"}
{"par":77,"whiteIs":"A","ptsW":0.5,"res":"fifty","plies":353,"balW":-300,"secs":22,"apertura":"0,-2,4>-1,-1,3 1,3,-2>2,2,-3 -1,-1,3>-1,-1,4 -3,3,1>-2,2,1 3,-2,0>4,-1,-1 2,3,-3>1,2,-2"}
{"par":77,"whiteIs":"B","ptsW":1,"res":"mate","plies":263,"balW":200,"secs":17.4,"apertura":"0,-2,4>-1,-1,3 1,3,-2>2,2,-3 -1,-1,3>-1,-1,4 -3,3,1>-2,2,1 3,-2,0>4,-1,-1 2,3,-3>1,2,-2"}
{"par":78,"whiteIs":"A","ptsW":0.5,"res":"fifty","plies":372,"balW":-700,"secs":21.9,"apertura":"2,-2,1>1,-1,2 -3,3,1>-2,2,1 3,-2,0>2,-1,0 -1,3,0>0,2,-1 4,-3,0>3,-2,0 1,3,-3>2,2,-2"}
{"par":78,"whiteIs":"B","ptsW":1,"res":"mate","plies":263,"balW":300,"secs":25.2,"apertura":"2,-2,1>1,-1,2 -3,3,1>-2,2,1 3,-2,0>2,-1,0 -1,3,0>0,2,-1 4,-3,0>3,-2,0 1,3,-3>2,2,-2"}
{"par":79,"whiteIs":"A","ptsW":1,"res":"mate","plies":269,"balW":200,"secs":20.7,"apertura":"0,-2,3>-1,-1,3 0,3,-1>-1,2,0 -1,-2,4>0,-1,3 1,3,-2>1,2,-2 0,-1,3>0,0,2 2,3,-3>3,2,-3"}
{"par":79,"whiteIs":"B","ptsW":1,"res":"mate","plies":343,"balW":600,"secs":25.4,"apertura":"0,-2,3>-1,-1,3 0,3,-1>-1,2,0 -1,-2,4>0,-1,3 1,3,-2>1,2,-2 0,-1,3>0,0,2 2,3,-3>3,2,-3"}
{"par":80,"whiteIs":"A","ptsW":0.5,"res":"fifty","plies":74,"balW":0,"secs":10,"apertura":"2,-2,1>1,-1,1 -2,3,0>-2,2,1 2,-2,2>2,-2,1 -3,3,1>-2,2,2 1,-1,1>2,-1,0 -2,2,2>-3,3,1"}
{"par":80,"whiteIs":"B","ptsW":1,"res":"mate","plies":217,"balW":400,"secs":17.6,"apertura":"2,-2,1>1,-1,1 -2,3,0>-2,2,1 2,-2,2>2,-2,1 -3,3,1>-2,2,2 1,-1,1>2,-1,0 -2,2,2>-3,3,1"}
{"par":81,"whiteIs":"A","ptsW":1,"res":"mate","plies":233,"balW":-500,"secs":17.8,"apertura":"2,-2,1>1,-1,2 -3,3,1>-2,2,2 4,-2,-1>4,-1,-1 0,3,-1>1,2,-2 3,-2,0>2,-1,0 -2,3,0>-3,3,1"}
{"par":81,"whiteIs":"B","ptsW":1,"res":"mate","plies":269,"balW":-100,"secs":21.3,"apertura":"2,-2,1>1,-1,2 -3,3,1>-2,2,2 4,-2,-1>4,-1,-1 0,3,-1>1,2,-2 3,-2,0>2,-1,0 -2,3,0>-3,3,1"}
{"par":82,"whiteIs":"A","ptsW":0,"res":"mate","plies":210,"balW":-500,"secs":18.5,"apertura":"1,-2,2>1,-1,1 0,3,-2>1,2,-2 1,-1,1>0,0,1 -1,3,-1>0,2,0 0,-2,4>-1,-1,4 0,2,0>-1,2,0"}
{"par":82,"whiteIs":"B","ptsW":1,"res":"mate","plies":249,"balW":300,"secs":20.9,"apertura":"1,-2,2>1,-1,1 0,3,-2>1,2,-2 1,-1,1>0,0,1 -1,3,-1>0,2,0 0,-2,4>-1,-1,4 0,2,0>-1,2,0"}
{"par":83,"whiteIs":"A","ptsW":0,"res":"mate","plies":320,"balW":-300,"secs":15.7,"apertura":"2,-2,2>1,-1,1 2,3,-3>2,2,-3 2,-3,2>2,-2,2 0,3,-1>1,2,-1 4,-2,-1>4,-1,-2 -3,3,1>-2,2,2"}
{"par":83,"whiteIs":"B","ptsW":1,"res":"mate","plies":397,"balW":700,"secs":26.2,"apertura":"2,-2,2>1,-1,1 2,3,-3>2,2,-3 2,-3,2>2,-2,2 0,3,-1>1,2,-1 4,-2,-1>4,-1,-2 -3,3,1>-2,2,2"}
{"par":84,"whiteIs":"A","ptsW":0,"res":"mate","plies":308,"balW":-500,"secs":20.5,"apertura":"-1,-2,4>-2,-1,4 -2,3,0>-2,2,1 0,-2,4>-1,-1,4 0,3,-1>1,2,-2 -1,-1,4>0,-1,3 -2,2,1>-1,1,1"}
{"par":84,"whiteIs":"B","ptsW":1,"res":"mate","plies":295,"balW":200,"secs":15,"apertura":"-1,-2,4>-2,-1,4 -2,3,0>-2,2,1 0,-2,4>-1,-1,4 0,3,-1>1,2,-2 -1,-1,4>0,-1,3 -2,2,1>-1,1,1"}
{"par":85,"whiteIs":"A","ptsW":1,"res":"mate","plies":217,"balW":-100,"secs":16.5,"apertura":"-1,-2,4>-2,-1,4 -2,3,0>-2,2,1 4,-2,-1>3,-1,0 -2,2,1>-1,1,2 4,-2,0>3,-1,-1 -1,3,-1>-1,2,0"}
{"par":85,"whiteIs":"B","ptsW":0.5,"res":"fifty","plies":414,"balW":-400,"secs":20.7,"apertura":"-1,-2,4>-2,-1,4 -2,3,0>-2,2,1 4,-2,-1>3,-1,0 -2,2,1>-1,1,2 4,-2,0>3,-1,-1 -1,3,-1>-1,2,0"}
{"par":86,"whiteIs":"A","ptsW":0.5,"res":"fifty","plies":292,"balW":-1000,"secs":14.1,"apertura":"2,-2,1>1,-1,1 0,3,-1>1,2,-2 2,-3,2>2,-2,1 1,3,-2>2,2,-3 0,-2,3>1,-1,2 -3,3,1>-2,2,2"}
{"par":86,"whiteIs":"B","ptsW":1,"res":"mate","plies":167,"balW":200,"secs":15.4,"apertura":"2,-2,1>1,-1,1 0,3,-1>1,2,-2 2,-3,2>2,-2,1 1,3,-2>2,2,-3 0,-2,3>1,-1,2 -3,3,1>-2,2,2"}
{"par":87,"whiteIs":"A","ptsW":0,"res":"mate","plies":314,"balW":-200,"secs":23.4,"apertura":"4,-2,-1>4,-1,-2 -2,3,0>-1,2,0 2,-2,2>1,-1,1 -1,2,0>0,1,1 1,-2,2>2,-2,2 0,1,1>0,0,1"}
{"par":87,"whiteIs":"B","ptsW":1,"res":"mate","plies":377,"balW":700,"secs":19.7,"apertura":"4,-2,-1>4,-1,-2 -2,3,0>-1,2,0 2,-2,2>1,-1,1 -1,2,0>0,1,1 1,-2,2>2,-2,2 0,1,1>0,0,1"}
{"par":88,"whiteIs":"A","ptsW":0,"res":"mate","plies":188,"balW":-700,"secs":20.9,"apertura":"2,-2,1>2,-1,1 -3,3,1>-2,2,2 4,-2,-1>3,-1,0 1,3,-2>1,2,-2 -1,-2,4>-1,-1,3 -2,2,2>-3,3,1"}
{"par":88,"whiteIs":"B","ptsW":1,"res":"mate","plies":267,"balW":900,"secs":20,"apertura":"2,-2,1>2,-1,1 -3,3,1>-2,2,2 4,-2,-1>3,-1,0 1,3,-2>1,2,-2 -1,-2,4>-1,-1,3 -2,2,2>-3,3,1"}
{"par":89,"whiteIs":"A","ptsW":0,"res":"mate","plies":174,"balW":-400,"secs":11.6,"apertura":"3,-2,1>2,-1,0 1,3,-2>2,2,-3 2,-3,2>3,-2,1 0,3,-2>0,2,-1 2,-1,0>3,-1,0 -1,3,0>-2,2,1"}
{"par":89,"whiteIs":"B","ptsW":1,"res":"mate","plies":255,"balW":800,"secs":15.7,"apertura":"3,-2,1>2,-1,0 1,3,-2>2,2,-3 2,-3,2>3,-2,1 0,3,-2>0,2,-1 2,-1,0>3,-1,0 -1,3,0>-2,2,1"}
{"par":90,"whiteIs":"A","ptsW":0,"res":"mate","plies":292,"balW":-300,"secs":15.3,"apertura":"4,-2,-1>4,-1,-2 0,3,-1>1,2,-2 4,-3,0>4,-2,-1 1,2,-2>2,2,-3 4,-2,0>3,-1,0 -1,3,0>-1,2,0"}
{"par":90,"whiteIs":"B","ptsW":1,"res":"mate","plies":293,"balW":300,"secs":23.6,"apertura":"4,-2,-1>4,-1,-2 0,3,-1>1,2,-2 4,-3,0>4,-2,-1 1,2,-2>2,2,-3 4,-2,0>3,-1,0 -1,3,0>-1,2,0"}
{"par":91,"whiteIs":"A","ptsW":0,"res":"mate","plies":284,"balW":-200,"secs":16.9,"apertura":"3,-2,0>4,-1,-1 0,3,-2>0,2,-1 1,-2,3>1,-1,2 0,2,-1>1,1,-1 4,-2,-1>3,-2,0 -3,3,2>-3,2,3"}
{"par":91,"whiteIs":"B","ptsW":1,"res":"mate","plies":331,"balW":500,"secs":16.1,"apertura":"3,-2,0>4,-1,-1 0,3,-2>0,2,-1 1,-2,3>1,-1,2 0,2,-1>1,1,-1 4,-2,-1>3,-2,0 -3,3,2>-3,2,3"}
{"par":92,"whiteIs":"A","ptsW":0.5,"res":"fifty","plies":374,"balW":-500,"secs":18.4,"apertura":"1,-2,2>2,-1,1 0,3,-2>1,2,-2 2,-2,1>1,-1,1 0,3,-1>0,2,0 1,-1,1>1,-2,2 -1,3,0>-1,2,0"}
{"par":92,"whiteIs":"B","ptsW":1,"res":"mate","plies":305,"balW":500,"secs":16.8,"apertura":"1,-2,2>2,-1,1 0,3,-2>1,2,-2 2,-2,1>1,-1,1 0,3,-1>0,2,0 1,-1,1>1,-2,2 -1,3,0>-1,2,0"}
{"par":93,"whiteIs":"A","ptsW":0,"res":"mate","plies":228,"balW":-500,"secs":22.1,"apertura":"3,-2,0>2,-1,1 0,3,-2>1,2,-2 2,-1,1>1,0,1 -2,3,0>-2,2,1 2,-2,1>3,-1,0 2,3,-3>2,2,-3"}
{"par":93,"whiteIs":"B","ptsW":1,"res":"mate","plies":309,"balW":0,"secs":35.3,"apertura":"3,-2,0>2,-1,1 0,3,-2>1,2,-2 2,-1,1>1,0,1 -2,3,0>-2,2,1 2,-2,1>3,-1,0 2,3,-3>2,2,-3"}
{"par":94,"whiteIs":"A","ptsW":0,"res":"mate","plies":178,"balW":-100,"secs":10.6,"apertura":"-1,-2,4>0,-1,3 -1,3,0>-2,2,1 0,-1,3>1,-1,2 -2,2,1>-1,1,2 3,-2,0>3,-1,0 -1,1,2>0,0,1"}
{"par":94,"whiteIs":"B","ptsW":1,"res":"mate","plies":267,"balW":200,"secs":15.6,"apertura":"-1,-2,4>0,-1,3 -1,3,0>-2,2,1 0,-1,3>1,-1,2 -2,2,1>-1,1,2 3,-2,0>3,-1,0 -1,1,2>0,0,1"}
{"par":95,"whiteIs":"A","ptsW":0,"res":"mate","plies":212,"balW":-500,"secs":13.6,"apertura":"3,-2,0>3,-1,-1 -1,3,0>-1,2,1 2,-2,2>1,-1,2 2,3,-3>2,2,-2 1,-2,3>0,-1,3 -2,4,-1>-1,3,0"}
{"par":95,"whiteIs":"B","ptsW":1,"res":"mate","plies":243,"balW":100,"secs":12.9,"apertura":"3,-2,0>3,-1,-1 -1,3,0>-1,2,1 2,-2,2>1,-1,2 2,3,-3>2,2,-2 1,-2,3>0,-1,3 -2,4,-1>-1,3,0"}
{"par":96,"whiteIs":"A","ptsW":0,"res":"mate","plies":344,"balW":-200,"secs":19.4,"apertura":"1,-2,2>2,-1,1 -2,3,0>-2,2,1 3,-2,0>4,-1,-1 -2,3,1>-3,2,2 2,-2,1>2,-1,0 -3,2,2>-3,2,3"}
{"par":96,"whiteIs":"B","ptsW":1,"res":"mate","plies":201,"balW":900,"secs":11.9,"apertura":"1,-2,2>2,-1,1 -2,3,0>-2,2,1 3,-2,0>4,-1,-1 -2,3,1>-3,2,2 2,-2,1>2,-1,0 -3,2,2>-3,2,3"}
{"par":97,"whiteIs":"A","ptsW":0.5,"res":"fifty","plies":346,"balW":-600,"secs":18.2,"apertura":"4,-2,0>3,-1,0 -2,3,1>-2,2,1 3,-1,0>4,-1,-1 1,3,-3>1,2,-2 3,-2,1>2,-1,1 -2,3,0>-1,2,1"}
{"par":97,"whiteIs":"B","ptsW":1,"res":"mate","plies":365,"balW":700,"secs":27,"apertura":"4,-2,0>3,-1,0 -2,3,1>-2,2,1 3,-1,0>4,-1,-1 1,3,-3>1,2,-2 3,-2,1>2,-1,1 -2,3,0>-1,2,1"}
{"par":98,"whiteIs":"A","ptsW":0.5,"res":"fifty","plies":415,"balW":-200,"secs":25.9,"apertura":"3,-2,1>2,-1,0 -1,3,0>0,2,-1 3,-3,1>3,-2,1 -2,3,0>-1,2,1 3,-2,0>4,-1,-1 0,2,-1>0,1,0"}
{"par":98,"whiteIs":"B","ptsW":0.5,"res":"fifty","plies":348,"balW":0,"secs":17.8,"apertura":"3,-2,1>2,-1,0 -1,3,0>0,2,-1 3,-3,1>3,-2,1 -2,3,0>-1,2,1 3,-2,0>4,-1,-1 0,2,-1>0,1,0"}
{"par":99,"whiteIs":"A","ptsW":0.5,"res":"fifty","plies":549,"balW":300,"secs":38.3,"apertura":"0,-2,3>-1,-1,3 -1,3,0>-1,2,0 3,-2,0>3,-1,0 0,3,-1>1,2,-1 3,-1,0>2,-1,1 -1,3,-1>-1,3,0"}
{"par":99,"whiteIs":"B","ptsW":0,"res":"mate","plies":222,"balW":600,"secs":12.9,"apertura":"0,-2,3>-1,-1,3 -1,3,0>-1,2,0 3,-2,0>3,-1,0 0,3,-1>1,2,-1 3,-1,0>2,-1,1 -1,3,-1>-1,3,0"}
{"par":100,"whiteIs":"A","ptsW":0,"res":"mate","plies":340,"balW":-200,"secs":17.7,"apertura":"1,-2,3>0,-1,2 -1,3,0>0,2,-1 2,-2,1>3,-1,0 -2,4,-1>-1,3,0 3,-1,0>2,-2,1 -2,3,1>-2,2,2"}
{"par":100,"whiteIs":"B","ptsW":1,"res":"mate","plies":273,"balW":500,"secs":15.1,"apertura":"1,-2,3>0,-1,2 -1,3,0>0,2,-1 2,-2,1>3,-1,0 -2,4,-1>-1,3,0 3,-1,0>2,-2,1 -2,3,1>-2,2,2"}
