# {"fecha":"2026-08-26T12:24:23.206Z","modalidad":"rps-rey","A":{"nombre":"vigente","cfg":{"depth":24,"mobility":true,"order":true,"quiesce":true,"nodes":4500}},"B":{"nombre":"bajada-005-015","cfg":{"depth":24,"mobility":true,"order":true,"quiesce":true,"nodes":4500,"rps":{"AMENAZA":0.05,"AMENAZA_COLGADA":0.15}}},"MAX_PLIES":400,"FIFTY":80,"OPENING_PLIES":6,"SEED":301,"FIRST":1,"PAIRS":50,"libro":"/Users/salasgar/Documents/git/Ajedrez-triangular/entrenamiento/libro-rps-rey.json"}
{"par":1,"whiteIs":"A","ptsW":0.5,"res":"fifty","plies":345,"balW":0,"secs":67.7,"apertura":"0,-2,4>-1,-1,3 0,3,-1>1,2,-2 -1,-1,3>-2,-1,4 1,2,-2>2,1,-2 1,-2,2>1,-1,1 0,4,-2>0,3,-1"}
{"par":1,"whiteIs":"B","ptsW":1,"res":"mate","plies":271,"balW":200,"secs":60.6,"apertura":"0,-2,4>-1,-1,3 0,3,-1>1,2,-2 -1,-1,3>-2,-1,4 1,2,-2>2,1,-2 1,-2,2>1,-1,1 0,4,-2>0,3,-1"}
{"par":2,"whiteIs":"A","ptsW":0.5,"res":"fifty","plies":397,"balW":-400,"secs":35.4,"apertura":"4,-2,0>3,-1,-1 0,3,-1>0,2,0 3,-2,0>4,-1,-1 -2,3,0>-1,2,0 3,-2,1>3,-2,0 -2,3,1>-2,3,0"}
{"par":2,"whiteIs":"B","ptsW":0.5,"res":"fifty","plies":316,"balW":200,"secs":31.5,"apertura":"4,-2,0>3,-1,-1 0,3,-1>0,2,0 3,-2,0>4,-1,-1 -2,3,0>-1,2,0 3,-2,1>3,-2,0 -2,3,1>-2,3,0"}
{"par":3,"whiteIs":"A","ptsW":null,"res":"tope","plies":400,"balW":-100,"secs":32.1,"apertura":"1,-2,2>1,-1,1 -1,3,0>-1,2,0 2,-2,1>2,-1,0 -3,3,2>-2,2,2 -1,-2,4>-1,-1,3 -2,2,2>-2,1,2"}
{"par":3,"whiteIs":"B","ptsW":null,"res":"tope","plies":400,"balW":-200,"secs":33.4,"apertura":"1,-2,2>1,-1,1 -1,3,0>-1,2,0 2,-2,1>2,-1,0 -3,3,2>-2,2,2 -1,-2,4>-1,-1,3 -2,2,2>-2,1,2"}
{"par":4,"whiteIs":"A","ptsW":null,"res":"tope","plies":400,"balW":300,"secs":28.3,"apertura":"2,-2,1>2,-1,0 -1,3,-1>-1,2,0 0,-2,4>-1,-1,4 0,3,-1>0,2,0 2,-1,0>1,0,1 0,3,-2>0,2,-1"}
{"par":4,"whiteIs":"B","ptsW":0.5,"res":"fifty","plies":314,"balW":-200,"secs":27.3,"apertura":"2,-2,1>2,-1,0 -1,3,-1>-1,2,0 0,-2,4>-1,-1,4 0,3,-1>0,2,0 2,-1,0>1,0,1 0,3,-2>0,2,-1"}
{"par":5,"whiteIs":"A","ptsW":0.5,"res":"fifty","plies":334,"balW":-300,"secs":26.5,"apertura":"2,-2,2>1,-1,2 2,3,-3>2,2,-3 1,-1,2>1,-1,1 0,3,-1>1,2,-2 2,-2,1>2,-1,0 1,3,-3>2,3,-3"}
{"par":5,"whiteIs":"B","ptsW":0.5,"res":"fifty","plies":338,"balW":0,"secs":37.2,"apertura":"2,-2,2>1,-1,2 2,3,-3>2,2,-3 1,-1,2>1,-1,1 0,3,-1>1,2,-2 2,-2,1>2,-1,0 1,3,-3>2,3,-3"}
{"par":6,"whiteIs":"A","ptsW":1,"res":"mate","plies":267,"balW":100,"secs":17.1,"apertura":"2,-2,1>1,-1,2 1,3,-2>2,2,-3 0,-2,4>-1,-1,4 -2,3,1>-3,2,2 -1,-1,4>-1,0,3 -1,3,-1>-1,2,0"}
{"par":6,"whiteIs":"B","ptsW":1,"res":"mate","plies":189,"balW":700,"secs":11.6,"apertura":"2,-2,1>1,-1,2 1,3,-2>2,2,-3 0,-2,4>-1,-1,4 -2,3,1>-3,2,2 -1,-1,4>-1,0,3 -1,3,-1>-1,2,0"}
{"par":7,"whiteIs":"A","ptsW":1,"res":"mate","plies":145,"balW":100,"secs":11.2,"apertura":"3,-2,0>2,-1,1 0,3,-2>0,2,-1 1,-2,3>0,-1,2 1,3,-3>0,3,-2 2,-3,2>1,-2,3 0,3,-1>0,2,0"}
{"par":7,"whiteIs":"B","ptsW":0.5,"res":"fifty","plies":334,"balW":-400,"secs":17.6,"apertura":"3,-2,0>2,-1,1 0,3,-2>0,2,-1 1,-2,3>0,-1,2 1,3,-3>0,3,-2 2,-3,2>1,-2,3 0,3,-1>0,2,0"}
{"par":8,"whiteIs":"A","ptsW":0.5,"res":"fifty","plies":283,"balW":300,"secs":15.8,"apertura":"2,-2,2>2,-1,1 1,3,-2>2,2,-3 0,-2,3>-1,-1,4 -2,3,1>-2,2,2 4,-2,-1>4,-1,-2 1,3,-3>1,3,-2"}
{"par":8,"whiteIs":"B","ptsW":null,"res":"tope","plies":400,"balW":300,"secs":32.9,"apertura":"2,-2,2>2,-1,1 1,3,-2>2,2,-3 0,-2,3>-1,-1,4 -2,3,1>-2,2,2 4,-2,-1>4,-1,-2 1,3,-3>1,3,-2"}
{"par":9,"whiteIs":"A","ptsW":0.5,"res":"fifty","plies":326,"balW":-200,"secs":28.1,"apertura":"0,-2,3>0,-1,2 1,3,-3>2,2,-3 1,-2,3>0,-1,3 1,4,-3>1,3,-3 2,-2,2>2,-1,1 2,2,-3>2,2,-2"}
{"par":9,"whiteIs":"B","ptsW":1,"res":"mate","plies":269,"balW":300,"secs":18.8,"apertura":"0,-2,3>0,-1,2 1,3,-3>2,2,-3 1,-2,3>0,-1,3 1,4,-3>1,3,-3 2,-2,2>2,-1,1 2,2,-3>2,2,-2"}
{"par":10,"whiteIs":"A","ptsW":1,"res":"mate","plies":311,"balW":-100,"secs":24.5,"apertura":"2,-2,2>1,-1,1 -1,3,0>0,2,0 1,-1,1>2,-2,2 -3,3,2>-2,2,2 1,-2,3>1,-1,2 -2,3,1>-3,3,2"}
{"par":10,"whiteIs":"B","ptsW":null,"res":"tope","plies":400,"balW":-100,"secs":24.5,"apertura":"2,-2,2>1,-1,1 -1,3,0>0,2,0 1,-1,1>2,-2,2 -3,3,2>-2,2,2 1,-2,3>1,-1,2 -2,3,1>-3,3,2"}
{"par":11,"whiteIs":"A","ptsW":0,"res":"mate","plies":206,"balW":-500,"secs":19.7,"apertura":"0,-2,4>-1,-1,4 1,3,-2>2,2,-2 2,-2,2>2,-1,1 -2,3,0>-1,2,1 1,-2,3>0,-1,3 -3,3,1>-3,2,2"}
{"par":11,"whiteIs":"B","ptsW":null,"res":"tope","plies":400,"balW":0,"secs":24.7,"apertura":"0,-2,4>-1,-1,4 1,3,-2>2,2,-2 2,-2,2>2,-1,1 -2,3,0>-1,2,1 1,-2,3>0,-1,3 -3,3,1>-3,2,2"}
{"par":12,"whiteIs":"A","ptsW":1,"res":"mate","plies":281,"balW":100,"secs":17.2,"apertura":"2,-2,1>1,-1,1 -1,3,0>-2,2,1 1,-1,1>1,0,0 1,3,-3>2,2,-2 4,-2,-1>3,-1,-1 -2,3,1>-1,2,1"}
{"par":12,"whiteIs":"B","ptsW":0,"res":"mate","plies":170,"balW":-100,"secs":13.3,"apertura":"2,-2,1>1,-1,1 -1,3,0>-2,2,1 1,-1,1>1,0,0 1,3,-3>2,2,-2 4,-2,-1>3,-1,-1 -2,3,1>-1,2,1"}
{"par":13,"whiteIs":"A","ptsW":1,"res":"mate","plies":207,"balW":-300,"secs":16.5,"apertura":"2,-2,2>1,-1,2 1,3,-2>2,2,-3 1,-2,2>2,-1,1 0,3,-2>0,2,-1 1,-1,2>0,0,2 0,3,-1>-1,2,0"}
{"par":13,"whiteIs":"B","ptsW":0.5,"res":"fifty","plies":336,"balW":-500,"secs":20.5,"apertura":"2,-2,2>1,-1,2 1,3,-2>2,2,-3 1,-2,2>2,-1,1 0,3,-2>0,2,-1 1,-1,2>0,0,2 0,3,-1>-1,2,0"}
{"par":14,"whiteIs":"A","ptsW":0.5,"res":"fifty","plies":330,"balW":-300,"secs":20.6,"apertura":"1,-2,2>1,-1,1 -2,3,0>-2,2,1 1,-1,1>0,0,2 0,3,-2>0,2,-1 3,-2,0>2,-1,1 -1,3,-1>-1,2,0"}
{"par":14,"whiteIs":"B","ptsW":0.5,"res":"fifty","plies":398,"balW":-500,"secs":30.6,"apertura":"1,-2,2>1,-1,1 -2,3,0>-2,2,1 1,-1,1>0,0,2 0,3,-2>0,2,-1 3,-2,0>2,-1,1 -1,3,-1>-1,2,0"}
{"par":15,"whiteIs":"A","ptsW":0,"res":"mate","plies":212,"balW":-200,"secs":34.1,"apertura":"4,-2,0>3,-1,-1 0,3,-1>1,2,-1 3,-1,-1>2,-1,0 -3,3,2>-2,2,1 1,-2,3>0,-1,2 -3,3,1>-3,2,2"}
{"par":15,"whiteIs":"B","ptsW":0.5,"res":"fifty","plies":361,"balW":-100,"secs":32.4,"apertura":"4,-2,0>3,-1,-1 0,3,-1>1,2,-1 3,-1,-1>2,-1,0 -3,3,2>-2,2,1 1,-2,3>0,-1,2 -3,3,1>-3,2,2"}
{"par":16,"whiteIs":"A","ptsW":null,"res":"tope","plies":400,"balW":-100,"secs":21.8,"apertura":"1,-2,3>0,-1,3 1,3,-3>1,2,-2 0,-2,4>1,-2,3 0,4,-2>1,3,-3 0,-1,3>-1,-1,3 1,2,-2>1,2,-1"}
{"par":16,"whiteIs":"B","ptsW":0.5,"res":"fifty","plies":374,"balW":-600,"secs":26.2,"apertura":"1,-2,3>0,-1,3 1,3,-3>1,2,-2 0,-2,4>1,-2,3 0,4,-2>1,3,-3 0,-1,3>-1,-1,3 1,2,-2>1,2,-1"}
{"par":17,"whiteIs":"A","ptsW":0.5,"res":"fifty","plies":289,"balW":100,"secs":20.3,"apertura":"-1,-2,4>-1,-1,3 -2,3,1>-2,2,1 1,-2,2>1,-1,2 -3,3,2>-2,3,1 0,-2,4>-1,-1,4 -2,2,1>-2,1,2"}
{"par":17,"whiteIs":"B","ptsW":null,"res":"tope","plies":400,"balW":0,"secs":30.7,"apertura":"-1,-2,4>-1,-1,3 -2,3,1>-2,2,1 1,-2,2>1,-1,2 -3,3,2>-2,3,1 0,-2,4>-1,-1,4 -2,2,1>-2,1,2"}
{"par":18,"whiteIs":"A","ptsW":0.5,"res":"fifty","plies":315,"balW":700,"secs":28.3,"apertura":"1,-2,3>0,-1,2 0,3,-1>0,2,0 1,-2,2>1,-2,3 -1,3,0>-2,2,1 0,-1,2>0,-1,3 -2,3,1>-1,3,0"}
{"par":18,"whiteIs":"B","ptsW":null,"res":"tope","plies":400,"balW":-100,"secs":25.5,"apertura":"1,-2,3>0,-1,2 0,3,-1>0,2,0 1,-2,2>1,-2,3 -1,3,0>-2,2,1 0,-1,2>0,-1,3 -2,3,1>-1,3,0"}
{"par":19,"whiteIs":"A","ptsW":0,"res":"mate","plies":52,"balW":-400,"secs":7.5,"apertura":"3,-2,0>3,-1,0 -2,3,1>-1,2,1 3,-1,0>2,-1,1 -1,3,0>-1,2,0 2,-1,1>2,-1,0 0,3,-1>1,2,-2"}
{"par":19,"whiteIs":"B","ptsW":null,"res":"tope","plies":400,"balW":-500,"secs":28.1,"apertura":"3,-2,0>3,-1,0 -2,3,1>-1,2,1 3,-1,0>2,-1,1 -1,3,0>-1,2,0 2,-1,1>2,-1,0 0,3,-1>1,2,-2"}
{"par":20,"whiteIs":"A","ptsW":0.5,"res":"fifty","plies":314,"balW":-400,"secs":16.1,"apertura":"1,-2,2>1,-1,2 -2,3,1>-3,2,2 2,-3,3>1,-2,2 -3,2,2>-2,2,1 0,-2,4>-1,-1,3 0,3,-1>1,2,-2"}
{"par":20,"whiteIs":"B","ptsW":0,"res":"mate","plies":206,"balW":-200,"secs":11.5,"apertura":"1,-2,2>1,-1,2 -2,3,1>-3,2,2 2,-3,3>1,-2,2 -3,2,2>-2,2,1 0,-2,4>-1,-1,3 0,3,-1>1,2,-2"}
{"par":21,"whiteIs":"A","ptsW":1,"res":"mate","plies":339,"balW":500,"secs":16.2,"apertura":"3,-2,0>2,-1,1 -2,3,0>-2,2,1 2,-1,1>2,0,0 -3,3,2>-2,2,2 4,-2,-1>3,-1,0 -2,2,1>-2,3,0"}
{"par":21,"whiteIs":"B","ptsW":null,"res":"tope","plies":400,"balW":200,"secs":18.1,"apertura":"3,-2,0>2,-1,1 -2,3,0>-2,2,1 2,-1,1>2,0,0 -3,3,2>-2,2,2 4,-2,-1>3,-1,0 -2,2,1>-2,3,0"}
{"par":22,"whiteIs":"A","ptsW":1,"res":"mate","plies":127,"balW":100,"secs":8.3,"apertura":"0,-2,4>-1,-1,3 -3,3,1>-2,2,1 3,-2,0>3,-1,-1 -1,3,-1>-1,2,0 3,-1,-1>3,-1,0 -2,3,1>-2,2,2"}
{"par":22,"whiteIs":"B","ptsW":null,"res":"tope","plies":400,"balW":-100,"secs":17,"apertura":"0,-2,4>-1,-1,3 -3,3,1>-2,2,1 3,-2,0>3,-1,-1 -1,3,-1>-1,2,0 3,-1,-1>3,-1,0 -2,3,1>-2,2,2"}
{"par":23,"whiteIs":"A","ptsW":0.5,"res":"fifty","plies":399,"balW":0,"secs":15.8,"apertura":"1,-2,3>0,-1,3 1,3,-2>2,2,-3 4,-2,-1>3,-1,-1 2,3,-3>3,2,-3 3,-2,0>2,-1,0 2,2,-3>2,3,-3"}
{"par":23,"whiteIs":"B","ptsW":0,"res":"mate","plies":298,"balW":-500,"secs":15.5,"apertura":"1,-2,3>0,-1,3 1,3,-2>2,2,-3 4,-2,-1>3,-1,-1 2,3,-3>3,2,-3 3,-2,0>2,-1,0 2,2,-3>2,3,-3"}
{"par":24,"whiteIs":"A","ptsW":0.5,"res":"fifty","plies":352,"balW":-300,"secs":23.8,"apertura":"0,-2,3>0,-1,3 -1,3,0>-1,2,1 2,-2,2>2,-1,1 -3,3,1>-2,2,1 3,-3,1>2,-2,2 2,3,-3>3,2,-3"}
{"par":24,"whiteIs":"B","ptsW":1,"res":"mate","plies":293,"balW":200,"secs":33.1,"apertura":"0,-2,3>0,-1,3 -1,3,0>-1,2,1 2,-2,2>2,-1,1 -3,3,1>-2,2,1 3,-3,1>2,-2,2 2,3,-3>3,2,-3"}
{"par":25,"whiteIs":"A","ptsW":1,"res":"mate","plies":283,"balW":600,"secs":17.3,"apertura":"-1,-2,4>-1,-1,4 -3,3,1>-2,2,2 -1,-1,4>-2,0,4 -2,2,2>-3,3,1 0,-2,4>-1,-1,4 1,3,-3>2,2,-3"}
{"par":25,"whiteIs":"B","ptsW":null,"res":"tope","plies":400,"balW":-100,"secs":16.7,"apertura":"-1,-2,4>-1,-1,4 -3,3,1>-2,2,2 -1,-1,4>-2,0,4 -2,2,2>-3,3,1 0,-2,4>-1,-1,4 1,3,-3>2,2,-3"}
{"par":26,"whiteIs":"A","ptsW":1,"res":"mate","plies":163,"balW":0,"secs":10.9,"apertura":"0,-2,3>-1,-1,3 0,3,-1>0,2,0 2,-2,2>1,-1,1 -3,3,1>-2,2,1 3,-2,1>2,-1,0 -1,3,0>0,2,-1"}
{"par":26,"whiteIs":"B","ptsW":0.5,"res":"fifty","plies":292,"balW":-400,"secs":13.1,"apertura":"0,-2,3>-1,-1,3 0,3,-1>0,2,0 2,-2,2>1,-1,1 -3,3,1>-2,2,1 3,-2,1>2,-1,0 -1,3,0>0,2,-1"}
{"par":27,"whiteIs":"A","ptsW":0.5,"res":"fifty","plies":339,"balW":-100,"secs":16.8,"apertura":"0,-2,4>-1,-1,4 -3,3,1>-3,2,2 -1,-2,4>-2,-1,4 -1,3,0>0,2,0 1,-2,2>0,-1,3 -2,3,0>-3,3,1"}
{"par":27,"whiteIs":"B","ptsW":1,"res":"mate","plies":319,"balW":400,"secs":16.1,"apertura":"0,-2,4>-1,-1,4 -3,3,1>-3,2,2 -1,-2,4>-2,-1,4 -1,3,0>0,2,0 1,-2,2>0,-1,3 -2,3,0>-3,3,1"}
{"par":28,"whiteIs":"A","ptsW":1,"res":"mate","plies":209,"balW":300,"secs":13.2,"apertura":"2,-2,2>2,-1,1 2,3,-3>1,2,-2 2,-1,1>1,-1,2 -1,3,-1>0,2,-1 2,-3,3>2,-2,2 -1,4,-2>-1,3,-1"}
{"par":28,"whiteIs":"B","ptsW":0.5,"res":"fifty","plies":393,"balW":300,"secs":18.3,"apertura":"2,-2,2>2,-1,1 2,3,-3>1,2,-2 2,-1,1>1,-1,2 -1,3,-1>0,2,-1 2,-3,3>2,-2,2 -1,4,-2>-1,3,-1"}
{"par":29,"whiteIs":"A","ptsW":0,"res":"mate","plies":212,"balW":-300,"secs":11.8,"apertura":"-1,-2,4>0,-1,3 -3,3,2>-3,2,3 2,-2,1>3,-1,0 2,3,-3>2,2,-2 0,-1,3>0,-1,2 -2,3,0>-2,2,1"}
{"par":29,"whiteIs":"B","ptsW":null,"res":"tope","plies":400,"balW":-300,"secs":18.7,"apertura":"-1,-2,4>0,-1,3 -3,3,2>-3,2,3 2,-2,1>3,-1,0 2,3,-3>2,2,-2 0,-1,3>0,-1,2 -2,3,0>-2,2,1"}
{"par":30,"whiteIs":"A","ptsW":0.5,"res":"fifty","plies":252,"balW":-100,"secs":13.7,"apertura":"0,-2,4>-1,-1,3 1,3,-2>0,2,-1 -1,-1,3>-2,0,4 -1,3,0>0,2,0 -2,0,4>-1,0,3 -3,3,2>-2,2,2"}
{"par":30,"whiteIs":"B","ptsW":0.5,"res":"fifty","plies":374,"balW":-400,"secs":18.5,"apertura":"0,-2,4>-1,-1,3 1,3,-2>0,2,-1 -1,-1,3>-2,0,4 -1,3,0>0,2,0 -2,0,4>-1,0,3 -3,3,2>-2,2,2"}
{"par":31,"whiteIs":"A","ptsW":0.5,"res":"fifty","plies":300,"balW":-400,"secs":14.6,"apertura":"-1,-2,4>-1,-1,3 -1,3,0>-2,2,1 4,-2,-1>3,-1,-1 -2,4,0>-1,3,0 1,-2,3>0,-1,2 -3,3,2>-3,2,3"}
{"par":31,"whiteIs":"B","ptsW":0.5,"res":"fifty","plies":363,"balW":-200,"secs":15.6,"apertura":"-1,-2,4>-1,-1,3 -1,3,0>-2,2,1 4,-2,-1>3,-1,-1 -2,4,0>-1,3,0 1,-2,3>0,-1,2 -3,3,2>-3,2,3"}
{"par":32,"whiteIs":"A","ptsW":null,"res":"tope","plies":400,"balW":-200,"secs":17.3,"apertura":"1,-2,3>1,-1,2 2,3,-3>2,2,-3 0,-2,3>-1,-1,3 1,3,-2>1,2,-2 -1,-1,3>0,-2,3 -1,3,-1>0,2,-1"}
{"par":32,"whiteIs":"B","ptsW":0.5,"res":"fifty","plies":312,"balW":-400,"secs":16,"apertura":"1,-2,3>1,-1,2 2,3,-3>2,2,-3 0,-2,3>-1,-1,3 1,3,-2>1,2,-2 -1,-1,3>0,-2,3 -1,3,-1>0,2,-1"}
{"par":33,"whiteIs":"A","ptsW":0,"res":"mate","plies":208,"balW":-100,"secs":11.8,"apertura":"2,-2,1>2,-1,0 -3,3,2>-3,2,3 0,-2,3>-1,-1,3 1,3,-3>2,2,-3 3,-3,1>2,-2,1 -3,3,1>-3,2,2"}
{"par":33,"whiteIs":"B","ptsW":0,"res":"mate","plies":150,"balW":-600,"secs":11.7,"apertura":"2,-2,1>2,-1,0 -3,3,2>-3,2,3 0,-2,3>-1,-1,3 1,3,-3>2,2,-3 3,-3,1>2,-2,1 -3,3,1>-3,2,2"}
{"par":34,"whiteIs":"A","ptsW":0,"res":"mate","plies":192,"balW":-100,"secs":10.9,"apertura":"3,-2,0>3,-1,-1 2,3,-3>2,2,-3 1,-2,2>0,-1,3 -3,3,2>-2,2,2 3,-1,-1>4,0,-2 -2,2,2>-1,1,1"}
{"par":34,"whiteIs":"B","ptsW":null,"res":"tope","plies":400,"balW":500,"secs":18.5,"apertura":"3,-2,0>3,-1,-1 2,3,-3>2,2,-3 1,-2,2>0,-1,3 -3,3,2>-2,2,2 3,-1,-1>4,0,-2 -2,2,2>-1,1,1"}
{"par":35,"whiteIs":"A","ptsW":0,"res":"mate","plies":204,"balW":100,"secs":14.1,"apertura":"0,-2,4>-1,-1,3 1,3,-3>2,2,-2 1,-2,3>0,-1,3 -2,3,0>-1,2,0 3,-2,0>4,-1,-1 -3,3,2>-3,2,3"}
{"par":35,"whiteIs":"B","ptsW":0.5,"res":"fifty","plies":301,"balW":-400,"secs":14.3,"apertura":"0,-2,4>-1,-1,3 1,3,-3>2,2,-2 1,-2,3>0,-1,3 -2,3,0>-1,2,0 3,-2,0>4,-1,-1 -3,3,2>-3,2,3"}
{"par":36,"whiteIs":"A","ptsW":0.5,"res":"fifty","plies":343,"balW":300,"secs":14.6,"apertura":"2,-2,2>1,-1,2 0,3,-1>0,2,-1 4,-2,-1>3,-1,-1 -1,4,-2>0,3,-1 1,-2,2>0,-1,3 0,3,-2>1,2,-1"}
{"par":36,"whiteIs":"B","ptsW":0,"res":"mate","plies":280,"balW":-100,"secs":13.1,"apertura":"2,-2,2>1,-1,2 0,3,-1>0,2,-1 4,-2,-1>3,-1,-1 -1,4,-2>0,3,-1 1,-2,2>0,-1,3 0,3,-2>1,2,-1"}
{"par":37,"whiteIs":"A","ptsW":1,"res":"mate","plies":377,"balW":600,"secs":15.9,"apertura":"0,-2,3>-1,-1,3 0,3,-1>1,2,-2 1,-3,3>0,-2,3 0,4,-2>0,3,-1 3,-2,1>2,-1,1 -1,4,-2>0,4,-2"}
{"par":37,"whiteIs":"B","ptsW":0.5,"res":"fifty","plies":310,"balW":-300,"secs":18.4,"apertura":"0,-2,3>-1,-1,3 0,3,-1>1,2,-2 1,-3,3>0,-2,3 0,4,-2>0,3,-1 3,-2,1>2,-1,1 -1,4,-2>0,4,-2"}
{"par":38,"whiteIs":"A","ptsW":null,"res":"tope","plies":400,"balW":-100,"secs":16.6,"apertura":"3,-2,1>2,-1,0 -1,3,0>-1,2,0 4,-2,0>3,-2,1 -1,2,0>0,2,-1 2,-1,0>2,-1,1 0,3,-2>1,2,-2"}
{"par":38,"whiteIs":"B","ptsW":null,"res":"tope","plies":400,"balW":0,"secs":20,"apertura":"3,-2,1>2,-1,0 -1,3,0>-1,2,0 4,-2,0>3,-2,1 -1,2,0>0,2,-1 2,-1,0>2,-1,1 0,3,-2>1,2,-2"}
{"par":39,"whiteIs":"A","ptsW":1,"res":"mate","plies":291,"balW":500,"secs":15.8,"apertura":"0,-2,3>0,-1,2 -1,3,0>0,2,0 0,-2,4>-1,-1,3 2,3,-3>2,2,-3 0,-1,2>0,-1,3 2,2,-3>2,1,-2"}
{"par":39,"whiteIs":"B","ptsW":0,"res":"mate","plies":160,"balW":0,"secs":11.3,"apertura":"0,-2,3>0,-1,2 -1,3,0>0,2,0 0,-2,4>-1,-1,3 2,3,-3>2,2,-3 0,-1,2>0,-1,3 2,2,-3>2,1,-2"}
{"par":40,"whiteIs":"A","ptsW":0.5,"res":"fifty","plies":361,"balW":300,"secs":18,"apertura":"2,-2,2>1,-1,1 -2,3,1>-2,2,2 -1,-2,4>-1,-1,3 -1,3,0>0,2,-1 -1,-1,3>0,0,2 0,2,-1>1,2,-2"}
{"par":40,"whiteIs":"B","ptsW":0.5,"res":"fifty","plies":358,"balW":-200,"secs":16.9,"apertura":"2,-2,2>1,-1,1 -2,3,1>-2,2,2 -1,-2,4>-1,-1,3 -1,3,0>0,2,-1 -1,-1,3>0,0,2 0,2,-1>1,2,-2"}
{"par":41,"whiteIs":"A","ptsW":null,"res":"tope","plies":400,"balW":-500,"secs":18.3,"apertura":"1,-2,2>1,-1,2 -1,3,0>-2,2,1 1,-1,2>0,0,1 0,3,-2>1,2,-1 -1,-2,4>-2,-1,4 2,3,-3>1,2,-2"}
{"par":41,"whiteIs":"B","ptsW":1,"res":"mate","plies":221,"balW":-200,"secs":11,"apertura":"1,-2,2>1,-1,2 -1,3,0>-2,2,1 1,-1,2>0,0,1 0,3,-2>1,2,-1 -1,-2,4>-2,-1,4 2,3,-3>1,2,-2"}
{"par":42,"whiteIs":"A","ptsW":0,"res":"mate","plies":334,"balW":-100,"secs":16.4,"apertura":"2,-2,1>2,-1,1 -3,3,1>-2,2,1 2,-2,2>1,-1,2 -1,3,-1>0,2,-1 3,-3,2>2,-2,1 0,3,-2>1,2,-2"}
{"par":42,"whiteIs":"B","ptsW":0.5,"res":"fifty","plies":323,"balW":-100,"secs":15,"apertura":"2,-2,1>2,-1,1 -3,3,1>-2,2,1 2,-2,2>1,-1,2 -1,3,-1>0,2,-1 3,-3,2>2,-2,1 0,3,-2>1,2,-2"}
{"par":43,"whiteIs":"A","ptsW":1,"res":"mate","plies":241,"balW":0,"secs":13.6,"apertura":"1,-2,2>1,-1,2 2,3,-3>2,2,-2 1,-1,2>0,0,1 -1,3,0>-1,2,1 4,-2,-1>3,-1,0 -2,3,1>-1,2,0"}
{"par":43,"whiteIs":"B","ptsW":0,"res":"mate","plies":352,"balW":-500,"secs":16.9,"apertura":"1,-2,2>1,-1,2 2,3,-3>2,2,-2 1,-1,2>0,0,1 -1,3,0>-1,2,1 4,-2,-1>3,-1,0 -2,3,1>-1,2,0"}
{"par":44,"whiteIs":"A","ptsW":1,"res":"mate","plies":247,"balW":0,"secs":10.7,"apertura":"1,-2,3>0,-1,3 -3,3,1>-3,2,2 0,-1,3>-1,0,3 0,3,-2>0,2,-1 -1,0,3>-2,1,2 1,3,-2>0,3,-2"}
{"par":44,"whiteIs":"B","ptsW":0.5,"res":"fifty","plies":324,"balW":-400,"secs":15.9,"apertura":"1,-2,3>0,-1,3 -3,3,1>-3,2,2 0,-1,3>-1,0,3 0,3,-2>0,2,-1 -1,0,3>-2,1,2 1,3,-2>0,3,-2"}
{"par":45,"whiteIs":"A","ptsW":0.5,"res":"fifty","plies":363,"balW":-100,"secs":16.4,"apertura":"3,-2,1>2,-1,0 1,3,-2>2,2,-2 0,-2,4>-1,-1,3 0,3,-1>1,2,-1 2,-2,1>2,-1,1 0,4,-2>0,3,-1"}
{"par":45,"whiteIs":"B","ptsW":null,"res":"tope","plies":400,"balW":-300,"secs":19.1,"apertura":"3,-2,1>2,-1,0 1,3,-2>2,2,-2 0,-2,4>-1,-1,3 0,3,-1>1,2,-1 2,-2,1>2,-1,1 0,4,-2>0,3,-1"}
{"par":46,"whiteIs":"A","ptsW":0.5,"res":"fifty","plies":395,"balW":300,"secs":17.8,"apertura":"0,-2,3>-1,-1,3 0,3,-1>0,2,0 4,-2,-1>4,-1,-2 1,3,-2>0,3,-1 1,-3,3>0,-2,3 2,3,-3>1,2,-2"}
{"par":46,"whiteIs":"B","ptsW":1,"res":"mate","plies":89,"balW":400,"secs":6.5,"apertura":"0,-2,3>-1,-1,3 0,3,-1>0,2,0 4,-2,-1>4,-1,-2 1,3,-2>0,3,-1 1,-3,3>0,-2,3 2,3,-3>1,2,-2"}
{"par":47,"whiteIs":"A","ptsW":0.5,"res":"fifty","plies":305,"balW":300,"secs":15.7,"apertura":"-1,-2,4>-1,-1,4 1,3,-2>0,2,-1 -1,-1,4>-1,-1,3 0,4,-2>1,3,-2 2,-2,1>1,-1,1 0,3,-2>0,4,-2"}
{"par":47,"whiteIs":"B","ptsW":0.5,"res":"fifty","plies":336,"balW":-400,"secs":17.6,"apertura":"-1,-2,4>-1,-1,4 1,3,-2>0,2,-1 -1,-1,4>-1,-1,3 0,4,-2>1,3,-2 2,-2,1>1,-1,1 0,3,-2>0,4,-2"}
{"par":48,"whiteIs":"A","ptsW":0.5,"res":"fifty","plies":340,"balW":-200,"secs":15.8,"apertura":"0,-2,4>-1,-1,3 -2,3,0>-1,2,1 -1,-1,3>0,-1,3 -1,2,1>-1,2,0 1,-2,2>2,-1,1 -1,2,0>-1,2,1"}
{"par":48,"whiteIs":"B","ptsW":0.5,"res":"fifty","plies":386,"balW":0,"secs":17.8,"apertura":"0,-2,4>-1,-1,3 -2,3,0>-1,2,1 -1,-1,3>0,-1,3 -1,2,1>-1,2,0 1,-2,2>2,-1,1 -1,2,0>-1,2,1"}
{"par":49,"whiteIs":"A","ptsW":0.5,"res":"fifty","plies":374,"balW":100,"secs":13.1,"apertura":"0,-2,3>0,-1,2 0,3,-1>1,2,-2 4,-2,0>4,-1,-1 -1,3,-1>-1,2,0 3,-2,0>2,-1,0 0,3,-2>0,2,-1"}
{"par":49,"whiteIs":"B","ptsW":1,"res":"mate","plies":165,"balW":100,"secs":7.9,"apertura":"0,-2,3>0,-1,2 0,3,-1>1,2,-2 4,-2,0>4,-1,-1 -1,3,-1>-1,2,0 3,-2,0>2,-1,0 0,3,-2>0,2,-1"}
{"par":50,"whiteIs":"A","ptsW":null,"res":"tope","plies":400,"balW":-200,"secs":13.2,"apertura":"2,-2,2>2,-1,1 2,3,-3>2,2,-3 1,-2,2>0,-1,3 0,3,-1>-1,2,0 2,-2,1>2,-1,0 -1,2,0>-2,2,1"}
{"par":50,"whiteIs":"B","ptsW":0.5,"res":"fifty","plies":346,"balW":-200,"secs":12.6,"apertura":"2,-2,2>2,-1,1 2,3,-3>2,2,-3 1,-2,2>0,-1,3 0,3,-1>-1,2,0 2,-2,1>2,-1,0 -1,2,0>-2,2,1"}

# {"fecha":"2026-08-26T12:24:23.211Z","modalidad":"rps-rey","A":{"nombre":"vigente","cfg":{"depth":24,"mobility":true,"order":true,"quiesce":true,"nodes":4500}},"B":{"nombre":"bajada-005-015","cfg":{"depth":24,"mobility":true,"order":true,"quiesce":true,"nodes":4500,"rps":{"AMENAZA":0.05,"AMENAZA_COLGADA":0.15}}},"MAX_PLIES":400,"FIFTY":80,"OPENING_PLIES":6,"SEED":302,"FIRST":51,"PAIRS":50,"libro":"/Users/salasgar/Documents/git/Ajedrez-triangular/entrenamiento/libro-rps-rey.json"}
{"par":51,"whiteIs":"A","ptsW":0.5,"res":"fifty","plies":331,"balW":-100,"secs":60.1,"apertura":"0,-2,4>-1,-1,3 -2,3,1>-2,2,1 2,-2,1>2,-1,1 -2,2,1>-2,3,1 2,-2,2>1,-1,1 0,3,-1>1,2,-2"}
{"par":51,"whiteIs":"B","ptsW":0,"res":"mate","plies":292,"balW":-100,"secs":68.5,"apertura":"0,-2,4>-1,-1,3 -2,3,1>-2,2,1 2,-2,1>2,-1,1 -2,2,1>-2,3,1 2,-2,2>1,-1,1 0,3,-1>1,2,-2"}
{"par":52,"whiteIs":"A","ptsW":0,"res":"mate","plies":278,"balW":-300,"secs":27.7,"apertura":"0,-2,3>0,-1,3 1,3,-2>2,2,-2 1,-3,4>0,-2,3 0,4,-3>1,3,-2 0,-2,4>-1,-1,3 -3,3,1>-2,2,1"}
{"par":52,"whiteIs":"B","ptsW":1,"res":"mate","plies":113,"balW":300,"secs":14.1,"apertura":"0,-2,3>0,-1,3 1,3,-2>2,2,-2 1,-3,4>0,-2,3 0,4,-3>1,3,-2 0,-2,4>-1,-1,3 -3,3,1>-2,2,1"}
{"par":53,"whiteIs":"A","ptsW":0.5,"res":"fifty","plies":324,"balW":-400,"secs":37.4,"apertura":"3,-2,0>4,-1,-1 -1,3,0>0,2,-1 3,-2,1>2,-1,1 -1,3,-1>0,2,0 4,-2,0>3,-1,0 0,2,-1>-1,3,-1"}
{"par":53,"whiteIs":"B","ptsW":1,"res":"mate","plies":197,"balW":300,"secs":19.4,"apertura":"3,-2,0>4,-1,-1 -1,3,0>0,2,-1 3,-2,1>2,-1,1 -1,3,-1>0,2,0 4,-2,0>3,-1,0 0,2,-1>-1,3,-1"}
{"par":54,"whiteIs":"A","ptsW":0.5,"res":"fifty","plies":325,"balW":200,"secs":22.9,"apertura":"3,-2,0>2,-1,0 1,3,-3>1,2,-2 2,-1,0>1,0,0 1,2,-2>2,2,-3 4,-3,1>3,-2,0 2,2,-3>1,2,-2"}
{"par":54,"whiteIs":"B","ptsW":1,"res":"mate","plies":301,"balW":200,"secs":27.5,"apertura":"3,-2,0>2,-1,0 1,3,-3>1,2,-2 2,-1,0>1,0,0 1,2,-2>2,2,-3 4,-3,1>3,-2,0 2,2,-3>1,2,-2"}
{"par":55,"whiteIs":"A","ptsW":0.5,"res":"fifty","plies":393,"balW":100,"secs":29,"apertura":"4,-2,-1>3,-1,0 1,3,-3>2,2,-3 1,-2,2>0,-1,3 0,3,-2>1,2,-2 3,-2,0>2,-1,0 1,3,-2>0,2,-1"}
{"par":55,"whiteIs":"B","ptsW":0.5,"res":"fifty","plies":392,"balW":-100,"secs":37.3,"apertura":"4,-2,-1>3,-1,0 1,3,-3>2,2,-3 1,-2,2>0,-1,3 0,3,-2>1,2,-2 3,-2,0>2,-1,0 1,3,-2>0,2,-1"}
{"par":56,"whiteIs":"A","ptsW":1,"res":"mate","plies":195,"balW":700,"secs":29.5,"apertura":"4,-2,0>3,-1,-1 0,3,-1>0,2,0 3,-1,-1>2,-1,0 2,3,-3>2,2,-2 1,-2,2>1,-1,2 1,3,-3>1,2,-2"}
{"par":56,"whiteIs":"B","ptsW":null,"res":"tope","plies":400,"balW":-200,"secs":21,"apertura":"4,-2,0>3,-1,-1 0,3,-1>0,2,0 3,-1,-1>2,-1,0 2,3,-3>2,2,-2 1,-2,2>1,-1,2 1,3,-3>1,2,-2"}
{"par":57,"whiteIs":"A","ptsW":0.5,"res":"fifty","plies":336,"balW":-300,"secs":19.1,"apertura":"2,-2,1>2,-1,0 -2,3,1>-1,2,0 1,-2,3>0,-1,3 -3,3,2>-3,2,2 2,-1,0>2,0,0 1,3,-2>0,2,-1"}
{"par":57,"whiteIs":"B","ptsW":0.5,"res":"fifty","plies":359,"balW":-300,"secs":18.4,"apertura":"2,-2,1>2,-1,0 -2,3,1>-1,2,0 1,-2,3>0,-1,3 -3,3,2>-3,2,2 2,-1,0>2,0,0 1,3,-2>0,2,-1"}
{"par":58,"whiteIs":"A","ptsW":0.5,"res":"fifty","plies":345,"balW":200,"secs":17.3,"apertura":"1,-2,2>2,-1,1 0,3,-1>-1,2,0 1,-2,3>1,-1,2 -1,2,0>-1,1,1 0,-2,3>0,-1,3 1,3,-2>1,2,-1"}
{"par":58,"whiteIs":"B","ptsW":null,"res":"tope","plies":400,"balW":-300,"secs":17.9,"apertura":"1,-2,2>2,-1,1 0,3,-1>-1,2,0 1,-2,3>1,-1,2 -1,2,0>-1,1,1 0,-2,3>0,-1,3 1,3,-2>1,2,-1"}
{"par":59,"whiteIs":"A","ptsW":0.5,"res":"fifty","plies":289,"balW":200,"secs":29.7,"apertura":"4,-2,0>3,-1,-1 -2,3,1>-1,2,1 3,-2,1>2,-1,1 -1,2,1>-2,2,1 2,-1,1>1,0,0 -2,2,1>-2,2,2"}
{"par":59,"whiteIs":"B","ptsW":null,"res":"tope","plies":400,"balW":0,"secs":22.3,"apertura":"4,-2,0>3,-1,-1 -2,3,1>-1,2,1 3,-2,1>2,-1,1 -1,2,1>-2,2,1 2,-1,1>1,0,0 -2,2,1>-2,2,2"}
{"par":60,"whiteIs":"A","ptsW":0.5,"res":"fifty","plies":291,"balW":500,"secs":16.1,"apertura":"3,-2,0>2,-1,1 2,3,-3>3,2,-3 2,-1,1>3,-2,0 -1,3,0>-2,2,1 2,-2,2>2,-1,1 -1,3,-1>0,2,0"}
{"par":60,"whiteIs":"B","ptsW":0.5,"res":"fifty","plies":329,"balW":500,"secs":22.4,"apertura":"3,-2,0>2,-1,1 2,3,-3>3,2,-3 2,-1,1>3,-2,0 -1,3,0>-2,2,1 2,-2,2>2,-1,1 -1,3,-1>0,2,0"}
{"par":61,"whiteIs":"A","ptsW":null,"res":"tope","plies":400,"balW":0,"secs":24.6,"apertura":"4,-2,-1>4,-1,-2 0,3,-1>0,2,0 4,-1,-2>3,0,-2 0,2,0>-1,2,1 2,-2,1>3,-1,0 -1,2,1>0,1,1"}
{"par":61,"whiteIs":"B","ptsW":0.5,"res":"fifty","plies":282,"balW":-600,"secs":17.9,"apertura":"4,-2,-1>4,-1,-2 0,3,-1>0,2,0 4,-1,-2>3,0,-2 0,2,0>-1,2,1 2,-2,1>3,-1,0 -1,2,1>0,1,1"}
{"par":62,"whiteIs":"A","ptsW":0,"res":"mate","plies":150,"balW":-100,"secs":15.6,"apertura":"4,-2,-1>3,-1,0 1,3,-2>0,2,-1 4,-2,0>3,-1,-1 -3,3,1>-2,2,2 -1,-2,4>0,-1,3 -2,2,2>-3,3,1"}
{"par":62,"whiteIs":"B","ptsW":null,"res":"tope","plies":400,"balW":300,"secs":19.7,"apertura":"4,-2,-1>3,-1,0 1,3,-2>0,2,-1 4,-2,0>3,-1,-1 -3,3,1>-2,2,2 -1,-2,4>0,-1,3 -2,2,2>-3,3,1"}
{"par":63,"whiteIs":"A","ptsW":0.5,"res":"fifty","plies":362,"balW":400,"secs":23.2,"apertura":"3,-2,1>3,-1,0 0,3,-2>1,2,-1 3,-1,0>2,0,-1 1,2,-1>0,2,-1 1,-2,2>1,-1,1 -3,3,2>-2,2,1"}
{"par":63,"whiteIs":"B","ptsW":0.5,"res":"fifty","plies":298,"balW":0,"secs":18,"apertura":"3,-2,1>3,-1,0 0,3,-2>1,2,-1 3,-1,0>2,0,-1 1,2,-1>0,2,-1 1,-2,2>1,-1,1 -3,3,2>-2,2,1"}
{"par":64,"whiteIs":"A","ptsW":0.5,"res":"fifty","plies":323,"balW":200,"secs":18.8,"apertura":"0,-2,4>0,-1,3 2,3,-3>1,2,-2 4,-2,-1>3,-1,0 1,2,-2>2,3,-3 0,-1,3>-1,0,2 -1,3,0>0,2,-1"}
{"par":64,"whiteIs":"B","ptsW":1,"res":"mate","plies":179,"balW":100,"secs":15.7,"apertura":"0,-2,4>0,-1,3 2,3,-3>1,2,-2 4,-2,-1>3,-1,0 1,2,-2>2,3,-3 0,-1,3>-1,0,2 -1,3,0>0,2,-1"}
{"par":65,"whiteIs":"A","ptsW":0.5,"res":"fifty","plies":306,"balW":100,"secs":18,"apertura":"1,-2,2>1,-1,1 0,3,-1>1,2,-1 -1,-2,4>-1,-1,3 -3,3,2>-2,2,2 1,-1,1>0,-1,2 0,3,-2>0,2,-1"}
{"par":65,"whiteIs":"B","ptsW":1,"res":"mate","plies":313,"balW":300,"secs":32.2,"apertura":"1,-2,2>1,-1,1 0,3,-1>1,2,-1 -1,-2,4>-1,-1,3 -3,3,2>-2,2,2 1,-1,1>0,-1,2 0,3,-2>0,2,-1"}
{"par":66,"whiteIs":"A","ptsW":1,"res":"mate","plies":379,"balW":100,"secs":35.5,"apertura":"2,-2,2>1,-1,2 2,3,-3>3,2,-3 3,-2,1>2,-2,2 -1,3,0>-1,2,1 4,-2,0>3,-2,1 1,3,-3>2,3,-3"}
{"par":66,"whiteIs":"B","ptsW":0,"res":"mate","plies":206,"balW":-100,"secs":20.9,"apertura":"2,-2,2>1,-1,2 2,3,-3>3,2,-3 3,-2,1>2,-2,2 -1,3,0>-1,2,1 4,-2,0>3,-2,1 1,3,-3>2,3,-3"}
{"par":67,"whiteIs":"A","ptsW":0.5,"res":"fifty","plies":316,"balW":-300,"secs":20.3,"apertura":"2,-2,1>2,-1,1 1,3,-2>0,2,-1 -1,-2,4>-1,-1,4 -2,3,1>-2,2,2 4,-2,0>3,-1,-1 0,3,-2>1,2,-1"}
{"par":67,"whiteIs":"B","ptsW":1,"res":"mate","plies":171,"balW":200,"secs":13.9,"apertura":"2,-2,1>2,-1,1 1,3,-2>0,2,-1 -1,-2,4>-1,-1,4 -2,3,1>-2,2,2 4,-2,0>3,-1,-1 0,3,-2>1,2,-1"}
{"par":68,"whiteIs":"A","ptsW":1,"res":"mate","plies":245,"balW":600,"secs":18.1,"apertura":"-1,-2,4>-1,-1,3 -2,3,1>-2,2,1 1,-2,3>1,-1,2 -2,2,1>-2,3,1 1,-1,2>1,-1,1 -2,3,1>-1,2,1"}
{"par":68,"whiteIs":"B","ptsW":0.5,"res":"fifty","plies":326,"balW":-200,"secs":24.9,"apertura":"-1,-2,4>-1,-1,3 -2,3,1>-2,2,1 1,-2,3>1,-1,2 -2,2,1>-2,3,1 1,-1,2>1,-1,1 -2,3,1>-1,2,1"}
{"par":69,"whiteIs":"A","ptsW":null,"res":"tope","plies":400,"balW":200,"secs":31.2,"apertura":"-1,-2,4>-1,-1,3 1,3,-2>1,2,-2 -1,-1,3>0,-1,2 1,2,-2>1,2,-1 1,-2,3>0,-1,3 -2,3,1>-1,2,1"}
{"par":69,"whiteIs":"B","ptsW":0.5,"res":"fifty","plies":278,"balW":200,"secs":24.4,"apertura":"-1,-2,4>-1,-1,3 1,3,-2>1,2,-2 -1,-1,3>0,-1,2 1,2,-2>1,2,-1 1,-2,3>0,-1,3 -2,3,1>-1,2,1"}
{"par":70,"whiteIs":"A","ptsW":1,"res":"mate","plies":325,"balW":200,"secs":27.3,"apertura":"1,-2,2>0,-1,3 -2,3,0>-1,2,0 2,-3,2>1,-2,2 -3,3,2>-2,2,1 0,-1,3>-1,0,2 -2,2,1>-3,3,2"}
{"par":70,"whiteIs":"B","ptsW":1,"res":"mate","plies":383,"balW":300,"secs":24,"apertura":"1,-2,2>0,-1,3 -2,3,0>-1,2,0 2,-3,2>1,-2,2 -3,3,2>-2,2,1 0,-1,3>-1,0,2 -2,2,1>-3,3,2"}
{"par":71,"whiteIs":"A","ptsW":null,"res":"tope","plies":400,"balW":-200,"secs":17.1,"apertura":"1,-2,2>0,-1,3 -3,3,1>-2,2,1 0,-1,3>-1,-1,3 -3,3,2>-3,2,2 2,-2,2>2,-1,1 0,3,-2>1,2,-2"}
{"par":71,"whiteIs":"B","ptsW":null,"res":"tope","plies":400,"balW":0,"secs":19,"apertura":"1,-2,2>0,-1,3 -3,3,1>-2,2,1 0,-1,3>-1,-1,3 -3,3,2>-3,2,2 2,-2,2>2,-1,1 0,3,-2>1,2,-2"}
{"par":72,"whiteIs":"A","ptsW":0.5,"res":"fifty","plies":379,"balW":400,"secs":16.3,"apertura":"1,-2,2>1,-1,2 1,3,-3>2,2,-2 2,-2,2>1,-2,2 2,3,-3>2,2,-3 0,-2,3>-1,-1,4 0,4,-3>1,3,-3"}
{"par":72,"whiteIs":"B","ptsW":0.5,"res":"fifty","plies":344,"balW":100,"secs":15.1,"apertura":"1,-2,2>1,-1,2 1,3,-3>2,2,-2 2,-2,2>1,-2,2 2,3,-3>2,2,-3 0,-2,3>-1,-1,4 0,4,-3>1,3,-3"}
{"par":73,"whiteIs":"A","ptsW":1,"res":"mate","plies":177,"balW":-100,"secs":9.4,"apertura":"-1,-2,4>0,-1,3 -2,3,1>-1,2,0 2,-2,2>1,-1,2 -2,3,0>-2,3,1 3,-2,0>3,-1,-1 -1,3,-1>0,2,0"}
{"par":73,"whiteIs":"B","ptsW":0.5,"res":"fifty","plies":372,"balW":-600,"secs":14.8,"apertura":"-1,-2,4>0,-1,3 -2,3,1>-1,2,0 2,-2,2>1,-1,2 -2,3,0>-2,3,1 3,-2,0>3,-1,-1 -1,3,-1>0,2,0"}
{"par":74,"whiteIs":"A","ptsW":1,"res":"mate","plies":257,"balW":400,"secs":14.3,"apertura":"1,-2,3>1,-1,2 -2,3,1>-1,2,0 0,-2,3>0,-1,3 -1,2,0>-2,3,1 4,-2,0>3,-1,-1 -3,3,2>-2,2,1"}
{"par":74,"whiteIs":"B","ptsW":0.5,"res":"fifty","plies":359,"balW":400,"secs":14.9,"apertura":"1,-2,3>1,-1,2 -2,3,1>-1,2,0 0,-2,3>0,-1,3 -1,2,0>-2,3,1 4,-2,0>3,-1,-1 -3,3,2>-2,2,1"}
{"par":75,"whiteIs":"A","ptsW":0.5,"res":"fifty","plies":298,"balW":-400,"secs":18.7,"apertura":"2,-2,2>1,-1,2 -2,3,1>-3,2,2 1,-1,2>0,-1,2 1,3,-2>1,2,-2 -1,-2,4>0,-1,3 -1,3,0>-1,2,0"}
{"par":75,"whiteIs":"B","ptsW":0.5,"res":"fifty","plies":393,"balW":-100,"secs":35.8,"apertura":"2,-2,2>1,-1,2 -2,3,1>-3,2,2 1,-1,2>0,-1,2 1,3,-2>1,2,-2 -1,-2,4>0,-1,3 -1,3,0>-1,2,0"}
{"par":76,"whiteIs":"A","ptsW":0.5,"res":"fifty","plies":276,"balW":-500,"secs":14.3,"apertura":"3,-2,1>2,-1,0 -1,3,0>0,2,-1 0,-2,4>0,-1,3 2,3,-3>3,2,-3 1,-2,2>0,-1,2 0,2,-1>1,2,-1"}
{"par":76,"whiteIs":"B","ptsW":0.5,"res":"fifty","plies":369,"balW":0,"secs":15.7,"apertura":"3,-2,1>2,-1,0 -1,3,0>0,2,-1 0,-2,4>0,-1,3 2,3,-3>3,2,-3 1,-2,2>0,-1,2 0,2,-1>1,2,-1"}
{"par":77,"whiteIs":"A","ptsW":0.5,"res":"fifty","plies":392,"balW":100,"secs":16.4,"apertura":"0,-2,4>-1,-1,3 1,3,-2>2,2,-3 -1,-1,3>-1,-1,4 -3,3,1>-2,2,1 3,-2,0>4,-1,-1 2,3,-3>1,2,-2"}
{"par":77,"whiteIs":"B","ptsW":1,"res":"mate","plies":171,"balW":200,"secs":9.3,"apertura":"0,-2,4>-1,-1,3 1,3,-2>2,2,-3 -1,-1,3>-1,-1,4 -3,3,1>-2,2,1 3,-2,0>4,-1,-1 2,3,-3>1,2,-2"}
{"par":78,"whiteIs":"A","ptsW":0,"res":"mate","plies":194,"balW":0,"secs":11.1,"apertura":"2,-2,1>1,-1,2 -3,3,1>-2,2,1 3,-2,0>2,-1,0 -1,3,0>0,2,-1 4,-3,0>3,-2,0 1,3,-3>2,2,-2"}
{"par":78,"whiteIs":"B","ptsW":0.5,"res":"fifty","plies":356,"balW":0,"secs":16.1,"apertura":"2,-2,1>1,-1,2 -3,3,1>-2,2,1 3,-2,0>2,-1,0 -1,3,0>0,2,-1 4,-3,0>3,-2,0 1,3,-3>2,2,-2"}
{"par":79,"whiteIs":"A","ptsW":0,"res":"mate","plies":88,"balW":200,"secs":6.6,"apertura":"0,-2,3>-1,-1,3 0,3,-1>-1,2,0 -1,-2,4>0,-1,3 1,3,-2>1,2,-2 0,-1,3>0,0,2 2,3,-3>3,2,-3"}
{"par":79,"whiteIs":"B","ptsW":0,"res":"mate","plies":206,"balW":-500,"secs":11.5,"apertura":"0,-2,3>-1,-1,3 0,3,-1>-1,2,0 -1,-2,4>0,-1,3 1,3,-2>1,2,-2 0,-1,3>0,0,2 2,3,-3>3,2,-3"}
{"par":80,"whiteIs":"A","ptsW":0.5,"res":"fifty","plies":366,"balW":100,"secs":15.1,"apertura":"2,-2,1>1,-1,1 -2,3,0>-2,2,1 2,-2,2>2,-2,1 -3,3,1>-2,2,2 1,-1,1>2,-1,0 -2,2,2>-3,3,1"}
{"par":80,"whiteIs":"B","ptsW":null,"res":"tope","plies":400,"balW":-200,"secs":19.3,"apertura":"2,-2,1>1,-1,1 -2,3,0>-2,2,1 2,-2,2>2,-2,1 -3,3,1>-2,2,2 1,-1,1>2,-1,0 -2,2,2>-3,3,1"}
{"par":81,"whiteIs":"A","ptsW":0.5,"res":"fifty","plies":371,"balW":200,"secs":14.2,"apertura":"2,-2,1>1,-1,2 -3,3,1>-2,2,2 4,-2,-1>4,-1,-1 0,3,-1>1,2,-2 3,-2,0>2,-1,0 -2,3,0>-3,3,1"}
{"par":81,"whiteIs":"B","ptsW":0,"res":"mate","plies":326,"balW":-600,"secs":15.3,"apertura":"2,-2,1>1,-1,2 -3,3,1>-2,2,2 4,-2,-1>4,-1,-1 0,3,-1>1,2,-2 3,-2,0>2,-1,0 -2,3,0>-3,3,1"}
{"par":82,"whiteIs":"A","ptsW":null,"res":"tope","plies":400,"balW":0,"secs":17.7,"apertura":"1,-2,2>1,-1,1 0,3,-2>1,2,-2 1,-1,1>0,0,1 -1,3,-1>0,2,0 0,-2,4>-1,-1,4 0,2,0>-1,2,0"}
{"par":82,"whiteIs":"B","ptsW":null,"res":"tope","plies":400,"balW":-100,"secs":16.4,"apertura":"1,-2,2>1,-1,1 0,3,-2>1,2,-2 1,-1,1>0,0,1 -1,3,-1>0,2,0 0,-2,4>-1,-1,4 0,2,0>-1,2,0"}
{"par":83,"whiteIs":"A","ptsW":null,"res":"tope","plies":400,"balW":0,"secs":16.9,"apertura":"2,-2,2>1,-1,1 2,3,-3>2,2,-3 2,-3,2>2,-2,2 0,3,-1>1,2,-1 4,-2,-1>4,-1,-2 -3,3,1>-2,2,2"}
{"par":83,"whiteIs":"B","ptsW":null,"res":"tope","plies":400,"balW":-200,"secs":17.7,"apertura":"2,-2,2>1,-1,1 2,3,-3>2,2,-3 2,-3,2>2,-2,2 0,3,-1>1,2,-1 4,-2,-1>4,-1,-2 -3,3,1>-2,2,2"}
{"par":84,"whiteIs":"A","ptsW":1,"res":"mate","plies":183,"balW":300,"secs":12.5,"apertura":"-1,-2,4>-2,-1,4 -2,3,0>-2,2,1 0,-2,4>-1,-1,4 0,3,-1>1,2,-2 -1,-1,4>0,-1,3 -2,2,1>-1,1,1"}
{"par":84,"whiteIs":"B","ptsW":0.5,"res":"fifty","plies":293,"balW":-200,"secs":13.6,"apertura":"-1,-2,4>-2,-1,4 -2,3,0>-2,2,1 0,-2,4>-1,-1,4 0,3,-1>1,2,-2 -1,-1,4>0,-1,3 -2,2,1>-1,1,1"}
{"par":85,"whiteIs":"A","ptsW":0.5,"res":"fifty","plies":314,"balW":-700,"secs":14.1,"apertura":"-1,-2,4>-2,-1,4 -2,3,0>-2,2,1 4,-2,-1>3,-1,0 -2,2,1>-1,1,2 4,-2,0>3,-1,-1 -1,3,-1>-1,2,0"}
{"par":85,"whiteIs":"B","ptsW":1,"res":"mate","plies":225,"balW":-200,"secs":14,"apertura":"-1,-2,4>-2,-1,4 -2,3,0>-2,2,1 4,-2,-1>3,-1,0 -2,2,1>-1,1,2 4,-2,0>3,-1,-1 -1,3,-1>-1,2,0"}
{"par":86,"whiteIs":"A","ptsW":0.5,"res":"fifty","plies":368,"balW":-700,"secs":16.6,"apertura":"2,-2,1>1,-1,1 0,3,-1>1,2,-2 2,-3,2>2,-2,1 1,3,-2>2,2,-3 0,-2,3>1,-1,2 -3,3,1>-2,2,2"}
{"par":86,"whiteIs":"B","ptsW":1,"res":"mate","plies":275,"balW":-100,"secs":12.7,"apertura":"2,-2,1>1,-1,1 0,3,-1>1,2,-2 2,-3,2>2,-2,1 1,3,-2>2,2,-3 0,-2,3>1,-1,2 -3,3,1>-2,2,2"}
{"par":87,"whiteIs":"A","ptsW":0.5,"res":"fifty","plies":396,"balW":-200,"secs":16,"apertura":"4,-2,-1>4,-1,-2 -2,3,0>-1,2,0 2,-2,2>1,-1,1 -1,2,0>0,1,1 1,-2,2>2,-2,2 0,1,1>0,0,1"}
{"par":87,"whiteIs":"B","ptsW":null,"res":"tope","plies":400,"balW":100,"secs":16.7,"apertura":"4,-2,-1>4,-1,-2 -2,3,0>-1,2,0 2,-2,2>1,-1,1 -1,2,0>0,1,1 1,-2,2>2,-2,2 0,1,1>0,0,1"}
{"par":88,"whiteIs":"A","ptsW":0,"res":"mate","plies":168,"balW":-300,"secs":11.2,"apertura":"2,-2,1>2,-1,1 -3,3,1>-2,2,2 4,-2,-1>3,-1,0 1,3,-2>1,2,-2 -1,-2,4>-1,-1,3 -2,2,2>-3,3,1"}
{"par":88,"whiteIs":"B","ptsW":null,"res":"tope","plies":400,"balW":-100,"secs":17.3,"apertura":"2,-2,1>2,-1,1 -3,3,1>-2,2,2 4,-2,-1>3,-1,0 1,3,-2>1,2,-2 -1,-2,4>-1,-1,3 -2,2,2>-3,3,1"}
{"par":89,"whiteIs":"A","ptsW":0.5,"res":"fifty","plies":320,"balW":300,"secs":13.8,"apertura":"3,-2,1>2,-1,0 1,3,-2>2,2,-3 2,-3,2>3,-2,1 0,3,-2>0,2,-1 2,-1,0>3,-1,0 -1,3,0>-2,2,1"}
{"par":89,"whiteIs":"B","ptsW":null,"res":"tope","plies":400,"balW":0,"secs":16.2,"apertura":"3,-2,1>2,-1,0 1,3,-2>2,2,-3 2,-3,2>3,-2,1 0,3,-2>0,2,-1 2,-1,0>3,-1,0 -1,3,0>-2,2,1"}
{"par":90,"whiteIs":"A","ptsW":0.5,"res":"fifty","plies":343,"balW":300,"secs":17.1,"apertura":"4,-2,-1>4,-1,-2 0,3,-1>1,2,-2 4,-3,0>4,-2,-1 1,2,-2>2,2,-3 4,-2,0>3,-1,0 -1,3,0>-1,2,0"}
{"par":90,"whiteIs":"B","ptsW":0,"res":"mate","plies":244,"balW":-200,"secs":14.7,"apertura":"4,-2,-1>4,-1,-2 0,3,-1>1,2,-2 4,-3,0>4,-2,-1 1,2,-2>2,2,-3 4,-2,0>3,-1,0 -1,3,0>-1,2,0"}
{"par":91,"whiteIs":"A","ptsW":0.5,"res":"fifty","plies":359,"balW":-500,"secs":18.6,"apertura":"3,-2,0>4,-1,-1 0,3,-2>0,2,-1 1,-2,3>1,-1,2 0,2,-1>1,1,-1 4,-2,-1>3,-2,0 -3,3,2>-3,2,3"}
{"par":91,"whiteIs":"B","ptsW":0.5,"res":"fifty","plies":369,"balW":500,"secs":17.6,"apertura":"3,-2,0>4,-1,-1 0,3,-2>0,2,-1 1,-2,3>1,-1,2 0,2,-1>1,1,-1 4,-2,-1>3,-2,0 -3,3,2>-3,2,3"}
{"par":92,"whiteIs":"A","ptsW":null,"res":"tope","plies":400,"balW":-100,"secs":17.2,"apertura":"1,-2,2>2,-1,1 0,3,-2>1,2,-2 2,-2,1>1,-1,1 0,3,-1>0,2,0 1,-1,1>1,-2,2 -1,3,0>-1,2,0"}
{"par":92,"whiteIs":"B","ptsW":0.5,"res":"fifty","plies":299,"balW":600,"secs":16.1,"apertura":"1,-2,2>2,-1,1 0,3,-2>1,2,-2 2,-2,1>1,-1,1 0,3,-1>0,2,0 1,-1,1>1,-2,2 -1,3,0>-1,2,0"}
{"par":93,"whiteIs":"A","ptsW":0,"res":"mate","plies":372,"balW":-100,"secs":16,"apertura":"3,-2,0>2,-1,1 0,3,-2>1,2,-2 2,-1,1>1,0,1 -2,3,0>-2,2,1 2,-2,1>3,-1,0 2,3,-3>2,2,-3"}
{"par":93,"whiteIs":"B","ptsW":0,"res":"mate","plies":126,"balW":-100,"secs":8.5,"apertura":"3,-2,0>2,-1,1 0,3,-2>1,2,-2 2,-1,1>1,0,1 -2,3,0>-2,2,1 2,-2,1>3,-1,0 2,3,-3>2,2,-3"}
{"par":94,"whiteIs":"A","ptsW":null,"res":"tope","plies":400,"balW":0,"secs":18.6,"apertura":"-1,-2,4>0,-1,3 -1,3,0>-2,2,1 0,-1,3>1,-1,2 -2,2,1>-1,1,2 3,-2,0>3,-1,0 -1,1,2>0,0,1"}
{"par":94,"whiteIs":"B","ptsW":1,"res":"mate","plies":275,"balW":-400,"secs":12.3,"apertura":"-1,-2,4>0,-1,3 -1,3,0>-2,2,1 0,-1,3>1,-1,2 -2,2,1>-1,1,2 3,-2,0>3,-1,0 -1,1,2>0,0,1"}
{"par":95,"whiteIs":"A","ptsW":1,"res":"mate","plies":153,"balW":300,"secs":9.9,"apertura":"3,-2,0>3,-1,-1 -1,3,0>-1,2,1 2,-2,2>1,-1,2 2,3,-3>2,2,-2 1,-2,3>0,-1,3 -2,4,-1>-1,3,0"}
{"par":95,"whiteIs":"B","ptsW":null,"res":"tope","plies":400,"balW":-300,"secs":17,"apertura":"3,-2,0>3,-1,-1 -1,3,0>-1,2,1 2,-2,2>1,-1,2 2,3,-3>2,2,-2 1,-2,3>0,-1,3 -2,4,-1>-1,3,0"}
{"par":96,"whiteIs":"A","ptsW":null,"res":"tope","plies":400,"balW":300,"secs":18.3,"apertura":"1,-2,2>2,-1,1 -2,3,0>-2,2,1 3,-2,0>4,-1,-1 -2,3,1>-3,2,2 2,-2,1>2,-1,0 -3,2,2>-3,2,3"}
{"par":96,"whiteIs":"B","ptsW":0,"res":"mate","plies":206,"balW":0,"secs":12.1,"apertura":"1,-2,2>2,-1,1 -2,3,0>-2,2,1 3,-2,0>4,-1,-1 -2,3,1>-3,2,2 2,-2,1>2,-1,0 -3,2,2>-3,2,3"}
{"par":97,"whiteIs":"A","ptsW":1,"res":"mate","plies":229,"balW":700,"secs":14.6,"apertura":"4,-2,0>3,-1,0 -2,3,1>-2,2,1 3,-1,0>4,-1,-1 1,3,-3>1,2,-2 3,-2,1>2,-1,1 -2,3,0>-1,2,1"}
{"par":97,"whiteIs":"B","ptsW":0,"res":"mate","plies":170,"balW":-100,"secs":12.3,"apertura":"4,-2,0>3,-1,0 -2,3,1>-2,2,1 3,-1,0>4,-1,-1 1,3,-3>1,2,-2 3,-2,1>2,-1,1 -2,3,0>-1,2,1"}
{"par":98,"whiteIs":"A","ptsW":0,"res":"mate","plies":296,"balW":-400,"secs":14.6,"apertura":"3,-2,1>2,-1,0 -1,3,0>0,2,-1 3,-3,1>3,-2,1 -2,3,0>-1,2,1 3,-2,0>4,-1,-1 0,2,-1>0,1,0"}
{"par":98,"whiteIs":"B","ptsW":0,"res":"mate","plies":248,"balW":-400,"secs":13.1,"apertura":"3,-2,1>2,-1,0 -1,3,0>0,2,-1 3,-3,1>3,-2,1 -2,3,0>-1,2,1 3,-2,0>4,-1,-1 0,2,-1>0,1,0"}
{"par":99,"whiteIs":"A","ptsW":0.5,"res":"fifty","plies":384,"balW":0,"secs":15.5,"apertura":"0,-2,3>-1,-1,3 -1,3,0>-1,2,0 3,-2,0>3,-1,0 0,3,-1>1,2,-1 3,-1,0>2,-1,1 -1,3,-1>-1,3,0"}
{"par":99,"whiteIs":"B","ptsW":0.5,"res":"fifty","plies":307,"balW":0,"secs":14.5,"apertura":"0,-2,3>-1,-1,3 -1,3,0>-1,2,0 3,-2,0>3,-1,0 0,3,-1>1,2,-1 3,-1,0>2,-1,1 -1,3,-1>-1,3,0"}
{"par":100,"whiteIs":"A","ptsW":0,"res":"mate","plies":250,"balW":-300,"secs":12.8,"apertura":"1,-2,3>0,-1,2 -1,3,0>0,2,-1 2,-2,1>3,-1,0 -2,4,-1>-1,3,0 3,-1,0>2,-2,1 -2,3,1>-2,2,2"}
{"par":100,"whiteIs":"B","ptsW":1,"res":"mate","plies":179,"balW":-200,"secs":11.5,"apertura":"1,-2,3>0,-1,2 -1,3,0>0,2,-1 2,-2,1>3,-1,0 -2,4,-1>-1,3,0 3,-1,0>2,-2,1 -2,3,1>-2,2,2"}
