# {"fecha":"2026-08-26T12:01:44.213Z","modalidad":"rps-rey","A":{"nombre":"vigente","cfg":{"depth":24,"mobility":true,"order":true,"quiesce":true,"nodes":4500}},"B":{"nombre":"antiguo-02-06","cfg":{"depth":24,"mobility":true,"order":true,"quiesce":true,"nodes":4500,"rps":{"AMENAZA":0.2,"AMENAZA_COLGADA":0.6}}},"MAX_PLIES":400,"FIFTY":80,"OPENING_PLIES":6,"SEED":202,"FIRST":26,"PAIRS":25,"libro":"/Users/salasgar/Documents/git/Ajedrez-triangular/entrenamiento/libro-rps-rey.json"}
{"par":26,"whiteIs":"A","ptsW":0.5,"res":"fifty","plies":359,"balW":400,"secs":43.2,"apertura":"0,-2,3>-1,-1,3 0,3,-1>0,2,0 2,-2,2>1,-1,1 -3,3,1>-2,2,1 3,-2,1>2,-1,0 -1,3,0>0,2,-1"}
{"par":26,"whiteIs":"B","ptsW":null,"res":"tope","plies":400,"balW":-200,"secs":31.2,"apertura":"0,-2,3>-1,-1,3 0,3,-1>0,2,0 2,-2,2>1,-1,1 -3,3,1>-2,2,1 3,-2,1>2,-1,0 -1,3,0>0,2,-1"}
{"par":27,"whiteIs":"A","ptsW":null,"res":"tope","plies":400,"balW":100,"secs":28.6,"apertura":"0,-2,4>-1,-1,4 -3,3,1>-3,2,2 -1,-2,4>-2,-1,4 -1,3,0>0,2,0 1,-2,2>0,-1,3 -2,3,0>-3,3,1"}
{"par":27,"whiteIs":"B","ptsW":0,"res":"mate","plies":312,"balW":-600,"secs":28.1,"apertura":"0,-2,4>-1,-1,4 -3,3,1>-3,2,2 -1,-2,4>-2,-1,4 -1,3,0>0,2,0 1,-2,2>0,-1,3 -2,3,0>-3,3,1"}
{"par":28,"whiteIs":"A","ptsW":null,"res":"tope","plies":400,"balW":0,"secs":38.5,"apertura":"2,-2,2>2,-1,1 2,3,-3>1,2,-2 2,-1,1>1,-1,2 -1,3,-1>0,2,-1 2,-3,3>2,-2,2 -1,4,-2>-1,3,-1"}
{"par":28,"whiteIs":"B","ptsW":0.5,"res":"fifty","plies":396,"balW":-400,"secs":24.7,"apertura":"2,-2,2>2,-1,1 2,3,-3>1,2,-2 2,-1,1>1,-1,2 -1,3,-1>0,2,-1 2,-3,3>2,-2,2 -1,4,-2>-1,3,-1"}
{"par":29,"whiteIs":"A","ptsW":0.5,"res":"fifty","plies":305,"balW":600,"secs":27.1,"apertura":"-1,-2,4>0,-1,3 -3,3,2>-3,2,3 2,-2,1>3,-1,0 2,3,-3>2,2,-2 0,-1,3>0,-1,2 -2,3,0>-2,2,1"}
{"par":29,"whiteIs":"B","ptsW":null,"res":"tope","plies":400,"balW":100,"secs":28.1,"apertura":"-1,-2,4>0,-1,3 -3,3,2>-3,2,3 2,-2,1>3,-1,0 2,3,-3>2,2,-2 0,-1,3>0,-1,2 -2,3,0>-2,2,1"}
{"par":30,"whiteIs":"A","ptsW":0.5,"res":"fifty","plies":342,"balW":300,"secs":22,"apertura":"0,-2,4>-1,-1,3 1,3,-2>0,2,-1 -1,-1,3>-2,0,4 -1,3,0>0,2,0 -2,0,4>-1,0,3 -3,3,2>-2,2,2"}
{"par":30,"whiteIs":"B","ptsW":null,"res":"tope","plies":400,"balW":0,"secs":27.7,"apertura":"0,-2,4>-1,-1,3 1,3,-2>0,2,-1 -1,-1,3>-2,0,4 -1,3,0>0,2,0 -2,0,4>-1,0,3 -3,3,2>-2,2,2"}
{"par":31,"whiteIs":"A","ptsW":1,"res":"mate","plies":263,"balW":600,"secs":20.3,"apertura":"-1,-2,4>-1,-1,3 -1,3,0>-2,2,1 4,-2,-1>3,-1,-1 -2,4,0>-1,3,0 1,-2,3>0,-1,2 -3,3,2>-3,2,3"}
{"par":31,"whiteIs":"B","ptsW":0,"res":"mate","plies":220,"balW":-400,"secs":28,"apertura":"-1,-2,4>-1,-1,3 -1,3,0>-2,2,1 4,-2,-1>3,-1,-1 -2,4,0>-1,3,0 1,-2,3>0,-1,2 -3,3,2>-3,2,3"}
{"par":32,"whiteIs":"A","ptsW":0.5,"res":"fifty","plies":369,"balW":600,"secs":38.3,"apertura":"1,-2,3>1,-1,2 2,3,-3>2,2,-3 0,-2,3>-1,-1,3 1,3,-2>1,2,-2 -1,-1,3>0,-2,3 -1,3,-1>0,2,-1"}
{"par":32,"whiteIs":"B","ptsW":0,"res":"mate","plies":186,"balW":-200,"secs":15.9,"apertura":"1,-2,3>1,-1,2 2,3,-3>2,2,-3 0,-2,3>-1,-1,3 1,3,-2>1,2,-2 -1,-1,3>0,-2,3 -1,3,-1>0,2,-1"}
{"par":33,"whiteIs":"A","ptsW":1,"res":"mate","plies":213,"balW":300,"secs":18.6,"apertura":"2,-2,1>2,-1,0 -3,3,2>-3,2,3 0,-2,3>-1,-1,3 1,3,-3>2,2,-3 3,-3,1>2,-2,1 -3,3,1>-3,2,2"}
{"par":33,"whiteIs":"B","ptsW":0,"res":"mate","plies":156,"balW":-300,"secs":25.5,"apertura":"2,-2,1>2,-1,0 -3,3,2>-3,2,3 0,-2,3>-1,-1,3 1,3,-3>2,2,-3 3,-3,1>2,-2,1 -3,3,1>-3,2,2"}
{"par":34,"whiteIs":"A","ptsW":0.5,"res":"fifty","plies":329,"balW":600,"secs":35.2,"apertura":"3,-2,0>3,-1,-1 2,3,-3>2,2,-3 1,-2,2>0,-1,3 -3,3,2>-2,2,2 3,-1,-1>4,0,-2 -2,2,2>-1,1,1"}
{"par":34,"whiteIs":"B","ptsW":1,"res":"mate","plies":229,"balW":100,"secs":33.3,"apertura":"3,-2,0>3,-1,-1 2,3,-3>2,2,-3 1,-2,2>0,-1,3 -3,3,2>-2,2,2 3,-1,-1>4,0,-2 -2,2,2>-1,1,1"}
{"par":35,"whiteIs":"A","ptsW":1,"res":"mate","plies":337,"balW":400,"secs":18.6,"apertura":"0,-2,4>-1,-1,3 1,3,-3>2,2,-2 1,-2,3>0,-1,3 -2,3,0>-1,2,0 3,-2,0>4,-1,-1 -3,3,2>-3,2,3"}
{"par":35,"whiteIs":"B","ptsW":0,"res":"mate","plies":164,"balW":-100,"secs":12,"apertura":"0,-2,4>-1,-1,3 1,3,-3>2,2,-2 1,-2,3>0,-1,3 -2,3,0>-1,2,0 3,-2,0>4,-1,-1 -3,3,2>-3,2,3"}
{"par":36,"whiteIs":"A","ptsW":1,"res":"mate","plies":61,"balW":400,"secs":6.1,"apertura":"2,-2,2>1,-1,2 0,3,-1>0,2,-1 4,-2,-1>3,-1,-1 -1,4,-2>0,3,-1 1,-2,2>0,-1,3 0,3,-2>1,2,-1"}
{"par":36,"whiteIs":"B","ptsW":0,"res":"mate","plies":316,"balW":-400,"secs":19.4,"apertura":"2,-2,2>1,-1,2 0,3,-1>0,2,-1 4,-2,-1>3,-1,-1 -1,4,-2>0,3,-1 1,-2,2>0,-1,3 0,3,-2>1,2,-1"}
{"par":37,"whiteIs":"A","ptsW":null,"res":"tope","plies":400,"balW":0,"secs":21.4,"apertura":"0,-2,3>-1,-1,3 0,3,-1>1,2,-2 1,-3,3>0,-2,3 0,4,-2>0,3,-1 3,-2,1>2,-1,1 -1,4,-2>0,4,-2"}
{"par":37,"whiteIs":"B","ptsW":0.5,"res":"fifty","plies":298,"balW":-900,"secs":18,"apertura":"0,-2,3>-1,-1,3 0,3,-1>1,2,-2 1,-3,3>0,-2,3 0,4,-2>0,3,-1 3,-2,1>2,-1,1 -1,4,-2>0,4,-2"}
{"par":38,"whiteIs":"A","ptsW":0.5,"res":"fifty","plies":291,"balW":800,"secs":19.7,"apertura":"3,-2,1>2,-1,0 -1,3,0>-1,2,0 4,-2,0>3,-2,1 -1,2,0>0,2,-1 2,-1,0>2,-1,1 0,3,-2>1,2,-2"}
{"par":38,"whiteIs":"B","ptsW":0,"res":"mate","plies":168,"balW":-500,"secs":16.6,"apertura":"3,-2,1>2,-1,0 -1,3,0>-1,2,0 4,-2,0>3,-2,1 -1,2,0>0,2,-1 2,-1,0>2,-1,1 0,3,-2>1,2,-2"}
{"par":39,"whiteIs":"A","ptsW":0.5,"res":"fifty","plies":352,"balW":-500,"secs":22,"apertura":"0,-2,3>0,-1,2 -1,3,0>0,2,0 0,-2,4>-1,-1,3 2,3,-3>2,2,-3 0,-1,2>0,-1,3 2,2,-3>2,1,-2"}
{"par":39,"whiteIs":"B","ptsW":0,"res":"mate","plies":186,"balW":-500,"secs":14.8,"apertura":"0,-2,3>0,-1,2 -1,3,0>0,2,0 0,-2,4>-1,-1,3 2,3,-3>2,2,-3 0,-1,2>0,-1,3 2,2,-3>2,1,-2"}
{"par":40,"whiteIs":"A","ptsW":0.5,"res":"fifty","plies":306,"balW":800,"secs":28.4,"apertura":"2,-2,2>1,-1,1 -2,3,1>-2,2,2 -1,-2,4>-1,-1,3 -1,3,0>0,2,-1 -1,-1,3>0,0,2 0,2,-1>1,2,-2"}
{"par":40,"whiteIs":"B","ptsW":0,"res":"mate","plies":288,"balW":-600,"secs":25.4,"apertura":"2,-2,2>1,-1,1 -2,3,1>-2,2,2 -1,-2,4>-1,-1,3 -1,3,0>0,2,-1 -1,-1,3>0,0,2 0,2,-1>1,2,-2"}
{"par":41,"whiteIs":"A","ptsW":1,"res":"mate","plies":249,"balW":400,"secs":21.7,"apertura":"1,-2,2>1,-1,2 -1,3,0>-2,2,1 1,-1,2>0,0,1 0,3,-2>1,2,-1 -1,-2,4>-2,-1,4 2,3,-3>1,2,-2"}
{"par":41,"whiteIs":"B","ptsW":0.5,"res":"fifty","plies":364,"balW":-600,"secs":27.1,"apertura":"1,-2,2>1,-1,2 -1,3,0>-2,2,1 1,-1,2>0,0,1 0,3,-2>1,2,-1 -1,-2,4>-2,-1,4 2,3,-3>1,2,-2"}
{"par":42,"whiteIs":"A","ptsW":0.5,"res":"fifty","plies":351,"balW":200,"secs":35.8,"apertura":"2,-2,1>2,-1,1 -3,3,1>-2,2,1 2,-2,2>1,-1,2 -1,3,-1>0,2,-1 3,-3,2>2,-2,1 0,3,-2>1,2,-2"}
{"par":42,"whiteIs":"B","ptsW":null,"res":"tope","plies":400,"balW":-600,"secs":39.7,"apertura":"2,-2,1>2,-1,1 -3,3,1>-2,2,1 2,-2,2>1,-1,2 -1,3,-1>0,2,-1 3,-3,2>2,-2,1 0,3,-2>1,2,-2"}
{"par":43,"whiteIs":"A","ptsW":null,"res":"tope","plies":400,"balW":100,"secs":39.7,"apertura":"1,-2,2>1,-1,2 2,3,-3>2,2,-2 1,-1,2>0,0,1 -1,3,0>-1,2,1 4,-2,-1>3,-1,0 -2,3,1>-1,2,0"}
{"par":43,"whiteIs":"B","ptsW":0.5,"res":"fifty","plies":327,"balW":-700,"secs":33.3,"apertura":"1,-2,2>1,-1,2 2,3,-3>2,2,-2 1,-1,2>0,0,1 -1,3,0>-1,2,1 4,-2,-1>3,-1,0 -2,3,1>-1,2,0"}
{"par":44,"whiteIs":"A","ptsW":1,"res":"mate","plies":263,"balW":200,"secs":21.6,"apertura":"1,-2,3>0,-1,3 -3,3,1>-3,2,2 0,-1,3>-1,0,3 0,3,-2>0,2,-1 -1,0,3>-2,1,2 1,3,-2>0,3,-2"}
{"par":44,"whiteIs":"B","ptsW":0,"res":"mate","plies":318,"balW":-500,"secs":33.8,"apertura":"1,-2,3>0,-1,3 -3,3,1>-3,2,2 0,-1,3>-1,0,3 0,3,-2>0,2,-1 -1,0,3>-2,1,2 1,3,-2>0,3,-2"}
{"par":45,"whiteIs":"A","ptsW":1,"res":"mate","plies":177,"balW":-100,"secs":17.6,"apertura":"3,-2,1>2,-1,0 1,3,-2>2,2,-2 0,-2,4>-1,-1,3 0,3,-1>1,2,-1 2,-2,1>2,-1,1 0,4,-2>0,3,-1"}
{"par":45,"whiteIs":"B","ptsW":0.5,"res":"fifty","plies":343,"balW":800,"secs":28,"apertura":"3,-2,1>2,-1,0 1,3,-2>2,2,-2 0,-2,4>-1,-1,3 0,3,-1>1,2,-1 2,-2,1>2,-1,1 0,4,-2>0,3,-1"}
{"par":46,"whiteIs":"A","ptsW":0,"res":"mate","plies":246,"balW":-400,"secs":33,"apertura":"0,-2,3>-1,-1,3 0,3,-1>0,2,0 4,-2,-1>4,-1,-2 1,3,-2>0,3,-1 1,-3,3>0,-2,3 2,3,-3>1,2,-2"}
{"par":46,"whiteIs":"B","ptsW":null,"res":"tope","plies":400,"balW":0,"secs":42.7,"apertura":"0,-2,3>-1,-1,3 0,3,-1>0,2,0 4,-2,-1>4,-1,-2 1,3,-2>0,3,-1 1,-3,3>0,-2,3 2,3,-3>1,2,-2"}
{"par":47,"whiteIs":"A","ptsW":null,"res":"tope","plies":400,"balW":300,"secs":42.5,"apertura":"-1,-2,4>-1,-1,4 1,3,-2>0,2,-1 -1,-1,4>-1,-1,3 0,4,-2>1,3,-2 2,-2,1>1,-1,1 0,3,-2>0,4,-2"}
{"par":47,"whiteIs":"B","ptsW":0.5,"res":"fifty","plies":310,"balW":100,"secs":30.7,"apertura":"-1,-2,4>-1,-1,4 1,3,-2>0,2,-1 -1,-1,4>-1,-1,3 0,4,-2>1,3,-2 2,-2,1>1,-1,1 0,3,-2>0,4,-2"}
{"par":48,"whiteIs":"A","ptsW":1,"res":"mate","plies":361,"balW":-100,"secs":24,"apertura":"0,-2,4>-1,-1,3 -2,3,0>-1,2,1 -1,-1,3>0,-1,3 -1,2,1>-1,2,0 1,-2,2>2,-1,1 -1,2,0>-1,2,1"}
{"par":48,"whiteIs":"B","ptsW":0,"res":"mate","plies":336,"balW":-400,"secs":19.2,"apertura":"0,-2,4>-1,-1,3 -2,3,0>-1,2,1 -1,-1,3>0,-1,3 -1,2,1>-1,2,0 1,-2,2>2,-1,1 -1,2,0>-1,2,1"}
{"par":49,"whiteIs":"A","ptsW":null,"res":"tope","plies":400,"balW":0,"secs":19.5,"apertura":"0,-2,3>0,-1,2 0,3,-1>1,2,-2 4,-2,0>4,-1,-1 -1,3,-1>-1,2,0 3,-2,0>2,-1,0 0,3,-2>0,2,-1"}
{"par":49,"whiteIs":"B","ptsW":0,"res":"mate","plies":262,"balW":-500,"secs":16.3,"apertura":"0,-2,3>0,-1,2 0,3,-1>1,2,-2 4,-2,0>4,-1,-1 -1,3,-1>-1,2,0 3,-2,0>2,-1,0 0,3,-2>0,2,-1"}
{"par":50,"whiteIs":"A","ptsW":null,"res":"tope","plies":400,"balW":0,"secs":23.2,"apertura":"2,-2,2>2,-1,1 2,3,-3>2,2,-3 1,-2,2>0,-1,3 0,3,-1>-1,2,0 2,-2,1>2,-1,0 -1,2,0>-2,2,1"}
{"par":50,"whiteIs":"B","ptsW":0.5,"res":"fifty","plies":326,"balW":-400,"secs":33.5,"apertura":"2,-2,2>2,-1,1 2,3,-3>2,2,-3 1,-2,2>0,-1,3 0,3,-1>-1,2,0 2,-2,1>2,-1,0 -1,2,0>-2,2,1"}
