# {"fecha":"2026-08-26T15:50:50.130Z","modalidad":"rps-rey","A":{"nombre":"vigente","cfg":{"depth":24,"mobility":true,"order":true,"quiesce":true,"nodes":4500}},"B":{"nombre":"proporcional","cfg":{"depth":24,"mobility":true,"order":true,"quiesce":true,"nodes":4500,"rps":{"PROPORCIONAL":1}}},"MAX_PLIES":800,"FIFTY":80,"OPENING_PLIES":6,"SEED":405,"FIRST":101,"PAIRS":50,"libro":"/Users/salasgar/Documents/git/Ajedrez-triangular/entrenamiento/libro-rps-rey.json"}
{"par":101,"whiteIs":"A","ptsW":1,"res":"mate","plies":181,"balW":0,"secs":15.4,"apertura":"4,-2,0>3,-1,-1 -1,3,0>0,2,-1 0,-2,4>-1,-1,3 2,3,-3>2,2,-2 3,-3,1>4,-2,0 -2,4,-1>-1,3,0"}
{"par":101,"whiteIs":"B","ptsW":0,"res":"mate","plies":42,"balW":0,"secs":7.1,"apertura":"4,-2,0>3,-1,-1 -1,3,0>0,2,-1 0,-2,4>-1,-1,3 2,3,-3>2,2,-2 3,-3,1>4,-2,0 -2,4,-1>-1,3,0"}
{"par":102,"whiteIs":"A","ptsW":0,"res":"mate","plies":138,"balW":-600,"secs":21.7,"apertura":"-1,-2,4>-1,-1,3 -1,3,0>-2,2,1 -1,-1,3>-1,0,3 2,3,-3>2,2,-3 1,-2,2>1,-1,1 0,3,-2>1,2,-1"}
{"par":102,"whiteIs":"B","ptsW":0.5,"res":"fifty","plies":569,"balW":500,"secs":70.9,"apertura":"-1,-2,4>-1,-1,3 -1,3,0>-2,2,1 -1,-1,3>-1,0,3 2,3,-3>2,2,-3 1,-2,2>1,-1,1 0,3,-2>1,2,-1"}
{"par":103,"whiteIs":"A","ptsW":0.5,"res":"fifty","plies":422,"balW":-1000,"secs":38.6,"apertura":"-1,-2,4>-1,-1,4 1,3,-2>2,2,-2 -1,-1,4>-1,-1,3 2,2,-2>1,3,-2 0,-2,3>0,-1,2 0,3,-1>1,2,-1"}
{"par":103,"whiteIs":"B","ptsW":1,"res":"mate","plies":339,"balW":600,"secs":35.1,"apertura":"-1,-2,4>-1,-1,4 1,3,-2>2,2,-2 -1,-1,4>-1,-1,3 2,2,-2>1,3,-2 0,-2,3>0,-1,2 0,3,-1>1,2,-1"}
{"par":104,"whiteIs":"A","ptsW":1,"res":"mate","plies":189,"balW":-500,"secs":37.1,"apertura":"3,-2,1>2,-1,1 0,3,-2>0,2,-1 4,-2,-1>4,-1,-1 2,3,-3>2,2,-3 4,-2,0>4,-2,-1 0,2,-1>1,2,-1"}
{"par":104,"whiteIs":"B","ptsW":0,"res":"mate","plies":232,"balW":200,"secs":39.5,"apertura":"3,-2,1>2,-1,1 0,3,-2>0,2,-1 4,-2,-1>4,-1,-1 2,3,-3>2,2,-3 4,-2,0>4,-2,-1 0,2,-1>1,2,-1"}
{"par":105,"whiteIs":"A","ptsW":0.5,"res":"fifty","plies":410,"balW":-900,"secs":55.6,"apertura":"2,-2,1>1,-1,1 -1,3,0>-1,2,1 3,-2,0>3,-1,0 -3,3,2>-2,2,2 1,-2,2>2,-2,1 0,3,-2>0,2,-1"}
{"par":105,"whiteIs":"B","ptsW":0,"res":"mate","plies":274,"balW":600,"secs":51.3,"apertura":"2,-2,1>1,-1,1 -1,3,0>-1,2,1 3,-2,0>3,-1,0 -3,3,2>-2,2,2 1,-2,2>2,-2,1 0,3,-2>0,2,-1"}
{"par":106,"whiteIs":"A","ptsW":1,"res":"mate","plies":109,"balW":-100,"secs":23.5,"apertura":"3,-2,0>3,-1,0 -2,3,0>-2,2,1 4,-2,0>4,-1,-1 0,3,-2>1,2,-2 0,-2,3>-1,-1,4 1,3,-2>0,2,-1"}
{"par":106,"whiteIs":"B","ptsW":0,"res":"mate","plies":234,"balW":600,"secs":64.9,"apertura":"3,-2,0>3,-1,0 -2,3,0>-2,2,1 4,-2,0>4,-1,-1 0,3,-2>1,2,-2 0,-2,3>-1,-1,4 1,3,-2>0,2,-1"}
{"par":107,"whiteIs":"A","ptsW":0.5,"res":"fifty","plies":390,"balW":-800,"secs":71.1,"apertura":"3,-2,1>2,-1,0 1,3,-2>1,2,-2 3,-2,0>3,-2,1 1,2,-2>2,1,-1 -1,-2,4>-2,-1,4 -1,3,-1>0,2,0"}
{"par":107,"whiteIs":"B","ptsW":0.5,"res":"fifty","plies":631,"balW":800,"secs":58.3,"apertura":"3,-2,1>2,-1,0 1,3,-2>1,2,-2 3,-2,0>3,-2,1 1,2,-2>2,1,-1 -1,-2,4>-2,-1,4 -1,3,-1>0,2,0"}
{"par":108,"whiteIs":"A","ptsW":0.5,"res":"fifty","plies":384,"balW":-300,"secs":61.8,"apertura":"2,-2,1>2,-1,0 -2,3,0>-2,2,1 3,-3,2>2,-2,1 -1,3,0>-1,2,1 2,-2,1>1,-1,2 -3,3,2>-3,2,3"}
{"par":108,"whiteIs":"B","ptsW":0.5,"res":"fifty","plies":403,"balW":900,"secs":66.9,"apertura":"2,-2,1>2,-1,0 -2,3,0>-2,2,1 3,-3,2>2,-2,1 -1,3,0>-1,2,1 2,-2,1>1,-1,2 -3,3,2>-3,2,3"}
{"par":109,"whiteIs":"A","ptsW":1,"res":"mate","plies":295,"balW":-800,"secs":77,"apertura":"2,-2,1>3,-1,0 -1,3,0>0,2,-1 1,-2,2>0,-1,3 0,2,-1>0,1,0 4,-2,-1>4,-1,-2 -2,3,1>-2,2,2"}
{"par":109,"whiteIs":"B","ptsW":1,"res":"mate","plies":343,"balW":700,"secs":101.7,"apertura":"2,-2,1>3,-1,0 -1,3,0>0,2,-1 1,-2,2>0,-1,3 0,2,-1>0,1,0 4,-2,-1>4,-1,-2 -2,3,1>-2,2,2"}
{"par":110,"whiteIs":"A","ptsW":0.5,"res":"fifty","plies":74,"balW":0,"secs":53.6,"apertura":"4,-2,0>4,-1,-1 -3,3,2>-2,2,1 4,-2,-1>3,-1,0 2,3,-3>3,2,-3 0,-2,4>-1,-1,4 3,2,-3>3,1,-3"}
{"par":110,"whiteIs":"B","ptsW":1,"res":"mate","plies":529,"balW":700,"secs":160.3,"apertura":"4,-2,0>4,-1,-1 -3,3,2>-2,2,1 4,-2,-1>3,-1,0 2,3,-3>3,2,-3 0,-2,4>-1,-1,4 3,2,-3>3,1,-3"}
{"par":111,"whiteIs":"A","ptsW":1,"res":"mate","plies":277,"balW":-500,"secs":93.5,"apertura":"3,-2,0>3,-1,-1 1,3,-2>2,2,-3 0,-2,4>0,-1,3 -3,3,1>-3,2,2 0,-1,3>0,-1,2 -1,3,0>0,2,-1"}
{"par":111,"whiteIs":"B","ptsW":0.5,"res":"fifty","plies":225,"balW":100,"secs":145.1,"apertura":"3,-2,0>3,-1,-1 1,3,-2>2,2,-3 0,-2,4>0,-1,3 -3,3,1>-3,2,2 0,-1,3>0,-1,2 -1,3,0>0,2,-1"}
{"par":112,"whiteIs":"A","ptsW":0.5,"res":"fifty","plies":472,"balW":-700,"secs":112.8,"apertura":"0,-2,3>-1,-1,4 0,3,-1>0,2,0 -1,-1,4>0,-2,3 -2,3,1>-1,2,0 4,-2,-1>4,-1,-2 1,3,-2>0,2,-1"}
{"par":112,"whiteIs":"B","ptsW":0.5,"res":"fifty","plies":353,"balW":600,"secs":60.4,"apertura":"0,-2,3>-1,-1,4 0,3,-1>0,2,0 -1,-1,4>0,-2,3 -2,3,1>-1,2,0 4,-2,-1>4,-1,-2 1,3,-2>0,2,-1"}
{"par":113,"whiteIs":"A","ptsW":0.5,"res":"fifty","plies":404,"balW":-700,"secs":93.2,"apertura":"4,-2,-1>4,-1,-1 -3,3,1>-2,2,1 4,-1,-1>4,-1,-2 -2,3,0>-3,3,1 0,-2,4>-1,-1,4 -1,3,-1>0,2,-1"}
{"par":113,"whiteIs":"B","ptsW":0.5,"res":"fifty","plies":429,"balW":300,"secs":143.7,"apertura":"4,-2,-1>4,-1,-1 -3,3,1>-2,2,1 4,-1,-1>4,-1,-2 -2,3,0>-3,3,1 0,-2,4>-1,-1,4 -1,3,-1>0,2,-1"}
{"par":114,"whiteIs":"A","ptsW":0.5,"res":"fifty","plies":518,"balW":-700,"secs":162.5,"apertura":"2,-2,1>2,-1,1 1,3,-2>1,2,-1 4,-2,0>3,-1,0 2,3,-3>1,3,-2 1,-2,3>1,-1,2 1,2,-1>2,2,-2"}
{"par":114,"whiteIs":"B","ptsW":0,"res":"mate","plies":32,"balW":0,"secs":8.6,"apertura":"2,-2,1>2,-1,1 1,3,-2>1,2,-1 4,-2,0>3,-1,0 2,3,-3>1,3,-2 1,-2,3>1,-1,2 1,2,-1>2,2,-2"}
{"par":115,"whiteIs":"A","ptsW":0.5,"res":"fifty","plies":500,"balW":-1000,"secs":185.7,"apertura":"3,-2,0>3,-1,-1 -1,3,0>-1,2,1 2,-2,1>3,-1,0 -2,4,0>-1,3,0 1,-2,2>0,-1,3 -2,3,0>-2,4,0"}
{"par":115,"whiteIs":"B","ptsW":0.5,"res":"fifty","plies":317,"balW":500,"secs":107.1,"apertura":"3,-2,0>3,-1,-1 -1,3,0>-1,2,1 2,-2,1>3,-1,0 -2,4,0>-1,3,0 1,-2,2>0,-1,3 -2,3,0>-2,4,0"}
{"par":116,"whiteIs":"A","ptsW":1,"res":"mate","plies":165,"balW":-100,"secs":55.4,"apertura":"2,-2,1>1,-1,2 1,3,-2>2,2,-2 0,-2,3>0,-1,3 0,3,-1>1,2,-2 3,-3,2>2,-2,1 0,4,-2>0,3,-1"}
{"par":116,"whiteIs":"B","ptsW":0.5,"res":"fifty","plies":395,"balW":300,"secs":132,"apertura":"2,-2,1>1,-1,2 1,3,-2>2,2,-2 0,-2,3>0,-1,3 0,3,-1>1,2,-2 3,-3,2>2,-2,1 0,4,-2>0,3,-1"}
{"par":117,"whiteIs":"A","ptsW":0,"res":"mate","plies":342,"balW":-100,"secs":110.6,"apertura":"4,-2,-1>3,-1,-1 -1,3,0>-1,2,1 2,-2,1>2,-1,0 -2,3,0>-1,2,0 2,-1,0>3,-1,0 -2,3,1>-2,2,1"}
{"par":117,"whiteIs":"B","ptsW":0,"res":"mate","plies":258,"balW":400,"secs":86.9,"apertura":"4,-2,-1>3,-1,-1 -1,3,0>-1,2,1 2,-2,1>2,-1,0 -2,3,0>-1,2,0 2,-1,0>3,-1,0 -2,3,1>-2,2,1"}
{"par":118,"whiteIs":"A","ptsW":1,"res":"mate","plies":115,"balW":-100,"secs":23.5,"apertura":"0,-2,3>0,-1,2 0,3,-1>0,2,-1 2,-2,2>1,-1,1 2,3,-3>2,2,-3 4,-2,0>3,-1,-1 -2,3,1>-3,2,2"}
{"par":118,"whiteIs":"B","ptsW":0.5,"res":"fifty","plies":266,"balW":800,"secs":38,"apertura":"0,-2,3>0,-1,2 0,3,-1>0,2,-1 2,-2,2>1,-1,1 2,3,-3>2,2,-3 4,-2,0>3,-1,-1 -2,3,1>-3,2,2"}
{"par":119,"whiteIs":"A","ptsW":0.5,"res":"fifty","plies":456,"balW":-500,"secs":91.4,"apertura":"0,-2,3>-1,-1,4 -3,3,2>-2,2,1 4,-2,-1>4,-1,-2 -1,3,0>-1,2,0 1,-2,2>0,-1,2 -2,4,0>-1,3,0"}
{"par":119,"whiteIs":"B","ptsW":0.5,"res":"fifty","plies":402,"balW":800,"secs":66.1,"apertura":"0,-2,3>-1,-1,4 -3,3,2>-2,2,1 4,-2,-1>4,-1,-2 -1,3,0>-1,2,0 1,-2,2>0,-1,2 -2,4,0>-1,3,0"}
{"par":120,"whiteIs":"A","ptsW":0.5,"res":"fifty","plies":398,"balW":-900,"secs":55.1,"apertura":"2,-2,1>2,-1,1 2,3,-3>1,2,-2 3,-2,1>3,-1,0 1,2,-2>2,2,-2 0,-2,3>0,-1,2 1,3,-2>2,2,-3"}
{"par":120,"whiteIs":"B","ptsW":0,"res":"mate","plies":348,"balW":300,"secs":44.9,"apertura":"2,-2,1>2,-1,1 2,3,-3>1,2,-2 3,-2,1>3,-1,0 1,2,-2>2,2,-2 0,-2,3>0,-1,2 1,3,-2>2,2,-3"}
{"par":121,"whiteIs":"A","ptsW":1,"res":"mate","plies":105,"balW":200,"secs":19.8,"apertura":"0,-2,3>0,-1,2 0,3,-2>1,2,-2 -1,-2,4>0,-2,3 -1,3,0>-1,2,1 1,-2,2>2,-1,1 -1,3,-1>-1,3,0"}
{"par":121,"whiteIs":"B","ptsW":0.5,"res":"fifty","plies":281,"balW":200,"secs":54.5,"apertura":"0,-2,3>0,-1,2 0,3,-2>1,2,-2 -1,-2,4>0,-2,3 -1,3,0>-1,2,1 1,-2,2>2,-1,1 -1,3,-1>-1,3,0"}
{"par":122,"whiteIs":"A","ptsW":1,"res":"mate","plies":257,"balW":0,"secs":35.2,"apertura":"2,-2,1>3,-1,0 0,3,-1>0,2,0 4,-2,-1>4,-1,-1 -3,3,1>-2,2,2 3,-2,1>2,-1,1 0,3,-2>1,2,-2"}
{"par":122,"whiteIs":"B","ptsW":0.5,"res":"fifty","plies":449,"balW":800,"secs":53.3,"apertura":"2,-2,1>3,-1,0 0,3,-1>0,2,0 4,-2,-1>4,-1,-1 -3,3,1>-2,2,2 3,-2,1>2,-1,1 0,3,-2>1,2,-2"}
{"par":123,"whiteIs":"A","ptsW":0.5,"res":"fifty","plies":352,"balW":-1000,"secs":38.7,"apertura":"4,-2,0>3,-1,0 1,3,-3>2,2,-2 -1,-2,4>0,-1,3 2,2,-2>1,3,-3 1,-2,3>0,-1,2 -3,3,1>-2,2,2"}
{"par":123,"whiteIs":"B","ptsW":0.5,"res":"fifty","plies":346,"balW":900,"secs":32.2,"apertura":"4,-2,0>3,-1,0 1,3,-3>2,2,-2 -1,-2,4>0,-1,3 2,2,-2>1,3,-3 1,-2,3>0,-1,2 -3,3,1>-2,2,2"}
{"par":124,"whiteIs":"A","ptsW":0.5,"res":"fifty","plies":635,"balW":-800,"secs":55.2,"apertura":"4,-2,0>4,-1,-1 -2,3,1>-1,2,0 1,-2,3>0,-1,2 -1,3,0>0,2,0 4,-1,-1>4,0,-2 -3,3,1>-3,2,2"}
{"par":124,"whiteIs":"B","ptsW":0,"res":"mate","plies":242,"balW":0,"secs":28.8,"apertura":"4,-2,0>4,-1,-1 -2,3,1>-1,2,0 1,-2,3>0,-1,2 -1,3,0>0,2,0 4,-1,-1>4,0,-2 -3,3,1>-3,2,2"}
{"par":125,"whiteIs":"A","ptsW":0.5,"res":"fifty","plies":442,"balW":-700,"secs":30.9,"apertura":"3,-2,1>2,-1,1 -1,3,0>0,2,0 3,-2,0>3,-1,-1 0,3,-2>1,2,-2 2,-1,1>1,-1,2 -3,3,2>-2,2,1"}
{"par":125,"whiteIs":"B","ptsW":0,"res":"mate","plies":150,"balW":100,"secs":28.7,"apertura":"3,-2,1>2,-1,1 -1,3,0>0,2,0 3,-2,0>3,-1,-1 0,3,-2>1,2,-2 2,-1,1>1,-1,2 -3,3,2>-2,2,1"}
{"par":126,"whiteIs":"A","ptsW":1,"res":"mate","plies":93,"balW":0,"secs":19.3,"apertura":"2,-2,1>1,-1,1 -3,3,1>-3,2,2 -1,-2,4>-2,-1,4 2,3,-3>2,2,-3 3,-2,0>4,-1,-1 -1,3,-1>-1,2,0"}
{"par":126,"whiteIs":"B","ptsW":0.5,"res":"fifty","plies":355,"balW":600,"secs":31.1,"apertura":"2,-2,1>1,-1,1 -3,3,1>-3,2,2 -1,-2,4>-2,-1,4 2,3,-3>2,2,-3 3,-2,0>4,-1,-1 -1,3,-1>-1,2,0"}
{"par":127,"whiteIs":"A","ptsW":0.5,"res":"fifty","plies":389,"balW":-300,"secs":40.7,"apertura":"1,-2,3>1,-1,2 -2,3,0>-2,2,1 0,-2,4>1,-2,3 -1,3,0>0,2,0 3,-2,0>3,-1,-1 0,2,0>-1,3,0"}
{"par":127,"whiteIs":"B","ptsW":0.5,"res":"fifty","plies":550,"balW":500,"secs":70.8,"apertura":"1,-2,3>1,-1,2 -2,3,0>-2,2,1 0,-2,4>1,-2,3 -1,3,0>0,2,0 3,-2,0>3,-1,-1 0,2,0>-1,3,0"}
{"par":128,"whiteIs":"A","ptsW":0,"res":"mate","plies":324,"balW":-300,"secs":29.7,"apertura":"-1,-2,4>-2,-1,4 1,3,-2>2,2,-2 2,-2,2>1,-1,2 0,3,-1>1,3,-2 3,-2,1>3,-1,0 0,3,-2>1,2,-2"}
{"par":128,"whiteIs":"B","ptsW":0.5,"res":"fifty","plies":515,"balW":200,"secs":44.6,"apertura":"-1,-2,4>-2,-1,4 1,3,-2>2,2,-2 2,-2,2>1,-1,2 0,3,-1>1,3,-2 3,-2,1>3,-1,0 0,3,-2>1,2,-2"}
{"par":129,"whiteIs":"A","ptsW":0.5,"res":"fifty","plies":306,"balW":-500,"secs":22,"apertura":"0,-2,4>-1,-1,4 2,3,-3>1,2,-2 -1,-1,4>0,-1,3 1,3,-2>2,2,-2 0,-2,3>-1,-1,3 0,4,-3>1,3,-2"}
{"par":129,"whiteIs":"B","ptsW":1,"res":"mate","plies":403,"balW":600,"secs":27.2,"apertura":"0,-2,4>-1,-1,4 2,3,-3>1,2,-2 -1,-1,4>0,-1,3 1,3,-2>2,2,-2 0,-2,3>-1,-1,3 0,4,-3>1,3,-2"}
{"par":130,"whiteIs":"A","ptsW":1,"res":"mate","plies":131,"balW":-200,"secs":16.4,"apertura":"3,-2,1>2,-1,0 2,3,-3>2,2,-2 4,-2,-1>3,-1,0 -1,3,-1>0,2,0 3,-1,0>2,0,-1 -2,3,1>-1,2,0"}
{"par":130,"whiteIs":"B","ptsW":0.5,"res":"fifty","plies":493,"balW":800,"secs":51.5,"apertura":"3,-2,1>2,-1,0 2,3,-3>2,2,-2 4,-2,-1>3,-1,0 -1,3,-1>0,2,0 3,-1,0>2,0,-1 -2,3,1>-1,2,0"}
{"par":131,"whiteIs":"A","ptsW":1,"res":"mate","plies":101,"balW":-300,"secs":13.1,"apertura":"0,-2,3>0,-1,3 -2,3,0>-1,2,1 0,-1,3>0,-2,3 -3,3,2>-3,2,3 2,-2,1>2,-1,0 -3,2,3>-2,1,3"}
{"par":131,"whiteIs":"B","ptsW":0.5,"res":"fifty","plies":465,"balW":700,"secs":37,"apertura":"0,-2,3>0,-1,3 -2,3,0>-1,2,1 0,-1,3>0,-2,3 -3,3,2>-3,2,3 2,-2,1>2,-1,0 -3,2,3>-2,1,3"}
{"par":132,"whiteIs":"A","ptsW":0.5,"res":"fifty","plies":294,"balW":-400,"secs":42.9,"apertura":"4,-2,-1>3,-1,0 0,3,-1>-1,2,0 4,-2,0>4,-1,-1 2,3,-3>1,2,-2 0,-2,3>-1,-1,4 -2,3,0>-2,2,1"}
{"par":132,"whiteIs":"B","ptsW":0,"res":"mate","plies":406,"balW":200,"secs":48.8,"apertura":"4,-2,-1>3,-1,0 0,3,-1>-1,2,0 4,-2,0>4,-1,-1 2,3,-3>1,2,-2 0,-2,3>-1,-1,4 -2,3,0>-2,2,1"}
{"par":133,"whiteIs":"A","ptsW":1,"res":"mate","plies":257,"balW":-100,"secs":53.5,"apertura":"1,-2,2>0,-1,2 -2,3,0>-2,2,1 2,-2,2>2,-1,1 -1,3,0>0,2,0 0,-2,3>-1,-1,4 -2,3,1>-1,2,0"}
{"par":133,"whiteIs":"B","ptsW":0,"res":"mate","plies":80,"balW":0,"secs":9.9,"apertura":"1,-2,2>0,-1,2 -2,3,0>-2,2,1 2,-2,2>2,-1,1 -1,3,0>0,2,0 0,-2,3>-1,-1,4 -2,3,1>-1,2,0"}
{"par":134,"whiteIs":"A","ptsW":1,"res":"mate","plies":149,"balW":-400,"secs":19.7,"apertura":"0,-2,4>-1,-1,4 -1,3,-1>0,2,0 1,-2,2>1,-1,2 0,2,0>1,1,0 3,-2,1>3,-1,0 1,1,0>2,0,-1"}
{"par":134,"whiteIs":"B","ptsW":0,"res":"mate","plies":130,"balW":100,"secs":15.3,"apertura":"0,-2,4>-1,-1,4 -1,3,-1>0,2,0 1,-2,2>1,-1,2 0,2,0>1,1,0 3,-2,1>3,-1,0 1,1,0>2,0,-1"}
{"par":135,"whiteIs":"A","ptsW":0.5,"res":"fifty","plies":368,"balW":-800,"secs":28.2,"apertura":"1,-2,2>1,-1,2 0,3,-1>0,2,0 0,-2,4>-1,-1,3 -2,3,1>-3,2,2 2,-2,1>2,-1,0 -3,2,2>-3,1,3"}
{"par":135,"whiteIs":"B","ptsW":0.5,"res":"fifty","plies":490,"balW":300,"secs":40.8,"apertura":"1,-2,2>1,-1,2 0,3,-1>0,2,0 0,-2,4>-1,-1,3 -2,3,1>-3,2,2 2,-2,1>2,-1,0 -3,2,2>-3,1,3"}
{"par":136,"whiteIs":"A","ptsW":0.5,"res":"fifty","plies":359,"balW":-600,"secs":28.9,"apertura":"-1,-2,4>0,-1,3 1,3,-2>1,2,-2 0,-2,3>-1,-2,4 -2,3,1>-1,2,1 0,-3,4>0,-2,3 1,2,-2>0,2,-1"}
{"par":136,"whiteIs":"B","ptsW":0.5,"res":"fifty","plies":231,"balW":300,"secs":23.2,"apertura":"-1,-2,4>0,-1,3 1,3,-2>1,2,-2 0,-2,3>-1,-2,4 -2,3,1>-1,2,1 0,-3,4>0,-2,3 1,2,-2>0,2,-1"}
{"par":137,"whiteIs":"A","ptsW":0,"res":"mate","plies":376,"balW":-300,"secs":35,"apertura":"2,-2,1>1,-1,2 0,3,-1>0,2,-1 2,-2,2>1,-1,1 1,3,-2>0,3,-1 1,-1,1>0,0,1 0,3,-1>0,2,0"}
{"par":137,"whiteIs":"B","ptsW":0,"res":"mate","plies":174,"balW":300,"secs":39.5,"apertura":"2,-2,1>1,-1,2 0,3,-1>0,2,-1 2,-2,2>1,-1,1 1,3,-2>0,3,-1 1,-1,1>0,0,1 0,3,-1>0,2,0"}
{"par":138,"whiteIs":"A","ptsW":1,"res":"mate","plies":127,"balW":0,"secs":27.5,"apertura":"3,-2,0>4,-1,-1 0,3,-2>0,2,-1 1,-2,2>0,-1,2 -3,3,1>-3,2,2 0,-1,2>-1,-1,3 0,4,-3>0,3,-2"}
{"par":138,"whiteIs":"B","ptsW":0.5,"res":"fifty","plies":331,"balW":800,"secs":30.3,"apertura":"3,-2,0>4,-1,-1 0,3,-2>0,2,-1 1,-2,2>0,-1,2 -3,3,1>-3,2,2 0,-1,2>-1,-1,3 0,4,-3>0,3,-2"}
{"par":139,"whiteIs":"A","ptsW":1,"res":"mate","plies":229,"balW":-500,"secs":32.9,"apertura":"4,-2,-1>4,-1,-2 1,3,-2>1,2,-1 2,-2,1>2,-1,1 0,4,-3>1,3,-2 -1,-2,4>-1,-1,3 2,3,-3>1,2,-2"}
{"par":139,"whiteIs":"B","ptsW":0,"res":"mate","plies":148,"balW":100,"secs":22.1,"apertura":"4,-2,-1>4,-1,-2 1,3,-2>1,2,-1 2,-2,1>2,-1,1 0,4,-3>1,3,-2 -1,-2,4>-1,-1,3 2,3,-3>1,2,-2"}
{"par":140,"whiteIs":"A","ptsW":0.5,"res":"fifty","plies":292,"balW":-400,"secs":40.1,"apertura":"0,-2,3>1,-1,2 1,3,-3>2,2,-3 4,-2,-1>3,-1,0 1,3,-2>0,2,-1 3,-1,0>2,0,-1 -1,3,0>-1,2,1"}
{"par":140,"whiteIs":"B","ptsW":0.5,"res":"fifty","plies":371,"balW":500,"secs":32.4,"apertura":"0,-2,3>1,-1,2 1,3,-3>2,2,-3 4,-2,-1>3,-1,0 1,3,-2>0,2,-1 3,-1,0>2,0,-1 -1,3,0>-1,2,1"}
{"par":141,"whiteIs":"A","ptsW":0.5,"res":"fifty","plies":459,"balW":-200,"secs":48.4,"apertura":"2,-2,1>1,-1,2 0,3,-2>1,2,-1 0,-2,4>0,-1,3 -1,3,0>-2,2,1 0,-1,3>0,-1,2 1,2,-1>0,2,-1"}
{"par":141,"whiteIs":"B","ptsW":0.5,"res":"fifty","plies":263,"balW":300,"secs":34.2,"apertura":"2,-2,1>1,-1,2 0,3,-2>1,2,-1 0,-2,4>0,-1,3 -1,3,0>-2,2,1 0,-1,3>0,-1,2 1,2,-1>0,2,-1"}
{"par":142,"whiteIs":"A","ptsW":0.5,"res":"fifty","plies":400,"balW":-500,"secs":43.4,"apertura":"0,-2,3>0,-1,3 2,3,-3>1,2,-2 0,-2,4>-1,-1,4 1,3,-2>0,2,-1 0,-1,3>0,-1,2 -2,3,1>-1,2,1"}
{"par":142,"whiteIs":"B","ptsW":0.5,"res":"fifty","plies":303,"balW":400,"secs":38.6,"apertura":"0,-2,3>0,-1,3 2,3,-3>1,2,-2 0,-2,4>-1,-1,4 1,3,-2>0,2,-1 0,-1,3>0,-1,2 -2,3,1>-1,2,1"}
{"par":143,"whiteIs":"A","ptsW":0.5,"res":"fifty","plies":240,"balW":-400,"secs":25.2,"apertura":"4,-2,-1>3,-1,0 1,3,-2>1,2,-1 1,-2,2>0,-1,2 -3,3,1>-2,2,2 0,-1,2>0,0,1 -3,3,2>-3,3,1"}
{"par":143,"whiteIs":"B","ptsW":0.5,"res":"fifty","plies":280,"balW":0,"secs":25,"apertura":"4,-2,-1>3,-1,0 1,3,-2>1,2,-1 1,-2,2>0,-1,2 -3,3,1>-2,2,2 0,-1,2>0,0,1 -3,3,2>-3,3,1"}
{"par":144,"whiteIs":"A","ptsW":0.5,"res":"fifty","plies":226,"balW":-300,"secs":17.3,"apertura":"4,-2,-1>3,-1,0 -1,3,0>-1,2,0 -1,-2,4>-1,-1,3 0,3,-2>1,2,-2 2,-2,2>1,-1,2 -1,3,-1>0,3,-2"}
{"par":144,"whiteIs":"B","ptsW":0,"res":"mate","plies":306,"balW":200,"secs":36.6,"apertura":"4,-2,-1>3,-1,0 -1,3,0>-1,2,0 -1,-2,4>-1,-1,3 0,3,-2>1,2,-2 2,-2,2>1,-1,2 -1,3,-1>0,3,-2"}
{"par":145,"whiteIs":"A","ptsW":0,"res":"mate","plies":362,"balW":-1000,"secs":34.2,"apertura":"4,-2,-1>3,-1,-1 0,3,-1>1,2,-1 1,-2,2>1,-1,2 1,3,-2>2,2,-3 0,-2,3>-1,-1,4 1,2,-1>0,2,0"}
{"par":145,"whiteIs":"B","ptsW":1,"res":"mate","plies":243,"balW":500,"secs":29,"apertura":"4,-2,-1>3,-1,-1 0,3,-1>1,2,-1 1,-2,2>1,-1,2 1,3,-2>2,2,-3 0,-2,3>-1,-1,4 1,2,-1>0,2,0"}
{"par":146,"whiteIs":"A","ptsW":1,"res":"mate","plies":325,"balW":-200,"secs":43.3,"apertura":"1,-2,3>1,-1,2 0,3,-1>1,2,-1 0,-2,4>-1,-1,4 1,2,-1>1,2,-2 4,-2,0>3,-1,0 1,3,-3>2,2,-2"}
{"par":146,"whiteIs":"B","ptsW":0.5,"res":"fifty","plies":495,"balW":700,"secs":38.3,"apertura":"1,-2,3>1,-1,2 0,3,-1>1,2,-1 0,-2,4>-1,-1,4 1,2,-1>1,2,-2 4,-2,0>3,-1,0 1,3,-3>2,2,-2"}
{"par":147,"whiteIs":"A","ptsW":1,"res":"mate","plies":217,"balW":100,"secs":25,"apertura":"2,-2,1>2,-1,0 -3,3,1>-3,2,2 4,-2,-1>3,-1,0 -2,4,0>-3,3,1 1,-2,2>0,-1,2 1,3,-2>2,2,-2"}
{"par":147,"whiteIs":"B","ptsW":0,"res":"mate","plies":94,"balW":-100,"secs":12.6,"apertura":"2,-2,1>2,-1,0 -3,3,1>-3,2,2 4,-2,-1>3,-1,0 -2,4,0>-3,3,1 1,-2,2>0,-1,2 1,3,-2>2,2,-2"}
{"par":148,"whiteIs":"A","ptsW":1,"res":"mate","plies":205,"balW":-200,"secs":23.4,"apertura":"1,-2,2>1,-1,2 2,3,-3>1,2,-2 2,-3,2>1,-2,2 1,3,-2>2,2,-2 1,-2,2>2,-3,2 -3,3,1>-2,2,1"}
{"par":148,"whiteIs":"B","ptsW":0,"res":"mate","plies":136,"balW":100,"secs":22.3,"apertura":"1,-2,2>1,-1,2 2,3,-3>1,2,-2 2,-3,2>1,-2,2 1,3,-2>2,2,-2 1,-2,2>2,-3,2 -3,3,1>-2,2,1"}
{"par":149,"whiteIs":"A","ptsW":0.5,"res":"fifty","plies":427,"balW":-600,"secs":38.6,"apertura":"2,-2,2>1,-1,2 -1,3,0>0,2,0 1,-2,2>2,-1,1 1,3,-2>2,2,-3 0,-2,4>0,-1,3 0,2,0>0,2,-1"}
{"par":149,"whiteIs":"B","ptsW":0.5,"res":"fifty","plies":334,"balW":700,"secs":30.6,"apertura":"2,-2,2>1,-1,2 -1,3,0>0,2,0 1,-2,2>2,-1,1 1,3,-2>2,2,-3 0,-2,4>0,-1,3 0,2,0>0,2,-1"}
{"par":150,"whiteIs":"A","ptsW":0,"res":"mate","plies":402,"balW":-1000,"secs":30.7,"apertura":"-1,-2,4>-2,-1,4 2,3,-3>2,2,-2 4,-2,0>3,-1,-1 0,3,-2>1,2,-1 0,-2,3>-1,-1,3 -1,3,0>-1,2,1"}
{"par":150,"whiteIs":"B","ptsW":0.5,"res":"fifty","plies":514,"balW":500,"secs":35.4,"apertura":"-1,-2,4>-2,-1,4 2,3,-3>2,2,-2 4,-2,0>3,-1,-1 0,3,-2>1,2,-1 0,-2,3>-1,-1,3 -1,3,0>-1,2,1"}
