# {"fecha":"2026-08-26T14:19:41.191Z","modalidad":"rps-rey","A":{"nombre":"vigente","cfg":{"depth":24,"mobility":true,"order":true,"quiesce":true,"nodes":4500}},"B":{"nombre":"proporcional","cfg":{"depth":24,"mobility":true,"order":true,"quiesce":true,"nodes":4500,"rps":{"PROPORCIONAL":1}}},"MAX_PLIES":400,"FIFTY":80,"OPENING_PLIES":6,"SEED":402,"FIRST":26,"PAIRS":25,"libro":"/Users/salasgar/Documents/git/Ajedrez-triangular/entrenamiento/libro-rps-rey.json"}
{"par":26,"whiteIs":"A","ptsW":0.5,"res":"fifty","plies":394,"balW":-900,"secs":22,"apertura":"0,-2,3>-1,-1,3 0,3,-1>0,2,0 2,-2,2>1,-1,1 -3,3,1>-2,2,1 3,-2,1>2,-1,0 -1,3,0>0,2,-1"}
{"par":26,"whiteIs":"B","ptsW":0.5,"res":"fifty","plies":337,"balW":400,"secs":24.9,"apertura":"0,-2,3>-1,-1,3 0,3,-1>0,2,0 2,-2,2>1,-1,1 -3,3,1>-2,2,1 3,-2,1>2,-1,0 -1,3,0>0,2,-1"}
{"par":27,"whiteIs":"A","ptsW":null,"res":"tope","plies":400,"balW":-700,"secs":22.1,"apertura":"0,-2,4>-1,-1,4 -3,3,1>-3,2,2 -1,-2,4>-2,-1,4 -1,3,0>0,2,0 1,-2,2>0,-1,3 -2,3,0>-3,3,1"}
{"par":27,"whiteIs":"B","ptsW":1,"res":"mate","plies":395,"balW":400,"secs":22.7,"apertura":"0,-2,4>-1,-1,4 -3,3,1>-3,2,2 -1,-2,4>-2,-1,4 -1,3,0>0,2,0 1,-2,2>0,-1,3 -2,3,0>-3,3,1"}
{"par":28,"whiteIs":"A","ptsW":0.5,"res":"fifty","plies":236,"balW":-200,"secs":16.5,"apertura":"2,-2,2>2,-1,1 2,3,-3>1,2,-2 2,-1,1>1,-1,2 -1,3,-1>0,2,-1 2,-3,3>2,-2,2 -1,4,-2>-1,3,-1"}
{"par":28,"whiteIs":"B","ptsW":null,"res":"tope","plies":400,"balW":600,"secs":20.5,"apertura":"2,-2,2>2,-1,1 2,3,-3>1,2,-2 2,-1,1>1,-1,2 -1,3,-1>0,2,-1 2,-3,3>2,-2,2 -1,4,-2>-1,3,-1"}
{"par":29,"whiteIs":"A","ptsW":null,"res":"tope","plies":400,"balW":-500,"secs":26.2,"apertura":"-1,-2,4>0,-1,3 -3,3,2>-3,2,3 2,-2,1>3,-1,0 2,3,-3>2,2,-2 0,-1,3>0,-1,2 -2,3,0>-2,2,1"}
{"par":29,"whiteIs":"B","ptsW":null,"res":"tope","plies":400,"balW":200,"secs":28.4,"apertura":"-1,-2,4>0,-1,3 -3,3,2>-3,2,3 2,-2,1>3,-1,0 2,3,-3>2,2,-2 0,-1,3>0,-1,2 -2,3,0>-2,2,1"}
{"par":30,"whiteIs":"A","ptsW":null,"res":"tope","plies":400,"balW":-500,"secs":23.7,"apertura":"0,-2,4>-1,-1,3 1,3,-2>0,2,-1 -1,-1,3>-2,0,4 -1,3,0>0,2,0 -2,0,4>-1,0,3 -3,3,2>-2,2,2"}
{"par":30,"whiteIs":"B","ptsW":null,"res":"tope","plies":400,"balW":600,"secs":39.6,"apertura":"0,-2,4>-1,-1,3 1,3,-2>0,2,-1 -1,-1,3>-2,0,4 -1,3,0>0,2,0 -2,0,4>-1,0,3 -3,3,2>-2,2,2"}
{"par":31,"whiteIs":"A","ptsW":null,"res":"tope","plies":400,"balW":-700,"secs":18,"apertura":"-1,-2,4>-1,-1,3 -1,3,0>-2,2,1 4,-2,-1>3,-1,-1 -2,4,0>-1,3,0 1,-2,3>0,-1,2 -3,3,2>-3,2,3"}
{"par":31,"whiteIs":"B","ptsW":0,"res":"mate","plies":92,"balW":200,"secs":8,"apertura":"-1,-2,4>-1,-1,3 -1,3,0>-2,2,1 4,-2,-1>3,-1,-1 -2,4,0>-1,3,0 1,-2,3>0,-1,2 -3,3,2>-3,2,3"}
{"par":32,"whiteIs":"A","ptsW":0.5,"res":"fifty","plies":336,"balW":-600,"secs":23.8,"apertura":"1,-2,3>1,-1,2 2,3,-3>2,2,-3 0,-2,3>-1,-1,3 1,3,-2>1,2,-2 -1,-1,3>0,-2,3 -1,3,-1>0,2,-1"}
{"par":32,"whiteIs":"B","ptsW":null,"res":"tope","plies":400,"balW":400,"secs":14,"apertura":"1,-2,3>1,-1,2 2,3,-3>2,2,-3 0,-2,3>-1,-1,3 1,3,-2>1,2,-2 -1,-1,3>0,-2,3 -1,3,-1>0,2,-1"}
{"par":33,"whiteIs":"A","ptsW":null,"res":"tope","plies":400,"balW":-1000,"secs":14.5,"apertura":"2,-2,1>2,-1,0 -3,3,2>-3,2,3 0,-2,3>-1,-1,3 1,3,-3>2,2,-3 3,-3,1>2,-2,1 -3,3,1>-3,2,2"}
{"par":33,"whiteIs":"B","ptsW":0.5,"res":"fifty","plies":375,"balW":300,"secs":17.6,"apertura":"2,-2,1>2,-1,0 -3,3,2>-3,2,3 0,-2,3>-1,-1,3 1,3,-3>2,2,-3 3,-3,1>2,-2,1 -3,3,1>-3,2,2"}
{"par":34,"whiteIs":"A","ptsW":0.5,"res":"fifty","plies":364,"balW":-300,"secs":17.6,"apertura":"3,-2,0>3,-1,-1 2,3,-3>2,2,-3 1,-2,2>0,-1,3 -3,3,2>-2,2,2 3,-1,-1>4,0,-2 -2,2,2>-1,1,1"}
{"par":34,"whiteIs":"B","ptsW":0,"res":"mate","plies":324,"balW":100,"secs":14.8,"apertura":"3,-2,0>3,-1,-1 2,3,-3>2,2,-3 1,-2,2>0,-1,3 -3,3,2>-2,2,2 3,-1,-1>4,0,-2 -2,2,2>-1,1,1"}
{"par":35,"whiteIs":"A","ptsW":null,"res":"tope","plies":400,"balW":-600,"secs":22.7,"apertura":"0,-2,4>-1,-1,3 1,3,-3>2,2,-2 1,-2,3>0,-1,3 -2,3,0>-1,2,0 3,-2,0>4,-1,-1 -3,3,2>-3,2,3"}
{"par":35,"whiteIs":"B","ptsW":null,"res":"tope","plies":400,"balW":1000,"secs":26.3,"apertura":"0,-2,4>-1,-1,3 1,3,-3>2,2,-2 1,-2,3>0,-1,3 -2,3,0>-1,2,0 3,-2,0>4,-1,-1 -3,3,2>-3,2,3"}
{"par":36,"whiteIs":"A","ptsW":null,"res":"tope","plies":400,"balW":-300,"secs":19.2,"apertura":"2,-2,2>1,-1,2 0,3,-1>0,2,-1 4,-2,-1>3,-1,-1 -1,4,-2>0,3,-1 1,-2,2>0,-1,3 0,3,-2>1,2,-1"}
{"par":36,"whiteIs":"B","ptsW":null,"res":"tope","plies":400,"balW":400,"secs":19.2,"apertura":"2,-2,2>1,-1,2 0,3,-1>0,2,-1 4,-2,-1>3,-1,-1 -1,4,-2>0,3,-1 1,-2,2>0,-1,3 0,3,-2>1,2,-1"}
{"par":37,"whiteIs":"A","ptsW":null,"res":"tope","plies":400,"balW":-600,"secs":30.7,"apertura":"0,-2,3>-1,-1,3 0,3,-1>1,2,-2 1,-3,3>0,-2,3 0,4,-2>0,3,-1 3,-2,1>2,-1,1 -1,4,-2>0,4,-2"}
{"par":37,"whiteIs":"B","ptsW":null,"res":"tope","plies":400,"balW":800,"secs":18.6,"apertura":"0,-2,3>-1,-1,3 0,3,-1>1,2,-2 1,-3,3>0,-2,3 0,4,-2>0,3,-1 3,-2,1>2,-1,1 -1,4,-2>0,4,-2"}
{"par":38,"whiteIs":"A","ptsW":null,"res":"tope","plies":400,"balW":-900,"secs":26.2,"apertura":"3,-2,1>2,-1,0 -1,3,0>-1,2,0 4,-2,0>3,-2,1 -1,2,0>0,2,-1 2,-1,0>2,-1,1 0,3,-2>1,2,-2"}
{"par":38,"whiteIs":"B","ptsW":0,"res":"mate","plies":194,"balW":400,"secs":12.4,"apertura":"3,-2,1>2,-1,0 -1,3,0>-1,2,0 4,-2,0>3,-2,1 -1,2,0>0,2,-1 2,-1,0>2,-1,1 0,3,-2>1,2,-2"}
{"par":39,"whiteIs":"A","ptsW":1,"res":"mate","plies":173,"balW":0,"secs":10,"apertura":"0,-2,3>0,-1,2 -1,3,0>0,2,0 0,-2,4>-1,-1,3 2,3,-3>2,2,-3 0,-1,2>0,-1,3 2,2,-3>2,1,-2"}
{"par":39,"whiteIs":"B","ptsW":1,"res":"mate","plies":285,"balW":500,"secs":20.8,"apertura":"0,-2,3>0,-1,2 -1,3,0>0,2,0 0,-2,4>-1,-1,3 2,3,-3>2,2,-3 0,-1,2>0,-1,3 2,2,-3>2,1,-2"}
{"par":40,"whiteIs":"A","ptsW":null,"res":"tope","plies":400,"balW":-500,"secs":25.8,"apertura":"2,-2,2>1,-1,1 -2,3,1>-2,2,2 -1,-2,4>-1,-1,3 -1,3,0>0,2,-1 -1,-1,3>0,0,2 0,2,-1>1,2,-2"}
{"par":40,"whiteIs":"B","ptsW":0.5,"res":"fifty","plies":321,"balW":200,"secs":19.4,"apertura":"2,-2,2>1,-1,1 -2,3,1>-2,2,2 -1,-2,4>-1,-1,3 -1,3,0>0,2,-1 -1,-1,3>0,0,2 0,2,-1>1,2,-2"}
{"par":41,"whiteIs":"A","ptsW":null,"res":"tope","plies":400,"balW":-800,"secs":25,"apertura":"1,-2,2>1,-1,2 -1,3,0>-2,2,1 1,-1,2>0,0,1 0,3,-2>1,2,-1 -1,-2,4>-2,-1,4 2,3,-3>1,2,-2"}
{"par":41,"whiteIs":"B","ptsW":null,"res":"tope","plies":400,"balW":500,"secs":19.6,"apertura":"1,-2,2>1,-1,2 -1,3,0>-2,2,1 1,-1,2>0,0,1 0,3,-2>1,2,-1 -1,-2,4>-2,-1,4 2,3,-3>1,2,-2"}
{"par":42,"whiteIs":"A","ptsW":1,"res":"mate","plies":195,"balW":-200,"secs":12.5,"apertura":"2,-2,1>2,-1,1 -3,3,1>-2,2,1 2,-2,2>1,-1,2 -1,3,-1>0,2,-1 3,-3,2>2,-2,1 0,3,-2>1,2,-2"}
{"par":42,"whiteIs":"B","ptsW":0.5,"res":"fifty","plies":384,"balW":400,"secs":31.4,"apertura":"2,-2,1>2,-1,1 -3,3,1>-2,2,1 2,-2,2>1,-1,2 -1,3,-1>0,2,-1 3,-3,2>2,-2,1 0,3,-2>1,2,-2"}
{"par":43,"whiteIs":"A","ptsW":null,"res":"tope","plies":400,"balW":-400,"secs":26,"apertura":"1,-2,2>1,-1,2 2,3,-3>2,2,-2 1,-1,2>0,0,1 -1,3,0>-1,2,1 4,-2,-1>3,-1,0 -2,3,1>-1,2,0"}
{"par":43,"whiteIs":"B","ptsW":null,"res":"tope","plies":400,"balW":200,"secs":22.1,"apertura":"1,-2,2>1,-1,2 2,3,-3>2,2,-2 1,-1,2>0,0,1 -1,3,0>-1,2,1 4,-2,-1>3,-1,0 -2,3,1>-1,2,0"}
{"par":44,"whiteIs":"A","ptsW":null,"res":"tope","plies":400,"balW":-900,"secs":38.8,"apertura":"1,-2,3>0,-1,3 -3,3,1>-3,2,2 0,-1,3>-1,0,3 0,3,-2>0,2,-1 -1,0,3>-2,1,2 1,3,-2>0,3,-2"}
{"par":44,"whiteIs":"B","ptsW":0,"res":"mate","plies":208,"balW":-100,"secs":16.4,"apertura":"1,-2,3>0,-1,3 -3,3,1>-3,2,2 0,-1,3>-1,0,3 0,3,-2>0,2,-1 -1,0,3>-2,1,2 1,3,-2>0,3,-2"}
{"par":45,"whiteIs":"A","ptsW":null,"res":"tope","plies":400,"balW":-900,"secs":36.3,"apertura":"3,-2,1>2,-1,0 1,3,-2>2,2,-2 0,-2,4>-1,-1,3 0,3,-1>1,2,-1 2,-2,1>2,-1,1 0,4,-2>0,3,-1"}
{"par":45,"whiteIs":"B","ptsW":0,"res":"mate","plies":218,"balW":200,"secs":26.1,"apertura":"3,-2,1>2,-1,0 1,3,-2>2,2,-2 0,-2,4>-1,-1,3 0,3,-1>1,2,-1 2,-2,1>2,-1,1 0,4,-2>0,3,-1"}
{"par":46,"whiteIs":"A","ptsW":null,"res":"tope","plies":400,"balW":-500,"secs":29.1,"apertura":"0,-2,3>-1,-1,3 0,3,-1>0,2,0 4,-2,-1>4,-1,-2 1,3,-2>0,3,-1 1,-3,3>0,-2,3 2,3,-3>1,2,-2"}
{"par":46,"whiteIs":"B","ptsW":0.5,"res":"repetition","plies":200,"balW":400,"secs":8.6,"apertura":"0,-2,3>-1,-1,3 0,3,-1>0,2,0 4,-2,-1>4,-1,-2 1,3,-2>0,3,-1 1,-3,3>0,-2,3 2,3,-3>1,2,-2"}
{"par":47,"whiteIs":"A","ptsW":null,"res":"tope","plies":400,"balW":-500,"secs":67,"apertura":"-1,-2,4>-1,-1,4 1,3,-2>0,2,-1 -1,-1,4>-1,-1,3 0,4,-2>1,3,-2 2,-2,1>1,-1,1 0,3,-2>0,4,-2"}
{"par":47,"whiteIs":"B","ptsW":null,"res":"tope","plies":400,"balW":200,"secs":17.2,"apertura":"-1,-2,4>-1,-1,4 1,3,-2>0,2,-1 -1,-1,4>-1,-1,3 0,4,-2>1,3,-2 2,-2,1>1,-1,1 0,3,-2>0,4,-2"}
{"par":48,"whiteIs":"A","ptsW":null,"res":"tope","plies":400,"balW":-1200,"secs":15.5,"apertura":"0,-2,4>-1,-1,3 -2,3,0>-1,2,1 -1,-1,3>0,-1,3 -1,2,1>-1,2,0 1,-2,2>2,-1,1 -1,2,0>-1,2,1"}
{"par":48,"whiteIs":"B","ptsW":0.5,"res":"fifty","plies":315,"balW":200,"secs":11.4,"apertura":"0,-2,4>-1,-1,3 -2,3,0>-1,2,1 -1,-1,3>0,-1,3 -1,2,1>-1,2,0 1,-2,2>2,-1,1 -1,2,0>-1,2,1"}
{"par":49,"whiteIs":"A","ptsW":1,"res":"mate","plies":175,"balW":-200,"secs":8.9,"apertura":"0,-2,3>0,-1,2 0,3,-1>1,2,-2 4,-2,0>4,-1,-1 -1,3,-1>-1,2,0 3,-2,0>2,-1,0 0,3,-2>0,2,-1"}
{"par":49,"whiteIs":"B","ptsW":null,"res":"tope","plies":400,"balW":400,"secs":26.1,"apertura":"0,-2,3>0,-1,2 0,3,-1>1,2,-2 4,-2,0>4,-1,-1 -1,3,-1>-1,2,0 3,-2,0>2,-1,0 0,3,-2>0,2,-1"}
{"par":50,"whiteIs":"A","ptsW":null,"res":"tope","plies":400,"balW":-400,"secs":17.6,"apertura":"2,-2,2>2,-1,1 2,3,-3>2,2,-3 1,-2,2>0,-1,3 0,3,-1>-1,2,0 2,-2,1>2,-1,0 -1,2,0>-2,2,1"}
{"par":50,"whiteIs":"B","ptsW":null,"res":"tope","plies":400,"balW":600,"secs":19.5,"apertura":"2,-2,2>2,-1,1 2,3,-3>2,2,-3 1,-2,2>0,-1,3 0,3,-1>-1,2,0 2,-2,1>2,-1,0 -1,2,0>-2,2,1"}
