# {"fecha":"2026-08-26T14:38:29.882Z","modalidad":"rps-rey","A":{"nombre":"vigente","cfg":{"depth":24,"mobility":true,"order":true,"quiesce":true,"nodes":4500}},"B":{"nombre":"proporcional","cfg":{"depth":24,"mobility":true,"order":true,"quiesce":true,"nodes":4500,"rps":{"PROPORCIONAL":1}}},"MAX_PLIES":400,"FIFTY":80,"OPENING_PLIES":6,"SEED":403,"FIRST":51,"PAIRS":25,"libro":"/Users/salasgar/Documents/git/Ajedrez-triangular/entrenamiento/libro-rps-rey.json"}
{"par":51,"whiteIs":"A","ptsW":0.5,"res":"fifty","plies":376,"balW":0,"secs":78.7,"apertura":"0,-2,4>-1,-1,3 -2,3,1>-2,2,1 2,-2,1>2,-1,1 -2,2,1>-2,3,1 2,-2,2>1,-1,1 0,3,-1>1,2,-2"}
{"par":51,"whiteIs":"B","ptsW":0.5,"res":"fifty","plies":109,"balW":0,"secs":26,"apertura":"0,-2,4>-1,-1,3 -2,3,1>-2,2,1 2,-2,1>2,-1,1 -2,2,1>-2,3,1 2,-2,2>1,-1,1 0,3,-1>1,2,-2"}
{"par":52,"whiteIs":"A","ptsW":0.5,"res":"fifty","plies":359,"balW":0,"secs":41.6,"apertura":"0,-2,3>0,-1,3 1,3,-2>2,2,-2 1,-3,4>0,-2,3 0,4,-3>1,3,-2 0,-2,4>-1,-1,3 -3,3,1>-2,2,1"}
{"par":52,"whiteIs":"B","ptsW":0.5,"res":"fifty","plies":379,"balW":1200,"secs":41.6,"apertura":"0,-2,3>0,-1,3 1,3,-2>2,2,-2 1,-3,4>0,-2,3 0,4,-3>1,3,-2 0,-2,4>-1,-1,3 -3,3,1>-2,2,1"}
{"par":53,"whiteIs":"A","ptsW":1,"res":"mate","plies":335,"balW":200,"secs":47.2,"apertura":"3,-2,0>4,-1,-1 -1,3,0>0,2,-1 3,-2,1>2,-1,1 -1,3,-1>0,2,0 4,-2,0>3,-1,0 0,2,-1>-1,3,-1"}
{"par":53,"whiteIs":"B","ptsW":0,"res":"mate","plies":304,"balW":600,"secs":34.7,"apertura":"3,-2,0>4,-1,-1 -1,3,0>0,2,-1 3,-2,1>2,-1,1 -1,3,-1>0,2,0 4,-2,0>3,-1,0 0,2,-1>-1,3,-1"}
{"par":54,"whiteIs":"A","ptsW":0.5,"res":"fifty","plies":362,"balW":-700,"secs":27.4,"apertura":"3,-2,0>2,-1,0 1,3,-3>1,2,-2 2,-1,0>1,0,0 1,2,-2>2,2,-3 4,-3,1>3,-2,0 2,2,-3>1,2,-2"}
{"par":54,"whiteIs":"B","ptsW":0,"res":"mate","plies":298,"balW":0,"secs":63.6,"apertura":"3,-2,0>2,-1,0 1,3,-3>1,2,-2 2,-1,0>1,0,0 1,2,-2>2,2,-3 4,-3,1>3,-2,0 2,2,-3>1,2,-2"}
{"par":55,"whiteIs":"A","ptsW":1,"res":"mate","plies":157,"balW":0,"secs":47.7,"apertura":"4,-2,-1>3,-1,0 1,3,-3>2,2,-3 1,-2,2>0,-1,3 0,3,-2>1,2,-2 3,-2,0>2,-1,0 1,3,-2>0,2,-1"}
{"par":55,"whiteIs":"B","ptsW":1,"res":"mate","plies":339,"balW":900,"secs":74.1,"apertura":"4,-2,-1>3,-1,0 1,3,-3>2,2,-3 1,-2,2>0,-1,3 0,3,-2>1,2,-2 3,-2,0>2,-1,0 1,3,-2>0,2,-1"}
{"par":56,"whiteIs":"A","ptsW":1,"res":"mate","plies":141,"balW":100,"secs":32.5,"apertura":"4,-2,0>3,-1,-1 0,3,-1>0,2,0 3,-1,-1>2,-1,0 2,3,-3>2,2,-2 1,-2,2>1,-1,2 1,3,-3>1,2,-2"}
{"par":56,"whiteIs":"B","ptsW":1,"res":"mate","plies":161,"balW":200,"secs":49.4,"apertura":"4,-2,0>3,-1,-1 0,3,-1>0,2,0 3,-1,-1>2,-1,0 2,3,-3>2,2,-2 1,-2,2>1,-1,2 1,3,-3>1,2,-2"}
{"par":57,"whiteIs":"A","ptsW":0.5,"res":"fifty","plies":256,"balW":-500,"secs":46.2,"apertura":"2,-2,1>2,-1,0 -2,3,1>-1,2,0 1,-2,3>0,-1,3 -3,3,2>-3,2,2 2,-1,0>2,0,0 1,3,-2>0,2,-1"}
{"par":57,"whiteIs":"B","ptsW":1,"res":"mate","plies":249,"balW":700,"secs":42.2,"apertura":"2,-2,1>2,-1,0 -2,3,1>-1,2,0 1,-2,3>0,-1,3 -3,3,2>-3,2,2 2,-1,0>2,0,0 1,3,-2>0,2,-1"}
{"par":58,"whiteIs":"A","ptsW":0.5,"res":"fifty","plies":378,"balW":-100,"secs":41.3,"apertura":"1,-2,2>2,-1,1 0,3,-1>-1,2,0 1,-2,3>1,-1,2 -1,2,0>-1,1,1 0,-2,3>0,-1,3 1,3,-2>1,2,-1"}
{"par":58,"whiteIs":"B","ptsW":0.5,"res":"fifty","plies":380,"balW":800,"secs":48.3,"apertura":"1,-2,2>2,-1,1 0,3,-1>-1,2,0 1,-2,3>1,-1,2 -1,2,0>-1,1,1 0,-2,3>0,-1,3 1,3,-2>1,2,-1"}
{"par":59,"whiteIs":"A","ptsW":1,"res":"mate","plies":265,"balW":-300,"secs":58.9,"apertura":"4,-2,0>3,-1,-1 -2,3,1>-1,2,1 3,-2,1>2,-1,1 -1,2,1>-2,2,1 2,-1,1>1,0,0 -2,2,1>-2,2,2"}
{"par":59,"whiteIs":"B","ptsW":null,"res":"tope","plies":400,"balW":500,"secs":51.9,"apertura":"4,-2,0>3,-1,-1 -2,3,1>-1,2,1 3,-2,1>2,-1,1 -1,2,1>-2,2,1 2,-1,1>1,0,0 -2,2,1>-2,2,2"}
{"par":60,"whiteIs":"A","ptsW":1,"res":"mate","plies":251,"balW":-300,"secs":47.9,"apertura":"3,-2,0>2,-1,1 2,3,-3>3,2,-3 2,-1,1>3,-2,0 -1,3,0>-2,2,1 2,-2,2>2,-1,1 -1,3,-1>0,2,0"}
{"par":60,"whiteIs":"B","ptsW":0.5,"res":"fifty","plies":329,"balW":800,"secs":64.4,"apertura":"3,-2,0>2,-1,1 2,3,-3>3,2,-3 2,-1,1>3,-2,0 -1,3,0>-2,2,1 2,-2,2>2,-1,1 -1,3,-1>0,2,0"}
{"par":61,"whiteIs":"A","ptsW":null,"res":"tope","plies":400,"balW":-1000,"secs":62,"apertura":"4,-2,-1>4,-1,-2 0,3,-1>0,2,0 4,-1,-2>3,0,-2 0,2,0>-1,2,1 2,-2,1>3,-1,0 -1,2,1>0,1,1"}
{"par":61,"whiteIs":"B","ptsW":null,"res":"tope","plies":400,"balW":1000,"secs":87.4,"apertura":"4,-2,-1>4,-1,-2 0,3,-1>0,2,0 4,-1,-2>3,0,-2 0,2,0>-1,2,1 2,-2,1>3,-1,0 -1,2,1>0,1,1"}
{"par":62,"whiteIs":"A","ptsW":0,"res":"mate","plies":324,"balW":-600,"secs":57.8,"apertura":"4,-2,-1>3,-1,0 1,3,-2>0,2,-1 4,-2,0>3,-1,-1 -3,3,1>-2,2,2 -1,-2,4>0,-1,3 -2,2,2>-3,3,1"}
{"par":62,"whiteIs":"B","ptsW":null,"res":"tope","plies":400,"balW":0,"secs":71.6,"apertura":"4,-2,-1>3,-1,0 1,3,-2>0,2,-1 4,-2,0>3,-1,-1 -3,3,1>-2,2,2 -1,-2,4>0,-1,3 -2,2,2>-3,3,1"}
{"par":63,"whiteIs":"A","ptsW":0,"res":"mate","plies":332,"balW":-200,"secs":63.7,"apertura":"3,-2,1>3,-1,0 0,3,-2>1,2,-1 3,-1,0>2,0,-1 1,2,-1>0,2,-1 1,-2,2>1,-1,1 -3,3,2>-2,2,1"}
{"par":63,"whiteIs":"B","ptsW":0,"res":"mate","plies":372,"balW":100,"secs":63.1,"apertura":"3,-2,1>3,-1,0 0,3,-2>1,2,-1 3,-1,0>2,0,-1 1,2,-1>0,2,-1 1,-2,2>1,-1,1 -3,3,2>-2,2,1"}
{"par":64,"whiteIs":"A","ptsW":0.5,"res":"fifty","plies":366,"balW":-300,"secs":75.2,"apertura":"0,-2,4>0,-1,3 2,3,-3>1,2,-2 4,-2,-1>3,-1,0 1,2,-2>2,3,-3 0,-1,3>-1,0,2 -1,3,0>0,2,-1"}
{"par":64,"whiteIs":"B","ptsW":0.5,"res":"fifty","plies":265,"balW":-100,"secs":79.9,"apertura":"0,-2,4>0,-1,3 2,3,-3>1,2,-2 4,-2,-1>3,-1,0 1,2,-2>2,3,-3 0,-1,3>-1,0,2 -1,3,0>0,2,-1"}
{"par":65,"whiteIs":"A","ptsW":0.5,"res":"fifty","plies":264,"balW":-600,"secs":29.4,"apertura":"1,-2,2>1,-1,1 0,3,-1>1,2,-1 -1,-2,4>-1,-1,3 -3,3,2>-2,2,2 1,-1,1>0,-1,2 0,3,-2>0,2,-1"}
{"par":65,"whiteIs":"B","ptsW":0,"res":"mate","plies":194,"balW":200,"secs":39.1,"apertura":"1,-2,2>1,-1,1 0,3,-1>1,2,-1 -1,-2,4>-1,-1,3 -3,3,2>-2,2,2 1,-1,1>0,-1,2 0,3,-2>0,2,-1"}
{"par":66,"whiteIs":"A","ptsW":null,"res":"tope","plies":400,"balW":-500,"secs":61.6,"apertura":"2,-2,2>1,-1,2 2,3,-3>3,2,-3 3,-2,1>2,-2,2 -1,3,0>-1,2,1 4,-2,0>3,-2,1 1,3,-3>2,3,-3"}
{"par":66,"whiteIs":"B","ptsW":null,"res":"tope","plies":400,"balW":300,"secs":106.1,"apertura":"2,-2,2>1,-1,2 2,3,-3>3,2,-3 3,-2,1>2,-2,2 -1,3,0>-1,2,1 4,-2,0>3,-2,1 1,3,-3>2,3,-3"}
{"par":67,"whiteIs":"A","ptsW":0,"res":"mate","plies":358,"balW":-900,"secs":74.9,"apertura":"2,-2,1>2,-1,1 1,3,-2>0,2,-1 -1,-2,4>-1,-1,4 -2,3,1>-2,2,2 4,-2,0>3,-1,-1 0,3,-2>1,2,-1"}
{"par":67,"whiteIs":"B","ptsW":0,"res":"mate","plies":286,"balW":100,"secs":53,"apertura":"2,-2,1>2,-1,1 1,3,-2>0,2,-1 -1,-2,4>-1,-1,4 -2,3,1>-2,2,2 4,-2,0>3,-1,-1 0,3,-2>1,2,-1"}
{"par":68,"whiteIs":"A","ptsW":null,"res":"tope","plies":400,"balW":-800,"secs":99.1,"apertura":"-1,-2,4>-1,-1,3 -2,3,1>-2,2,1 1,-2,3>1,-1,2 -2,2,1>-2,3,1 1,-1,2>1,-1,1 -2,3,1>-1,2,1"}
# {"fecha":"2026-08-26T15:18:39.791Z","modalidad":"rps-rey","A":{"nombre":"vigente","cfg":{"depth":24,"mobility":true,"order":true,"quiesce":true,"nodes":4500}},"B":{"nombre":"proporcional","cfg":{"depth":24,"mobility":true,"order":true,"quiesce":true,"nodes":4500,"rps":{"PROPORCIONAL":1}}},"MAX_PLIES":400,"FIFTY":80,"OPENING_PLIES":6,"SEED":403,"FIRST":51,"PAIRS":25,"libro":"/Users/salasgar/Documents/git/Ajedrez-triangular/entrenamiento/libro-rps-rey.json"}
{"par":68,"whiteIs":"B","ptsW":1,"res":"mate","plies":391,"balW":800,"secs":66,"apertura":"-1,-2,4>-1,-1,3 -2,3,1>-2,2,1 1,-2,3>1,-1,2 -2,2,1>-2,3,1 1,-1,2>1,-1,1 -2,3,1>-1,2,1"}
{"par":69,"whiteIs":"A","ptsW":null,"res":"tope","plies":400,"balW":-600,"secs":56.1,"apertura":"-1,-2,4>-1,-1,3 1,3,-2>1,2,-2 -1,-1,3>0,-1,2 1,2,-2>1,2,-1 1,-2,3>0,-1,3 -2,3,1>-1,2,1"}
{"par":69,"whiteIs":"B","ptsW":null,"res":"tope","plies":400,"balW":700,"secs":60.8,"apertura":"-1,-2,4>-1,-1,3 1,3,-2>1,2,-2 -1,-1,3>0,-1,2 1,2,-2>1,2,-1 1,-2,3>0,-1,3 -2,3,1>-1,2,1"}
{"par":70,"whiteIs":"A","ptsW":0.5,"res":"fifty","plies":390,"balW":-500,"secs":70.5,"apertura":"1,-2,2>0,-1,3 -2,3,0>-1,2,0 2,-3,2>1,-2,2 -3,3,2>-2,2,1 0,-1,3>-1,0,2 -2,2,1>-3,3,2"}
{"par":70,"whiteIs":"B","ptsW":0,"res":"mate","plies":70,"balW":0,"secs":16,"apertura":"1,-2,2>0,-1,3 -2,3,0>-1,2,0 2,-3,2>1,-2,2 -3,3,2>-2,2,1 0,-1,3>-1,0,2 -2,2,1>-3,3,2"}
{"par":71,"whiteIs":"A","ptsW":null,"res":"tope","plies":400,"balW":-500,"secs":81.6,"apertura":"1,-2,2>0,-1,3 -3,3,1>-2,2,1 0,-1,3>-1,-1,3 -3,3,2>-3,2,2 2,-2,2>2,-1,1 0,3,-2>1,2,-2"}
{"par":71,"whiteIs":"B","ptsW":0,"res":"mate","plies":102,"balW":-100,"secs":25.9,"apertura":"1,-2,2>0,-1,3 -3,3,1>-2,2,1 0,-1,3>-1,-1,3 -3,3,2>-3,2,2 2,-2,2>2,-1,1 0,3,-2>1,2,-2"}
{"par":72,"whiteIs":"A","ptsW":null,"res":"tope","plies":400,"balW":-300,"secs":43.2,"apertura":"1,-2,2>1,-1,2 1,3,-3>2,2,-2 2,-2,2>1,-2,2 2,3,-3>2,2,-3 0,-2,3>-1,-1,4 0,4,-3>1,3,-3"}
{"par":72,"whiteIs":"B","ptsW":null,"res":"tope","plies":400,"balW":700,"secs":33.8,"apertura":"1,-2,2>1,-1,2 1,3,-3>2,2,-2 2,-2,2>1,-2,2 2,3,-3>2,2,-3 0,-2,3>-1,-1,4 0,4,-3>1,3,-3"}
{"par":73,"whiteIs":"A","ptsW":0.5,"res":"fifty","plies":372,"balW":-400,"secs":41.7,"apertura":"-1,-2,4>0,-1,3 -2,3,1>-1,2,0 2,-2,2>1,-1,2 -2,3,0>-2,3,1 3,-2,0>3,-1,-1 -1,3,-1>0,2,0"}
{"par":73,"whiteIs":"B","ptsW":0.5,"res":"fifty","plies":307,"balW":700,"secs":23.4,"apertura":"-1,-2,4>0,-1,3 -2,3,1>-1,2,0 2,-2,2>1,-1,2 -2,3,0>-2,3,1 3,-2,0>3,-1,-1 -1,3,-1>0,2,0"}
{"par":74,"whiteIs":"A","ptsW":0.5,"res":"fifty","plies":332,"balW":-600,"secs":38.3,"apertura":"1,-2,3>1,-1,2 -2,3,1>-1,2,0 0,-2,3>0,-1,3 -1,2,0>-2,3,1 4,-2,0>3,-1,-1 -3,3,2>-2,2,1"}
{"par":74,"whiteIs":"B","ptsW":null,"res":"tope","plies":400,"balW":400,"secs":50.5,"apertura":"1,-2,3>1,-1,2 -2,3,1>-1,2,0 0,-2,3>0,-1,3 -1,2,0>-2,3,1 4,-2,0>3,-1,-1 -3,3,2>-2,2,1"}
{"par":75,"whiteIs":"A","ptsW":null,"res":"tope","plies":400,"balW":-1000,"secs":43.3,"apertura":"2,-2,2>1,-1,2 -2,3,1>-3,2,2 1,-1,2>0,-1,2 1,3,-2>1,2,-2 -1,-2,4>0,-1,3 -1,3,0>-1,2,0"}
{"par":75,"whiteIs":"B","ptsW":0.5,"res":"fifty","plies":372,"balW":700,"secs":29.4,"apertura":"2,-2,2>1,-1,2 -2,3,1>-3,2,2 1,-1,2>0,-1,2 1,3,-2>1,2,-2 -1,-2,4>0,-1,3 -1,3,0>-1,2,0"}
