# {"fecha":"2026-08-26T15:50:50.130Z","modalidad":"rps-rey","A":{"nombre":"vigente","cfg":{"depth":24,"mobility":true,"order":true,"quiesce":true,"nodes":4500}},"B":{"nombre":"proporcional","cfg":{"depth":24,"mobility":true,"order":true,"quiesce":true,"nodes":4500,"rps":{"PROPORCIONAL":1}}},"MAX_PLIES":800,"FIFTY":80,"OPENING_PLIES":6,"SEED":406,"FIRST":151,"PAIRS":50,"libro":"/Users/salasgar/Documents/git/Ajedrez-triangular/entrenamiento/libro-rps-rey.json"}
{"par":151,"whiteIs":"A","ptsW":0.5,"res":"fifty","plies":472,"balW":-900,"secs":36.3,"apertura":"4,-2,-1>3,-1,0 0,3,-1>0,2,-1 2,-2,1>1,-1,1 0,2,-1>1,2,-1 1,-1,1>2,-2,1 -2,3,1>-2,2,2"}
{"par":151,"whiteIs":"B","ptsW":0.5,"res":"fifty","plies":275,"balW":600,"secs":31.2,"apertura":"4,-2,-1>3,-1,0 0,3,-1>0,2,-1 2,-2,1>1,-1,1 0,2,-1>1,2,-1 1,-1,1>2,-2,1 -2,3,1>-2,2,2"}
{"par":152,"whiteIs":"A","ptsW":1,"res":"mate","plies":145,"balW":-200,"secs":21.4,"apertura":"0,-2,4>-1,-1,4 -1,3,0>-1,2,1 3,-2,1>2,-1,0 -1,2,1>-2,2,1 1,-2,2>2,-1,1 1,3,-3>2,2,-3"}
{"par":152,"whiteIs":"B","ptsW":0.5,"res":"repetition","plies":270,"balW":400,"secs":43.3,"apertura":"0,-2,4>-1,-1,4 -1,3,0>-1,2,1 3,-2,1>2,-1,0 -1,2,1>-2,2,1 1,-2,2>2,-1,1 1,3,-3>2,2,-3"}
{"par":153,"whiteIs":"A","ptsW":1,"res":"mate","plies":333,"balW":-500,"secs":36.2,"apertura":"3,-2,1>3,-1,0 -1,3,-1>0,2,-1 0,-2,4>0,-1,3 -2,3,1>-3,2,2 0,-1,3>0,-2,4 -3,2,2>-2,1,3"}
{"par":153,"whiteIs":"B","ptsW":0.5,"res":"fifty","plies":362,"balW":100,"secs":53,"apertura":"3,-2,1>3,-1,0 -1,3,-1>0,2,-1 0,-2,4>0,-1,3 -2,3,1>-3,2,2 0,-1,3>0,-2,4 -3,2,2>-2,1,3"}
{"par":154,"whiteIs":"A","ptsW":1,"res":"mate","plies":189,"balW":-400,"secs":38,"apertura":"2,-2,1>1,-1,2 -1,3,0>-1,2,0 1,-2,2>2,-2,1 -2,3,0>-1,3,0 4,-2,-1>3,-1,-1 -2,4,0>-2,3,0"}
{"par":154,"whiteIs":"B","ptsW":0,"res":"mate","plies":188,"balW":200,"secs":37.9,"apertura":"2,-2,1>1,-1,2 -1,3,0>-1,2,0 1,-2,2>2,-2,1 -2,3,0>-1,3,0 4,-2,-1>3,-1,-1 -2,4,0>-2,3,0"}
{"par":155,"whiteIs":"A","ptsW":0.5,"res":"fifty","plies":624,"balW":-300,"secs":78.4,"apertura":"3,-2,1>3,-1,0 -2,3,1>-1,2,0 2,-2,1>1,-1,2 -1,2,0>0,1,1 3,-3,1>2,-2,1 -3,3,1>-3,2,2"}
{"par":155,"whiteIs":"B","ptsW":0.5,"res":"fifty","plies":369,"balW":700,"secs":72,"apertura":"3,-2,1>3,-1,0 -2,3,1>-1,2,0 2,-2,1>1,-1,2 -1,2,0>0,1,1 3,-3,1>2,-2,1 -3,3,1>-3,2,2"}
{"par":156,"whiteIs":"A","ptsW":0.5,"res":"fifty","plies":336,"balW":-100,"secs":49.4,"apertura":"2,-2,1>3,-1,0 1,3,-3>2,2,-2 1,-2,2>2,-2,1 1,3,-2>1,2,-1 2,-2,1>1,-2,2 2,2,-2>1,2,-2"}
{"par":156,"whiteIs":"B","ptsW":0,"res":"mate","plies":154,"balW":-100,"secs":41.2,"apertura":"2,-2,1>3,-1,0 1,3,-3>2,2,-2 1,-2,2>2,-2,1 1,3,-2>1,2,-1 2,-2,1>1,-2,2 2,2,-2>1,2,-2"}
{"par":157,"whiteIs":"A","ptsW":1,"res":"mate","plies":191,"balW":0,"secs":30.7,"apertura":"4,-2,0>4,-1,-1 -1,3,0>0,2,-1 1,-2,2>1,-1,2 -2,3,0>-1,2,1 4,-1,-1>3,0,-1 -1,2,1>-1,2,0"}
{"par":157,"whiteIs":"B","ptsW":0.5,"res":"fifty","plies":199,"balW":0,"secs":28.6,"apertura":"4,-2,0>4,-1,-1 -1,3,0>0,2,-1 1,-2,2>1,-1,2 -2,3,0>-1,2,1 4,-1,-1>3,0,-1 -1,2,1>-1,2,0"}
{"par":158,"whiteIs":"A","ptsW":0.5,"res":"fifty","plies":74,"balW":0,"secs":18.1,"apertura":"1,-2,2>2,-1,1 1,3,-3>1,2,-2 1,-3,3>1,-2,2 1,4,-3>1,3,-3 3,-2,0>3,-1,0 -2,3,1>-2,2,1"}
{"par":158,"whiteIs":"B","ptsW":0.5,"res":"fifty","plies":295,"balW":400,"secs":60.1,"apertura":"1,-2,2>2,-1,1 1,3,-3>1,2,-2 1,-3,3>1,-2,2 1,4,-3>1,3,-3 3,-2,0>3,-1,0 -2,3,1>-2,2,1"}
{"par":159,"whiteIs":"A","ptsW":0.5,"res":"fifty","plies":506,"balW":-700,"secs":159.5,"apertura":"3,-2,0>3,-1,0 -3,3,2>-3,2,3 3,-1,0>3,0,-1 -2,3,0>-1,2,1 3,-2,1>3,-2,0 -1,2,1>0,2,0"}
{"par":159,"whiteIs":"B","ptsW":0,"res":"mate","plies":78,"balW":100,"secs":44.1,"apertura":"3,-2,0>3,-1,0 -3,3,2>-3,2,3 3,-1,0>3,0,-1 -2,3,0>-1,2,1 3,-2,1>3,-2,0 -1,2,1>0,2,0"}
{"par":160,"whiteIs":"A","ptsW":0,"res":"mate","plies":258,"balW":-200,"secs":54.1,"apertura":"2,-2,1>3,-1,0 -3,3,2>-2,2,2 3,-1,0>2,-2,1 -2,3,0>-2,2,1 0,-2,3>0,-1,3 2,3,-3>2,2,-2"}
{"par":160,"whiteIs":"B","ptsW":0,"res":"mate","plies":260,"balW":200,"secs":194.2,"apertura":"2,-2,1>3,-1,0 -3,3,2>-2,2,2 3,-1,0>2,-2,1 -2,3,0>-2,2,1 0,-2,3>0,-1,3 2,3,-3>2,2,-2"}
{"par":161,"whiteIs":"A","ptsW":0.5,"res":"fifty","plies":447,"balW":-700,"secs":149.5,"apertura":"0,-2,3>-1,-1,4 -2,3,1>-1,2,0 -1,-2,4>-1,-1,3 0,3,-1>1,2,-1 2,-2,2>1,-1,2 -1,2,0>0,3,-1"}
{"par":161,"whiteIs":"B","ptsW":0.5,"res":"fifty","plies":380,"balW":400,"secs":95.8,"apertura":"0,-2,3>-1,-1,4 -2,3,1>-1,2,0 -1,-2,4>-1,-1,3 0,3,-1>1,2,-1 2,-2,2>1,-1,2 -1,2,0>0,3,-1"}
{"par":162,"whiteIs":"A","ptsW":0.5,"res":"fifty","plies":390,"balW":-900,"secs":80.2,"apertura":"-1,-2,4>-2,-1,4 -3,3,2>-3,2,3 3,-2,0>3,-1,0 0,3,-1>1,2,-1 0,-2,3>0,-1,3 -1,3,0>-1,2,1"}
{"par":162,"whiteIs":"B","ptsW":0,"res":"mate","plies":248,"balW":100,"secs":70,"apertura":"-1,-2,4>-2,-1,4 -3,3,2>-3,2,3 3,-2,0>3,-1,0 0,3,-1>1,2,-1 0,-2,3>0,-1,3 -1,3,0>-1,2,1"}
{"par":163,"whiteIs":"A","ptsW":0.5,"res":"fifty","plies":474,"balW":-700,"secs":116.2,"apertura":"1,-2,3>1,-1,2 0,3,-2>1,2,-1 4,-2,-1>3,-1,-1 1,3,-3>2,2,-2 1,-2,2>1,-1,1 2,2,-2>1,2,-2"}
{"par":163,"whiteIs":"B","ptsW":0,"res":"mate","plies":100,"balW":100,"secs":28.4,"apertura":"1,-2,3>1,-1,2 0,3,-2>1,2,-1 4,-2,-1>3,-1,-1 1,3,-3>2,2,-2 1,-2,2>1,-1,1 2,2,-2>1,2,-2"}
{"par":164,"whiteIs":"A","ptsW":1,"res":"mate","plies":99,"balW":0,"secs":46.3,"apertura":"-1,-2,4>0,-1,3 0,3,-1>0,2,0 0,-2,4>-1,-1,3 0,2,0>1,2,-1 0,-3,4>-1,-2,4 -1,3,-1>0,2,-1"}
{"par":164,"whiteIs":"B","ptsW":0,"res":"mate","plies":188,"balW":100,"secs":113.4,"apertura":"-1,-2,4>0,-1,3 0,3,-1>0,2,0 0,-2,4>-1,-1,3 0,2,0>1,2,-1 0,-3,4>-1,-2,4 -1,3,-1>0,2,-1"}
{"par":165,"whiteIs":"A","ptsW":0.5,"res":"fifty","plies":74,"balW":0,"secs":35,"apertura":"0,-2,3>0,-1,2 1,3,-2>1,2,-2 4,-2,-1>3,-1,0 -3,3,2>-3,2,3 0,-1,2>0,-2,3 1,2,-2>2,1,-1"}
{"par":165,"whiteIs":"B","ptsW":0.5,"res":"fifty","plies":429,"balW":600,"secs":195.2,"apertura":"0,-2,3>0,-1,2 1,3,-2>1,2,-2 4,-2,-1>3,-1,0 -3,3,2>-3,2,3 0,-1,2>0,-2,3 1,2,-2>2,1,-1"}
{"par":166,"whiteIs":"A","ptsW":0,"res":"mate","plies":390,"balW":-600,"secs":104.3,"apertura":"0,-2,3>0,-1,3 0,3,-2>1,2,-2 4,-2,-1>4,-1,-2 -3,3,2>-2,2,1 2,-2,2>1,-1,2 -2,3,1>-2,2,2"}
{"par":166,"whiteIs":"B","ptsW":1,"res":"mate","plies":327,"balW":500,"secs":84.5,"apertura":"0,-2,3>0,-1,3 0,3,-2>1,2,-2 4,-2,-1>4,-1,-2 -3,3,2>-2,2,1 2,-2,2>1,-1,2 -2,3,1>-2,2,2"}
{"par":167,"whiteIs":"A","ptsW":0.5,"res":"fifty","plies":352,"balW":-700,"secs":87.9,"apertura":"2,-2,1>3,-1,0 -2,3,1>-3,2,2 2,-2,2>2,-1,1 0,3,-1>1,2,-1 3,-3,1>2,-2,1 -1,3,0>0,3,-1"}
{"par":167,"whiteIs":"B","ptsW":0.5,"res":"fifty","plies":613,"balW":400,"secs":144,"apertura":"2,-2,1>3,-1,0 -2,3,1>-3,2,2 2,-2,2>2,-1,1 0,3,-1>1,2,-1 3,-3,1>2,-2,1 -1,3,0>0,3,-1"}
{"par":168,"whiteIs":"A","ptsW":0.5,"res":"repetition","plies":126,"balW":100,"secs":53.3,"apertura":"3,-2,0>3,-1,0 0,3,-2>1,2,-2 4,-2,-1>4,-1,-2 -1,3,-1>-1,2,0 0,-2,3>-1,-1,3 -1,2,0>0,1,1"}
{"par":168,"whiteIs":"B","ptsW":0.5,"res":"fifty","plies":303,"balW":400,"secs":96.1,"apertura":"3,-2,0>3,-1,0 0,3,-2>1,2,-2 4,-2,-1>4,-1,-2 -1,3,-1>-1,2,0 0,-2,3>-1,-1,3 -1,2,0>0,1,1"}
{"par":169,"whiteIs":"A","ptsW":1,"res":"mate","plies":65,"balW":0,"secs":10.1,"apertura":"4,-2,-1>3,-1,0 -2,3,0>-1,2,0 0,-2,3>0,-1,3 -1,2,0>0,2,-1 0,-2,4>0,-2,3 -3,3,2>-3,2,2"}
{"par":169,"whiteIs":"B","ptsW":0.5,"res":"fifty","plies":329,"balW":-100,"secs":45.8,"apertura":"4,-2,-1>3,-1,0 -2,3,0>-1,2,0 0,-2,3>0,-1,3 -1,2,0>0,2,-1 0,-2,4>0,-2,3 -3,3,2>-3,2,2"}
{"par":170,"whiteIs":"A","ptsW":0.5,"res":"fifty","plies":579,"balW":-400,"secs":69,"apertura":"0,-2,3>0,-1,2 1,3,-2>2,2,-3 1,-2,3>1,-1,2 -3,3,2>-2,2,1 3,-2,0>3,-1,0 2,3,-3>1,2,-2"}
{"par":170,"whiteIs":"B","ptsW":0,"res":"mate","plies":286,"balW":300,"secs":65.5,"apertura":"0,-2,3>0,-1,2 1,3,-2>2,2,-3 1,-2,3>1,-1,2 -3,3,2>-2,2,1 3,-2,0>3,-1,0 2,3,-3>1,2,-2"}
{"par":171,"whiteIs":"A","ptsW":0.5,"res":"fifty","plies":74,"balW":0,"secs":20.1,"apertura":"4,-2,-1>4,-1,-1 2,3,-3>1,2,-2 1,-2,2>0,-1,3 0,3,-2>0,2,-1 4,-1,-1>3,-1,-1 0,2,-1>0,2,0"}
{"par":171,"whiteIs":"B","ptsW":0,"res":"mate","plies":34,"balW":0,"secs":5,"apertura":"4,-2,-1>4,-1,-1 2,3,-3>1,2,-2 1,-2,2>0,-1,3 0,3,-2>0,2,-1 4,-1,-1>3,-1,-1 0,2,-1>0,2,0"}
{"par":172,"whiteIs":"A","ptsW":0.5,"res":"fifty","plies":348,"balW":-1100,"secs":52.7,"apertura":"1,-2,3>1,-1,2 1,3,-3>1,2,-2 2,-2,1>1,-1,1 0,3,-2>0,2,-1 1,-3,4>1,-2,3 -3,3,1>-2,2,1"}
{"par":172,"whiteIs":"B","ptsW":0,"res":"mate","plies":266,"balW":200,"secs":90.6,"apertura":"1,-2,3>1,-1,2 1,3,-3>1,2,-2 2,-2,1>1,-1,1 0,3,-2>0,2,-1 1,-3,4>1,-2,3 -3,3,1>-2,2,1"}
{"par":173,"whiteIs":"A","ptsW":0.5,"res":"fifty","plies":74,"balW":0,"secs":19,"apertura":"2,-2,1>1,-1,2 1,3,-3>2,2,-3 4,-2,0>3,-1,0 -3,3,2>-3,2,3 1,-2,2>2,-1,1 -2,3,1>-1,2,1"}
{"par":173,"whiteIs":"B","ptsW":null,"res":"tope","plies":800,"balW":0,"secs":72.7,"apertura":"2,-2,1>1,-1,2 1,3,-3>2,2,-3 4,-2,0>3,-1,0 -3,3,2>-3,2,3 1,-2,2>2,-1,1 -2,3,1>-1,2,1"}
{"par":174,"whiteIs":"A","ptsW":0.5,"res":"fifty","plies":476,"balW":-800,"secs":48.1,"apertura":"2,-2,2>1,-1,2 2,3,-3>2,2,-2 1,-1,2>2,-1,1 1,3,-2>2,2,-3 0,-2,3>0,-1,2 -1,3,0>-2,2,1"}
{"par":174,"whiteIs":"B","ptsW":0.5,"res":"fifty","plies":400,"balW":800,"secs":36.6,"apertura":"2,-2,2>1,-1,2 2,3,-3>2,2,-2 1,-1,2>2,-1,1 1,3,-2>2,2,-3 0,-2,3>0,-1,2 -1,3,0>-2,2,1"}
{"par":175,"whiteIs":"A","ptsW":0.5,"res":"fifty","plies":354,"balW":-100,"secs":26.7,"apertura":"2,-2,1>1,-1,2 0,3,-1>0,2,0 2,-2,2>2,-2,1 2,3,-3>2,2,-2 1,-1,2>0,-1,2 -2,3,1>-2,2,1"}
{"par":175,"whiteIs":"B","ptsW":0.5,"res":"fifty","plies":343,"balW":900,"secs":28.1,"apertura":"2,-2,1>1,-1,2 0,3,-1>0,2,0 2,-2,2>2,-2,1 2,3,-3>2,2,-2 1,-1,2>0,-1,2 -2,3,1>-2,2,1"}
{"par":176,"whiteIs":"A","ptsW":0.5,"res":"fifty","plies":387,"balW":-600,"secs":24.9,"apertura":"1,-2,2>0,-1,2 -2,3,0>-1,2,0 2,-2,1>2,-1,1 -1,3,-1>0,2,-1 2,-1,1>1,-1,2 1,3,-3>1,2,-2"}
{"par":176,"whiteIs":"B","ptsW":0.5,"res":"fifty","plies":413,"balW":900,"secs":35.7,"apertura":"1,-2,2>0,-1,2 -2,3,0>-1,2,0 2,-2,1>2,-1,1 -1,3,-1>0,2,-1 2,-1,1>1,-1,2 1,3,-3>1,2,-2"}
{"par":177,"whiteIs":"A","ptsW":1,"res":"mate","plies":99,"balW":400,"secs":16.7,"apertura":"0,-2,3>0,-1,2 -3,3,2>-2,2,2 4,-2,-1>4,-1,-2 2,3,-3>2,2,-2 3,-2,0>3,-1,-1 2,2,-2>2,1,-2"}
{"par":177,"whiteIs":"B","ptsW":0.5,"res":"fifty","plies":519,"balW":800,"secs":48.4,"apertura":"0,-2,3>0,-1,2 -3,3,2>-2,2,2 4,-2,-1>4,-1,-2 2,3,-3>2,2,-2 3,-2,0>3,-1,-1 2,2,-2>2,1,-2"}
{"par":178,"whiteIs":"A","ptsW":0.5,"res":"fifty","plies":411,"balW":-500,"secs":30.7,"apertura":"0,-2,4>-1,-1,3 -1,3,0>0,2,0 0,-2,3>1,-1,2 -2,3,0>-1,3,0 -1,-2,4>-1,-1,4 0,2,0>1,1,0"}
{"par":178,"whiteIs":"B","ptsW":0.5,"res":"fifty","plies":411,"balW":0,"secs":34.5,"apertura":"0,-2,4>-1,-1,3 -1,3,0>0,2,0 0,-2,3>1,-1,2 -2,3,0>-1,3,0 -1,-2,4>-1,-1,4 0,2,0>1,1,0"}
{"par":179,"whiteIs":"A","ptsW":1,"res":"mate","plies":141,"balW":-100,"secs":17.9,"apertura":"4,-2,-1>4,-1,-2 -3,3,2>-2,2,2 3,-2,0>2,-1,1 -1,3,0>-1,2,1 2,-2,1>2,-1,0 -1,3,-1>-1,2,0"}
{"par":179,"whiteIs":"B","ptsW":0,"res":"mate","plies":184,"balW":400,"secs":26.9,"apertura":"4,-2,-1>4,-1,-2 -3,3,2>-2,2,2 3,-2,0>2,-1,1 -1,3,0>-1,2,1 2,-2,1>2,-1,0 -1,3,-1>-1,2,0"}
{"par":180,"whiteIs":"A","ptsW":0.5,"res":"repetition","plies":219,"balW":-700,"secs":24,"apertura":"4,-2,-1>3,-1,-1 2,3,-3>2,2,-3 0,-2,3>-1,-1,4 2,2,-3>3,1,-3 1,-2,2>0,-1,3 -3,3,1>-2,2,2"}
{"par":180,"whiteIs":"B","ptsW":0,"res":"mate","plies":350,"balW":500,"secs":31.3,"apertura":"4,-2,-1>3,-1,-1 2,3,-3>2,2,-3 0,-2,3>-1,-1,4 2,2,-3>3,1,-3 1,-2,2>0,-1,3 -3,3,1>-2,2,2"}
{"par":181,"whiteIs":"A","ptsW":0.5,"res":"fifty","plies":311,"balW":-200,"secs":26.8,"apertura":"4,-2,0>3,-1,0 -2,3,1>-1,2,1 0,-2,3>0,-1,3 1,3,-2>1,2,-2 3,-2,0>2,-1,1 2,3,-3>1,3,-2"}
{"par":181,"whiteIs":"B","ptsW":0.5,"res":"fifty","plies":347,"balW":700,"secs":37.7,"apertura":"4,-2,0>3,-1,0 -2,3,1>-1,2,1 0,-2,3>0,-1,3 1,3,-2>1,2,-2 3,-2,0>2,-1,1 2,3,-3>1,3,-2"}
{"par":182,"whiteIs":"A","ptsW":0,"res":"mate","plies":456,"balW":-700,"secs":32.6,"apertura":"-1,-2,4>-1,-1,4 1,3,-3>2,2,-2 -1,-1,4>-2,-1,4 1,3,-2>1,2,-1 2,-2,1>3,-1,0 1,2,-1>2,1,-2"}
{"par":182,"whiteIs":"B","ptsW":0.5,"res":"fifty","plies":467,"balW":600,"secs":32.3,"apertura":"-1,-2,4>-1,-1,4 1,3,-3>2,2,-2 -1,-1,4>-2,-1,4 1,3,-2>1,2,-1 2,-2,1>3,-1,0 1,2,-1>2,1,-2"}
{"par":183,"whiteIs":"A","ptsW":0.5,"res":"fifty","plies":507,"balW":-500,"secs":34.3,"apertura":"3,-2,0>2,-1,0 -3,3,2>-2,2,1 2,-1,0>3,-2,0 2,3,-3>2,2,-3 3,-2,1>3,-1,0 -1,3,0>0,2,0"}
{"par":183,"whiteIs":"B","ptsW":0.5,"res":"fifty","plies":497,"balW":1100,"secs":35,"apertura":"3,-2,0>2,-1,0 -3,3,2>-2,2,1 2,-1,0>3,-2,0 2,3,-3>2,2,-3 3,-2,1>3,-1,0 -1,3,0>0,2,0"}
{"par":184,"whiteIs":"A","ptsW":0,"res":"mate","plies":356,"balW":-800,"secs":45.7,"apertura":"0,-2,4>-1,-1,4 0,3,-1>0,2,-1 0,-2,3>-1,-1,3 1,3,-2>2,2,-2 2,-2,1>1,-1,2 2,2,-2>1,2,-2"}
{"par":184,"whiteIs":"B","ptsW":0.5,"res":"fifty","plies":482,"balW":300,"secs":40.9,"apertura":"0,-2,4>-1,-1,4 0,3,-1>0,2,-1 0,-2,3>-1,-1,3 1,3,-2>2,2,-2 2,-2,1>1,-1,2 2,2,-2>1,2,-2"}
{"par":185,"whiteIs":"A","ptsW":0.5,"res":"fifty","plies":498,"balW":0,"secs":40.3,"apertura":"3,-2,1>3,-1,0 -1,3,0>0,2,-1 3,-1,0>2,-1,1 0,2,-1>1,1,-1 4,-2,-1>4,-1,-2 1,3,-3>1,2,-2"}
{"par":185,"whiteIs":"B","ptsW":0,"res":"mate","plies":50,"balW":0,"secs":5.3,"apertura":"3,-2,1>3,-1,0 -1,3,0>0,2,-1 3,-1,0>2,-1,1 0,2,-1>1,1,-1 4,-2,-1>4,-1,-2 1,3,-3>1,2,-2"}
{"par":186,"whiteIs":"A","ptsW":1,"res":"mate","plies":219,"balW":0,"secs":30.4,"apertura":"1,-2,2>0,-1,3 0,3,-2>1,2,-2 2,-2,2>1,-1,2 -1,3,0>-2,2,1 0,-1,3>-1,-1,3 -1,3,-1>0,2,-1"}
{"par":186,"whiteIs":"B","ptsW":0.5,"res":"fifty","plies":381,"balW":200,"secs":35.4,"apertura":"1,-2,2>0,-1,3 0,3,-2>1,2,-2 2,-2,2>1,-1,2 -1,3,0>-2,2,1 0,-1,3>-1,-1,3 -1,3,-1>0,2,-1"}
{"par":187,"whiteIs":"A","ptsW":0.5,"res":"fifty","plies":258,"balW":-500,"secs":22.7,"apertura":"0,-2,4>-1,-1,4 -2,3,1>-1,2,1 1,-2,3>0,-1,2 -1,2,1>-2,1,2 0,-1,2>0,0,1 1,3,-2>1,2,-1"}
{"par":187,"whiteIs":"B","ptsW":0,"res":"mate","plies":140,"balW":100,"secs":26.8,"apertura":"0,-2,4>-1,-1,4 -2,3,1>-1,2,1 1,-2,3>0,-1,2 -1,2,1>-2,1,2 0,-1,2>0,0,1 1,3,-2>1,2,-1"}
{"par":188,"whiteIs":"A","ptsW":1,"res":"mate","plies":165,"balW":100,"secs":18.8,"apertura":"1,-2,3>0,-1,3 2,3,-3>2,2,-3 0,-2,3>-1,-1,3 1,3,-2>1,2,-2 2,-2,1>2,-1,1 -1,3,-1>0,2,-1"}
{"par":188,"whiteIs":"B","ptsW":1,"res":"mate","plies":401,"balW":0,"secs":33.2,"apertura":"1,-2,3>0,-1,3 2,3,-3>2,2,-3 0,-2,3>-1,-1,3 1,3,-2>1,2,-2 2,-2,1>2,-1,1 -1,3,-1>0,2,-1"}
{"par":189,"whiteIs":"A","ptsW":0.5,"res":"fifty","plies":363,"balW":-400,"secs":35.9,"apertura":"1,-2,2>0,-1,2 -3,3,1>-3,2,2 0,-2,4>-1,-1,3 -3,2,2>-2,2,1 -1,-1,3>-2,0,3 0,3,-1>1,2,-1"}
{"par":189,"whiteIs":"B","ptsW":0.5,"res":"fifty","plies":417,"balW":600,"secs":35.7,"apertura":"1,-2,2>0,-1,2 -3,3,1>-3,2,2 0,-2,4>-1,-1,3 -3,2,2>-2,2,1 -1,-1,3>-2,0,3 0,3,-1>1,2,-1"}
{"par":190,"whiteIs":"A","ptsW":0.5,"res":"fifty","plies":360,"balW":-800,"secs":38.3,"apertura":"3,-2,1>2,-1,1 2,3,-3>1,2,-2 1,-2,2>1,-1,1 -1,3,0>-2,2,1 2,-1,1>1,0,0 -2,2,1>-1,1,2"}
{"par":190,"whiteIs":"B","ptsW":1,"res":"mate","plies":315,"balW":500,"secs":33.4,"apertura":"3,-2,1>2,-1,1 2,3,-3>1,2,-2 1,-2,2>1,-1,1 -1,3,0>-2,2,1 2,-1,1>1,0,0 -2,2,1>-1,1,2"}
{"par":191,"whiteIs":"A","ptsW":0.5,"res":"fifty","plies":490,"balW":-600,"secs":39,"apertura":"3,-2,1>2,-1,0 1,3,-3>1,2,-2 -1,-2,4>-1,-1,3 -2,3,1>-3,2,2 2,-2,1>3,-1,0 2,3,-3>1,3,-3"}
{"par":191,"whiteIs":"B","ptsW":0.5,"res":"fifty","plies":373,"balW":500,"secs":50.5,"apertura":"3,-2,1>2,-1,0 1,3,-3>1,2,-2 -1,-2,4>-1,-1,3 -2,3,1>-3,2,2 2,-2,1>3,-1,0 2,3,-3>1,3,-3"}
{"par":192,"whiteIs":"A","ptsW":1,"res":"mate","plies":263,"balW":-500,"secs":22.4,"apertura":"0,-2,3>0,-1,2 -3,3,2>-3,2,2 3,-2,0>3,-1,-1 -1,3,-1>-1,2,0 2,-2,1>1,-1,2 0,3,-1>1,2,-2"}
{"par":192,"whiteIs":"B","ptsW":0,"res":"mate","plies":388,"balW":200,"secs":47.2,"apertura":"0,-2,3>0,-1,2 -3,3,2>-3,2,2 3,-2,0>3,-1,-1 -1,3,-1>-1,2,0 2,-2,1>1,-1,2 0,3,-1>1,2,-2"}
{"par":193,"whiteIs":"A","ptsW":0,"res":"mate","plies":544,"balW":-700,"secs":60.9,"apertura":"2,-2,1>1,-1,2 -3,3,2>-2,2,2 4,-2,-1>4,-1,-2 0,3,-1>0,2,-1 4,-2,0>3,-1,-1 -1,3,0>0,2,0"}
{"par":193,"whiteIs":"B","ptsW":0.5,"res":"fifty","plies":373,"balW":400,"secs":46.5,"apertura":"2,-2,1>1,-1,2 -3,3,2>-2,2,2 4,-2,-1>4,-1,-2 0,3,-1>0,2,-1 4,-2,0>3,-1,-1 -1,3,0>0,2,0"}
{"par":194,"whiteIs":"A","ptsW":1,"res":"mate","plies":261,"balW":100,"secs":39.9,"apertura":"-1,-2,4>-2,-1,4 -3,3,2>-2,2,2 0,-2,3>0,-1,3 2,3,-3>2,2,-2 4,-2,0>3,-1,0 1,3,-2>1,2,-2"}
{"par":194,"whiteIs":"B","ptsW":0.5,"res":"fifty","plies":316,"balW":600,"secs":22.9,"apertura":"-1,-2,4>-2,-1,4 -3,3,2>-2,2,2 0,-2,3>0,-1,3 2,3,-3>2,2,-2 4,-2,0>3,-1,0 1,3,-2>1,2,-2"}
{"par":195,"whiteIs":"A","ptsW":0.5,"res":"fifty","plies":380,"balW":-400,"secs":38.9,"apertura":"0,-2,3>1,-1,2 -1,3,-1>0,2,0 2,-2,1>2,-1,1 0,2,0>0,2,-1 1,-2,2>0,-1,3 -2,3,1>-2,2,1"}
{"par":195,"whiteIs":"B","ptsW":1,"res":"mate","plies":403,"balW":600,"secs":54.5,"apertura":"0,-2,3>1,-1,2 -1,3,-1>0,2,0 2,-2,1>2,-1,1 0,2,0>0,2,-1 1,-2,2>0,-1,3 -2,3,1>-2,2,1"}
{"par":196,"whiteIs":"A","ptsW":0.5,"res":"fifty","plies":134,"balW":0,"secs":17,"apertura":"1,-2,3>1,-1,2 2,3,-3>1,2,-2 0,-2,3>1,-2,3 -2,3,0>-2,2,1 3,-2,0>2,-1,1 1,3,-2>2,3,-3"}
{"par":196,"whiteIs":"B","ptsW":1,"res":"mate","plies":245,"balW":400,"secs":27.2,"apertura":"1,-2,3>1,-1,2 2,3,-3>1,2,-2 0,-2,3>1,-2,3 -2,3,0>-2,2,1 3,-2,0>2,-1,1 1,3,-2>2,3,-3"}
{"par":197,"whiteIs":"A","ptsW":1,"res":"mate","plies":155,"balW":-200,"secs":20.3,"apertura":"4,-2,0>4,-1,-1 -2,3,1>-2,2,1 3,-2,0>2,-1,1 -2,2,1>-2,2,2 4,-1,-1>3,0,-2 0,3,-2>1,2,-1"}
{"par":197,"whiteIs":"B","ptsW":0.5,"res":"fifty","plies":451,"balW":900,"secs":44.5,"apertura":"4,-2,0>4,-1,-1 -2,3,1>-2,2,1 3,-2,0>2,-1,1 -2,2,1>-2,2,2 4,-1,-1>3,0,-2 0,3,-2>1,2,-1"}
{"par":198,"whiteIs":"A","ptsW":0.5,"res":"fifty","plies":416,"balW":-1100,"secs":31.3,"apertura":"3,-2,0>3,-1,0 -1,3,0>0,2,-1 1,-2,2>0,-1,2 1,3,-3>1,2,-2 4,-2,0>3,-1,-1 2,3,-3>3,2,-3"}
{"par":198,"whiteIs":"B","ptsW":1,"res":"mate","plies":397,"balW":900,"secs":27.5,"apertura":"3,-2,0>3,-1,0 -1,3,0>0,2,-1 1,-2,2>0,-1,2 1,3,-3>1,2,-2 4,-2,0>3,-1,-1 2,3,-3>3,2,-3"}
{"par":199,"whiteIs":"A","ptsW":1,"res":"mate","plies":249,"balW":-300,"secs":25.5,"apertura":"0,-2,3>1,-1,2 -1,3,-1>-1,2,0 1,-3,4>0,-2,3 -1,3,0>0,2,0 0,-2,3>-1,-1,4 -2,3,0>-1,3,0"}
{"par":199,"whiteIs":"B","ptsW":0,"res":"mate","plies":314,"balW":-100,"secs":29.5,"apertura":"0,-2,3>1,-1,2 -1,3,-1>-1,2,0 1,-3,4>0,-2,3 -1,3,0>0,2,0 0,-2,3>-1,-1,4 -2,3,0>-1,3,0"}
{"par":200,"whiteIs":"A","ptsW":1,"res":"mate","plies":131,"balW":-100,"secs":23,"apertura":"2,-2,1>1,-1,2 0,3,-1>0,2,0 4,-2,-1>4,-1,-2 1,3,-2>0,2,-1 3,-2,0>4,-2,-1 -2,3,1>-3,2,2"}
{"par":200,"whiteIs":"B","ptsW":0,"res":"mate","plies":184,"balW":500,"secs":19.9,"apertura":"2,-2,1>1,-1,2 0,3,-1>0,2,0 4,-2,-1>4,-1,-2 1,3,-2>0,2,-1 3,-2,0>4,-2,-1 -2,3,1>-3,2,2"}
