# {"fecha":"2026-08-26T14:19:41.191Z","modalidad":"rps-rey","A":{"nombre":"vigente","cfg":{"depth":24,"mobility":true,"order":true,"quiesce":true,"nodes":4500}},"B":{"nombre":"proporcional","cfg":{"depth":24,"mobility":true,"order":true,"quiesce":true,"nodes":4500,"rps":{"PROPORCIONAL":1}}},"MAX_PLIES":400,"FIFTY":80,"OPENING_PLIES":6,"SEED":401,"FIRST":1,"PAIRS":25,"libro":"/Users/salasgar/Documents/git/Ajedrez-triangular/entrenamiento/libro-rps-rey.json"}
{"par":1,"whiteIs":"A","ptsW":1,"res":"mate","plies":215,"balW":-400,"secs":24.6,"apertura":"0,-2,4>-1,-1,3 0,3,-1>1,2,-2 -1,-1,3>-2,-1,4 1,2,-2>2,1,-2 1,-2,2>1,-1,1 0,4,-2>0,3,-1"}
{"par":1,"whiteIs":"B","ptsW":0.5,"res":"fifty","plies":293,"balW":700,"secs":21.8,"apertura":"0,-2,4>-1,-1,3 0,3,-1>1,2,-2 -1,-1,3>-2,-1,4 1,2,-2>2,1,-2 1,-2,2>1,-1,1 0,4,-2>0,3,-1"}
{"par":2,"whiteIs":"A","ptsW":0.5,"res":"fifty","plies":388,"balW":-700,"secs":19,"apertura":"4,-2,0>3,-1,-1 0,3,-1>0,2,0 3,-2,0>4,-1,-1 -2,3,0>-1,2,0 3,-2,1>3,-2,0 -2,3,1>-2,3,0"}
{"par":2,"whiteIs":"B","ptsW":1,"res":"mate","plies":283,"balW":400,"secs":20.7,"apertura":"4,-2,0>3,-1,-1 0,3,-1>0,2,0 3,-2,0>4,-1,-1 -2,3,0>-1,2,0 3,-2,1>3,-2,0 -2,3,1>-2,3,0"}
{"par":3,"whiteIs":"A","ptsW":1,"res":"mate","plies":223,"balW":-100,"secs":13.9,"apertura":"1,-2,2>1,-1,1 -1,3,0>-1,2,0 2,-2,1>2,-1,0 -3,3,2>-2,2,2 -1,-2,4>-1,-1,3 -2,2,2>-2,1,2"}
{"par":3,"whiteIs":"B","ptsW":1,"res":"mate","plies":205,"balW":700,"secs":19.6,"apertura":"1,-2,2>1,-1,1 -1,3,0>-1,2,0 2,-2,1>2,-1,0 -3,3,2>-2,2,2 -1,-2,4>-1,-1,3 -2,2,2>-2,1,2"}
{"par":4,"whiteIs":"A","ptsW":1,"res":"mate","plies":213,"balW":-200,"secs":19.3,"apertura":"2,-2,1>2,-1,0 -1,3,-1>-1,2,0 0,-2,4>-1,-1,4 0,3,-1>0,2,0 2,-1,0>1,0,1 0,3,-2>0,2,-1"}
{"par":4,"whiteIs":"B","ptsW":0,"res":"mate","plies":84,"balW":0,"secs":5.6,"apertura":"2,-2,1>2,-1,0 -1,3,-1>-1,2,0 0,-2,4>-1,-1,4 0,3,-1>0,2,0 2,-1,0>1,0,1 0,3,-2>0,2,-1"}
{"par":5,"whiteIs":"A","ptsW":0.5,"res":"fifty","plies":352,"balW":-500,"secs":21.8,"apertura":"2,-2,2>1,-1,2 2,3,-3>2,2,-3 1,-1,2>1,-1,1 0,3,-1>1,2,-2 2,-2,1>2,-1,0 1,3,-3>2,3,-3"}
{"par":5,"whiteIs":"B","ptsW":0,"res":"mate","plies":96,"balW":0,"secs":7.2,"apertura":"2,-2,2>1,-1,2 2,3,-3>2,2,-3 1,-1,2>1,-1,1 0,3,-1>1,2,-2 2,-2,1>2,-1,0 1,3,-3>2,3,-3"}
{"par":6,"whiteIs":"A","ptsW":null,"res":"tope","plies":400,"balW":-700,"secs":17.4,"apertura":"2,-2,1>1,-1,2 1,3,-2>2,2,-3 0,-2,4>-1,-1,4 -2,3,1>-3,2,2 -1,-1,4>-1,0,3 -1,3,-1>-1,2,0"}
{"par":6,"whiteIs":"B","ptsW":null,"res":"tope","plies":400,"balW":700,"secs":16.7,"apertura":"2,-2,1>1,-1,2 1,3,-2>2,2,-3 0,-2,4>-1,-1,4 -2,3,1>-3,2,2 -1,-1,4>-1,0,3 -1,3,-1>-1,2,0"}
{"par":7,"whiteIs":"A","ptsW":1,"res":"mate","plies":177,"balW":100,"secs":14.7,"apertura":"3,-2,0>2,-1,1 0,3,-2>0,2,-1 1,-2,3>0,-1,2 1,3,-3>0,3,-2 2,-3,2>1,-2,3 0,3,-1>0,2,0"}
{"par":7,"whiteIs":"B","ptsW":0.5,"res":"fifty","plies":385,"balW":400,"secs":23.2,"apertura":"3,-2,0>2,-1,1 0,3,-2>0,2,-1 1,-2,3>0,-1,2 1,3,-3>0,3,-2 2,-3,2>1,-2,3 0,3,-1>0,2,0"}
{"par":8,"whiteIs":"A","ptsW":0.5,"res":"fifty","plies":334,"balW":-700,"secs":14.4,"apertura":"2,-2,2>2,-1,1 1,3,-2>2,2,-3 0,-2,3>-1,-1,4 -2,3,1>-2,2,2 4,-2,-1>4,-1,-2 1,3,-3>1,3,-2"}
{"par":8,"whiteIs":"B","ptsW":null,"res":"tope","plies":400,"balW":400,"secs":19.3,"apertura":"2,-2,2>2,-1,1 1,3,-2>2,2,-3 0,-2,3>-1,-1,4 -2,3,1>-2,2,2 4,-2,-1>4,-1,-2 1,3,-3>1,3,-2"}
{"par":9,"whiteIs":"A","ptsW":0.5,"res":"fifty","plies":387,"balW":-400,"secs":19.1,"apertura":"0,-2,3>0,-1,2 1,3,-3>2,2,-3 1,-2,3>0,-1,3 1,4,-3>1,3,-3 2,-2,2>2,-1,1 2,2,-3>2,2,-2"}
{"par":9,"whiteIs":"B","ptsW":0.5,"res":"fifty","plies":339,"balW":600,"secs":11.7,"apertura":"0,-2,3>0,-1,2 1,3,-3>2,2,-3 1,-2,3>0,-1,3 1,4,-3>1,3,-3 2,-2,2>2,-1,1 2,2,-3>2,2,-2"}
{"par":10,"whiteIs":"A","ptsW":1,"res":"mate","plies":209,"balW":-200,"secs":14.5,"apertura":"2,-2,2>1,-1,1 -1,3,0>0,2,0 1,-1,1>2,-2,2 -3,3,2>-2,2,2 1,-2,3>1,-1,2 -2,3,1>-3,3,2"}
{"par":10,"whiteIs":"B","ptsW":0.5,"res":"fifty","plies":343,"balW":400,"secs":15.1,"apertura":"2,-2,2>1,-1,1 -1,3,0>0,2,0 1,-1,1>2,-2,2 -3,3,2>-2,2,2 1,-2,3>1,-1,2 -2,3,1>-3,3,2"}
{"par":11,"whiteIs":"A","ptsW":0.5,"res":"fifty","plies":242,"balW":-100,"secs":11.3,"apertura":"0,-2,4>-1,-1,4 1,3,-2>2,2,-2 2,-2,2>2,-1,1 -2,3,0>-1,2,1 1,-2,3>0,-1,3 -3,3,1>-3,2,2"}
{"par":11,"whiteIs":"B","ptsW":0.5,"res":"fifty","plies":203,"balW":100,"secs":19.8,"apertura":"0,-2,4>-1,-1,4 1,3,-2>2,2,-2 2,-2,2>2,-1,1 -2,3,0>-1,2,1 1,-2,3>0,-1,3 -3,3,1>-3,2,2"}
{"par":12,"whiteIs":"A","ptsW":1,"res":"mate","plies":227,"balW":100,"secs":24.2,"apertura":"2,-2,1>1,-1,1 -1,3,0>-2,2,1 1,-1,1>1,0,0 1,3,-3>2,2,-2 4,-2,-1>3,-1,-1 -2,3,1>-1,2,1"}
{"par":12,"whiteIs":"B","ptsW":null,"res":"tope","plies":400,"balW":200,"secs":23.9,"apertura":"2,-2,1>1,-1,1 -1,3,0>-2,2,1 1,-1,1>1,0,0 1,3,-3>2,2,-2 4,-2,-1>3,-1,-1 -2,3,1>-1,2,1"}
{"par":13,"whiteIs":"A","ptsW":null,"res":"tope","plies":400,"balW":-400,"secs":21,"apertura":"2,-2,2>1,-1,2 1,3,-2>2,2,-3 1,-2,2>2,-1,1 0,3,-2>0,2,-1 1,-1,2>0,0,2 0,3,-1>-1,2,0"}
{"par":13,"whiteIs":"B","ptsW":null,"res":"tope","plies":400,"balW":700,"secs":14.8,"apertura":"2,-2,2>1,-1,2 1,3,-2>2,2,-3 1,-2,2>2,-1,1 0,3,-2>0,2,-1 1,-1,2>0,0,2 0,3,-1>-1,2,0"}
{"par":14,"whiteIs":"A","ptsW":1,"res":"mate","plies":231,"balW":-100,"secs":20.9,"apertura":"1,-2,2>1,-1,1 -2,3,0>-2,2,1 1,-1,1>0,0,2 0,3,-2>0,2,-1 3,-2,0>2,-1,1 -1,3,-1>-1,2,0"}
{"par":14,"whiteIs":"B","ptsW":0.5,"res":"fifty","plies":359,"balW":500,"secs":16.6,"apertura":"1,-2,2>1,-1,1 -2,3,0>-2,2,1 1,-1,1>0,0,2 0,3,-2>0,2,-1 3,-2,0>2,-1,1 -1,3,-1>-1,2,0"}
{"par":15,"whiteIs":"A","ptsW":0.5,"res":"fifty","plies":284,"balW":-400,"secs":20.8,"apertura":"4,-2,0>3,-1,-1 0,3,-1>1,2,-1 3,-1,-1>2,-1,0 -3,3,2>-2,2,1 1,-2,3>0,-1,2 -3,3,1>-3,2,2"}
{"par":15,"whiteIs":"B","ptsW":0.5,"res":"fifty","plies":241,"balW":200,"secs":11.5,"apertura":"4,-2,0>3,-1,-1 0,3,-1>1,2,-1 3,-1,-1>2,-1,0 -3,3,2>-2,2,1 1,-2,3>0,-1,2 -3,3,1>-3,2,2"}
{"par":16,"whiteIs":"A","ptsW":1,"res":"mate","plies":85,"balW":-100,"secs":6.3,"apertura":"1,-2,3>0,-1,3 1,3,-3>1,2,-2 0,-2,4>1,-2,3 0,4,-2>1,3,-3 0,-1,3>-1,-1,3 1,2,-2>1,2,-1"}
{"par":16,"whiteIs":"B","ptsW":0,"res":"mate","plies":262,"balW":300,"secs":22,"apertura":"1,-2,3>0,-1,3 1,3,-3>1,2,-2 0,-2,4>1,-2,3 0,4,-2>1,3,-3 0,-1,3>-1,-1,3 1,2,-2>1,2,-1"}
{"par":17,"whiteIs":"A","ptsW":0.5,"res":"fifty","plies":380,"balW":-1100,"secs":16.5,"apertura":"-1,-2,4>-1,-1,3 -2,3,1>-2,2,1 1,-2,2>1,-1,2 -3,3,2>-2,3,1 0,-2,4>-1,-1,4 -2,2,1>-2,1,2"}
{"par":17,"whiteIs":"B","ptsW":null,"res":"tope","plies":400,"balW":900,"secs":17.9,"apertura":"-1,-2,4>-1,-1,3 -2,3,1>-2,2,1 1,-2,2>1,-1,2 -3,3,2>-2,3,1 0,-2,4>-1,-1,4 -2,2,1>-2,1,2"}
{"par":18,"whiteIs":"A","ptsW":0.5,"res":"fifty","plies":366,"balW":-200,"secs":19.5,"apertura":"1,-2,3>0,-1,2 0,3,-1>0,2,0 1,-2,2>1,-2,3 -1,3,0>-2,2,1 0,-1,2>0,-1,3 -2,3,1>-1,3,0"}
{"par":18,"whiteIs":"B","ptsW":null,"res":"tope","plies":400,"balW":100,"secs":30.7,"apertura":"1,-2,3>0,-1,2 0,3,-1>0,2,0 1,-2,2>1,-2,3 -1,3,0>-2,2,1 0,-1,2>0,-1,3 -2,3,1>-1,3,0"}
{"par":19,"whiteIs":"A","ptsW":1,"res":"mate","plies":341,"balW":0,"secs":19.4,"apertura":"3,-2,0>3,-1,0 -2,3,1>-1,2,1 3,-1,0>2,-1,1 -1,3,0>-1,2,0 2,-1,1>2,-1,0 0,3,-1>1,2,-2"}
{"par":19,"whiteIs":"B","ptsW":0.5,"res":"fifty","plies":209,"balW":0,"secs":15,"apertura":"3,-2,0>3,-1,0 -2,3,1>-1,2,1 3,-1,0>2,-1,1 -1,3,0>-1,2,0 2,-1,1>2,-1,0 0,3,-1>1,2,-2"}
{"par":20,"whiteIs":"A","ptsW":1,"res":"mate","plies":323,"balW":0,"secs":19.8,"apertura":"1,-2,2>1,-1,2 -2,3,1>-3,2,2 2,-3,3>1,-2,2 -3,2,2>-2,2,1 0,-2,4>-1,-1,3 0,3,-1>1,2,-2"}
{"par":20,"whiteIs":"B","ptsW":0,"res":"mate","plies":224,"balW":100,"secs":15.9,"apertura":"1,-2,2>1,-1,2 -2,3,1>-3,2,2 2,-3,3>1,-2,2 -3,2,2>-2,2,1 0,-2,4>-1,-1,3 0,3,-1>1,2,-2"}
{"par":21,"whiteIs":"A","ptsW":1,"res":"mate","plies":65,"balW":100,"secs":4.5,"apertura":"3,-2,0>2,-1,1 -2,3,0>-2,2,1 2,-1,1>2,0,0 -3,3,2>-2,2,2 4,-2,-1>3,-1,0 -2,2,1>-2,3,0"}
{"par":21,"whiteIs":"B","ptsW":1,"res":"mate","plies":251,"balW":600,"secs":22.3,"apertura":"3,-2,0>2,-1,1 -2,3,0>-2,2,1 2,-1,1>2,0,0 -3,3,2>-2,2,2 4,-2,-1>3,-1,0 -2,2,1>-2,3,0"}
{"par":22,"whiteIs":"A","ptsW":1,"res":"mate","plies":35,"balW":0,"secs":2,"apertura":"0,-2,4>-1,-1,3 -3,3,1>-2,2,1 3,-2,0>3,-1,-1 -1,3,-1>-1,2,0 3,-1,-1>3,-1,0 -2,3,1>-2,2,2"}
{"par":22,"whiteIs":"B","ptsW":0.5,"res":"fifty","plies":201,"balW":0,"secs":15.5,"apertura":"0,-2,4>-1,-1,3 -3,3,1>-2,2,1 3,-2,0>3,-1,-1 -1,3,-1>-1,2,0 3,-1,-1>3,-1,0 -2,3,1>-2,2,2"}
{"par":23,"whiteIs":"A","ptsW":0.5,"res":"fifty","plies":304,"balW":-700,"secs":16.1,"apertura":"1,-2,3>0,-1,3 1,3,-2>2,2,-3 4,-2,-1>3,-1,-1 2,3,-3>3,2,-3 3,-2,0>2,-1,0 2,2,-3>2,3,-3"}
{"par":23,"whiteIs":"B","ptsW":0,"res":"mate","plies":326,"balW":100,"secs":36,"apertura":"1,-2,3>0,-1,3 1,3,-2>2,2,-3 4,-2,-1>3,-1,-1 2,3,-3>3,2,-3 3,-2,0>2,-1,0 2,2,-3>2,3,-3"}
{"par":24,"whiteIs":"A","ptsW":0,"res":"mate","plies":120,"balW":-300,"secs":7.7,"apertura":"0,-2,3>0,-1,3 -1,3,0>-1,2,1 2,-2,2>2,-1,1 -3,3,1>-2,2,1 3,-3,1>2,-2,2 2,3,-3>3,2,-3"}
{"par":24,"whiteIs":"B","ptsW":1,"res":"mate","plies":135,"balW":0,"secs":9.1,"apertura":"0,-2,3>0,-1,3 -1,3,0>-1,2,1 2,-2,2>2,-1,1 -3,3,1>-2,2,1 3,-3,1>2,-2,2 2,3,-3>3,2,-3"}
{"par":25,"whiteIs":"A","ptsW":null,"res":"tope","plies":400,"balW":-700,"secs":28.5,"apertura":"-1,-2,4>-1,-1,4 -3,3,1>-2,2,2 -1,-1,4>-2,0,4 -2,2,2>-3,3,1 0,-2,4>-1,-1,4 1,3,-3>2,2,-3"}
{"par":25,"whiteIs":"B","ptsW":null,"res":"tope","plies":400,"balW":700,"secs":31.6,"apertura":"-1,-2,4>-1,-1,4 -3,3,1>-2,2,2 -1,-1,4>-2,0,4 -2,2,2>-3,3,1 0,-2,4>-1,-1,4 1,3,-3>2,2,-3"}

# {"fecha":"2026-08-26T14:19:41.191Z","modalidad":"rps-rey","A":{"nombre":"vigente","cfg":{"depth":24,"mobility":true,"order":true,"quiesce":true,"nodes":4500}},"B":{"nombre":"proporcional","cfg":{"depth":24,"mobility":true,"order":true,"quiesce":true,"nodes":4500,"rps":{"PROPORCIONAL":1}}},"MAX_PLIES":400,"FIFTY":80,"OPENING_PLIES":6,"SEED":402,"FIRST":26,"PAIRS":25,"libro":"/Users/salasgar/Documents/git/Ajedrez-triangular/entrenamiento/libro-rps-rey.json"}
{"par":26,"whiteIs":"A","ptsW":0.5,"res":"fifty","plies":394,"balW":-900,"secs":22,"apertura":"0,-2,3>-1,-1,3 0,3,-1>0,2,0 2,-2,2>1,-1,1 -3,3,1>-2,2,1 3,-2,1>2,-1,0 -1,3,0>0,2,-1"}
{"par":26,"whiteIs":"B","ptsW":0.5,"res":"fifty","plies":337,"balW":400,"secs":24.9,"apertura":"0,-2,3>-1,-1,3 0,3,-1>0,2,0 2,-2,2>1,-1,1 -3,3,1>-2,2,1 3,-2,1>2,-1,0 -1,3,0>0,2,-1"}
{"par":27,"whiteIs":"A","ptsW":null,"res":"tope","plies":400,"balW":-700,"secs":22.1,"apertura":"0,-2,4>-1,-1,4 -3,3,1>-3,2,2 -1,-2,4>-2,-1,4 -1,3,0>0,2,0 1,-2,2>0,-1,3 -2,3,0>-3,3,1"}
{"par":27,"whiteIs":"B","ptsW":1,"res":"mate","plies":395,"balW":400,"secs":22.7,"apertura":"0,-2,4>-1,-1,4 -3,3,1>-3,2,2 -1,-2,4>-2,-1,4 -1,3,0>0,2,0 1,-2,2>0,-1,3 -2,3,0>-3,3,1"}
{"par":28,"whiteIs":"A","ptsW":0.5,"res":"fifty","plies":236,"balW":-200,"secs":16.5,"apertura":"2,-2,2>2,-1,1 2,3,-3>1,2,-2 2,-1,1>1,-1,2 -1,3,-1>0,2,-1 2,-3,3>2,-2,2 -1,4,-2>-1,3,-1"}
{"par":28,"whiteIs":"B","ptsW":null,"res":"tope","plies":400,"balW":600,"secs":20.5,"apertura":"2,-2,2>2,-1,1 2,3,-3>1,2,-2 2,-1,1>1,-1,2 -1,3,-1>0,2,-1 2,-3,3>2,-2,2 -1,4,-2>-1,3,-1"}
{"par":29,"whiteIs":"A","ptsW":null,"res":"tope","plies":400,"balW":-500,"secs":26.2,"apertura":"-1,-2,4>0,-1,3 -3,3,2>-3,2,3 2,-2,1>3,-1,0 2,3,-3>2,2,-2 0,-1,3>0,-1,2 -2,3,0>-2,2,1"}
{"par":29,"whiteIs":"B","ptsW":null,"res":"tope","plies":400,"balW":200,"secs":28.4,"apertura":"-1,-2,4>0,-1,3 -3,3,2>-3,2,3 2,-2,1>3,-1,0 2,3,-3>2,2,-2 0,-1,3>0,-1,2 -2,3,0>-2,2,1"}
{"par":30,"whiteIs":"A","ptsW":null,"res":"tope","plies":400,"balW":-500,"secs":23.7,"apertura":"0,-2,4>-1,-1,3 1,3,-2>0,2,-1 -1,-1,3>-2,0,4 -1,3,0>0,2,0 -2,0,4>-1,0,3 -3,3,2>-2,2,2"}
{"par":30,"whiteIs":"B","ptsW":null,"res":"tope","plies":400,"balW":600,"secs":39.6,"apertura":"0,-2,4>-1,-1,3 1,3,-2>0,2,-1 -1,-1,3>-2,0,4 -1,3,0>0,2,0 -2,0,4>-1,0,3 -3,3,2>-2,2,2"}
{"par":31,"whiteIs":"A","ptsW":null,"res":"tope","plies":400,"balW":-700,"secs":18,"apertura":"-1,-2,4>-1,-1,3 -1,3,0>-2,2,1 4,-2,-1>3,-1,-1 -2,4,0>-1,3,0 1,-2,3>0,-1,2 -3,3,2>-3,2,3"}
{"par":31,"whiteIs":"B","ptsW":0,"res":"mate","plies":92,"balW":200,"secs":8,"apertura":"-1,-2,4>-1,-1,3 -1,3,0>-2,2,1 4,-2,-1>3,-1,-1 -2,4,0>-1,3,0 1,-2,3>0,-1,2 -3,3,2>-3,2,3"}
{"par":32,"whiteIs":"A","ptsW":0.5,"res":"fifty","plies":336,"balW":-600,"secs":23.8,"apertura":"1,-2,3>1,-1,2 2,3,-3>2,2,-3 0,-2,3>-1,-1,3 1,3,-2>1,2,-2 -1,-1,3>0,-2,3 -1,3,-1>0,2,-1"}
{"par":32,"whiteIs":"B","ptsW":null,"res":"tope","plies":400,"balW":400,"secs":14,"apertura":"1,-2,3>1,-1,2 2,3,-3>2,2,-3 0,-2,3>-1,-1,3 1,3,-2>1,2,-2 -1,-1,3>0,-2,3 -1,3,-1>0,2,-1"}
{"par":33,"whiteIs":"A","ptsW":null,"res":"tope","plies":400,"balW":-1000,"secs":14.5,"apertura":"2,-2,1>2,-1,0 -3,3,2>-3,2,3 0,-2,3>-1,-1,3 1,3,-3>2,2,-3 3,-3,1>2,-2,1 -3,3,1>-3,2,2"}
{"par":33,"whiteIs":"B","ptsW":0.5,"res":"fifty","plies":375,"balW":300,"secs":17.6,"apertura":"2,-2,1>2,-1,0 -3,3,2>-3,2,3 0,-2,3>-1,-1,3 1,3,-3>2,2,-3 3,-3,1>2,-2,1 -3,3,1>-3,2,2"}
{"par":34,"whiteIs":"A","ptsW":0.5,"res":"fifty","plies":364,"balW":-300,"secs":17.6,"apertura":"3,-2,0>3,-1,-1 2,3,-3>2,2,-3 1,-2,2>0,-1,3 -3,3,2>-2,2,2 3,-1,-1>4,0,-2 -2,2,2>-1,1,1"}
{"par":34,"whiteIs":"B","ptsW":0,"res":"mate","plies":324,"balW":100,"secs":14.8,"apertura":"3,-2,0>3,-1,-1 2,3,-3>2,2,-3 1,-2,2>0,-1,3 -3,3,2>-2,2,2 3,-1,-1>4,0,-2 -2,2,2>-1,1,1"}
{"par":35,"whiteIs":"A","ptsW":null,"res":"tope","plies":400,"balW":-600,"secs":22.7,"apertura":"0,-2,4>-1,-1,3 1,3,-3>2,2,-2 1,-2,3>0,-1,3 -2,3,0>-1,2,0 3,-2,0>4,-1,-1 -3,3,2>-3,2,3"}
{"par":35,"whiteIs":"B","ptsW":null,"res":"tope","plies":400,"balW":1000,"secs":26.3,"apertura":"0,-2,4>-1,-1,3 1,3,-3>2,2,-2 1,-2,3>0,-1,3 -2,3,0>-1,2,0 3,-2,0>4,-1,-1 -3,3,2>-3,2,3"}
{"par":36,"whiteIs":"A","ptsW":null,"res":"tope","plies":400,"balW":-300,"secs":19.2,"apertura":"2,-2,2>1,-1,2 0,3,-1>0,2,-1 4,-2,-1>3,-1,-1 -1,4,-2>0,3,-1 1,-2,2>0,-1,3 0,3,-2>1,2,-1"}
{"par":36,"whiteIs":"B","ptsW":null,"res":"tope","plies":400,"balW":400,"secs":19.2,"apertura":"2,-2,2>1,-1,2 0,3,-1>0,2,-1 4,-2,-1>3,-1,-1 -1,4,-2>0,3,-1 1,-2,2>0,-1,3 0,3,-2>1,2,-1"}
{"par":37,"whiteIs":"A","ptsW":null,"res":"tope","plies":400,"balW":-600,"secs":30.7,"apertura":"0,-2,3>-1,-1,3 0,3,-1>1,2,-2 1,-3,3>0,-2,3 0,4,-2>0,3,-1 3,-2,1>2,-1,1 -1,4,-2>0,4,-2"}
{"par":37,"whiteIs":"B","ptsW":null,"res":"tope","plies":400,"balW":800,"secs":18.6,"apertura":"0,-2,3>-1,-1,3 0,3,-1>1,2,-2 1,-3,3>0,-2,3 0,4,-2>0,3,-1 3,-2,1>2,-1,1 -1,4,-2>0,4,-2"}
{"par":38,"whiteIs":"A","ptsW":null,"res":"tope","plies":400,"balW":-900,"secs":26.2,"apertura":"3,-2,1>2,-1,0 -1,3,0>-1,2,0 4,-2,0>3,-2,1 -1,2,0>0,2,-1 2,-1,0>2,-1,1 0,3,-2>1,2,-2"}
{"par":38,"whiteIs":"B","ptsW":0,"res":"mate","plies":194,"balW":400,"secs":12.4,"apertura":"3,-2,1>2,-1,0 -1,3,0>-1,2,0 4,-2,0>3,-2,1 -1,2,0>0,2,-1 2,-1,0>2,-1,1 0,3,-2>1,2,-2"}
{"par":39,"whiteIs":"A","ptsW":1,"res":"mate","plies":173,"balW":0,"secs":10,"apertura":"0,-2,3>0,-1,2 -1,3,0>0,2,0 0,-2,4>-1,-1,3 2,3,-3>2,2,-3 0,-1,2>0,-1,3 2,2,-3>2,1,-2"}
{"par":39,"whiteIs":"B","ptsW":1,"res":"mate","plies":285,"balW":500,"secs":20.8,"apertura":"0,-2,3>0,-1,2 -1,3,0>0,2,0 0,-2,4>-1,-1,3 2,3,-3>2,2,-3 0,-1,2>0,-1,3 2,2,-3>2,1,-2"}
{"par":40,"whiteIs":"A","ptsW":null,"res":"tope","plies":400,"balW":-500,"secs":25.8,"apertura":"2,-2,2>1,-1,1 -2,3,1>-2,2,2 -1,-2,4>-1,-1,3 -1,3,0>0,2,-1 -1,-1,3>0,0,2 0,2,-1>1,2,-2"}
{"par":40,"whiteIs":"B","ptsW":0.5,"res":"fifty","plies":321,"balW":200,"secs":19.4,"apertura":"2,-2,2>1,-1,1 -2,3,1>-2,2,2 -1,-2,4>-1,-1,3 -1,3,0>0,2,-1 -1,-1,3>0,0,2 0,2,-1>1,2,-2"}
{"par":41,"whiteIs":"A","ptsW":null,"res":"tope","plies":400,"balW":-800,"secs":25,"apertura":"1,-2,2>1,-1,2 -1,3,0>-2,2,1 1,-1,2>0,0,1 0,3,-2>1,2,-1 -1,-2,4>-2,-1,4 2,3,-3>1,2,-2"}
{"par":41,"whiteIs":"B","ptsW":null,"res":"tope","plies":400,"balW":500,"secs":19.6,"apertura":"1,-2,2>1,-1,2 -1,3,0>-2,2,1 1,-1,2>0,0,1 0,3,-2>1,2,-1 -1,-2,4>-2,-1,4 2,3,-3>1,2,-2"}
{"par":42,"whiteIs":"A","ptsW":1,"res":"mate","plies":195,"balW":-200,"secs":12.5,"apertura":"2,-2,1>2,-1,1 -3,3,1>-2,2,1 2,-2,2>1,-1,2 -1,3,-1>0,2,-1 3,-3,2>2,-2,1 0,3,-2>1,2,-2"}
{"par":42,"whiteIs":"B","ptsW":0.5,"res":"fifty","plies":384,"balW":400,"secs":31.4,"apertura":"2,-2,1>2,-1,1 -3,3,1>-2,2,1 2,-2,2>1,-1,2 -1,3,-1>0,2,-1 3,-3,2>2,-2,1 0,3,-2>1,2,-2"}
{"par":43,"whiteIs":"A","ptsW":null,"res":"tope","plies":400,"balW":-400,"secs":26,"apertura":"1,-2,2>1,-1,2 2,3,-3>2,2,-2 1,-1,2>0,0,1 -1,3,0>-1,2,1 4,-2,-1>3,-1,0 -2,3,1>-1,2,0"}
{"par":43,"whiteIs":"B","ptsW":null,"res":"tope","plies":400,"balW":200,"secs":22.1,"apertura":"1,-2,2>1,-1,2 2,3,-3>2,2,-2 1,-1,2>0,0,1 -1,3,0>-1,2,1 4,-2,-1>3,-1,0 -2,3,1>-1,2,0"}
{"par":44,"whiteIs":"A","ptsW":null,"res":"tope","plies":400,"balW":-900,"secs":38.8,"apertura":"1,-2,3>0,-1,3 -3,3,1>-3,2,2 0,-1,3>-1,0,3 0,3,-2>0,2,-1 -1,0,3>-2,1,2 1,3,-2>0,3,-2"}
{"par":44,"whiteIs":"B","ptsW":0,"res":"mate","plies":208,"balW":-100,"secs":16.4,"apertura":"1,-2,3>0,-1,3 -3,3,1>-3,2,2 0,-1,3>-1,0,3 0,3,-2>0,2,-1 -1,0,3>-2,1,2 1,3,-2>0,3,-2"}
{"par":45,"whiteIs":"A","ptsW":null,"res":"tope","plies":400,"balW":-900,"secs":36.3,"apertura":"3,-2,1>2,-1,0 1,3,-2>2,2,-2 0,-2,4>-1,-1,3 0,3,-1>1,2,-1 2,-2,1>2,-1,1 0,4,-2>0,3,-1"}
{"par":45,"whiteIs":"B","ptsW":0,"res":"mate","plies":218,"balW":200,"secs":26.1,"apertura":"3,-2,1>2,-1,0 1,3,-2>2,2,-2 0,-2,4>-1,-1,3 0,3,-1>1,2,-1 2,-2,1>2,-1,1 0,4,-2>0,3,-1"}
{"par":46,"whiteIs":"A","ptsW":null,"res":"tope","plies":400,"balW":-500,"secs":29.1,"apertura":"0,-2,3>-1,-1,3 0,3,-1>0,2,0 4,-2,-1>4,-1,-2 1,3,-2>0,3,-1 1,-3,3>0,-2,3 2,3,-3>1,2,-2"}
{"par":46,"whiteIs":"B","ptsW":0.5,"res":"repetition","plies":200,"balW":400,"secs":8.6,"apertura":"0,-2,3>-1,-1,3 0,3,-1>0,2,0 4,-2,-1>4,-1,-2 1,3,-2>0,3,-1 1,-3,3>0,-2,3 2,3,-3>1,2,-2"}
{"par":47,"whiteIs":"A","ptsW":null,"res":"tope","plies":400,"balW":-500,"secs":67,"apertura":"-1,-2,4>-1,-1,4 1,3,-2>0,2,-1 -1,-1,4>-1,-1,3 0,4,-2>1,3,-2 2,-2,1>1,-1,1 0,3,-2>0,4,-2"}
{"par":47,"whiteIs":"B","ptsW":null,"res":"tope","plies":400,"balW":200,"secs":17.2,"apertura":"-1,-2,4>-1,-1,4 1,3,-2>0,2,-1 -1,-1,4>-1,-1,3 0,4,-2>1,3,-2 2,-2,1>1,-1,1 0,3,-2>0,4,-2"}
{"par":48,"whiteIs":"A","ptsW":null,"res":"tope","plies":400,"balW":-1200,"secs":15.5,"apertura":"0,-2,4>-1,-1,3 -2,3,0>-1,2,1 -1,-1,3>0,-1,3 -1,2,1>-1,2,0 1,-2,2>2,-1,1 -1,2,0>-1,2,1"}
{"par":48,"whiteIs":"B","ptsW":0.5,"res":"fifty","plies":315,"balW":200,"secs":11.4,"apertura":"0,-2,4>-1,-1,3 -2,3,0>-1,2,1 -1,-1,3>0,-1,3 -1,2,1>-1,2,0 1,-2,2>2,-1,1 -1,2,0>-1,2,1"}
{"par":49,"whiteIs":"A","ptsW":1,"res":"mate","plies":175,"balW":-200,"secs":8.9,"apertura":"0,-2,3>0,-1,2 0,3,-1>1,2,-2 4,-2,0>4,-1,-1 -1,3,-1>-1,2,0 3,-2,0>2,-1,0 0,3,-2>0,2,-1"}
{"par":49,"whiteIs":"B","ptsW":null,"res":"tope","plies":400,"balW":400,"secs":26.1,"apertura":"0,-2,3>0,-1,2 0,3,-1>1,2,-2 4,-2,0>4,-1,-1 -1,3,-1>-1,2,0 3,-2,0>2,-1,0 0,3,-2>0,2,-1"}
{"par":50,"whiteIs":"A","ptsW":null,"res":"tope","plies":400,"balW":-400,"secs":17.6,"apertura":"2,-2,2>2,-1,1 2,3,-3>2,2,-3 1,-2,2>0,-1,3 0,3,-1>-1,2,0 2,-2,1>2,-1,0 -1,2,0>-2,2,1"}
{"par":50,"whiteIs":"B","ptsW":null,"res":"tope","plies":400,"balW":600,"secs":19.5,"apertura":"2,-2,2>2,-1,1 2,3,-3>2,2,-3 1,-2,2>0,-1,3 0,3,-1>-1,2,0 2,-2,1>2,-1,0 -1,2,0>-2,2,1"}
