# {"fecha":"2026-08-26T15:50:50.130Z","modalidad":"rps-rey","A":{"nombre":"vigente","cfg":{"depth":24,"mobility":true,"order":true,"quiesce":true,"nodes":4500}},"B":{"nombre":"proporcional","cfg":{"depth":24,"mobility":true,"order":true,"quiesce":true,"nodes":4500,"rps":{"PROPORCIONAL":1}}},"MAX_PLIES":800,"FIFTY":80,"OPENING_PLIES":6,"SEED":405,"FIRST":101,"PAIRS":50,"libro":"/Users/salasgar/Documents/git/Ajedrez-triangular/entrenamiento/libro-rps-rey.json"}
{"par":101,"whiteIs":"A","ptsW":1,"res":"mate","plies":181,"balW":0,"secs":15.4,"apertura":"4,-2,0>3,-1,-1 -1,3,0>0,2,-1 0,-2,4>-1,-1,3 2,3,-3>2,2,-2 3,-3,1>4,-2,0 -2,4,-1>-1,3,0"}
{"par":101,"whiteIs":"B","ptsW":0,"res":"mate","plies":42,"balW":0,"secs":7.1,"apertura":"4,-2,0>3,-1,-1 -1,3,0>0,2,-1 0,-2,4>-1,-1,3 2,3,-3>2,2,-2 3,-3,1>4,-2,0 -2,4,-1>-1,3,0"}
{"par":102,"whiteIs":"A","ptsW":0,"res":"mate","plies":138,"balW":-600,"secs":21.7,"apertura":"-1,-2,4>-1,-1,3 -1,3,0>-2,2,1 -1,-1,3>-1,0,3 2,3,-3>2,2,-3 1,-2,2>1,-1,1 0,3,-2>1,2,-1"}
{"par":102,"whiteIs":"B","ptsW":0.5,"res":"fifty","plies":569,"balW":500,"secs":70.9,"apertura":"-1,-2,4>-1,-1,3 -1,3,0>-2,2,1 -1,-1,3>-1,0,3 2,3,-3>2,2,-3 1,-2,2>1,-1,1 0,3,-2>1,2,-1"}
{"par":103,"whiteIs":"A","ptsW":0.5,"res":"fifty","plies":422,"balW":-1000,"secs":38.6,"apertura":"-1,-2,4>-1,-1,4 1,3,-2>2,2,-2 -1,-1,4>-1,-1,3 2,2,-2>1,3,-2 0,-2,3>0,-1,2 0,3,-1>1,2,-1"}
{"par":103,"whiteIs":"B","ptsW":1,"res":"mate","plies":339,"balW":600,"secs":35.1,"apertura":"-1,-2,4>-1,-1,4 1,3,-2>2,2,-2 -1,-1,4>-1,-1,3 2,2,-2>1,3,-2 0,-2,3>0,-1,2 0,3,-1>1,2,-1"}
{"par":104,"whiteIs":"A","ptsW":1,"res":"mate","plies":189,"balW":-500,"secs":37.1,"apertura":"3,-2,1>2,-1,1 0,3,-2>0,2,-1 4,-2,-1>4,-1,-1 2,3,-3>2,2,-3 4,-2,0>4,-2,-1 0,2,-1>1,2,-1"}
{"par":104,"whiteIs":"B","ptsW":0,"res":"mate","plies":232,"balW":200,"secs":39.5,"apertura":"3,-2,1>2,-1,1 0,3,-2>0,2,-1 4,-2,-1>4,-1,-1 2,3,-3>2,2,-3 4,-2,0>4,-2,-1 0,2,-1>1,2,-1"}
{"par":105,"whiteIs":"A","ptsW":0.5,"res":"fifty","plies":410,"balW":-900,"secs":55.6,"apertura":"2,-2,1>1,-1,1 -1,3,0>-1,2,1 3,-2,0>3,-1,0 -3,3,2>-2,2,2 1,-2,2>2,-2,1 0,3,-2>0,2,-1"}
{"par":105,"whiteIs":"B","ptsW":0,"res":"mate","plies":274,"balW":600,"secs":51.3,"apertura":"2,-2,1>1,-1,1 -1,3,0>-1,2,1 3,-2,0>3,-1,0 -3,3,2>-2,2,2 1,-2,2>2,-2,1 0,3,-2>0,2,-1"}
{"par":106,"whiteIs":"A","ptsW":1,"res":"mate","plies":109,"balW":-100,"secs":23.5,"apertura":"3,-2,0>3,-1,0 -2,3,0>-2,2,1 4,-2,0>4,-1,-1 0,3,-2>1,2,-2 0,-2,3>-1,-1,4 1,3,-2>0,2,-1"}
{"par":106,"whiteIs":"B","ptsW":0,"res":"mate","plies":234,"balW":600,"secs":64.9,"apertura":"3,-2,0>3,-1,0 -2,3,0>-2,2,1 4,-2,0>4,-1,-1 0,3,-2>1,2,-2 0,-2,3>-1,-1,4 1,3,-2>0,2,-1"}
{"par":107,"whiteIs":"A","ptsW":0.5,"res":"fifty","plies":390,"balW":-800,"secs":71.1,"apertura":"3,-2,1>2,-1,0 1,3,-2>1,2,-2 3,-2,0>3,-2,1 1,2,-2>2,1,-1 -1,-2,4>-2,-1,4 -1,3,-1>0,2,0"}
{"par":107,"whiteIs":"B","ptsW":0.5,"res":"fifty","plies":631,"balW":800,"secs":58.3,"apertura":"3,-2,1>2,-1,0 1,3,-2>1,2,-2 3,-2,0>3,-2,1 1,2,-2>2,1,-1 -1,-2,4>-2,-1,4 -1,3,-1>0,2,0"}
{"par":108,"whiteIs":"A","ptsW":0.5,"res":"fifty","plies":384,"balW":-300,"secs":61.8,"apertura":"2,-2,1>2,-1,0 -2,3,0>-2,2,1 3,-3,2>2,-2,1 -1,3,0>-1,2,1 2,-2,1>1,-1,2 -3,3,2>-3,2,3"}
{"par":108,"whiteIs":"B","ptsW":0.5,"res":"fifty","plies":403,"balW":900,"secs":66.9,"apertura":"2,-2,1>2,-1,0 -2,3,0>-2,2,1 3,-3,2>2,-2,1 -1,3,0>-1,2,1 2,-2,1>1,-1,2 -3,3,2>-3,2,3"}
{"par":109,"whiteIs":"A","ptsW":1,"res":"mate","plies":295,"balW":-800,"secs":77,"apertura":"2,-2,1>3,-1,0 -1,3,0>0,2,-1 1,-2,2>0,-1,3 0,2,-1>0,1,0 4,-2,-1>4,-1,-2 -2,3,1>-2,2,2"}
{"par":109,"whiteIs":"B","ptsW":1,"res":"mate","plies":343,"balW":700,"secs":101.7,"apertura":"2,-2,1>3,-1,0 -1,3,0>0,2,-1 1,-2,2>0,-1,3 0,2,-1>0,1,0 4,-2,-1>4,-1,-2 -2,3,1>-2,2,2"}
{"par":110,"whiteIs":"A","ptsW":0.5,"res":"fifty","plies":74,"balW":0,"secs":53.6,"apertura":"4,-2,0>4,-1,-1 -3,3,2>-2,2,1 4,-2,-1>3,-1,0 2,3,-3>3,2,-3 0,-2,4>-1,-1,4 3,2,-3>3,1,-3"}
{"par":110,"whiteIs":"B","ptsW":1,"res":"mate","plies":529,"balW":700,"secs":160.3,"apertura":"4,-2,0>4,-1,-1 -3,3,2>-2,2,1 4,-2,-1>3,-1,0 2,3,-3>3,2,-3 0,-2,4>-1,-1,4 3,2,-3>3,1,-3"}
{"par":111,"whiteIs":"A","ptsW":1,"res":"mate","plies":277,"balW":-500,"secs":93.5,"apertura":"3,-2,0>3,-1,-1 1,3,-2>2,2,-3 0,-2,4>0,-1,3 -3,3,1>-3,2,2 0,-1,3>0,-1,2 -1,3,0>0,2,-1"}
{"par":111,"whiteIs":"B","ptsW":0.5,"res":"fifty","plies":225,"balW":100,"secs":145.1,"apertura":"3,-2,0>3,-1,-1 1,3,-2>2,2,-3 0,-2,4>0,-1,3 -3,3,1>-3,2,2 0,-1,3>0,-1,2 -1,3,0>0,2,-1"}
{"par":112,"whiteIs":"A","ptsW":0.5,"res":"fifty","plies":472,"balW":-700,"secs":112.8,"apertura":"0,-2,3>-1,-1,4 0,3,-1>0,2,0 -1,-1,4>0,-2,3 -2,3,1>-1,2,0 4,-2,-1>4,-1,-2 1,3,-2>0,2,-1"}
{"par":112,"whiteIs":"B","ptsW":0.5,"res":"fifty","plies":353,"balW":600,"secs":60.4,"apertura":"0,-2,3>-1,-1,4 0,3,-1>0,2,0 -1,-1,4>0,-2,3 -2,3,1>-1,2,0 4,-2,-1>4,-1,-2 1,3,-2>0,2,-1"}
{"par":113,"whiteIs":"A","ptsW":0.5,"res":"fifty","plies":404,"balW":-700,"secs":93.2,"apertura":"4,-2,-1>4,-1,-1 -3,3,1>-2,2,1 4,-1,-1>4,-1,-2 -2,3,0>-3,3,1 0,-2,4>-1,-1,4 -1,3,-1>0,2,-1"}
{"par":113,"whiteIs":"B","ptsW":0.5,"res":"fifty","plies":429,"balW":300,"secs":143.7,"apertura":"4,-2,-1>4,-1,-1 -3,3,1>-2,2,1 4,-1,-1>4,-1,-2 -2,3,0>-3,3,1 0,-2,4>-1,-1,4 -1,3,-1>0,2,-1"}
{"par":114,"whiteIs":"A","ptsW":0.5,"res":"fifty","plies":518,"balW":-700,"secs":162.5,"apertura":"2,-2,1>2,-1,1 1,3,-2>1,2,-1 4,-2,0>3,-1,0 2,3,-3>1,3,-2 1,-2,3>1,-1,2 1,2,-1>2,2,-2"}
{"par":114,"whiteIs":"B","ptsW":0,"res":"mate","plies":32,"balW":0,"secs":8.6,"apertura":"2,-2,1>2,-1,1 1,3,-2>1,2,-1 4,-2,0>3,-1,0 2,3,-3>1,3,-2 1,-2,3>1,-1,2 1,2,-1>2,2,-2"}
{"par":115,"whiteIs":"A","ptsW":0.5,"res":"fifty","plies":500,"balW":-1000,"secs":185.7,"apertura":"3,-2,0>3,-1,-1 -1,3,0>-1,2,1 2,-2,1>3,-1,0 -2,4,0>-1,3,0 1,-2,2>0,-1,3 -2,3,0>-2,4,0"}
{"par":115,"whiteIs":"B","ptsW":0.5,"res":"fifty","plies":317,"balW":500,"secs":107.1,"apertura":"3,-2,0>3,-1,-1 -1,3,0>-1,2,1 2,-2,1>3,-1,0 -2,4,0>-1,3,0 1,-2,2>0,-1,3 -2,3,0>-2,4,0"}
{"par":116,"whiteIs":"A","ptsW":1,"res":"mate","plies":165,"balW":-100,"secs":55.4,"apertura":"2,-2,1>1,-1,2 1,3,-2>2,2,-2 0,-2,3>0,-1,3 0,3,-1>1,2,-2 3,-3,2>2,-2,1 0,4,-2>0,3,-1"}
{"par":116,"whiteIs":"B","ptsW":0.5,"res":"fifty","plies":395,"balW":300,"secs":132,"apertura":"2,-2,1>1,-1,2 1,3,-2>2,2,-2 0,-2,3>0,-1,3 0,3,-1>1,2,-2 3,-3,2>2,-2,1 0,4,-2>0,3,-1"}
{"par":117,"whiteIs":"A","ptsW":0,"res":"mate","plies":342,"balW":-100,"secs":110.6,"apertura":"4,-2,-1>3,-1,-1 -1,3,0>-1,2,1 2,-2,1>2,-1,0 -2,3,0>-1,2,0 2,-1,0>3,-1,0 -2,3,1>-2,2,1"}
{"par":117,"whiteIs":"B","ptsW":0,"res":"mate","plies":258,"balW":400,"secs":86.9,"apertura":"4,-2,-1>3,-1,-1 -1,3,0>-1,2,1 2,-2,1>2,-1,0 -2,3,0>-1,2,0 2,-1,0>3,-1,0 -2,3,1>-2,2,1"}
{"par":118,"whiteIs":"A","ptsW":1,"res":"mate","plies":115,"balW":-100,"secs":23.5,"apertura":"0,-2,3>0,-1,2 0,3,-1>0,2,-1 2,-2,2>1,-1,1 2,3,-3>2,2,-3 4,-2,0>3,-1,-1 -2,3,1>-3,2,2"}
{"par":118,"whiteIs":"B","ptsW":0.5,"res":"fifty","plies":266,"balW":800,"secs":38,"apertura":"0,-2,3>0,-1,2 0,3,-1>0,2,-1 2,-2,2>1,-1,1 2,3,-3>2,2,-3 4,-2,0>3,-1,-1 -2,3,1>-3,2,2"}
{"par":119,"whiteIs":"A","ptsW":0.5,"res":"fifty","plies":456,"balW":-500,"secs":91.4,"apertura":"0,-2,3>-1,-1,4 -3,3,2>-2,2,1 4,-2,-1>4,-1,-2 -1,3,0>-1,2,0 1,-2,2>0,-1,2 -2,4,0>-1,3,0"}
{"par":119,"whiteIs":"B","ptsW":0.5,"res":"fifty","plies":402,"balW":800,"secs":66.1,"apertura":"0,-2,3>-1,-1,4 -3,3,2>-2,2,1 4,-2,-1>4,-1,-2 -1,3,0>-1,2,0 1,-2,2>0,-1,2 -2,4,0>-1,3,0"}
{"par":120,"whiteIs":"A","ptsW":0.5,"res":"fifty","plies":398,"balW":-900,"secs":55.1,"apertura":"2,-2,1>2,-1,1 2,3,-3>1,2,-2 3,-2,1>3,-1,0 1,2,-2>2,2,-2 0,-2,3>0,-1,2 1,3,-2>2,2,-3"}
{"par":120,"whiteIs":"B","ptsW":0,"res":"mate","plies":348,"balW":300,"secs":44.9,"apertura":"2,-2,1>2,-1,1 2,3,-3>1,2,-2 3,-2,1>3,-1,0 1,2,-2>2,2,-2 0,-2,3>0,-1,2 1,3,-2>2,2,-3"}
{"par":121,"whiteIs":"A","ptsW":1,"res":"mate","plies":105,"balW":200,"secs":19.8,"apertura":"0,-2,3>0,-1,2 0,3,-2>1,2,-2 -1,-2,4>0,-2,3 -1,3,0>-1,2,1 1,-2,2>2,-1,1 -1,3,-1>-1,3,0"}
{"par":121,"whiteIs":"B","ptsW":0.5,"res":"fifty","plies":281,"balW":200,"secs":54.5,"apertura":"0,-2,3>0,-1,2 0,3,-2>1,2,-2 -1,-2,4>0,-2,3 -1,3,0>-1,2,1 1,-2,2>2,-1,1 -1,3,-1>-1,3,0"}
{"par":122,"whiteIs":"A","ptsW":1,"res":"mate","plies":257,"balW":0,"secs":35.2,"apertura":"2,-2,1>3,-1,0 0,3,-1>0,2,0 4,-2,-1>4,-1,-1 -3,3,1>-2,2,2 3,-2,1>2,-1,1 0,3,-2>1,2,-2"}
{"par":122,"whiteIs":"B","ptsW":0.5,"res":"fifty","plies":449,"balW":800,"secs":53.3,"apertura":"2,-2,1>3,-1,0 0,3,-1>0,2,0 4,-2,-1>4,-1,-1 -3,3,1>-2,2,2 3,-2,1>2,-1,1 0,3,-2>1,2,-2"}
{"par":123,"whiteIs":"A","ptsW":0.5,"res":"fifty","plies":352,"balW":-1000,"secs":38.7,"apertura":"4,-2,0>3,-1,0 1,3,-3>2,2,-2 -1,-2,4>0,-1,3 2,2,-2>1,3,-3 1,-2,3>0,-1,2 -3,3,1>-2,2,2"}
{"par":123,"whiteIs":"B","ptsW":0.5,"res":"fifty","plies":346,"balW":900,"secs":32.2,"apertura":"4,-2,0>3,-1,0 1,3,-3>2,2,-2 -1,-2,4>0,-1,3 2,2,-2>1,3,-3 1,-2,3>0,-1,2 -3,3,1>-2,2,2"}
{"par":124,"whiteIs":"A","ptsW":0.5,"res":"fifty","plies":635,"balW":-800,"secs":55.2,"apertura":"4,-2,0>4,-1,-1 -2,3,1>-1,2,0 1,-2,3>0,-1,2 -1,3,0>0,2,0 4,-1,-1>4,0,-2 -3,3,1>-3,2,2"}
{"par":124,"whiteIs":"B","ptsW":0,"res":"mate","plies":242,"balW":0,"secs":28.8,"apertura":"4,-2,0>4,-1,-1 -2,3,1>-1,2,0 1,-2,3>0,-1,2 -1,3,0>0,2,0 4,-1,-1>4,0,-2 -3,3,1>-3,2,2"}
{"par":125,"whiteIs":"A","ptsW":0.5,"res":"fifty","plies":442,"balW":-700,"secs":30.9,"apertura":"3,-2,1>2,-1,1 -1,3,0>0,2,0 3,-2,0>3,-1,-1 0,3,-2>1,2,-2 2,-1,1>1,-1,2 -3,3,2>-2,2,1"}
{"par":125,"whiteIs":"B","ptsW":0,"res":"mate","plies":150,"balW":100,"secs":28.7,"apertura":"3,-2,1>2,-1,1 -1,3,0>0,2,0 3,-2,0>3,-1,-1 0,3,-2>1,2,-2 2,-1,1>1,-1,2 -3,3,2>-2,2,1"}
{"par":126,"whiteIs":"A","ptsW":1,"res":"mate","plies":93,"balW":0,"secs":19.3,"apertura":"2,-2,1>1,-1,1 -3,3,1>-3,2,2 -1,-2,4>-2,-1,4 2,3,-3>2,2,-3 3,-2,0>4,-1,-1 -1,3,-1>-1,2,0"}
{"par":126,"whiteIs":"B","ptsW":0.5,"res":"fifty","plies":355,"balW":600,"secs":31.1,"apertura":"2,-2,1>1,-1,1 -3,3,1>-3,2,2 -1,-2,4>-2,-1,4 2,3,-3>2,2,-3 3,-2,0>4,-1,-1 -1,3,-1>-1,2,0"}
{"par":127,"whiteIs":"A","ptsW":0.5,"res":"fifty","plies":389,"balW":-300,"secs":40.7,"apertura":"1,-2,3>1,-1,2 -2,3,0>-2,2,1 0,-2,4>1,-2,3 -1,3,0>0,2,0 3,-2,0>3,-1,-1 0,2,0>-1,3,0"}
{"par":127,"whiteIs":"B","ptsW":0.5,"res":"fifty","plies":550,"balW":500,"secs":70.8,"apertura":"1,-2,3>1,-1,2 -2,3,0>-2,2,1 0,-2,4>1,-2,3 -1,3,0>0,2,0 3,-2,0>3,-1,-1 0,2,0>-1,3,0"}
{"par":128,"whiteIs":"A","ptsW":0,"res":"mate","plies":324,"balW":-300,"secs":29.7,"apertura":"-1,-2,4>-2,-1,4 1,3,-2>2,2,-2 2,-2,2>1,-1,2 0,3,-1>1,3,-2 3,-2,1>3,-1,0 0,3,-2>1,2,-2"}
{"par":128,"whiteIs":"B","ptsW":0.5,"res":"fifty","plies":515,"balW":200,"secs":44.6,"apertura":"-1,-2,4>-2,-1,4 1,3,-2>2,2,-2 2,-2,2>1,-1,2 0,3,-1>1,3,-2 3,-2,1>3,-1,0 0,3,-2>1,2,-2"}
{"par":129,"whiteIs":"A","ptsW":0.5,"res":"fifty","plies":306,"balW":-500,"secs":22,"apertura":"0,-2,4>-1,-1,4 2,3,-3>1,2,-2 -1,-1,4>0,-1,3 1,3,-2>2,2,-2 0,-2,3>-1,-1,3 0,4,-3>1,3,-2"}
{"par":129,"whiteIs":"B","ptsW":1,"res":"mate","plies":403,"balW":600,"secs":27.2,"apertura":"0,-2,4>-1,-1,4 2,3,-3>1,2,-2 -1,-1,4>0,-1,3 1,3,-2>2,2,-2 0,-2,3>-1,-1,3 0,4,-3>1,3,-2"}
{"par":130,"whiteIs":"A","ptsW":1,"res":"mate","plies":131,"balW":-200,"secs":16.4,"apertura":"3,-2,1>2,-1,0 2,3,-3>2,2,-2 4,-2,-1>3,-1,0 -1,3,-1>0,2,0 3,-1,0>2,0,-1 -2,3,1>-1,2,0"}
{"par":130,"whiteIs":"B","ptsW":0.5,"res":"fifty","plies":493,"balW":800,"secs":51.5,"apertura":"3,-2,1>2,-1,0 2,3,-3>2,2,-2 4,-2,-1>3,-1,0 -1,3,-1>0,2,0 3,-1,0>2,0,-1 -2,3,1>-1,2,0"}
{"par":131,"whiteIs":"A","ptsW":1,"res":"mate","plies":101,"balW":-300,"secs":13.1,"apertura":"0,-2,3>0,-1,3 -2,3,0>-1,2,1 0,-1,3>0,-2,3 -3,3,2>-3,2,3 2,-2,1>2,-1,0 -3,2,3>-2,1,3"}
{"par":131,"whiteIs":"B","ptsW":0.5,"res":"fifty","plies":465,"balW":700,"secs":37,"apertura":"0,-2,3>0,-1,3 -2,3,0>-1,2,1 0,-1,3>0,-2,3 -3,3,2>-3,2,3 2,-2,1>2,-1,0 -3,2,3>-2,1,3"}
{"par":132,"whiteIs":"A","ptsW":0.5,"res":"fifty","plies":294,"balW":-400,"secs":42.9,"apertura":"4,-2,-1>3,-1,0 0,3,-1>-1,2,0 4,-2,0>4,-1,-1 2,3,-3>1,2,-2 0,-2,3>-1,-1,4 -2,3,0>-2,2,1"}
{"par":132,"whiteIs":"B","ptsW":0,"res":"mate","plies":406,"balW":200,"secs":48.8,"apertura":"4,-2,-1>3,-1,0 0,3,-1>-1,2,0 4,-2,0>4,-1,-1 2,3,-3>1,2,-2 0,-2,3>-1,-1,4 -2,3,0>-2,2,1"}
{"par":133,"whiteIs":"A","ptsW":1,"res":"mate","plies":257,"balW":-100,"secs":53.5,"apertura":"1,-2,2>0,-1,2 -2,3,0>-2,2,1 2,-2,2>2,-1,1 -1,3,0>0,2,0 0,-2,3>-1,-1,4 -2,3,1>-1,2,0"}
{"par":133,"whiteIs":"B","ptsW":0,"res":"mate","plies":80,"balW":0,"secs":9.9,"apertura":"1,-2,2>0,-1,2 -2,3,0>-2,2,1 2,-2,2>2,-1,1 -1,3,0>0,2,0 0,-2,3>-1,-1,4 -2,3,1>-1,2,0"}
{"par":134,"whiteIs":"A","ptsW":1,"res":"mate","plies":149,"balW":-400,"secs":19.7,"apertura":"0,-2,4>-1,-1,4 -1,3,-1>0,2,0 1,-2,2>1,-1,2 0,2,0>1,1,0 3,-2,1>3,-1,0 1,1,0>2,0,-1"}
{"par":134,"whiteIs":"B","ptsW":0,"res":"mate","plies":130,"balW":100,"secs":15.3,"apertura":"0,-2,4>-1,-1,4 -1,3,-1>0,2,0 1,-2,2>1,-1,2 0,2,0>1,1,0 3,-2,1>3,-1,0 1,1,0>2,0,-1"}
{"par":135,"whiteIs":"A","ptsW":0.5,"res":"fifty","plies":368,"balW":-800,"secs":28.2,"apertura":"1,-2,2>1,-1,2 0,3,-1>0,2,0 0,-2,4>-1,-1,3 -2,3,1>-3,2,2 2,-2,1>2,-1,0 -3,2,2>-3,1,3"}
{"par":135,"whiteIs":"B","ptsW":0.5,"res":"fifty","plies":490,"balW":300,"secs":40.8,"apertura":"1,-2,2>1,-1,2 0,3,-1>0,2,0 0,-2,4>-1,-1,3 -2,3,1>-3,2,2 2,-2,1>2,-1,0 -3,2,2>-3,1,3"}
{"par":136,"whiteIs":"A","ptsW":0.5,"res":"fifty","plies":359,"balW":-600,"secs":28.9,"apertura":"-1,-2,4>0,-1,3 1,3,-2>1,2,-2 0,-2,3>-1,-2,4 -2,3,1>-1,2,1 0,-3,4>0,-2,3 1,2,-2>0,2,-1"}
{"par":136,"whiteIs":"B","ptsW":0.5,"res":"fifty","plies":231,"balW":300,"secs":23.2,"apertura":"-1,-2,4>0,-1,3 1,3,-2>1,2,-2 0,-2,3>-1,-2,4 -2,3,1>-1,2,1 0,-3,4>0,-2,3 1,2,-2>0,2,-1"}
{"par":137,"whiteIs":"A","ptsW":0,"res":"mate","plies":376,"balW":-300,"secs":35,"apertura":"2,-2,1>1,-1,2 0,3,-1>0,2,-1 2,-2,2>1,-1,1 1,3,-2>0,3,-1 1,-1,1>0,0,1 0,3,-1>0,2,0"}
{"par":137,"whiteIs":"B","ptsW":0,"res":"mate","plies":174,"balW":300,"secs":39.5,"apertura":"2,-2,1>1,-1,2 0,3,-1>0,2,-1 2,-2,2>1,-1,1 1,3,-2>0,3,-1 1,-1,1>0,0,1 0,3,-1>0,2,0"}
{"par":138,"whiteIs":"A","ptsW":1,"res":"mate","plies":127,"balW":0,"secs":27.5,"apertura":"3,-2,0>4,-1,-1 0,3,-2>0,2,-1 1,-2,2>0,-1,2 -3,3,1>-3,2,2 0,-1,2>-1,-1,3 0,4,-3>0,3,-2"}
{"par":138,"whiteIs":"B","ptsW":0.5,"res":"fifty","plies":331,"balW":800,"secs":30.3,"apertura":"3,-2,0>4,-1,-1 0,3,-2>0,2,-1 1,-2,2>0,-1,2 -3,3,1>-3,2,2 0,-1,2>-1,-1,3 0,4,-3>0,3,-2"}
{"par":139,"whiteIs":"A","ptsW":1,"res":"mate","plies":229,"balW":-500,"secs":32.9,"apertura":"4,-2,-1>4,-1,-2 1,3,-2>1,2,-1 2,-2,1>2,-1,1 0,4,-3>1,3,-2 -1,-2,4>-1,-1,3 2,3,-3>1,2,-2"}
{"par":139,"whiteIs":"B","ptsW":0,"res":"mate","plies":148,"balW":100,"secs":22.1,"apertura":"4,-2,-1>4,-1,-2 1,3,-2>1,2,-1 2,-2,1>2,-1,1 0,4,-3>1,3,-2 -1,-2,4>-1,-1,3 2,3,-3>1,2,-2"}
{"par":140,"whiteIs":"A","ptsW":0.5,"res":"fifty","plies":292,"balW":-400,"secs":40.1,"apertura":"0,-2,3>1,-1,2 1,3,-3>2,2,-3 4,-2,-1>3,-1,0 1,3,-2>0,2,-1 3,-1,0>2,0,-1 -1,3,0>-1,2,1"}
{"par":140,"whiteIs":"B","ptsW":0.5,"res":"fifty","plies":371,"balW":500,"secs":32.4,"apertura":"0,-2,3>1,-1,2 1,3,-3>2,2,-3 4,-2,-1>3,-1,0 1,3,-2>0,2,-1 3,-1,0>2,0,-1 -1,3,0>-1,2,1"}
{"par":141,"whiteIs":"A","ptsW":0.5,"res":"fifty","plies":459,"balW":-200,"secs":48.4,"apertura":"2,-2,1>1,-1,2 0,3,-2>1,2,-1 0,-2,4>0,-1,3 -1,3,0>-2,2,1 0,-1,3>0,-1,2 1,2,-1>0,2,-1"}
{"par":141,"whiteIs":"B","ptsW":0.5,"res":"fifty","plies":263,"balW":300,"secs":34.2,"apertura":"2,-2,1>1,-1,2 0,3,-2>1,2,-1 0,-2,4>0,-1,3 -1,3,0>-2,2,1 0,-1,3>0,-1,2 1,2,-1>0,2,-1"}
{"par":142,"whiteIs":"A","ptsW":0.5,"res":"fifty","plies":400,"balW":-500,"secs":43.4,"apertura":"0,-2,3>0,-1,3 2,3,-3>1,2,-2 0,-2,4>-1,-1,4 1,3,-2>0,2,-1 0,-1,3>0,-1,2 -2,3,1>-1,2,1"}
{"par":142,"whiteIs":"B","ptsW":0.5,"res":"fifty","plies":303,"balW":400,"secs":38.6,"apertura":"0,-2,3>0,-1,3 2,3,-3>1,2,-2 0,-2,4>-1,-1,4 1,3,-2>0,2,-1 0,-1,3>0,-1,2 -2,3,1>-1,2,1"}
{"par":143,"whiteIs":"A","ptsW":0.5,"res":"fifty","plies":240,"balW":-400,"secs":25.2,"apertura":"4,-2,-1>3,-1,0 1,3,-2>1,2,-1 1,-2,2>0,-1,2 -3,3,1>-2,2,2 0,-1,2>0,0,1 -3,3,2>-3,3,1"}
{"par":143,"whiteIs":"B","ptsW":0.5,"res":"fifty","plies":280,"balW":0,"secs":25,"apertura":"4,-2,-1>3,-1,0 1,3,-2>1,2,-1 1,-2,2>0,-1,2 -3,3,1>-2,2,2 0,-1,2>0,0,1 -3,3,2>-3,3,1"}
{"par":144,"whiteIs":"A","ptsW":0.5,"res":"fifty","plies":226,"balW":-300,"secs":17.3,"apertura":"4,-2,-1>3,-1,0 -1,3,0>-1,2,0 -1,-2,4>-1,-1,3 0,3,-2>1,2,-2 2,-2,2>1,-1,2 -1,3,-1>0,3,-2"}
{"par":144,"whiteIs":"B","ptsW":0,"res":"mate","plies":306,"balW":200,"secs":36.6,"apertura":"4,-2,-1>3,-1,0 -1,3,0>-1,2,0 -1,-2,4>-1,-1,3 0,3,-2>1,2,-2 2,-2,2>1,-1,2 -1,3,-1>0,3,-2"}
{"par":145,"whiteIs":"A","ptsW":0,"res":"mate","plies":362,"balW":-1000,"secs":34.2,"apertura":"4,-2,-1>3,-1,-1 0,3,-1>1,2,-1 1,-2,2>1,-1,2 1,3,-2>2,2,-3 0,-2,3>-1,-1,4 1,2,-1>0,2,0"}
{"par":145,"whiteIs":"B","ptsW":1,"res":"mate","plies":243,"balW":500,"secs":29,"apertura":"4,-2,-1>3,-1,-1 0,3,-1>1,2,-1 1,-2,2>1,-1,2 1,3,-2>2,2,-3 0,-2,3>-1,-1,4 1,2,-1>0,2,0"}
{"par":146,"whiteIs":"A","ptsW":1,"res":"mate","plies":325,"balW":-200,"secs":43.3,"apertura":"1,-2,3>1,-1,2 0,3,-1>1,2,-1 0,-2,4>-1,-1,4 1,2,-1>1,2,-2 4,-2,0>3,-1,0 1,3,-3>2,2,-2"}
{"par":146,"whiteIs":"B","ptsW":0.5,"res":"fifty","plies":495,"balW":700,"secs":38.3,"apertura":"1,-2,3>1,-1,2 0,3,-1>1,2,-1 0,-2,4>-1,-1,4 1,2,-1>1,2,-2 4,-2,0>3,-1,0 1,3,-3>2,2,-2"}
{"par":147,"whiteIs":"A","ptsW":1,"res":"mate","plies":217,"balW":100,"secs":25,"apertura":"2,-2,1>2,-1,0 -3,3,1>-3,2,2 4,-2,-1>3,-1,0 -2,4,0>-3,3,1 1,-2,2>0,-1,2 1,3,-2>2,2,-2"}
{"par":147,"whiteIs":"B","ptsW":0,"res":"mate","plies":94,"balW":-100,"secs":12.6,"apertura":"2,-2,1>2,-1,0 -3,3,1>-3,2,2 4,-2,-1>3,-1,0 -2,4,0>-3,3,1 1,-2,2>0,-1,2 1,3,-2>2,2,-2"}
{"par":148,"whiteIs":"A","ptsW":1,"res":"mate","plies":205,"balW":-200,"secs":23.4,"apertura":"1,-2,2>1,-1,2 2,3,-3>1,2,-2 2,-3,2>1,-2,2 1,3,-2>2,2,-2 1,-2,2>2,-3,2 -3,3,1>-2,2,1"}
{"par":148,"whiteIs":"B","ptsW":0,"res":"mate","plies":136,"balW":100,"secs":22.3,"apertura":"1,-2,2>1,-1,2 2,3,-3>1,2,-2 2,-3,2>1,-2,2 1,3,-2>2,2,-2 1,-2,2>2,-3,2 -3,3,1>-2,2,1"}
{"par":149,"whiteIs":"A","ptsW":0.5,"res":"fifty","plies":427,"balW":-600,"secs":38.6,"apertura":"2,-2,2>1,-1,2 -1,3,0>0,2,0 1,-2,2>2,-1,1 1,3,-2>2,2,-3 0,-2,4>0,-1,3 0,2,0>0,2,-1"}
{"par":149,"whiteIs":"B","ptsW":0.5,"res":"fifty","plies":334,"balW":700,"secs":30.6,"apertura":"2,-2,2>1,-1,2 -1,3,0>0,2,0 1,-2,2>2,-1,1 1,3,-2>2,2,-3 0,-2,4>0,-1,3 0,2,0>0,2,-1"}
{"par":150,"whiteIs":"A","ptsW":0,"res":"mate","plies":402,"balW":-1000,"secs":30.7,"apertura":"-1,-2,4>-2,-1,4 2,3,-3>2,2,-2 4,-2,0>3,-1,-1 0,3,-2>1,2,-1 0,-2,3>-1,-1,3 -1,3,0>-1,2,1"}
{"par":150,"whiteIs":"B","ptsW":0.5,"res":"fifty","plies":514,"balW":500,"secs":35.4,"apertura":"-1,-2,4>-2,-1,4 2,3,-3>2,2,-2 4,-2,0>3,-1,-1 0,3,-2>1,2,-1 0,-2,3>-1,-1,3 -1,3,0>-1,2,1"}

# {"fecha":"2026-08-26T15:50:50.130Z","modalidad":"rps-rey","A":{"nombre":"vigente","cfg":{"depth":24,"mobility":true,"order":true,"quiesce":true,"nodes":4500}},"B":{"nombre":"proporcional","cfg":{"depth":24,"mobility":true,"order":true,"quiesce":true,"nodes":4500,"rps":{"PROPORCIONAL":1}}},"MAX_PLIES":800,"FIFTY":80,"OPENING_PLIES":6,"SEED":406,"FIRST":151,"PAIRS":50,"libro":"/Users/salasgar/Documents/git/Ajedrez-triangular/entrenamiento/libro-rps-rey.json"}
{"par":151,"whiteIs":"A","ptsW":0.5,"res":"fifty","plies":472,"balW":-900,"secs":36.3,"apertura":"4,-2,-1>3,-1,0 0,3,-1>0,2,-1 2,-2,1>1,-1,1 0,2,-1>1,2,-1 1,-1,1>2,-2,1 -2,3,1>-2,2,2"}
{"par":151,"whiteIs":"B","ptsW":0.5,"res":"fifty","plies":275,"balW":600,"secs":31.2,"apertura":"4,-2,-1>3,-1,0 0,3,-1>0,2,-1 2,-2,1>1,-1,1 0,2,-1>1,2,-1 1,-1,1>2,-2,1 -2,3,1>-2,2,2"}
{"par":152,"whiteIs":"A","ptsW":1,"res":"mate","plies":145,"balW":-200,"secs":21.4,"apertura":"0,-2,4>-1,-1,4 -1,3,0>-1,2,1 3,-2,1>2,-1,0 -1,2,1>-2,2,1 1,-2,2>2,-1,1 1,3,-3>2,2,-3"}
{"par":152,"whiteIs":"B","ptsW":0.5,"res":"repetition","plies":270,"balW":400,"secs":43.3,"apertura":"0,-2,4>-1,-1,4 -1,3,0>-1,2,1 3,-2,1>2,-1,0 -1,2,1>-2,2,1 1,-2,2>2,-1,1 1,3,-3>2,2,-3"}
{"par":153,"whiteIs":"A","ptsW":1,"res":"mate","plies":333,"balW":-500,"secs":36.2,"apertura":"3,-2,1>3,-1,0 -1,3,-1>0,2,-1 0,-2,4>0,-1,3 -2,3,1>-3,2,2 0,-1,3>0,-2,4 -3,2,2>-2,1,3"}
{"par":153,"whiteIs":"B","ptsW":0.5,"res":"fifty","plies":362,"balW":100,"secs":53,"apertura":"3,-2,1>3,-1,0 -1,3,-1>0,2,-1 0,-2,4>0,-1,3 -2,3,1>-3,2,2 0,-1,3>0,-2,4 -3,2,2>-2,1,3"}
{"par":154,"whiteIs":"A","ptsW":1,"res":"mate","plies":189,"balW":-400,"secs":38,"apertura":"2,-2,1>1,-1,2 -1,3,0>-1,2,0 1,-2,2>2,-2,1 -2,3,0>-1,3,0 4,-2,-1>3,-1,-1 -2,4,0>-2,3,0"}
{"par":154,"whiteIs":"B","ptsW":0,"res":"mate","plies":188,"balW":200,"secs":37.9,"apertura":"2,-2,1>1,-1,2 -1,3,0>-1,2,0 1,-2,2>2,-2,1 -2,3,0>-1,3,0 4,-2,-1>3,-1,-1 -2,4,0>-2,3,0"}
{"par":155,"whiteIs":"A","ptsW":0.5,"res":"fifty","plies":624,"balW":-300,"secs":78.4,"apertura":"3,-2,1>3,-1,0 -2,3,1>-1,2,0 2,-2,1>1,-1,2 -1,2,0>0,1,1 3,-3,1>2,-2,1 -3,3,1>-3,2,2"}
{"par":155,"whiteIs":"B","ptsW":0.5,"res":"fifty","plies":369,"balW":700,"secs":72,"apertura":"3,-2,1>3,-1,0 -2,3,1>-1,2,0 2,-2,1>1,-1,2 -1,2,0>0,1,1 3,-3,1>2,-2,1 -3,3,1>-3,2,2"}
{"par":156,"whiteIs":"A","ptsW":0.5,"res":"fifty","plies":336,"balW":-100,"secs":49.4,"apertura":"2,-2,1>3,-1,0 1,3,-3>2,2,-2 1,-2,2>2,-2,1 1,3,-2>1,2,-1 2,-2,1>1,-2,2 2,2,-2>1,2,-2"}
{"par":156,"whiteIs":"B","ptsW":0,"res":"mate","plies":154,"balW":-100,"secs":41.2,"apertura":"2,-2,1>3,-1,0 1,3,-3>2,2,-2 1,-2,2>2,-2,1 1,3,-2>1,2,-1 2,-2,1>1,-2,2 2,2,-2>1,2,-2"}
{"par":157,"whiteIs":"A","ptsW":1,"res":"mate","plies":191,"balW":0,"secs":30.7,"apertura":"4,-2,0>4,-1,-1 -1,3,0>0,2,-1 1,-2,2>1,-1,2 -2,3,0>-1,2,1 4,-1,-1>3,0,-1 -1,2,1>-1,2,0"}
{"par":157,"whiteIs":"B","ptsW":0.5,"res":"fifty","plies":199,"balW":0,"secs":28.6,"apertura":"4,-2,0>4,-1,-1 -1,3,0>0,2,-1 1,-2,2>1,-1,2 -2,3,0>-1,2,1 4,-1,-1>3,0,-1 -1,2,1>-1,2,0"}
{"par":158,"whiteIs":"A","ptsW":0.5,"res":"fifty","plies":74,"balW":0,"secs":18.1,"apertura":"1,-2,2>2,-1,1 1,3,-3>1,2,-2 1,-3,3>1,-2,2 1,4,-3>1,3,-3 3,-2,0>3,-1,0 -2,3,1>-2,2,1"}
{"par":158,"whiteIs":"B","ptsW":0.5,"res":"fifty","plies":295,"balW":400,"secs":60.1,"apertura":"1,-2,2>2,-1,1 1,3,-3>1,2,-2 1,-3,3>1,-2,2 1,4,-3>1,3,-3 3,-2,0>3,-1,0 -2,3,1>-2,2,1"}
{"par":159,"whiteIs":"A","ptsW":0.5,"res":"fifty","plies":506,"balW":-700,"secs":159.5,"apertura":"3,-2,0>3,-1,0 -3,3,2>-3,2,3 3,-1,0>3,0,-1 -2,3,0>-1,2,1 3,-2,1>3,-2,0 -1,2,1>0,2,0"}
{"par":159,"whiteIs":"B","ptsW":0,"res":"mate","plies":78,"balW":100,"secs":44.1,"apertura":"3,-2,0>3,-1,0 -3,3,2>-3,2,3 3,-1,0>3,0,-1 -2,3,0>-1,2,1 3,-2,1>3,-2,0 -1,2,1>0,2,0"}
{"par":160,"whiteIs":"A","ptsW":0,"res":"mate","plies":258,"balW":-200,"secs":54.1,"apertura":"2,-2,1>3,-1,0 -3,3,2>-2,2,2 3,-1,0>2,-2,1 -2,3,0>-2,2,1 0,-2,3>0,-1,3 2,3,-3>2,2,-2"}
{"par":160,"whiteIs":"B","ptsW":0,"res":"mate","plies":260,"balW":200,"secs":194.2,"apertura":"2,-2,1>3,-1,0 -3,3,2>-2,2,2 3,-1,0>2,-2,1 -2,3,0>-2,2,1 0,-2,3>0,-1,3 2,3,-3>2,2,-2"}
{"par":161,"whiteIs":"A","ptsW":0.5,"res":"fifty","plies":447,"balW":-700,"secs":149.5,"apertura":"0,-2,3>-1,-1,4 -2,3,1>-1,2,0 -1,-2,4>-1,-1,3 0,3,-1>1,2,-1 2,-2,2>1,-1,2 -1,2,0>0,3,-1"}
{"par":161,"whiteIs":"B","ptsW":0.5,"res":"fifty","plies":380,"balW":400,"secs":95.8,"apertura":"0,-2,3>-1,-1,4 -2,3,1>-1,2,0 -1,-2,4>-1,-1,3 0,3,-1>1,2,-1 2,-2,2>1,-1,2 -1,2,0>0,3,-1"}
{"par":162,"whiteIs":"A","ptsW":0.5,"res":"fifty","plies":390,"balW":-900,"secs":80.2,"apertura":"-1,-2,4>-2,-1,4 -3,3,2>-3,2,3 3,-2,0>3,-1,0 0,3,-1>1,2,-1 0,-2,3>0,-1,3 -1,3,0>-1,2,1"}
{"par":162,"whiteIs":"B","ptsW":0,"res":"mate","plies":248,"balW":100,"secs":70,"apertura":"-1,-2,4>-2,-1,4 -3,3,2>-3,2,3 3,-2,0>3,-1,0 0,3,-1>1,2,-1 0,-2,3>0,-1,3 -1,3,0>-1,2,1"}
{"par":163,"whiteIs":"A","ptsW":0.5,"res":"fifty","plies":474,"balW":-700,"secs":116.2,"apertura":"1,-2,3>1,-1,2 0,3,-2>1,2,-1 4,-2,-1>3,-1,-1 1,3,-3>2,2,-2 1,-2,2>1,-1,1 2,2,-2>1,2,-2"}
{"par":163,"whiteIs":"B","ptsW":0,"res":"mate","plies":100,"balW":100,"secs":28.4,"apertura":"1,-2,3>1,-1,2 0,3,-2>1,2,-1 4,-2,-1>3,-1,-1 1,3,-3>2,2,-2 1,-2,2>1,-1,1 2,2,-2>1,2,-2"}
{"par":164,"whiteIs":"A","ptsW":1,"res":"mate","plies":99,"balW":0,"secs":46.3,"apertura":"-1,-2,4>0,-1,3 0,3,-1>0,2,0 0,-2,4>-1,-1,3 0,2,0>1,2,-1 0,-3,4>-1,-2,4 -1,3,-1>0,2,-1"}
{"par":164,"whiteIs":"B","ptsW":0,"res":"mate","plies":188,"balW":100,"secs":113.4,"apertura":"-1,-2,4>0,-1,3 0,3,-1>0,2,0 0,-2,4>-1,-1,3 0,2,0>1,2,-1 0,-3,4>-1,-2,4 -1,3,-1>0,2,-1"}
{"par":165,"whiteIs":"A","ptsW":0.5,"res":"fifty","plies":74,"balW":0,"secs":35,"apertura":"0,-2,3>0,-1,2 1,3,-2>1,2,-2 4,-2,-1>3,-1,0 -3,3,2>-3,2,3 0,-1,2>0,-2,3 1,2,-2>2,1,-1"}
{"par":165,"whiteIs":"B","ptsW":0.5,"res":"fifty","plies":429,"balW":600,"secs":195.2,"apertura":"0,-2,3>0,-1,2 1,3,-2>1,2,-2 4,-2,-1>3,-1,0 -3,3,2>-3,2,3 0,-1,2>0,-2,3 1,2,-2>2,1,-1"}
{"par":166,"whiteIs":"A","ptsW":0,"res":"mate","plies":390,"balW":-600,"secs":104.3,"apertura":"0,-2,3>0,-1,3 0,3,-2>1,2,-2 4,-2,-1>4,-1,-2 -3,3,2>-2,2,1 2,-2,2>1,-1,2 -2,3,1>-2,2,2"}
{"par":166,"whiteIs":"B","ptsW":1,"res":"mate","plies":327,"balW":500,"secs":84.5,"apertura":"0,-2,3>0,-1,3 0,3,-2>1,2,-2 4,-2,-1>4,-1,-2 -3,3,2>-2,2,1 2,-2,2>1,-1,2 -2,3,1>-2,2,2"}
{"par":167,"whiteIs":"A","ptsW":0.5,"res":"fifty","plies":352,"balW":-700,"secs":87.9,"apertura":"2,-2,1>3,-1,0 -2,3,1>-3,2,2 2,-2,2>2,-1,1 0,3,-1>1,2,-1 3,-3,1>2,-2,1 -1,3,0>0,3,-1"}
{"par":167,"whiteIs":"B","ptsW":0.5,"res":"fifty","plies":613,"balW":400,"secs":144,"apertura":"2,-2,1>3,-1,0 -2,3,1>-3,2,2 2,-2,2>2,-1,1 0,3,-1>1,2,-1 3,-3,1>2,-2,1 -1,3,0>0,3,-1"}
{"par":168,"whiteIs":"A","ptsW":0.5,"res":"repetition","plies":126,"balW":100,"secs":53.3,"apertura":"3,-2,0>3,-1,0 0,3,-2>1,2,-2 4,-2,-1>4,-1,-2 -1,3,-1>-1,2,0 0,-2,3>-1,-1,3 -1,2,0>0,1,1"}
{"par":168,"whiteIs":"B","ptsW":0.5,"res":"fifty","plies":303,"balW":400,"secs":96.1,"apertura":"3,-2,0>3,-1,0 0,3,-2>1,2,-2 4,-2,-1>4,-1,-2 -1,3,-1>-1,2,0 0,-2,3>-1,-1,3 -1,2,0>0,1,1"}
{"par":169,"whiteIs":"A","ptsW":1,"res":"mate","plies":65,"balW":0,"secs":10.1,"apertura":"4,-2,-1>3,-1,0 -2,3,0>-1,2,0 0,-2,3>0,-1,3 -1,2,0>0,2,-1 0,-2,4>0,-2,3 -3,3,2>-3,2,2"}
{"par":169,"whiteIs":"B","ptsW":0.5,"res":"fifty","plies":329,"balW":-100,"secs":45.8,"apertura":"4,-2,-1>3,-1,0 -2,3,0>-1,2,0 0,-2,3>0,-1,3 -1,2,0>0,2,-1 0,-2,4>0,-2,3 -3,3,2>-3,2,2"}
{"par":170,"whiteIs":"A","ptsW":0.5,"res":"fifty","plies":579,"balW":-400,"secs":69,"apertura":"0,-2,3>0,-1,2 1,3,-2>2,2,-3 1,-2,3>1,-1,2 -3,3,2>-2,2,1 3,-2,0>3,-1,0 2,3,-3>1,2,-2"}
{"par":170,"whiteIs":"B","ptsW":0,"res":"mate","plies":286,"balW":300,"secs":65.5,"apertura":"0,-2,3>0,-1,2 1,3,-2>2,2,-3 1,-2,3>1,-1,2 -3,3,2>-2,2,1 3,-2,0>3,-1,0 2,3,-3>1,2,-2"}
{"par":171,"whiteIs":"A","ptsW":0.5,"res":"fifty","plies":74,"balW":0,"secs":20.1,"apertura":"4,-2,-1>4,-1,-1 2,3,-3>1,2,-2 1,-2,2>0,-1,3 0,3,-2>0,2,-1 4,-1,-1>3,-1,-1 0,2,-1>0,2,0"}
{"par":171,"whiteIs":"B","ptsW":0,"res":"mate","plies":34,"balW":0,"secs":5,"apertura":"4,-2,-1>4,-1,-1 2,3,-3>1,2,-2 1,-2,2>0,-1,3 0,3,-2>0,2,-1 4,-1,-1>3,-1,-1 0,2,-1>0,2,0"}
{"par":172,"whiteIs":"A","ptsW":0.5,"res":"fifty","plies":348,"balW":-1100,"secs":52.7,"apertura":"1,-2,3>1,-1,2 1,3,-3>1,2,-2 2,-2,1>1,-1,1 0,3,-2>0,2,-1 1,-3,4>1,-2,3 -3,3,1>-2,2,1"}
{"par":172,"whiteIs":"B","ptsW":0,"res":"mate","plies":266,"balW":200,"secs":90.6,"apertura":"1,-2,3>1,-1,2 1,3,-3>1,2,-2 2,-2,1>1,-1,1 0,3,-2>0,2,-1 1,-3,4>1,-2,3 -3,3,1>-2,2,1"}
{"par":173,"whiteIs":"A","ptsW":0.5,"res":"fifty","plies":74,"balW":0,"secs":19,"apertura":"2,-2,1>1,-1,2 1,3,-3>2,2,-3 4,-2,0>3,-1,0 -3,3,2>-3,2,3 1,-2,2>2,-1,1 -2,3,1>-1,2,1"}
{"par":173,"whiteIs":"B","ptsW":null,"res":"tope","plies":800,"balW":0,"secs":72.7,"apertura":"2,-2,1>1,-1,2 1,3,-3>2,2,-3 4,-2,0>3,-1,0 -3,3,2>-3,2,3 1,-2,2>2,-1,1 -2,3,1>-1,2,1"}
{"par":174,"whiteIs":"A","ptsW":0.5,"res":"fifty","plies":476,"balW":-800,"secs":48.1,"apertura":"2,-2,2>1,-1,2 2,3,-3>2,2,-2 1,-1,2>2,-1,1 1,3,-2>2,2,-3 0,-2,3>0,-1,2 -1,3,0>-2,2,1"}
{"par":174,"whiteIs":"B","ptsW":0.5,"res":"fifty","plies":400,"balW":800,"secs":36.6,"apertura":"2,-2,2>1,-1,2 2,3,-3>2,2,-2 1,-1,2>2,-1,1 1,3,-2>2,2,-3 0,-2,3>0,-1,2 -1,3,0>-2,2,1"}
{"par":175,"whiteIs":"A","ptsW":0.5,"res":"fifty","plies":354,"balW":-100,"secs":26.7,"apertura":"2,-2,1>1,-1,2 0,3,-1>0,2,0 2,-2,2>2,-2,1 2,3,-3>2,2,-2 1,-1,2>0,-1,2 -2,3,1>-2,2,1"}
{"par":175,"whiteIs":"B","ptsW":0.5,"res":"fifty","plies":343,"balW":900,"secs":28.1,"apertura":"2,-2,1>1,-1,2 0,3,-1>0,2,0 2,-2,2>2,-2,1 2,3,-3>2,2,-2 1,-1,2>0,-1,2 -2,3,1>-2,2,1"}
{"par":176,"whiteIs":"A","ptsW":0.5,"res":"fifty","plies":387,"balW":-600,"secs":24.9,"apertura":"1,-2,2>0,-1,2 -2,3,0>-1,2,0 2,-2,1>2,-1,1 -1,3,-1>0,2,-1 2,-1,1>1,-1,2 1,3,-3>1,2,-2"}
{"par":176,"whiteIs":"B","ptsW":0.5,"res":"fifty","plies":413,"balW":900,"secs":35.7,"apertura":"1,-2,2>0,-1,2 -2,3,0>-1,2,0 2,-2,1>2,-1,1 -1,3,-1>0,2,-1 2,-1,1>1,-1,2 1,3,-3>1,2,-2"}
{"par":177,"whiteIs":"A","ptsW":1,"res":"mate","plies":99,"balW":400,"secs":16.7,"apertura":"0,-2,3>0,-1,2 -3,3,2>-2,2,2 4,-2,-1>4,-1,-2 2,3,-3>2,2,-2 3,-2,0>3,-1,-1 2,2,-2>2,1,-2"}
{"par":177,"whiteIs":"B","ptsW":0.5,"res":"fifty","plies":519,"balW":800,"secs":48.4,"apertura":"0,-2,3>0,-1,2 -3,3,2>-2,2,2 4,-2,-1>4,-1,-2 2,3,-3>2,2,-2 3,-2,0>3,-1,-1 2,2,-2>2,1,-2"}
{"par":178,"whiteIs":"A","ptsW":0.5,"res":"fifty","plies":411,"balW":-500,"secs":30.7,"apertura":"0,-2,4>-1,-1,3 -1,3,0>0,2,0 0,-2,3>1,-1,2 -2,3,0>-1,3,0 -1,-2,4>-1,-1,4 0,2,0>1,1,0"}
{"par":178,"whiteIs":"B","ptsW":0.5,"res":"fifty","plies":411,"balW":0,"secs":34.5,"apertura":"0,-2,4>-1,-1,3 -1,3,0>0,2,0 0,-2,3>1,-1,2 -2,3,0>-1,3,0 -1,-2,4>-1,-1,4 0,2,0>1,1,0"}
{"par":179,"whiteIs":"A","ptsW":1,"res":"mate","plies":141,"balW":-100,"secs":17.9,"apertura":"4,-2,-1>4,-1,-2 -3,3,2>-2,2,2 3,-2,0>2,-1,1 -1,3,0>-1,2,1 2,-2,1>2,-1,0 -1,3,-1>-1,2,0"}
{"par":179,"whiteIs":"B","ptsW":0,"res":"mate","plies":184,"balW":400,"secs":26.9,"apertura":"4,-2,-1>4,-1,-2 -3,3,2>-2,2,2 3,-2,0>2,-1,1 -1,3,0>-1,2,1 2,-2,1>2,-1,0 -1,3,-1>-1,2,0"}
{"par":180,"whiteIs":"A","ptsW":0.5,"res":"repetition","plies":219,"balW":-700,"secs":24,"apertura":"4,-2,-1>3,-1,-1 2,3,-3>2,2,-3 0,-2,3>-1,-1,4 2,2,-3>3,1,-3 1,-2,2>0,-1,3 -3,3,1>-2,2,2"}
{"par":180,"whiteIs":"B","ptsW":0,"res":"mate","plies":350,"balW":500,"secs":31.3,"apertura":"4,-2,-1>3,-1,-1 2,3,-3>2,2,-3 0,-2,3>-1,-1,4 2,2,-3>3,1,-3 1,-2,2>0,-1,3 -3,3,1>-2,2,2"}
{"par":181,"whiteIs":"A","ptsW":0.5,"res":"fifty","plies":311,"balW":-200,"secs":26.8,"apertura":"4,-2,0>3,-1,0 -2,3,1>-1,2,1 0,-2,3>0,-1,3 1,3,-2>1,2,-2 3,-2,0>2,-1,1 2,3,-3>1,3,-2"}
{"par":181,"whiteIs":"B","ptsW":0.5,"res":"fifty","plies":347,"balW":700,"secs":37.7,"apertura":"4,-2,0>3,-1,0 -2,3,1>-1,2,1 0,-2,3>0,-1,3 1,3,-2>1,2,-2 3,-2,0>2,-1,1 2,3,-3>1,3,-2"}
{"par":182,"whiteIs":"A","ptsW":0,"res":"mate","plies":456,"balW":-700,"secs":32.6,"apertura":"-1,-2,4>-1,-1,4 1,3,-3>2,2,-2 -1,-1,4>-2,-1,4 1,3,-2>1,2,-1 2,-2,1>3,-1,0 1,2,-1>2,1,-2"}
{"par":182,"whiteIs":"B","ptsW":0.5,"res":"fifty","plies":467,"balW":600,"secs":32.3,"apertura":"-1,-2,4>-1,-1,4 1,3,-3>2,2,-2 -1,-1,4>-2,-1,4 1,3,-2>1,2,-1 2,-2,1>3,-1,0 1,2,-1>2,1,-2"}
{"par":183,"whiteIs":"A","ptsW":0.5,"res":"fifty","plies":507,"balW":-500,"secs":34.3,"apertura":"3,-2,0>2,-1,0 -3,3,2>-2,2,1 2,-1,0>3,-2,0 2,3,-3>2,2,-3 3,-2,1>3,-1,0 -1,3,0>0,2,0"}
{"par":183,"whiteIs":"B","ptsW":0.5,"res":"fifty","plies":497,"balW":1100,"secs":35,"apertura":"3,-2,0>2,-1,0 -3,3,2>-2,2,1 2,-1,0>3,-2,0 2,3,-3>2,2,-3 3,-2,1>3,-1,0 -1,3,0>0,2,0"}
{"par":184,"whiteIs":"A","ptsW":0,"res":"mate","plies":356,"balW":-800,"secs":45.7,"apertura":"0,-2,4>-1,-1,4 0,3,-1>0,2,-1 0,-2,3>-1,-1,3 1,3,-2>2,2,-2 2,-2,1>1,-1,2 2,2,-2>1,2,-2"}
{"par":184,"whiteIs":"B","ptsW":0.5,"res":"fifty","plies":482,"balW":300,"secs":40.9,"apertura":"0,-2,4>-1,-1,4 0,3,-1>0,2,-1 0,-2,3>-1,-1,3 1,3,-2>2,2,-2 2,-2,1>1,-1,2 2,2,-2>1,2,-2"}
{"par":185,"whiteIs":"A","ptsW":0.5,"res":"fifty","plies":498,"balW":0,"secs":40.3,"apertura":"3,-2,1>3,-1,0 -1,3,0>0,2,-1 3,-1,0>2,-1,1 0,2,-1>1,1,-1 4,-2,-1>4,-1,-2 1,3,-3>1,2,-2"}
{"par":185,"whiteIs":"B","ptsW":0,"res":"mate","plies":50,"balW":0,"secs":5.3,"apertura":"3,-2,1>3,-1,0 -1,3,0>0,2,-1 3,-1,0>2,-1,1 0,2,-1>1,1,-1 4,-2,-1>4,-1,-2 1,3,-3>1,2,-2"}
{"par":186,"whiteIs":"A","ptsW":1,"res":"mate","plies":219,"balW":0,"secs":30.4,"apertura":"1,-2,2>0,-1,3 0,3,-2>1,2,-2 2,-2,2>1,-1,2 -1,3,0>-2,2,1 0,-1,3>-1,-1,3 -1,3,-1>0,2,-1"}
{"par":186,"whiteIs":"B","ptsW":0.5,"res":"fifty","plies":381,"balW":200,"secs":35.4,"apertura":"1,-2,2>0,-1,3 0,3,-2>1,2,-2 2,-2,2>1,-1,2 -1,3,0>-2,2,1 0,-1,3>-1,-1,3 -1,3,-1>0,2,-1"}
{"par":187,"whiteIs":"A","ptsW":0.5,"res":"fifty","plies":258,"balW":-500,"secs":22.7,"apertura":"0,-2,4>-1,-1,4 -2,3,1>-1,2,1 1,-2,3>0,-1,2 -1,2,1>-2,1,2 0,-1,2>0,0,1 1,3,-2>1,2,-1"}
{"par":187,"whiteIs":"B","ptsW":0,"res":"mate","plies":140,"balW":100,"secs":26.8,"apertura":"0,-2,4>-1,-1,4 -2,3,1>-1,2,1 1,-2,3>0,-1,2 -1,2,1>-2,1,2 0,-1,2>0,0,1 1,3,-2>1,2,-1"}
{"par":188,"whiteIs":"A","ptsW":1,"res":"mate","plies":165,"balW":100,"secs":18.8,"apertura":"1,-2,3>0,-1,3 2,3,-3>2,2,-3 0,-2,3>-1,-1,3 1,3,-2>1,2,-2 2,-2,1>2,-1,1 -1,3,-1>0,2,-1"}
{"par":188,"whiteIs":"B","ptsW":1,"res":"mate","plies":401,"balW":0,"secs":33.2,"apertura":"1,-2,3>0,-1,3 2,3,-3>2,2,-3 0,-2,3>-1,-1,3 1,3,-2>1,2,-2 2,-2,1>2,-1,1 -1,3,-1>0,2,-1"}
{"par":189,"whiteIs":"A","ptsW":0.5,"res":"fifty","plies":363,"balW":-400,"secs":35.9,"apertura":"1,-2,2>0,-1,2 -3,3,1>-3,2,2 0,-2,4>-1,-1,3 -3,2,2>-2,2,1 -1,-1,3>-2,0,3 0,3,-1>1,2,-1"}
{"par":189,"whiteIs":"B","ptsW":0.5,"res":"fifty","plies":417,"balW":600,"secs":35.7,"apertura":"1,-2,2>0,-1,2 -3,3,1>-3,2,2 0,-2,4>-1,-1,3 -3,2,2>-2,2,1 -1,-1,3>-2,0,3 0,3,-1>1,2,-1"}
{"par":190,"whiteIs":"A","ptsW":0.5,"res":"fifty","plies":360,"balW":-800,"secs":38.3,"apertura":"3,-2,1>2,-1,1 2,3,-3>1,2,-2 1,-2,2>1,-1,1 -1,3,0>-2,2,1 2,-1,1>1,0,0 -2,2,1>-1,1,2"}
{"par":190,"whiteIs":"B","ptsW":1,"res":"mate","plies":315,"balW":500,"secs":33.4,"apertura":"3,-2,1>2,-1,1 2,3,-3>1,2,-2 1,-2,2>1,-1,1 -1,3,0>-2,2,1 2,-1,1>1,0,0 -2,2,1>-1,1,2"}
{"par":191,"whiteIs":"A","ptsW":0.5,"res":"fifty","plies":490,"balW":-600,"secs":39,"apertura":"3,-2,1>2,-1,0 1,3,-3>1,2,-2 -1,-2,4>-1,-1,3 -2,3,1>-3,2,2 2,-2,1>3,-1,0 2,3,-3>1,3,-3"}
{"par":191,"whiteIs":"B","ptsW":0.5,"res":"fifty","plies":373,"balW":500,"secs":50.5,"apertura":"3,-2,1>2,-1,0 1,3,-3>1,2,-2 -1,-2,4>-1,-1,3 -2,3,1>-3,2,2 2,-2,1>3,-1,0 2,3,-3>1,3,-3"}
{"par":192,"whiteIs":"A","ptsW":1,"res":"mate","plies":263,"balW":-500,"secs":22.4,"apertura":"0,-2,3>0,-1,2 -3,3,2>-3,2,2 3,-2,0>3,-1,-1 -1,3,-1>-1,2,0 2,-2,1>1,-1,2 0,3,-1>1,2,-2"}
{"par":192,"whiteIs":"B","ptsW":0,"res":"mate","plies":388,"balW":200,"secs":47.2,"apertura":"0,-2,3>0,-1,2 -3,3,2>-3,2,2 3,-2,0>3,-1,-1 -1,3,-1>-1,2,0 2,-2,1>1,-1,2 0,3,-1>1,2,-2"}
{"par":193,"whiteIs":"A","ptsW":0,"res":"mate","plies":544,"balW":-700,"secs":60.9,"apertura":"2,-2,1>1,-1,2 -3,3,2>-2,2,2 4,-2,-1>4,-1,-2 0,3,-1>0,2,-1 4,-2,0>3,-1,-1 -1,3,0>0,2,0"}
{"par":193,"whiteIs":"B","ptsW":0.5,"res":"fifty","plies":373,"balW":400,"secs":46.5,"apertura":"2,-2,1>1,-1,2 -3,3,2>-2,2,2 4,-2,-1>4,-1,-2 0,3,-1>0,2,-1 4,-2,0>3,-1,-1 -1,3,0>0,2,0"}
{"par":194,"whiteIs":"A","ptsW":1,"res":"mate","plies":261,"balW":100,"secs":39.9,"apertura":"-1,-2,4>-2,-1,4 -3,3,2>-2,2,2 0,-2,3>0,-1,3 2,3,-3>2,2,-2 4,-2,0>3,-1,0 1,3,-2>1,2,-2"}
{"par":194,"whiteIs":"B","ptsW":0.5,"res":"fifty","plies":316,"balW":600,"secs":22.9,"apertura":"-1,-2,4>-2,-1,4 -3,3,2>-2,2,2 0,-2,3>0,-1,3 2,3,-3>2,2,-2 4,-2,0>3,-1,0 1,3,-2>1,2,-2"}
{"par":195,"whiteIs":"A","ptsW":0.5,"res":"fifty","plies":380,"balW":-400,"secs":38.9,"apertura":"0,-2,3>1,-1,2 -1,3,-1>0,2,0 2,-2,1>2,-1,1 0,2,0>0,2,-1 1,-2,2>0,-1,3 -2,3,1>-2,2,1"}
{"par":195,"whiteIs":"B","ptsW":1,"res":"mate","plies":403,"balW":600,"secs":54.5,"apertura":"0,-2,3>1,-1,2 -1,3,-1>0,2,0 2,-2,1>2,-1,1 0,2,0>0,2,-1 1,-2,2>0,-1,3 -2,3,1>-2,2,1"}
{"par":196,"whiteIs":"A","ptsW":0.5,"res":"fifty","plies":134,"balW":0,"secs":17,"apertura":"1,-2,3>1,-1,2 2,3,-3>1,2,-2 0,-2,3>1,-2,3 -2,3,0>-2,2,1 3,-2,0>2,-1,1 1,3,-2>2,3,-3"}
{"par":196,"whiteIs":"B","ptsW":1,"res":"mate","plies":245,"balW":400,"secs":27.2,"apertura":"1,-2,3>1,-1,2 2,3,-3>1,2,-2 0,-2,3>1,-2,3 -2,3,0>-2,2,1 3,-2,0>2,-1,1 1,3,-2>2,3,-3"}
{"par":197,"whiteIs":"A","ptsW":1,"res":"mate","plies":155,"balW":-200,"secs":20.3,"apertura":"4,-2,0>4,-1,-1 -2,3,1>-2,2,1 3,-2,0>2,-1,1 -2,2,1>-2,2,2 4,-1,-1>3,0,-2 0,3,-2>1,2,-1"}
{"par":197,"whiteIs":"B","ptsW":0.5,"res":"fifty","plies":451,"balW":900,"secs":44.5,"apertura":"4,-2,0>4,-1,-1 -2,3,1>-2,2,1 3,-2,0>2,-1,1 -2,2,1>-2,2,2 4,-1,-1>3,0,-2 0,3,-2>1,2,-1"}
{"par":198,"whiteIs":"A","ptsW":0.5,"res":"fifty","plies":416,"balW":-1100,"secs":31.3,"apertura":"3,-2,0>3,-1,0 -1,3,0>0,2,-1 1,-2,2>0,-1,2 1,3,-3>1,2,-2 4,-2,0>3,-1,-1 2,3,-3>3,2,-3"}
{"par":198,"whiteIs":"B","ptsW":1,"res":"mate","plies":397,"balW":900,"secs":27.5,"apertura":"3,-2,0>3,-1,0 -1,3,0>0,2,-1 1,-2,2>0,-1,2 1,3,-3>1,2,-2 4,-2,0>3,-1,-1 2,3,-3>3,2,-3"}
{"par":199,"whiteIs":"A","ptsW":1,"res":"mate","plies":249,"balW":-300,"secs":25.5,"apertura":"0,-2,3>1,-1,2 -1,3,-1>-1,2,0 1,-3,4>0,-2,3 -1,3,0>0,2,0 0,-2,3>-1,-1,4 -2,3,0>-1,3,0"}
{"par":199,"whiteIs":"B","ptsW":0,"res":"mate","plies":314,"balW":-100,"secs":29.5,"apertura":"0,-2,3>1,-1,2 -1,3,-1>-1,2,0 1,-3,4>0,-2,3 -1,3,0>0,2,0 0,-2,3>-1,-1,4 -2,3,0>-1,3,0"}
{"par":200,"whiteIs":"A","ptsW":1,"res":"mate","plies":131,"balW":-100,"secs":23,"apertura":"2,-2,1>1,-1,2 0,3,-1>0,2,0 4,-2,-1>4,-1,-2 1,3,-2>0,2,-1 3,-2,0>4,-2,-1 -2,3,1>-3,2,2"}
{"par":200,"whiteIs":"B","ptsW":0,"res":"mate","plies":184,"balW":500,"secs":19.9,"apertura":"2,-2,1>1,-1,2 0,3,-1>0,2,0 4,-2,-1>4,-1,-2 1,3,-2>0,2,-1 3,-2,0>4,-2,-1 -2,3,1>-3,2,2"}
