# {"fecha":"2026-08-03T22:53:22.978Z","modalidad":"salas","A":{"nombre":"t25","cfg":{"depth":24,"mobility":true,"order":true,"quiesce":true,"nodes":4500,"temperature":25}},"B":{"nombre":"t45","cfg":{"depth":24,"mobility":true,"order":true,"quiesce":true,"nodes":4500,"temperature":45}},"MAX_PLIES":80,"FIFTY":40,"OPENING_PLIES":6,"SEED":23000,"FIRST":1,"PAIRS":200,"libro":"libro.json"}
{"par":1,"whiteIs":"A","ptsW":null,"res":"tope","plies":80,"balW":535,"secs":7.1,"apertura":"1,-3,3>1,-1,2 -1,3,-1>0,1,0 1,-1,2>-1,0,2 2,3,-3>2,2,-3 1,-2,2>0,0,1 -2,4,0>-3,2,2"}
{"par":1,"whiteIs":"B","ptsW":null,"res":"tope","plies":80,"balW":-1098,"secs":5.9,"apertura":"1,-3,3>1,-1,2 -1,3,-1>0,1,0 1,-1,2>-1,0,2 2,3,-3>2,2,-3 1,-2,2>0,0,1 -2,4,0>-3,2,2"}
{"par":2,"whiteIs":"A","ptsW":null,"res":"tope","plies":80,"balW":371,"secs":10.3,"apertura":"3,-2,0>2,0,-1 -1,3,-1>0,2,0 2,-2,2>1,0,1 -3,3,2>-2,1,3 1,-2,3>0,0,2 -3,3,1>-2,2,2"}
{"par":2,"whiteIs":"B","ptsW":null,"res":"tope","plies":80,"balW":-936,"secs":8.2,"apertura":"3,-2,0>2,0,-1 -1,3,-1>0,2,0 2,-2,2>1,0,1 -3,3,2>-2,1,3 1,-2,3>0,0,2 -3,3,1>-2,2,2"}
{"par":3,"whiteIs":"A","ptsW":null,"res":"tope","plies":80,"balW":48,"secs":9.7,"apertura":"0,-2,3>0,-1,3 -2,3,1>-2,2,1 1,-2,2>1,-1,2 0,4,-3>2,2,-2 2,-3,3>1,-2,2 2,2,-2>1,0,0"}
{"par":3,"whiteIs":"B","ptsW":null,"res":"tope","plies":80,"balW":-742,"secs":13.9,"apertura":"0,-2,3>0,-1,3 -2,3,1>-2,2,1 1,-2,2>1,-1,2 0,4,-3>2,2,-2 2,-3,3>1,-2,2 2,2,-2>1,0,0"}
{"par":4,"whiteIs":"A","ptsW":null,"res":"tope","plies":80,"balW":1624,"secs":9,"apertura":"1,-2,2>0,0,1 -2,3,0>-1,1,1 2,-3,3>1,-2,2 -3,3,1>-2,1,2 1,-2,2>1,-1,2 0,4,-3>2,2,-2"}
{"par":4,"whiteIs":"B","ptsW":null,"res":"tope","plies":80,"balW":-518,"secs":6.5,"apertura":"1,-2,2>0,0,1 -2,3,0>-1,1,1 2,-3,3>1,-2,2 -3,3,1>-2,1,2 1,-2,2>1,-1,2 0,4,-3>2,2,-2"}
{"par":5,"whiteIs":"A","ptsW":null,"res":"tope","plies":80,"balW":642,"secs":8.6,"apertura":"1,-2,3>0,0,2 2,3,-3>2,2,-3 4,-2,-1>3,0,-2 -1,3,0>0,1,1 -1,-2,4>-2,0,3 0,3,-2>1,2,-1"}
{"par":5,"whiteIs":"B","ptsW":null,"res":"tope","plies":80,"balW":833,"secs":7.5,"apertura":"1,-2,3>0,0,2 2,3,-3>2,2,-3 4,-2,-1>3,0,-2 -1,3,0>0,1,1 -1,-2,4>-2,0,3 0,3,-2>1,2,-1"}
{"par":6,"whiteIs":"A","ptsW":null,"res":"tope","plies":80,"balW":876,"secs":7.8,"apertura":"2,-2,1>2,-1,1 1,3,-2>1,2,-2 3,-3,1>1,-1,1 0,4,-2>3,1,-2 1,-1,1>0,-1,2 -1,3,-1>0,2,0"}
{"par":6,"whiteIs":"B","ptsW":null,"res":"tope","plies":80,"balW":-590,"secs":9,"apertura":"2,-2,1>2,-1,1 1,3,-2>1,2,-2 3,-3,1>1,-1,1 0,4,-2>3,1,-2 1,-1,1>0,-1,2 -1,3,-1>0,2,0"}
{"par":7,"whiteIs":"A","ptsW":null,"res":"tope","plies":80,"balW":390,"secs":15.1,"apertura":"3,-2,0>2,0,-1 0,3,-1>0,2,-1 4,-3,1>3,-1,-1 0,3,-2>1,2,-1 1,-3,3>0,-1,3 -2,3,1>-2,2,1"}
{"par":7,"whiteIs":"B","ptsW":null,"res":"tope","plies":80,"balW":-55,"secs":8.3,"apertura":"3,-2,0>2,0,-1 0,3,-1>0,2,-1 4,-3,1>3,-1,-1 0,3,-2>1,2,-1 1,-3,3>0,-1,3 -2,3,1>-2,2,1"}
{"par":8,"whiteIs":"A","ptsW":null,"res":"tope","plies":80,"balW":-135,"secs":9.3,"apertura":"1,-2,2>1,-1,2 1,3,-2>1,2,-2 0,-2,4>-1,-1,3 0,4,-2>4,0,-2 3,-2,1>2,-1,0 2,3,-3>2,2,-3"}
{"par":8,"whiteIs":"B","ptsW":null,"res":"tope","plies":80,"balW":-343,"secs":7.6,"apertura":"1,-2,2>1,-1,2 1,3,-2>1,2,-2 0,-2,4>-1,-1,3 0,4,-2>4,0,-2 3,-2,1>2,-1,0 2,3,-3>2,2,-3"}
{"par":9,"whiteIs":"A","ptsW":1,"res":"mate","plies":69,"balW":618,"secs":10.5,"apertura":"4,-3,1>3,-1,-1 1,3,-3>2,2,-2 0,-2,4>-1,0,3 -2,4,0>-3,2,2 1,-2,3>0,-1,2 -3,2,2>-2,4,0"}
{"par":9,"whiteIs":"B","ptsW":null,"res":"tope","plies":80,"balW":-130,"secs":10.1,"apertura":"4,-3,1>3,-1,-1 1,3,-3>2,2,-2 0,-2,4>-1,0,3 -2,4,0>-3,2,2 1,-2,3>0,-1,2 -3,2,2>-2,4,0"}
{"par":10,"whiteIs":"A","ptsW":null,"res":"tope","plies":80,"balW":-646,"secs":10,"apertura":"1,-3,3>1,-1,2 1,3,-2>2,1,-1 2,-2,1>2,-1,1 -3,3,2>-3,2,2 -1,-2,4>-1,-1,4 0,4,-2>4,0,-2"}
{"par":10,"whiteIs":"B","ptsW":null,"res":"tope","plies":80,"balW":-618,"secs":12.9,"apertura":"1,-3,3>1,-1,2 1,3,-2>2,1,-1 2,-2,1>2,-1,1 -3,3,2>-3,2,2 -1,-2,4>-1,-1,4 0,4,-2>4,0,-2"}
{"par":11,"whiteIs":"A","ptsW":null,"res":"tope","plies":80,"balW":553,"secs":13.1,"apertura":"2,-2,2>1,0,1 -3,3,1>-2,1,2 3,-2,0>2,0,-1 0,3,-2>1,2,-1 2,-2,1>1,0,0 -2,4,0>-3,2,2"}
{"par":11,"whiteIs":"B","ptsW":null,"res":"tope","plies":80,"balW":-983,"secs":7.8,"apertura":"2,-2,2>1,0,1 -3,3,1>-2,1,2 3,-2,0>2,0,-1 0,3,-2>1,2,-1 2,-2,1>1,0,0 -2,4,0>-3,2,2"}
{"par":12,"whiteIs":"A","ptsW":null,"res":"tope","plies":80,"balW":-210,"secs":8.1,"apertura":"1,-2,3>0,0,2 1,3,-2>1,2,-2 4,-3,1>3,-1,-1 -1,3,-1>0,2,0 0,0,2>-1,1,1 -3,3,1>-2,1,2"}
{"par":12,"whiteIs":"B","ptsW":null,"res":"tope","plies":80,"balW":-230,"secs":9.7,"apertura":"1,-2,3>0,0,2 1,3,-2>1,2,-2 4,-3,1>3,-1,-1 -1,3,-1>0,2,0 0,0,2>-1,1,1 -3,3,1>-2,1,2"}
{"par":13,"whiteIs":"A","ptsW":null,"res":"tope","plies":80,"balW":-141,"secs":6,"apertura":"0,-2,3>0,-1,3 -3,3,1>-2,2,2 0,-1,3>-1,0,2 -1,3,0>0,1,1 2,-2,1>1,0,0 -3,3,2>-2,1,3"}
{"par":13,"whiteIs":"B","ptsW":null,"res":"tope","plies":80,"balW":-1381,"secs":7.8,"apertura":"0,-2,3>0,-1,3 -3,3,1>-2,2,2 0,-1,3>-1,0,2 -1,3,0>0,1,1 2,-2,1>1,0,0 -3,3,2>-2,1,3"}
{"par":14,"whiteIs":"A","ptsW":null,"res":"tope","plies":80,"balW":428,"secs":8.3,"apertura":"3,-2,0>2,0,-1 -1,3,-1>0,1,0 4,-2,-1>3,0,-2 -2,4,0>-2,2,1 4,-3,1>4,-2,-1 -1,4,-1>-1,3,-1"}
{"par":14,"whiteIs":"B","ptsW":null,"res":"tope","plies":80,"balW":-983,"secs":9.9,"apertura":"3,-2,0>2,0,-1 -1,3,-1>0,1,0 4,-2,-1>3,0,-2 -2,4,0>-2,2,1 4,-3,1>4,-2,-1 -1,4,-1>-1,3,-1"}
{"par":15,"whiteIs":"A","ptsW":null,"res":"tope","plies":80,"balW":193,"secs":7.2,"apertura":"0,-2,4>-1,0,3 1,3,-2>2,1,-1 1,-3,3>2,-1,1 -2,4,0>0,2,-1 -1,0,3>-2,1,2 0,2,-1>1,0,1"}
{"par":15,"whiteIs":"B","ptsW":null,"res":"tope","plies":80,"balW":-348,"secs":8.5,"apertura":"0,-2,4>-1,0,3 1,3,-2>2,1,-1 1,-3,3>2,-1,1 -2,4,0>0,2,-1 -1,0,3>-2,1,2 0,2,-1>1,0,1"}
{"par":16,"whiteIs":"A","ptsW":1,"res":"mate","plies":5,"balW":100,"secs":0.4,"apertura":"1,-3,3>-1,-1,4 0,4,-3>1,2,-1 1,-2,3>0,-1,2 1,4,-3>0,4,-3 1,-3,4>1,1,0 1,2,-1>3,1,-3"}
{"par":16,"whiteIs":"B","ptsW":null,"res":"tope","plies":80,"balW":-558,"secs":7.8,"apertura":"1,-3,3>-1,-1,4 0,4,-3>1,2,-1 1,-2,3>0,-1,2 1,4,-3>0,4,-3 1,-3,4>1,1,0 1,2,-1>3,1,-3"}
{"par":17,"whiteIs":"A","ptsW":null,"res":"tope","plies":80,"balW":300,"secs":7.8,"apertura":"0,-2,4>-1,-1,3 -1,3,-1>0,2,0 -1,-2,4>-2,0,3 -3,3,1>-2,2,2 4,-2,0>3,0,-1 -2,4,0>-2,2,1"}
{"par":17,"whiteIs":"B","ptsW":null,"res":"tope","plies":80,"balW":-300,"secs":9.2,"apertura":"0,-2,4>-1,-1,3 -1,3,-1>0,2,0 -1,-2,4>-2,0,3 -3,3,1>-2,2,2 4,-2,0>3,0,-1 -2,4,0>-2,2,1"}
{"par":18,"whiteIs":"A","ptsW":null,"res":"tope","plies":80,"balW":1863,"secs":10,"apertura":"3,-2,1>2,0,0 -3,3,2>-2,1,3 4,-2,0>3,-1,-1 -2,3,1>-2,2,1 4,-2,-1>3,0,-2 -1,3,0>0,1,1"}
{"par":18,"whiteIs":"B","ptsW":null,"res":"tope","plies":80,"balW":-883,"secs":7.4,"apertura":"3,-2,1>2,0,0 -3,3,2>-2,1,3 4,-2,0>3,-1,-1 -2,3,1>-2,2,1 4,-2,-1>3,0,-2 -1,3,0>0,1,1"}
{"par":19,"whiteIs":"A","ptsW":null,"res":"tope","plies":80,"balW":-176,"secs":8.2,"apertura":"0,-2,3>0,-1,3 0,4,-3>1,2,-1 1,-3,3>-1,-1,4 1,2,-1>0,0,1 0,-2,4>-1,0,3 0,3,-2>1,2,-1"}
{"par":19,"whiteIs":"B","ptsW":null,"res":"tope","plies":80,"balW":-946,"secs":8.5,"apertura":"0,-2,3>0,-1,3 0,4,-3>1,2,-1 1,-3,3>-1,-1,4 1,2,-1>0,0,1 0,-2,4>-1,0,3 0,3,-2>1,2,-1"}
{"par":20,"whiteIs":"A","ptsW":null,"res":"tope","plies":80,"balW":-328,"secs":8.2,"apertura":"3,-2,0>3,-1,0 -3,3,1>-2,2,2 4,-2,-1>3,0,-2 -3,4,0>-3,0,4 2,-2,1>1,0,0 -2,2,2>-2,1,2"}
{"par":20,"whiteIs":"B","ptsW":null,"res":"tope","plies":80,"balW":-470,"secs":9,"apertura":"3,-2,0>3,-1,0 -3,3,1>-2,2,2 4,-2,-1>3,0,-2 -3,4,0>-3,0,4 2,-2,1>1,0,0 -2,2,2>-2,1,2"}
{"par":21,"whiteIs":"A","ptsW":null,"res":"tope","plies":80,"balW":-541,"secs":7.6,"apertura":"1,-3,3>0,-1,3 -2,4,0>-2,2,1 3,-2,0>2,0,-1 -1,3,-1>0,2,0 0,-1,3>-2,-1,4 -3,3,1>-2,2,2"}
{"par":21,"whiteIs":"B","ptsW":null,"res":"tope","plies":80,"balW":-40,"secs":8.1,"apertura":"1,-3,3>0,-1,3 -2,4,0>-2,2,1 3,-2,0>2,0,-1 -1,3,-1>0,2,0 0,-1,3>-2,-1,4 -3,3,1>-2,2,2"}
{"par":22,"whiteIs":"A","ptsW":null,"res":"tope","plies":80,"balW":35,"secs":9.1,"apertura":"0,-2,4>-1,-1,3 1,3,-2>1,2,-2 3,-2,0>2,0,-1 1,3,-3>2,2,-2 1,-2,2>1,-1,2 0,3,-1>1,1,0"}
{"par":22,"whiteIs":"B","ptsW":null,"res":"tope","plies":80,"balW":-435,"secs":8.6,"apertura":"0,-2,4>-1,-1,3 1,3,-2>1,2,-2 3,-2,0>2,0,-1 1,3,-3>2,2,-2 1,-2,2>1,-1,2 0,3,-1>1,1,0"}
{"par":23,"whiteIs":"A","ptsW":null,"res":"tope","plies":80,"balW":430,"secs":11.3,"apertura":"4,-3,1>3,-1,-1 -2,3,1>-1,1,2 1,-2,2>1,-1,2 0,4,-3>2,2,-2 4,-3,0>4,-3,1 2,3,-3>2,2,-3"}
{"par":23,"whiteIs":"B","ptsW":null,"res":"tope","plies":80,"balW":-242,"secs":8.2,"apertura":"4,-3,1>3,-1,-1 -2,3,1>-1,1,2 1,-2,2>1,-1,2 0,4,-3>2,2,-2 4,-3,0>4,-3,1 2,3,-3>2,2,-3"}
{"par":24,"whiteIs":"A","ptsW":null,"res":"tope","plies":80,"balW":983,"secs":8.1,"apertura":"1,-3,3>-1,-1,4 0,4,-3>2,2,-2 -1,-1,4>0,-1,2 2,2,-2>3,0,-2 4,-3,1>3,-1,-1 3,0,-2>1,2,-1"}
{"par":24,"whiteIs":"B","ptsW":null,"res":"tope","plies":80,"balW":-731,"secs":7.4,"apertura":"1,-3,3>-1,-1,4 0,4,-3>2,2,-2 -1,-1,4>0,-1,2 2,2,-2>3,0,-2 4,-3,1>3,-1,-1 3,0,-2>1,2,-1"}
{"par":25,"whiteIs":"A","ptsW":null,"res":"tope","plies":80,"balW":458,"secs":6.5,"apertura":"-1,-2,4>-1,-1,4 -1,3,-1>0,2,0 1,-2,3>0,0,2 -2,4,-1>-1,3,-1 0,-2,3>-1,0,2 -3,3,1>-2,2,2"}
{"par":25,"whiteIs":"B","ptsW":null,"res":"tope","plies":80,"balW":-223,"secs":7.4,"apertura":"-1,-2,4>-1,-1,4 -1,3,-1>0,2,0 1,-2,3>0,0,2 -2,4,-1>-1,3,-1 0,-2,3>-1,0,2 -3,3,1>-2,2,2"}
{"par":26,"whiteIs":"A","ptsW":null,"res":"tope","plies":80,"balW":160,"secs":6.8,"apertura":"1,-3,3>1,-1,2 -2,4,0>-2,2,1 -1,-2,4>-2,0,3 -1,3,-1>0,2,0 2,-2,2>1,0,1 -2,3,0>-1,1,1"}
{"par":26,"whiteIs":"B","ptsW":null,"res":"tope","plies":80,"balW":-793,"secs":7.6,"apertura":"1,-3,3>1,-1,2 -2,4,0>-2,2,1 -1,-2,4>-2,0,3 -1,3,-1>0,2,0 2,-2,2>1,0,1 -2,3,0>-1,1,1"}
{"par":27,"whiteIs":"A","ptsW":null,"res":"tope","plies":80,"balW":1101,"secs":11.2,"apertura":"1,-2,2>1,-1,2 2,3,-3>2,2,-3 4,-2,0>3,0,-1 -2,3,0>-1,2,1 1,-3,3>-1,-1,4 -3,4,0>0,1,0"}
{"par":27,"whiteIs":"B","ptsW":null,"res":"tope","plies":80,"balW":-1008,"secs":5.3,"apertura":"1,-2,2>1,-1,2 2,3,-3>2,2,-3 4,-2,0>3,0,-1 -2,3,0>-1,2,1 1,-3,3>-1,-1,4 -3,4,0>0,1,0"}
{"par":28,"whiteIs":"A","ptsW":1,"res":"mate","plies":73,"balW":265,"secs":15,"apertura":"1,-3,3>2,-1,1 -2,4,0>0,2,-1 2,-2,2>1,-1,1 0,2,-1>2,0,0 2,-1,1>1,1,-1 -2,3,1>-1,1,2"}
{"par":28,"whiteIs":"B","ptsW":null,"res":"tope","plies":80,"balW":-613,"secs":8.7,"apertura":"1,-3,3>2,-1,1 -2,4,0>0,2,-1 2,-2,2>1,-1,1 0,2,-1>2,0,0 2,-1,1>1,1,-1 -2,3,1>-1,1,2"}
{"par":29,"whiteIs":"A","ptsW":null,"res":"tope","plies":80,"balW":536,"secs":9.1,"apertura":"1,-3,3>1,-1,2 0,3,-2>1,2,-1 1,-1,2>-1,-1,3 -2,3,1>-1,1,2 -1,-1,3>1,-1,2 -2,4,0>-2,2,1"}
{"par":29,"whiteIs":"B","ptsW":null,"res":"tope","plies":80,"balW":-525,"secs":8.4,"apertura":"1,-3,3>1,-1,2 0,3,-2>1,2,-1 1,-1,2>-1,-1,3 -2,3,1>-1,1,2 -1,-1,3>1,-1,2 -2,4,0>-2,2,1"}
{"par":30,"whiteIs":"A","ptsW":null,"res":"tope","plies":80,"balW":248,"secs":5,"apertura":"1,-3,3>-1,-1,4 -3,3,1>-2,1,2 4,-2,-1>3,0,-2 -3,4,1>-3,3,1 0,-2,4>-1,0,3 -2,4,0>-1,2,0"}
{"par":30,"whiteIs":"B","ptsW":null,"res":"tope","plies":80,"balW":365,"secs":10,"apertura":"1,-3,3>-1,-1,4 -3,3,1>-2,1,2 4,-2,-1>3,0,-2 -3,4,1>-3,3,1 0,-2,4>-1,0,3 -2,4,0>-1,2,0"}
{"par":31,"whiteIs":"A","ptsW":null,"res":"tope","plies":80,"balW":848,"secs":7.8,"apertura":"0,-2,4>-1,0,3 2,3,-3>2,2,-3 4,-3,1>2,-1,0 0,3,-1>0,2,-1 2,-1,0>1,1,0 -3,3,2>-2,1,3"}
{"par":31,"whiteIs":"B","ptsW":null,"res":"tope","plies":80,"balW":41,"secs":5.3,"apertura":"0,-2,4>-1,0,3 2,3,-3>2,2,-3 4,-3,1>2,-1,0 0,3,-1>0,2,-1 2,-1,0>1,1,0 -3,3,2>-2,1,3"}
{"par":32,"whiteIs":"A","ptsW":null,"res":"tope","plies":80,"balW":1241,"secs":7.2,"apertura":"1,-2,2>0,0,1 -2,4,0>0,2,-1 -1,-2,4>-1,-1,4 2,3,-3>3,1,-2 1,-3,3>1,-1,2 0,4,-3>1,2,-1"}
{"par":32,"whiteIs":"B","ptsW":null,"res":"tope","plies":80,"balW":-876,"secs":6.4,"apertura":"1,-2,2>0,0,1 -2,4,0>0,2,-1 -1,-2,4>-1,-1,4 2,3,-3>3,1,-2 1,-3,3>1,-1,2 0,4,-3>1,2,-1"}
{"par":33,"whiteIs":"A","ptsW":null,"res":"tope","plies":80,"balW":1716,"secs":7,"apertura":"3,-2,1>2,-1,0 2,3,-3>2,2,-3 0,-2,3>-1,0,2 -2,4,0>-1,2,0 3,-2,0>2,0,-1 -1,2,0>1,1,0"}
{"par":33,"whiteIs":"B","ptsW":null,"res":"tope","plies":80,"balW":-448,"secs":7.5,"apertura":"3,-2,1>2,-1,0 2,3,-3>2,2,-3 0,-2,3>-1,0,2 -2,4,0>-1,2,0 3,-2,0>2,0,-1 -1,2,0>1,1,0"}
{"par":34,"whiteIs":"A","ptsW":0,"res":"mate","plies":80,"balW":225,"secs":6.5,"apertura":"1,-3,3>1,-1,2 1,3,-3>2,2,-2 0,-2,3>-1,0,2 -3,3,1>-2,2,2 3,-2,0>3,-1,0 -3,4,0>-3,0,4"}
{"par":34,"whiteIs":"B","ptsW":null,"res":"tope","plies":80,"balW":-400,"secs":8.4,"apertura":"1,-3,3>1,-1,2 1,3,-3>2,2,-2 0,-2,3>-1,0,2 -3,3,1>-2,2,2 3,-2,0>3,-1,0 -3,4,0>-3,0,4"}
{"par":35,"whiteIs":"A","ptsW":null,"res":"tope","plies":80,"balW":307,"secs":10.1,"apertura":"1,-2,2>1,-1,2 -1,3,0>0,1,1 4,-2,0>3,-1,-1 -2,4,0>0,2,-1 0,-2,3>0,-1,3 0,3,-2>1,1,-1"}
{"par":35,"whiteIs":"B","ptsW":null,"res":"tope","plies":80,"balW":-748,"secs":10.3,"apertura":"1,-2,2>1,-1,2 -1,3,0>0,1,1 4,-2,0>3,-1,-1 -2,4,0>0,2,-1 0,-2,3>0,-1,3 0,3,-2>1,1,-1"}
{"par":36,"whiteIs":"A","ptsW":null,"res":"tope","plies":80,"balW":1313,"secs":6.8,"apertura":"-1,-2,4>-1,-1,4 -1,3,-1>0,1,0 1,-3,3>2,-1,1 -2,4,0>-3,2,2 3,-2,0>3,-1,0 -2,4,-1>-2,4,0"}
{"par":36,"whiteIs":"B","ptsW":null,"res":"tope","plies":80,"balW":235,"secs":7.8,"apertura":"-1,-2,4>-1,-1,4 -1,3,-1>0,1,0 1,-3,3>2,-1,1 -2,4,0>-3,2,2 3,-2,0>3,-1,0 -2,4,-1>-2,4,0"}
{"par":37,"whiteIs":"A","ptsW":null,"res":"tope","plies":80,"balW":365,"secs":9.5,"apertura":"2,-2,1>2,-1,1 -2,3,1>-1,1,2 2,-2,2>1,-1,1 1,3,-3>2,1,-2 4,-2,-1>4,-1,-1 -1,3,-1>0,2,0"}
{"par":37,"whiteIs":"B","ptsW":null,"res":"tope","plies":80,"balW":-100,"secs":14.7,"apertura":"2,-2,1>2,-1,1 -2,3,1>-1,1,2 2,-2,2>1,-1,1 1,3,-3>2,1,-2 4,-2,-1>4,-1,-1 -1,3,-1>0,2,0"}
{"par":38,"whiteIs":"A","ptsW":null,"res":"tope","plies":80,"balW":1676,"secs":6.1,"apertura":"4,-3,1>3,-1,-1 -2,3,0>-1,2,1 -1,-2,4>-1,-1,4 0,3,-2>1,2,-1 3,-1,-1>1,0,1 2,3,-3>3,1,-2"}
{"par":38,"whiteIs":"B","ptsW":null,"res":"tope","plies":80,"balW":-758,"secs":7,"apertura":"4,-3,1>3,-1,-1 -2,3,0>-1,2,1 -1,-2,4>-1,-1,4 0,3,-2>1,2,-1 3,-1,-1>1,0,1 2,3,-3>3,1,-2"}
{"par":39,"whiteIs":"A","ptsW":null,"res":"tope","plies":80,"balW":-273,"secs":7.8,"apertura":"1,-2,3>0,0,2 -3,3,2>-3,2,2 1,-3,4>1,1,0 -2,3,1>-1,1,2 1,1,0>1,0,1 2,3,-3>3,1,-2"}
{"par":39,"whiteIs":"B","ptsW":null,"res":"tope","plies":80,"balW":823,"secs":6.5,"apertura":"1,-2,3>0,0,2 -3,3,2>-3,2,2 1,-3,4>1,1,0 -2,3,1>-1,1,2 1,1,0>1,0,1 2,3,-3>3,1,-2"}
{"par":40,"whiteIs":"A","ptsW":null,"res":"tope","plies":80,"balW":495,"secs":8.2,"apertura":"0,-2,3>0,-1,3 -2,3,1>-2,2,1 4,-2,-1>4,-1,-1 0,3,-1>0,2,-1 4,-3,1>2,-1,0 -1,3,-1>0,1,0"}
{"par":40,"whiteIs":"B","ptsW":null,"res":"tope","plies":80,"balW":516,"secs":9,"apertura":"0,-2,3>0,-1,3 -2,3,1>-2,2,1 4,-2,-1>4,-1,-1 0,3,-1>0,2,-1 4,-3,1>2,-1,0 -1,3,-1>0,1,0"}
{"par":41,"whiteIs":"A","ptsW":null,"res":"tope","plies":80,"balW":365,"secs":6.8,"apertura":"1,-2,2>0,0,1 -2,4,0>-2,2,1 1,-2,3>0,0,2 -1,3,-1>0,1,0 1,-3,4>1,0,1 0,3,-2>1,2,-1"}
{"par":41,"whiteIs":"B","ptsW":null,"res":"tope","plies":80,"balW":-1018,"secs":7.1,"apertura":"1,-2,2>0,0,1 -2,4,0>-2,2,1 1,-2,3>0,0,2 -1,3,-1>0,1,0 1,-3,4>1,0,1 0,3,-2>1,2,-1"}
{"par":42,"whiteIs":"A","ptsW":null,"res":"tope","plies":80,"balW":655,"secs":11.8,"apertura":"0,-2,3>0,-1,3 2,3,-3>3,1,-2 4,-2,-1>4,-1,-1 -3,3,1>-2,1,2 3,-2,0>3,-1,0 -2,4,0>-1,2,0"}
{"par":42,"whiteIs":"B","ptsW":null,"res":"tope","plies":80,"balW":-665,"secs":6.6,"apertura":"0,-2,3>0,-1,3 2,3,-3>3,1,-2 4,-2,-1>4,-1,-1 -3,3,1>-2,1,2 3,-2,0>3,-1,0 -2,4,0>-1,2,0"}
{"par":43,"whiteIs":"A","ptsW":null,"res":"tope","plies":80,"balW":983,"secs":6.6,"apertura":"0,-2,4>-1,-1,3 -2,4,0>-1,2,0 4,-2,-1>4,-1,-1 1,3,-2>1,2,-2 4,-2,0>3,-1,-1 0,3,-1>1,1,0"}
{"par":43,"whiteIs":"B","ptsW":null,"res":"tope","plies":80,"balW":-780,"secs":10.2,"apertura":"0,-2,4>-1,-1,3 -2,4,0>-1,2,0 4,-2,-1>4,-1,-1 1,3,-2>1,2,-2 4,-2,0>3,-1,-1 0,3,-1>1,1,0"}
{"par":44,"whiteIs":"A","ptsW":null,"res":"tope","plies":80,"balW":590,"secs":11.7,"apertura":"2,-2,1>2,-1,1 1,3,-2>2,1,-1 3,-3,1>1,-1,1 -2,3,0>-1,1,1 3,-2,1>2,-1,0 -3,4,0>-1,2,0"}
{"par":44,"whiteIs":"B","ptsW":null,"res":"tope","plies":80,"balW":-253,"secs":11.4,"apertura":"2,-2,1>2,-1,1 1,3,-2>2,1,-1 3,-3,1>1,-1,1 -2,3,0>-1,1,1 3,-2,1>2,-1,0 -3,4,0>-1,2,0"}
{"par":45,"whiteIs":"A","ptsW":null,"res":"tope","plies":80,"balW":70,"secs":8.9,"apertura":"-1,-2,4>-1,-1,4 -1,3,-1>0,2,0 3,-2,0>3,-1,0 -1,3,0>0,1,1 1,-3,3>0,-1,3 0,3,-1>1,1,0"}
{"par":45,"whiteIs":"B","ptsW":null,"res":"tope","plies":80,"balW":-713,"secs":10.5,"apertura":"-1,-2,4>-1,-1,4 -1,3,-1>0,2,0 3,-2,0>3,-1,0 -1,3,0>0,1,1 1,-3,3>0,-1,3 0,3,-1>1,1,0"}
{"par":46,"whiteIs":"A","ptsW":null,"res":"tope","plies":80,"balW":407,"secs":7.7,"apertura":"1,-3,3>2,-1,1 0,3,-2>1,2,-1 2,-1,1>0,0,1 -2,4,0>0,2,-1 3,-2,1>2,-1,0 1,3,-3>2,2,-2"}
{"par":46,"whiteIs":"B","ptsW":null,"res":"tope","plies":80,"balW":-348,"secs":7.3,"apertura":"1,-3,3>2,-1,1 0,3,-2>1,2,-1 2,-1,1>0,0,1 -2,4,0>0,2,-1 3,-2,1>2,-1,0 1,3,-3>2,2,-2"}
{"par":47,"whiteIs":"A","ptsW":null,"res":"tope","plies":80,"balW":600,"secs":7.4,"apertura":"1,-3,3>0,-1,3 -3,3,1>-2,1,2 0,-1,3>1,-3,3 2,3,-3>3,1,-2 1,-2,3>0,0,2 1,3,-3>2,1,-2"}
{"par":47,"whiteIs":"B","ptsW":null,"res":"tope","plies":80,"balW":-535,"secs":6.8,"apertura":"1,-3,3>0,-1,3 -3,3,1>-2,1,2 0,-1,3>1,-3,3 2,3,-3>3,1,-2 1,-2,3>0,0,2 1,3,-3>2,1,-2"}
{"par":48,"whiteIs":"A","ptsW":null,"res":"tope","plies":80,"balW":996,"secs":7.9,"apertura":"4,-3,1>3,-1,-1 -1,3,-1>0,1,0 4,-2,-1>4,-1,-1 -2,3,0>-1,2,1 3,-2,1>2,-1,0 -3,3,1>-2,2,2"}
{"par":48,"whiteIs":"B","ptsW":null,"res":"tope","plies":80,"balW":-846,"secs":5.4,"apertura":"4,-3,1>3,-1,-1 -1,3,-1>0,1,0 4,-2,-1>4,-1,-1 -2,3,0>-1,2,1 3,-2,1>2,-1,0 -3,3,1>-2,2,2"}
{"par":49,"whiteIs":"A","ptsW":null,"res":"tope","plies":80,"balW":900,"secs":6.7,"apertura":"1,-2,2>1,-1,2 2,3,-3>2,2,-3 1,-2,3>0,-1,2 -2,3,0>-1,1,1 0,-2,4>-1,-1,3 -1,1,1>0,0,2"}
{"par":49,"whiteIs":"B","ptsW":null,"res":"tope","plies":80,"balW":223,"secs":8,"apertura":"1,-2,2>1,-1,2 2,3,-3>2,2,-3 1,-2,3>0,-1,2 -2,3,0>-1,1,1 0,-2,4>-1,-1,3 -1,1,1>0,0,2"}
{"par":50,"whiteIs":"A","ptsW":1,"res":"mate","plies":71,"balW":542,"secs":7.4,"apertura":"1,-3,3>1,-1,2 0,4,-3>1,2,-1 2,-2,1>1,0,0 1,2,-1>0,0,1 0,-2,3>-1,0,2 0,3,-2>1,2,-1"}
{"par":50,"whiteIs":"B","ptsW":0,"res":"mate","plies":78,"balW":248,"secs":10.5,"apertura":"1,-3,3>1,-1,2 0,4,-3>1,2,-1 2,-2,1>1,0,0 1,2,-1>0,0,1 0,-2,3>-1,0,2 0,3,-2>1,2,-1"}
{"par":51,"whiteIs":"A","ptsW":null,"res":"tope","plies":80,"balW":818,"secs":11.4,"apertura":"4,-3,1>3,-1,-1 1,3,-2>2,1,-1 1,-3,3>-1,-1,4 -2,4,0>-3,2,2 0,-2,3>0,-1,3 0,4,-2>4,0,-2"}
{"par":51,"whiteIs":"B","ptsW":null,"res":"tope","plies":80,"balW":-1006,"secs":12.4,"apertura":"4,-3,1>3,-1,-1 1,3,-2>2,1,-1 1,-3,3>-1,-1,4 -2,4,0>-3,2,2 0,-2,3>0,-1,3 0,4,-2>4,0,-2"}
{"par":52,"whiteIs":"A","ptsW":null,"res":"tope","plies":80,"balW":358,"secs":7.9,"apertura":"3,-2,1>2,0,0 -2,3,1>-1,1,2 2,-2,2>1,0,1 -1,3,0>-1,2,0 1,-2,2>0,0,1 1,3,-3>2,1,-2"}
{"par":52,"whiteIs":"B","ptsW":null,"res":"tope","plies":80,"balW":-330,"secs":8,"apertura":"3,-2,1>2,0,0 -2,3,1>-1,1,2 2,-2,2>1,0,1 -1,3,0>-1,2,0 1,-2,2>0,0,1 1,3,-3>2,1,-2"}
{"par":53,"whiteIs":"A","ptsW":null,"res":"tope","plies":80,"balW":-283,"secs":7.8,"apertura":"3,-2,0>3,-1,0 1,3,-2>2,1,-1 3,-1,0>2,0,-1 1,3,-3>2,2,-2 1,-3,3>-1,-1,4 2,2,-2>2,1,-2"}
{"par":53,"whiteIs":"B","ptsW":null,"res":"tope","plies":80,"balW":-638,"secs":10,"apertura":"3,-2,0>3,-1,0 1,3,-2>2,1,-1 3,-1,0>2,0,-1 1,3,-3>2,2,-2 1,-3,3>-1,-1,4 2,2,-2>2,1,-2"}
{"par":54,"whiteIs":"A","ptsW":null,"res":"tope","plies":80,"balW":70,"secs":9.6,"apertura":"4,-2,-1>3,0,-2 1,3,-3>2,2,-2 0,-2,3>-1,0,2 -1,3,-1>0,1,0 2,-2,2>1,0,1 -1,3,0>-1,2,0"}
{"par":54,"whiteIs":"B","ptsW":null,"res":"tope","plies":80,"balW":13,"secs":5.6,"apertura":"4,-2,-1>3,0,-2 1,3,-3>2,2,-2 0,-2,3>-1,0,2 -1,3,-1>0,1,0 2,-2,2>1,0,1 -1,3,0>-1,2,0"}
{"par":55,"whiteIs":"A","ptsW":null,"res":"tope","plies":80,"balW":335,"secs":8,"apertura":"3,-2,0>2,0,-1 -1,3,-1>0,2,0 4,-2,-1>3,0,-2 1,3,-2>1,2,-2 -1,-2,4>-2,0,3 -1,3,0>-1,2,0"}
{"par":55,"whiteIs":"B","ptsW":null,"res":"tope","plies":80,"balW":-728,"secs":7,"apertura":"3,-2,0>2,0,-1 -1,3,-1>0,2,0 4,-2,-1>3,0,-2 1,3,-2>1,2,-2 -1,-2,4>-2,0,3 -1,3,0>-1,2,0"}
{"par":56,"whiteIs":"A","ptsW":null,"res":"tope","plies":80,"balW":70,"secs":5.9,"apertura":"1,-2,2>1,-1,2 -3,3,2>-3,2,2 0,-2,4>-1,-1,3 -2,4,0>-1,2,0 3,-2,1>2,0,0 0,3,-2>1,1,-1"}
{"par":56,"whiteIs":"B","ptsW":null,"res":"tope","plies":80,"balW":-964,"secs":7.3,"apertura":"1,-2,2>1,-1,2 -3,3,2>-3,2,2 0,-2,4>-1,-1,3 -2,4,0>-1,2,0 3,-2,1>2,0,0 0,3,-2>1,1,-1"}
{"par":57,"whiteIs":"A","ptsW":null,"res":"tope","plies":80,"balW":441,"secs":7.5,"apertura":"0,-2,3>-1,0,2 -1,3,0>0,1,1 1,-2,3>0,-1,2 2,3,-3>2,2,-3 2,-3,2>1,-2,3 -1,3,-1>0,1,0"}
{"par":57,"whiteIs":"B","ptsW":null,"res":"tope","plies":80,"balW":-283,"secs":6.7,"apertura":"0,-2,3>-1,0,2 -1,3,0>0,1,1 1,-2,3>0,-1,2 2,3,-3>2,2,-3 2,-3,2>1,-2,3 -1,3,-1>0,1,0"}
{"par":58,"whiteIs":"A","ptsW":null,"res":"tope","plies":80,"balW":318,"secs":6.6,"apertura":"3,-2,0>2,0,-1 -3,3,2>-2,1,3 1,-2,2>1,-1,2 1,3,-3>2,2,-2 4,-2,-1>3,0,-2 -2,1,3>-2,0,3"}
{"par":58,"whiteIs":"B","ptsW":null,"res":"tope","plies":80,"balW":-800,"secs":10.1,"apertura":"3,-2,0>2,0,-1 -3,3,2>-2,1,3 1,-2,2>1,-1,2 1,3,-3>2,2,-2 4,-2,-1>3,0,-2 -2,1,3>-2,0,3"}
{"par":59,"whiteIs":"A","ptsW":null,"res":"tope","plies":80,"balW":-535,"secs":9.6,"apertura":"3,-2,0>3,-1,0 2,3,-3>3,1,-2 4,-2,-1>3,0,-2 -3,3,2>-2,1,3 0,-2,3>-1,0,2 -2,3,1>-2,2,1"}
{"par":59,"whiteIs":"B","ptsW":null,"res":"tope","plies":80,"balW":-541,"secs":9.3,"apertura":"3,-2,0>3,-1,0 2,3,-3>3,1,-2 4,-2,-1>3,0,-2 -3,3,2>-2,1,3 0,-2,3>-1,0,2 -2,3,1>-2,2,1"}
{"par":60,"whiteIs":"A","ptsW":null,"res":"tope","plies":80,"balW":448,"secs":7.5,"apertura":"4,-2,0>3,0,-1 -1,3,-1>0,2,0 3,0,-1>2,1,-2 1,3,-3>2,2,-2 1,-2,3>0,-1,2 0,2,0>0,1,0"}
{"par":60,"whiteIs":"B","ptsW":null,"res":"tope","plies":80,"balW":-383,"secs":7.7,"apertura":"4,-2,0>3,0,-1 -1,3,-1>0,2,0 3,0,-1>2,1,-2 1,3,-3>2,2,-2 1,-2,3>0,-1,2 0,2,0>0,1,0"}
{"par":61,"whiteIs":"A","ptsW":null,"res":"tope","plies":80,"balW":618,"secs":9.2,"apertura":"4,-2,-1>3,0,-2 0,3,-2>1,2,-1 3,-2,1>2,-1,0 -1,4,-1>0,3,-2 1,-3,3>0,-1,3 2,3,-3>3,1,-2"}
{"par":61,"whiteIs":"B","ptsW":null,"res":"tope","plies":80,"balW":-270,"secs":7.1,"apertura":"4,-2,-1>3,0,-2 0,3,-2>1,2,-1 3,-2,1>2,-1,0 -1,4,-1>0,3,-2 1,-3,3>0,-1,3 2,3,-3>3,1,-2"}
{"par":62,"whiteIs":"A","ptsW":null,"res":"tope","plies":80,"balW":1799,"secs":8.8,"apertura":"3,-2,1>2,-1,0 0,3,-1>1,1,0 4,-2,-1>4,-1,-1 1,3,-2>2,1,-1 -1,-2,4>-2,0,3 -1,4,-2>0,2,-1"}
{"par":62,"whiteIs":"B","ptsW":null,"res":"tope","plies":80,"balW":-70,"secs":10.1,"apertura":"3,-2,1>2,-1,0 0,3,-1>1,1,0 4,-2,-1>4,-1,-1 1,3,-2>2,1,-1 -1,-2,4>-2,0,3 -1,4,-2>0,2,-1"}
{"par":63,"whiteIs":"A","ptsW":null,"res":"tope","plies":80,"balW":448,"secs":8,"apertura":"4,-3,1>2,-1,0 1,3,-3>2,1,-2 2,-1,0>4,0,-2 1,3,-2>2,1,-1 4,-2,0>3,-1,-1 1,4,-3>1,0,1"}
{"par":63,"whiteIs":"B","ptsW":null,"res":"tope","plies":80,"balW":-72,"secs":4.9,"apertura":"4,-3,1>2,-1,0 1,3,-3>2,1,-2 2,-1,0>4,0,-2 1,3,-2>2,1,-1 4,-2,0>3,-1,-1 1,4,-3>1,0,1"}
{"par":64,"whiteIs":"A","ptsW":null,"res":"tope","plies":80,"balW":1446,"secs":11.6,"apertura":"0,-2,4>-1,0,3 -1,3,-1>0,1,0 1,-3,4>-1,-1,4 -2,4,0>-2,2,1 -1,-1,4>1,-3,4 -1,3,0>0,1,1"}
{"par":64,"whiteIs":"B","ptsW":null,"res":"tope","plies":80,"balW":-358,"secs":10.2,"apertura":"0,-2,4>-1,0,3 -1,3,-1>0,1,0 1,-3,4>-1,-1,4 -2,4,0>-2,2,1 -1,-1,4>1,-3,4 -1,3,0>0,1,1"}
{"par":65,"whiteIs":"A","ptsW":null,"res":"tope","plies":80,"balW":931,"secs":8.7,"apertura":"1,-2,3>0,0,2 2,3,-3>3,1,-2 0,-2,3>-1,0,2 -3,3,1>-2,1,2 2,-2,1>2,-1,1 -1,3,-1>0,1,0"}
{"par":65,"whiteIs":"B","ptsW":null,"res":"tope","plies":80,"balW":165,"secs":7.8,"apertura":"1,-2,3>0,0,2 2,3,-3>3,1,-2 0,-2,3>-1,0,2 -3,3,1>-2,1,2 2,-2,1>2,-1,1 -1,3,-1>0,1,0"}
{"par":66,"whiteIs":"A","ptsW":null,"res":"tope","plies":80,"balW":-93,"secs":10.6,"apertura":"2,-2,2>1,-1,1 0,3,-2>1,2,-1 1,-3,3>0,-1,3 -3,3,2>-3,2,2 3,-2,0>2,0,-1 -1,3,0>0,1,1"}
{"par":66,"whiteIs":"B","ptsW":null,"res":"tope","plies":80,"balW":-748,"secs":7.9,"apertura":"2,-2,2>1,-1,1 0,3,-2>1,2,-1 1,-3,3>0,-1,3 -3,3,2>-3,2,2 3,-2,0>2,0,-1 -1,3,0>0,1,1"}
{"par":67,"whiteIs":"A","ptsW":null,"res":"tope","plies":80,"balW":615,"secs":8.5,"apertura":"1,-3,3>-1,-1,4 0,4,-3>1,2,-1 0,-2,3>-1,0,2 1,2,-1>0,4,-3 -1,-1,4>-3,0,4 0,4,-3>1,2,-1"}
{"par":67,"whiteIs":"B","ptsW":null,"res":"tope","plies":80,"balW":-1096,"secs":6.3,"apertura":"1,-3,3>-1,-1,4 0,4,-3>1,2,-1 0,-2,3>-1,0,2 1,2,-1>0,4,-3 -1,-1,4>-3,0,4 0,4,-3>1,2,-1"}
{"par":68,"whiteIs":"A","ptsW":1,"res":"mate","plies":1,"balW":100,"secs":0.1,"apertura":"1,-3,3>-1,-1,4 0,3,-2>1,1,-1 -1,-1,4>-3,1,3 2,3,-3>2,2,-3 0,-2,4>-1,0,3 0,4,-3>1,2,-1"}
{"par":68,"whiteIs":"B","ptsW":1,"res":"mate","plies":1,"balW":100,"secs":0.1,"apertura":"1,-3,3>-1,-1,4 0,3,-2>1,1,-1 -1,-1,4>-3,1,3 2,3,-3>2,2,-3 0,-2,4>-1,0,3 0,4,-3>1,2,-1"}
{"par":69,"whiteIs":"A","ptsW":null,"res":"tope","plies":80,"balW":200,"secs":7.8,"apertura":"1,-2,3>0,-1,2 -2,4,0>-2,2,1 3,-2,0>2,0,-1 0,4,-3>1,2,-1 3,-3,1>3,1,-3 1,3,-3>2,1,-2"}
{"par":69,"whiteIs":"B","ptsW":null,"res":"tope","plies":80,"balW":-766,"secs":4.8,"apertura":"1,-2,3>0,-1,2 -2,4,0>-2,2,1 3,-2,0>2,0,-1 0,4,-3>1,2,-1 3,-3,1>3,1,-3 1,3,-3>2,1,-2"}
{"par":70,"whiteIs":"A","ptsW":null,"res":"tope","plies":80,"balW":330,"secs":8.3,"apertura":"0,-2,3>0,-1,3 1,3,-3>2,2,-2 1,-2,3>0,-1,2 0,3,-2>1,1,-1 2,-3,2>1,-2,3 -2,4,0>0,2,-1"}
{"par":70,"whiteIs":"B","ptsW":null,"res":"tope","plies":80,"balW":538,"secs":12.9,"apertura":"0,-2,3>0,-1,3 1,3,-3>2,2,-2 1,-2,3>0,-1,2 0,3,-2>1,1,-1 2,-3,2>1,-2,3 -2,4,0>0,2,-1"}
{"par":71,"whiteIs":"A","ptsW":null,"res":"tope","plies":80,"balW":698,"secs":8.8,"apertura":"1,-3,3>2,-1,1 -3,3,2>-3,2,2 1,-2,2>1,-1,2 -3,3,1>-2,1,2 3,-2,1>2,0,0 -2,3,0>-1,2,1"}
{"par":71,"whiteIs":"B","ptsW":null,"res":"tope","plies":80,"balW":-718,"secs":6.7,"apertura":"1,-3,3>2,-1,1 -3,3,2>-3,2,2 1,-2,2>1,-1,2 -3,3,1>-2,1,2 3,-2,1>2,0,0 -2,3,0>-1,2,1"}
{"par":72,"whiteIs":"A","ptsW":null,"res":"tope","plies":80,"balW":305,"secs":7.2,"apertura":"2,-2,1>2,-1,1 -2,3,1>-1,1,2 3,-3,1>0,0,1 1,3,-3>2,2,-2 1,-2,2>1,-1,2 0,3,-2>1,1,-1"}
{"par":72,"whiteIs":"B","ptsW":null,"res":"tope","plies":80,"balW":-748,"secs":5.3,"apertura":"2,-2,1>2,-1,1 -2,3,1>-1,1,2 3,-3,1>0,0,1 1,3,-3>2,2,-2 1,-2,2>1,-1,2 0,3,-2>1,1,-1"}
{"par":73,"whiteIs":"A","ptsW":null,"res":"tope","plies":80,"balW":152,"secs":7.1,"apertura":"1,-3,3>1,-1,2 1,3,-2>1,2,-2 1,-1,2>1,-3,3 0,4,-2>2,2,-2 3,-2,0>2,0,-1 2,2,-2>4,0,-2"}
{"par":73,"whiteIs":"B","ptsW":null,"res":"tope","plies":80,"balW":-923,"secs":6.7,"apertura":"1,-3,3>1,-1,2 1,3,-2>1,2,-2 1,-1,2>1,-3,3 0,4,-2>2,2,-2 3,-2,0>2,0,-1 2,2,-2>4,0,-2"}
{"par":74,"whiteIs":"A","ptsW":null,"res":"tope","plies":80,"balW":623,"secs":12.7,"apertura":"2,-2,2>1,0,1 -2,4,0>-2,2,1 2,-2,1>2,-1,1 -1,3,0>0,1,1 2,-3,3>2,-2,2 1,3,-3>2,2,-2"}
{"par":74,"whiteIs":"B","ptsW":null,"res":"tope","plies":80,"balW":-1506,"secs":6.9,"apertura":"2,-2,2>1,0,1 -2,4,0>-2,2,1 2,-2,1>2,-1,1 -1,3,0>0,1,1 2,-3,3>2,-2,2 1,3,-3>2,2,-2"}
{"par":75,"whiteIs":"A","ptsW":null,"res":"tope","plies":80,"balW":-468,"secs":8.4,"apertura":"-1,-2,4>-1,-1,4 -1,3,0>0,1,1 1,-3,3>1,-1,2 0,3,-1>0,2,-1 1,-1,2>-1,-1,3 0,3,-2>1,2,-1"}
{"par":75,"whiteIs":"B","ptsW":null,"res":"tope","plies":80,"balW":-565,"secs":9.9,"apertura":"-1,-2,4>-1,-1,4 -1,3,0>0,1,1 1,-3,3>1,-1,2 0,3,-1>0,2,-1 1,-1,2>-1,-1,3 0,3,-2>1,2,-1"}
{"par":76,"whiteIs":"A","ptsW":0,"res":"mate","plies":76,"balW":1128,"secs":6.3,"apertura":"2,-2,2>1,0,1 -3,3,1>-2,2,2 0,-2,3>0,-1,3 -2,4,0>-3,2,2 3,-2,0>2,0,-1 -3,2,2>-1,1,2"}
{"par":76,"whiteIs":"B","ptsW":null,"res":"tope","plies":80,"balW":-748,"secs":6,"apertura":"2,-2,2>1,0,1 -3,3,1>-2,2,2 0,-2,3>0,-1,3 -2,4,0>-3,2,2 3,-2,0>2,0,-1 -3,2,2>-1,1,2"}
{"par":77,"whiteIs":"A","ptsW":null,"res":"tope","plies":80,"balW":565,"secs":10.5,"apertura":"2,-2,2>1,0,1 0,4,-3>2,2,-2 3,-2,0>3,-1,0 -1,3,-1>0,1,0 1,-2,3>0,0,2 -3,3,2>-2,1,3"}
{"par":77,"whiteIs":"B","ptsW":null,"res":"tope","plies":80,"balW":-400,"secs":8,"apertura":"2,-2,2>1,0,1 0,4,-3>2,2,-2 3,-2,0>3,-1,0 -1,3,-1>0,1,0 1,-2,3>0,0,2 -3,3,2>-2,1,3"}
{"par":78,"whiteIs":"A","ptsW":null,"res":"tope","plies":80,"balW":418,"secs":9.6,"apertura":"0,-2,3>0,-1,3 0,3,-1>1,1,0 0,-1,3>-1,0,2 -2,3,1>-2,2,1 1,-3,3>1,-1,2 1,3,-3>2,1,-2"}
{"par":78,"whiteIs":"B","ptsW":null,"res":"tope","plies":80,"balW":-483,"secs":8.7,"apertura":"0,-2,3>0,-1,3 0,3,-1>1,1,0 0,-1,3>-1,0,2 -2,3,1>-2,2,1 1,-3,3>1,-1,2 1,3,-3>2,1,-2"}
{"par":79,"whiteIs":"A","ptsW":null,"res":"tope","plies":80,"balW":983,"secs":7.5,"apertura":"1,-2,3>0,0,2 2,3,-3>2,2,-3 1,-3,4>1,-1,2 -1,3,-1>0,2,0 1,-1,2>2,-1,1 -1,4,-1>-1,3,-1"}
{"par":79,"whiteIs":"B","ptsW":null,"res":"tope","plies":80,"balW":-918,"secs":7.6,"apertura":"1,-2,3>0,0,2 2,3,-3>2,2,-3 1,-3,4>1,-1,2 -1,3,-1>0,2,0 1,-1,2>2,-1,1 -1,4,-1>-1,3,-1"}
{"par":80,"whiteIs":"A","ptsW":null,"res":"tope","plies":80,"balW":100,"secs":8.2,"apertura":"1,-3,3>0,-1,3 -3,3,1>-2,2,2 4,-3,1>3,-1,-1 -1,3,0>-1,2,0 3,-1,-1>3,1,-2 1,3,-2>2,1,-1"}
{"par":80,"whiteIs":"B","ptsW":null,"res":"tope","plies":80,"balW":-410,"secs":7.4,"apertura":"1,-3,3>0,-1,3 -3,3,1>-2,2,2 4,-3,1>3,-1,-1 -1,3,0>-1,2,0 3,-1,-1>3,1,-2 1,3,-2>2,1,-1"}
{"par":81,"whiteIs":"A","ptsW":null,"res":"tope","plies":80,"balW":541,"secs":6.7,"apertura":"1,-3,3>0,-1,3 -3,3,1>-2,2,2 0,-1,3>1,-1,1 -2,2,2>-2,1,2 4,-2,0>3,0,-1 -2,3,1>-2,2,1"}
{"par":81,"whiteIs":"B","ptsW":null,"res":"tope","plies":80,"balW":105,"secs":8.6,"apertura":"1,-3,3>0,-1,3 -3,3,1>-2,2,2 0,-1,3>1,-1,1 -2,2,2>-2,1,2 4,-2,0>3,0,-1 -2,3,1>-2,2,1"}
{"par":82,"whiteIs":"A","ptsW":null,"res":"tope","plies":80,"balW":683,"secs":6.8,"apertura":"2,-2,2>1,0,1 -1,3,-1>0,1,0 1,-3,3>-1,-1,4 0,3,-1>1,1,0 0,-2,4>-1,-1,3 0,4,-2>0,3,-1"}
{"par":82,"whiteIs":"B","ptsW":null,"res":"tope","plies":80,"balW":-115,"secs":9.5,"apertura":"2,-2,2>1,0,1 -1,3,-1>0,1,0 1,-3,3>-1,-1,4 0,3,-1>1,1,0 0,-2,4>-1,-1,3 0,4,-2>0,3,-1"}
{"par":83,"whiteIs":"A","ptsW":null,"res":"tope","plies":80,"balW":370,"secs":11.1,"apertura":"4,-2,0>3,0,-1 -3,3,1>-2,1,2 0,-2,3>-1,0,2 -2,1,2>-1,0,3 0,-2,4>-1,-1,3 1,3,-2>2,1,-1"}
{"par":83,"whiteIs":"B","ptsW":null,"res":"tope","plies":80,"balW":-272,"secs":9.7,"apertura":"4,-2,0>3,0,-1 -3,3,1>-2,1,2 0,-2,3>-1,0,2 -2,1,2>-1,0,3 0,-2,4>-1,-1,3 1,3,-2>2,1,-1"}
{"par":84,"whiteIs":"A","ptsW":null,"res":"tope","plies":80,"balW":383,"secs":8.3,"apertura":"2,-2,2>1,-1,1 0,4,-3>2,2,-2 3,-2,0>2,0,-1 0,3,-2>1,2,-1 1,-3,3>0,-1,3 2,2,-2>0,1,0"}
{"par":84,"whiteIs":"B","ptsW":null,"res":"tope","plies":80,"balW":-245,"secs":8.1,"apertura":"2,-2,2>1,-1,1 0,4,-3>2,2,-2 3,-2,0>2,0,-1 0,3,-2>1,2,-1 1,-3,3>0,-1,3 2,2,-2>0,1,0"}
{"par":85,"whiteIs":"A","ptsW":null,"res":"tope","plies":80,"balW":588,"secs":9.8,"apertura":"2,-2,1>2,-1,1 1,3,-2>1,2,-2 1,-3,3>-1,-1,4 -1,3,-1>0,2,0 -1,-1,4>1,-3,3 -3,3,2>-3,2,2"}
{"par":85,"whiteIs":"B","ptsW":null,"res":"tope","plies":80,"balW":888,"secs":9.7,"apertura":"2,-2,1>2,-1,1 1,3,-2>1,2,-2 1,-3,3>-1,-1,4 -1,3,-1>0,2,0 -1,-1,4>1,-3,3 -3,3,2>-3,2,2"}
{"par":86,"whiteIs":"A","ptsW":null,"res":"tope","plies":80,"balW":954,"secs":7.2,"apertura":"4,-2,0>3,0,-1 -1,3,-1>0,1,0 1,-3,3>-1,-1,4 1,3,-3>2,2,-2 3,0,-1>2,1,-2 -3,3,1>-2,2,2"}
{"par":86,"whiteIs":"B","ptsW":null,"res":"tope","plies":80,"balW":-858,"secs":11.6,"apertura":"4,-2,0>3,0,-1 -1,3,-1>0,1,0 1,-3,3>-1,-1,4 1,3,-3>2,2,-2 3,0,-1>2,1,-2 -3,3,1>-2,2,2"}
{"par":87,"whiteIs":"A","ptsW":null,"res":"tope","plies":80,"balW":247,"secs":9.9,"apertura":"3,-2,1>2,0,0 0,3,-1>0,2,-1 0,-2,4>-1,-1,3 2,3,-3>3,1,-2 2,-2,1>2,-1,1 -1,4,-2>0,3,-1"}
{"par":87,"whiteIs":"B","ptsW":null,"res":"tope","plies":80,"balW":-365,"secs":11.1,"apertura":"3,-2,1>2,0,0 0,3,-1>0,2,-1 0,-2,4>-1,-1,3 2,3,-3>3,1,-2 2,-2,1>2,-1,1 -1,4,-2>0,3,-1"}
{"par":88,"whiteIs":"A","ptsW":null,"res":"tope","plies":80,"balW":70,"secs":7.8,"apertura":"0,-2,3>-1,0,2 0,3,-1>1,1,0 2,-2,2>1,-1,1 -2,3,0>-1,2,1 4,-2,-1>3,0,-2 0,4,-2>0,1,1"}
{"par":88,"whiteIs":"B","ptsW":null,"res":"tope","plies":80,"balW":-683,"secs":9.8,"apertura":"0,-2,3>-1,0,2 0,3,-1>1,1,0 2,-2,2>1,-1,1 -2,3,0>-1,2,1 4,-2,-1>3,0,-2 0,4,-2>0,1,1"}
{"par":89,"whiteIs":"A","ptsW":null,"res":"tope","plies":80,"balW":172,"secs":9.8,"apertura":"3,-2,0>2,0,-1 0,3,-1>1,1,0 4,-2,0>3,0,-1 0,4,-3>2,2,-2 0,-2,4>-1,-1,3 1,3,-2>1,2,-2"}
{"par":89,"whiteIs":"B","ptsW":null,"res":"tope","plies":80,"balW":-311,"secs":6.1,"apertura":"3,-2,0>2,0,-1 0,3,-1>1,1,0 4,-2,0>3,0,-1 0,4,-3>2,2,-2 0,-2,4>-1,-1,3 1,3,-2>1,2,-2"}
{"par":90,"whiteIs":"A","ptsW":null,"res":"tope","plies":80,"balW":-90,"secs":6.5,"apertura":"1,-3,3>2,-1,1 -3,3,1>-2,1,2 2,-1,1>0,-1,2 2,3,-3>3,1,-2 4,-2,0>3,-1,-1 -2,1,2>-1,0,3"}
{"par":90,"whiteIs":"B","ptsW":null,"res":"tope","plies":80,"balW":-418,"secs":9.1,"apertura":"1,-3,3>2,-1,1 -3,3,1>-2,1,2 2,-1,1>0,-1,2 2,3,-3>3,1,-2 4,-2,0>3,-1,-1 -2,1,2>-1,0,3"}
{"par":91,"whiteIs":"A","ptsW":null,"res":"tope","plies":80,"balW":588,"secs":7.4,"apertura":"3,-2,1>2,-1,0 -2,3,1>-1,1,2 0,-2,3>-1,0,2 1,3,-2>1,2,-2 -1,-2,4>-2,0,3 -2,4,0>0,2,-1"}
{"par":91,"whiteIs":"B","ptsW":null,"res":"tope","plies":80,"balW":-655,"secs":7.3,"apertura":"3,-2,1>2,-1,0 -2,3,1>-1,1,2 0,-2,3>-1,0,2 1,3,-2>1,2,-2 -1,-2,4>-2,0,3 -2,4,0>0,2,-1"}
{"par":92,"whiteIs":"A","ptsW":null,"res":"tope","plies":80,"balW":735,"secs":9.5,"apertura":"0,-2,3>-1,0,2 -3,3,1>-2,2,2 3,-2,1>2,-1,0 -2,4,0>-3,2,2 1,-2,3>0,0,2 -3,2,2>-1,1,2"}
{"par":92,"whiteIs":"B","ptsW":null,"res":"tope","plies":80,"balW":335,"secs":9,"apertura":"0,-2,3>-1,0,2 -3,3,1>-2,2,2 3,-2,1>2,-1,0 -2,4,0>-3,2,2 1,-2,3>0,0,2 -3,2,2>-1,1,2"}
{"par":93,"whiteIs":"A","ptsW":null,"res":"tope","plies":80,"balW":1296,"secs":8.1,"apertura":"4,-2,0>3,-1,-1 0,4,-3>1,2,-1 3,-1,-1>3,0,-1 2,3,-3>3,1,-2 2,-2,2>1,0,1 -2,3,1>-2,2,1"}
{"par":93,"whiteIs":"B","ptsW":null,"res":"tope","plies":80,"balW":-418,"secs":5.5,"apertura":"4,-2,0>3,-1,-1 0,4,-3>1,2,-1 3,-1,-1>3,0,-1 2,3,-3>3,1,-2 2,-2,2>1,0,1 -2,3,1>-2,2,1"}
{"par":94,"whiteIs":"A","ptsW":null,"res":"tope","plies":80,"balW":720,"secs":5.8,"apertura":"2,-2,1>2,-1,1 -2,3,0>-1,2,1 1,-3,3>0,-1,3 0,4,-3>1,2,-1 3,-2,0>3,-1,0 2,3,-3>3,1,-2"}
{"par":94,"whiteIs":"B","ptsW":null,"res":"tope","plies":80,"balW":-1141,"secs":5.6,"apertura":"2,-2,1>2,-1,1 -2,3,0>-1,2,1 1,-3,3>0,-1,3 0,4,-3>1,2,-1 3,-2,0>3,-1,0 2,3,-3>3,1,-2"}
{"par":95,"whiteIs":"A","ptsW":null,"res":"tope","plies":80,"balW":-511,"secs":10.5,"apertura":"-1,-2,4>-1,-1,4 -2,3,1>-2,2,1 2,-2,1>2,-1,1 -1,3,-1>0,2,0 4,-2,-1>4,-1,-1 -3,3,1>-2,1,2"}
{"par":95,"whiteIs":"B","ptsW":null,"res":"tope","plies":80,"balW":-543,"secs":11.5,"apertura":"-1,-2,4>-1,-1,4 -2,3,1>-2,2,1 2,-2,1>2,-1,1 -1,3,-1>0,2,0 4,-2,-1>4,-1,-1 -3,3,1>-2,1,2"}
{"par":96,"whiteIs":"A","ptsW":null,"res":"tope","plies":80,"balW":-360,"secs":14.5,"apertura":"0,-2,4>-1,-1,3 -2,3,1>-1,1,2 1,-2,3>0,0,2 -2,4,0>0,2,-1 4,-2,-1>4,-1,-1 -2,3,0>-1,1,1"}
{"par":96,"whiteIs":"B","ptsW":null,"res":"tope","plies":80,"balW":-377,"secs":8.6,"apertura":"0,-2,4>-1,-1,3 -2,3,1>-1,1,2 1,-2,3>0,0,2 -2,4,0>0,2,-1 4,-2,-1>4,-1,-1 -2,3,0>-1,1,1"}
{"par":97,"whiteIs":"A","ptsW":null,"res":"tope","plies":80,"balW":160,"secs":7.4,"apertura":"3,-2,0>2,0,-1 -2,3,0>-1,2,1 3,-3,1>3,-2,0 1,3,-2>1,2,-2 1,-3,3>2,-1,1 -3,4,0>-1,2,0"}
{"par":97,"whiteIs":"B","ptsW":null,"res":"tope","plies":80,"balW":-35,"secs":7.7,"apertura":"3,-2,0>2,0,-1 -2,3,0>-1,2,1 3,-3,1>3,-2,0 1,3,-2>1,2,-2 1,-3,3>2,-1,1 -3,4,0>-1,2,0"}
{"par":98,"whiteIs":"A","ptsW":null,"res":"tope","plies":80,"balW":-348,"secs":5.7,"apertura":"1,-3,3>-1,-1,4 -2,3,1>-2,2,1 -1,-1,4>1,-3,3 1,3,-2>2,1,-1 0,-2,3>-1,0,2 -1,3,0>0,1,1"}
{"par":98,"whiteIs":"B","ptsW":null,"res":"tope","plies":80,"balW":-1341,"secs":5.9,"apertura":"1,-3,3>-1,-1,4 -2,3,1>-2,2,1 -1,-1,4>1,-3,3 1,3,-2>2,1,-1 0,-2,3>-1,0,2 -1,3,0>0,1,1"}
{"par":99,"whiteIs":"A","ptsW":null,"res":"tope","plies":80,"balW":811,"secs":6.9,"apertura":"1,-3,3>-1,-1,4 1,3,-2>2,1,-1 -1,-1,4>-1,0,2 2,3,-3>2,2,-3 -1,-2,4>-1,-1,4 -1,3,0>-1,2,0"}
{"par":99,"whiteIs":"B","ptsW":null,"res":"tope","plies":80,"balW":-458,"secs":5.6,"apertura":"1,-3,3>-1,-1,4 1,3,-2>2,1,-1 -1,-1,4>-1,0,2 2,3,-3>2,2,-3 -1,-2,4>-1,-1,4 -1,3,0>-1,2,0"}
{"par":100,"whiteIs":"A","ptsW":null,"res":"tope","plies":80,"balW":152,"secs":16,"apertura":"2,-2,1>1,0,0 0,3,-1>0,2,-1 3,-2,0>3,-1,0 1,3,-2>1,2,-2 1,-2,2>0,0,1 -1,3,-1>0,1,0"}
{"par":100,"whiteIs":"B","ptsW":null,"res":"tope","plies":80,"balW":-548,"secs":6.8,"apertura":"2,-2,1>1,0,0 0,3,-1>0,2,-1 3,-2,0>3,-1,0 1,3,-2>1,2,-2 1,-2,2>0,0,1 -1,3,-1>0,1,0"}
{"par":101,"whiteIs":"A","ptsW":null,"res":"tope","plies":80,"balW":535,"secs":6.6,"apertura":"2,-2,2>1,0,1 -2,3,1>-1,1,2 1,-2,2>1,-1,2 -2,4,0>-2,2,1 -1,-2,4>-2,0,3 0,3,-1>0,2,-1"}
{"par":101,"whiteIs":"B","ptsW":null,"res":"tope","plies":80,"balW":-670,"secs":9.2,"apertura":"2,-2,2>1,0,1 -2,3,1>-1,1,2 1,-2,2>1,-1,2 -2,4,0>-2,2,1 -1,-2,4>-2,0,3 0,3,-1>0,2,-1"}
{"par":102,"whiteIs":"A","ptsW":null,"res":"tope","plies":80,"balW":-358,"secs":10.7,"apertura":"3,-2,1>2,0,0 -3,3,1>-2,2,2 2,-2,1>1,0,0 -1,3,-1>0,2,0 3,-3,1>-1,1,1 -1,3,0>-1,2,0"}
{"par":102,"whiteIs":"B","ptsW":null,"res":"tope","plies":80,"balW":-500,"secs":8,"apertura":"3,-2,1>2,0,0 -3,3,1>-2,2,2 2,-2,1>1,0,0 -1,3,-1>0,2,0 3,-3,1>-1,1,1 -1,3,0>-1,2,0"}
{"par":103,"whiteIs":"A","ptsW":null,"res":"tope","plies":80,"balW":-593,"secs":10,"apertura":"2,-2,1>2,-1,1 0,3,-2>1,1,-1 1,-2,2>0,0,1 1,1,-1>2,0,0 2,-3,3>1,-2,2 -2,3,1>-1,1,2"}
{"par":103,"whiteIs":"B","ptsW":null,"res":"tope","plies":80,"balW":276,"secs":7,"apertura":"2,-2,1>2,-1,1 0,3,-2>1,1,-1 1,-2,2>0,0,1 1,1,-1>2,0,0 2,-3,3>1,-2,2 -2,3,1>-1,1,2"}
{"par":104,"whiteIs":"A","ptsW":null,"res":"tope","plies":80,"balW":595,"secs":5.9,"apertura":"1,-2,2>0,0,1 -3,3,1>-2,2,2 1,-3,3>-1,-1,4 -3,3,2>-3,2,2 -1,-1,4>-3,0,4 -2,4,0>-1,2,0"}
{"par":104,"whiteIs":"B","ptsW":null,"res":"tope","plies":80,"balW":-1146,"secs":6.2,"apertura":"1,-2,2>0,0,1 -3,3,1>-2,2,2 1,-3,3>-1,-1,4 -3,3,2>-3,2,2 -1,-1,4>-3,0,4 -2,4,0>-1,2,0"}
{"par":105,"whiteIs":"A","ptsW":null,"res":"tope","plies":80,"balW":342,"secs":13.1,"apertura":"2,-2,2>1,-1,1 -2,3,0>-1,2,1 0,-2,3>-1,0,2 1,3,-3>2,2,-2 3,-2,1>2,-1,0 -2,4,0>-1,2,0"}
{"par":105,"whiteIs":"B","ptsW":null,"res":"tope","plies":80,"balW":-360,"secs":8.7,"apertura":"2,-2,2>1,-1,1 -2,3,0>-1,2,1 0,-2,3>-1,0,2 1,3,-3>2,2,-2 3,-2,1>2,-1,0 -2,4,0>-1,2,0"}
{"par":106,"whiteIs":"A","ptsW":null,"res":"tope","plies":80,"balW":-137,"secs":12,"apertura":"3,-2,1>2,-1,0 1,3,-2>1,2,-2 2,-3,2>3,-2,1 0,4,-2>1,3,-2 2,-1,0>2,0,0 -2,3,0>-1,1,1"}
{"par":106,"whiteIs":"B","ptsW":null,"res":"tope","plies":80,"balW":-517,"secs":9.3,"apertura":"3,-2,1>2,-1,0 1,3,-2>1,2,-2 2,-3,2>3,-2,1 0,4,-2>1,3,-2 2,-1,0>2,0,0 -2,3,0>-1,1,1"}
{"par":107,"whiteIs":"A","ptsW":null,"res":"tope","plies":80,"balW":382,"secs":6.4,"apertura":"-1,-2,4>-2,0,3 -1,3,-1>0,2,0 -2,0,3>-2,1,3 0,4,-3>1,2,-1 3,-2,0>2,0,-1 0,3,-1>1,1,0"}
{"par":107,"whiteIs":"B","ptsW":null,"res":"tope","plies":80,"balW":-760,"secs":8.4,"apertura":"-1,-2,4>-2,0,3 -1,3,-1>0,2,0 -2,0,3>-2,1,3 0,4,-3>1,2,-1 3,-2,0>2,0,-1 0,3,-1>1,1,0"}
{"par":108,"whiteIs":"A","ptsW":null,"res":"tope","plies":80,"balW":565,"secs":8.5,"apertura":"4,-2,-1>4,-1,-1 -2,4,0>-2,2,1 4,-1,-1>3,0,-2 -2,3,0>-1,1,1 1,-3,3>1,-1,2 -3,3,1>-2,2,2"}
{"par":108,"whiteIs":"B","ptsW":0,"res":"mate","plies":4,"balW":-100,"secs":0.3,"apertura":"4,-2,-1>4,-1,-1 -2,4,0>-2,2,1 4,-1,-1>3,0,-2 -2,3,0>-1,1,1 1,-3,3>1,-1,2 -3,3,1>-2,2,2"}
{"par":109,"whiteIs":"A","ptsW":null,"res":"tope","plies":80,"balW":666,"secs":8.7,"apertura":"2,-2,2>1,-1,1 0,3,-2>1,1,-1 3,-2,1>2,0,0 0,3,-1>1,1,0 -1,-2,4>-1,-1,4 1,3,-3>2,1,-2"}
{"par":109,"whiteIs":"B","ptsW":null,"res":"tope","plies":80,"balW":-611,"secs":8.2,"apertura":"2,-2,2>1,-1,1 0,3,-2>1,1,-1 3,-2,1>2,0,0 0,3,-1>1,1,0 -1,-2,4>-1,-1,4 1,3,-3>2,1,-2"}
{"par":110,"whiteIs":"A","ptsW":null,"res":"tope","plies":80,"balW":-376,"secs":7,"apertura":"3,-2,1>2,-1,0 -2,3,1>-1,1,2 1,-2,2>1,-1,2 -2,4,0>0,2,-1 0,-2,3>-1,0,2 -2,3,0>-1,1,1"}
{"par":110,"whiteIs":"B","ptsW":null,"res":"tope","plies":80,"balW":-460,"secs":9.4,"apertura":"3,-2,1>2,-1,0 -2,3,1>-1,1,2 1,-2,2>1,-1,2 -2,4,0>0,2,-1 0,-2,3>-1,0,2 -2,3,0>-1,1,1"}
{"par":111,"whiteIs":"A","ptsW":null,"res":"tope","plies":80,"balW":488,"secs":7.3,"apertura":"2,-2,2>1,0,1 1,3,-2>1,2,-2 4,-3,1>2,-1,0 -2,3,0>-1,1,1 1,-3,3>0,-1,3 -3,4,0>-1,2,0"}
{"par":111,"whiteIs":"B","ptsW":null,"res":"tope","plies":80,"balW":40,"secs":7.3,"apertura":"2,-2,2>1,0,1 1,3,-2>1,2,-2 4,-3,1>2,-1,0 -2,3,0>-1,1,1 1,-3,3>0,-1,3 -3,4,0>-1,2,0"}
{"par":112,"whiteIs":"A","ptsW":null,"res":"tope","plies":80,"balW":783,"secs":9.6,"apertura":"4,-2,-1>4,-1,-1 -2,3,1>-1,1,2 1,-2,3>0,-1,2 -3,3,1>-2,2,2 4,-2,0>3,-1,-1 -3,4,0>-3,3,1"}
{"par":112,"whiteIs":"B","ptsW":null,"res":"tope","plies":80,"balW":-340,"secs":7.1,"apertura":"4,-2,-1>4,-1,-1 -2,3,1>-1,1,2 1,-2,3>0,-1,2 -3,3,1>-2,2,2 4,-2,0>3,-1,-1 -3,4,0>-3,3,1"}
{"par":113,"whiteIs":"A","ptsW":null,"res":"tope","plies":80,"balW":700,"secs":7.2,"apertura":"4,-3,1>2,-1,0 -1,3,-1>0,2,0 1,-2,2>1,-1,2 1,3,-2>2,1,-1 4,-2,0>3,0,-1 0,4,-2>2,2,-2"}
{"par":113,"whiteIs":"B","ptsW":null,"res":"tope","plies":80,"balW":-713,"secs":6,"apertura":"4,-3,1>2,-1,0 -1,3,-1>0,2,0 1,-2,2>1,-1,2 1,3,-2>2,1,-1 4,-2,0>3,0,-1 0,4,-2>2,2,-2"}
{"par":114,"whiteIs":"A","ptsW":1,"res":"mate","plies":51,"balW":1046,"secs":6.3,"apertura":"-1,-2,4>-2,0,3 -2,4,0>-3,2,2 3,-2,0>2,0,-1 -2,3,0>-1,2,1 0,-2,4>-1,-1,3 -3,4,0>-1,2,0"}
{"par":114,"whiteIs":"B","ptsW":null,"res":"tope","plies":80,"balW":-465,"secs":9.6,"apertura":"-1,-2,4>-2,0,3 -2,4,0>-3,2,2 3,-2,0>2,0,-1 -2,3,0>-1,2,1 0,-2,4>-1,-1,3 -3,4,0>-1,2,0"}
{"par":115,"whiteIs":"A","ptsW":null,"res":"tope","plies":80,"balW":-93,"secs":8.1,"apertura":"1,-2,2>0,0,1 2,3,-3>2,2,-3 2,-2,2>1,0,1 1,3,-2>2,1,-1 4,-3,1>2,-1,0 -1,3,-1>0,2,0"}
{"par":115,"whiteIs":"B","ptsW":null,"res":"tope","plies":80,"balW":-605,"secs":7.9,"apertura":"1,-2,2>0,0,1 2,3,-3>2,2,-3 2,-2,2>1,0,1 1,3,-2>2,1,-1 4,-3,1>2,-1,0 -1,3,-1>0,2,0"}
{"par":116,"whiteIs":"A","ptsW":null,"res":"tope","plies":80,"balW":-100,"secs":11.6,"apertura":"4,-3,1>2,-1,0 0,3,-1>1,1,0 1,-3,3>1,-1,2 -3,3,2>-3,2,2 0,-2,3>-1,0,2 -3,3,1>-2,2,2"}
{"par":116,"whiteIs":"B","ptsW":null,"res":"tope","plies":80,"balW":-765,"secs":9.3,"apertura":"4,-3,1>2,-1,0 0,3,-1>1,1,0 1,-3,3>1,-1,2 -3,3,2>-3,2,2 0,-2,3>-1,0,2 -3,3,1>-2,2,2"}
{"par":117,"whiteIs":"A","ptsW":null,"res":"tope","plies":80,"balW":1207,"secs":8.1,"apertura":"2,-2,2>1,-1,1 -1,3,-1>0,2,0 3,-2,0>2,0,-1 -1,4,-1>-1,3,-1 1,-2,3>0,-1,2 -2,3,1>-2,2,1"}
{"par":117,"whiteIs":"B","ptsW":null,"res":"tope","plies":80,"balW":-100,"secs":11.4,"apertura":"2,-2,2>1,-1,1 -1,3,-1>0,2,0 3,-2,0>2,0,-1 -1,4,-1>-1,3,-1 1,-2,3>0,-1,2 -2,3,1>-2,2,1"}
{"par":118,"whiteIs":"A","ptsW":null,"res":"tope","plies":80,"balW":1251,"secs":6.9,"apertura":"4,-2,0>3,-1,-1 1,3,-3>2,2,-2 1,-3,3>1,-1,2 2,3,-3>2,2,-3 0,-2,4>-1,0,3 -2,4,0>-2,2,1"}
{"par":118,"whiteIs":"B","ptsW":null,"res":"tope","plies":80,"balW":-207,"secs":8.2,"apertura":"4,-2,0>3,-1,-1 1,3,-3>2,2,-2 1,-3,3>1,-1,2 2,3,-3>2,2,-3 0,-2,4>-1,0,3 -2,4,0>-2,2,1"}
{"par":119,"whiteIs":"A","ptsW":null,"res":"tope","plies":80,"balW":671,"secs":6.6,"apertura":"4,-2,0>3,-1,-1 -3,3,2>-2,1,3 0,-2,4>-1,-1,3 -2,3,0>-1,2,1 3,-2,0>3,-1,0 -2,4,0>0,2,-1"}
{"par":119,"whiteIs":"B","ptsW":0,"res":"mate","plies":80,"balW":-548,"secs":6.5,"apertura":"4,-2,0>3,-1,-1 -3,3,2>-2,1,3 0,-2,4>-1,-1,3 -2,3,0>-1,2,1 3,-2,0>3,-1,0 -2,4,0>0,2,-1"}
{"par":120,"whiteIs":"A","ptsW":null,"res":"tope","plies":80,"balW":448,"secs":6.9,"apertura":"2,-2,1>1,0,0 -2,3,0>-1,2,1 1,-2,3>0,0,2 -1,3,0>-1,2,0 2,-2,2>1,-1,1 -2,4,-1>-2,3,0"}
{"par":120,"whiteIs":"B","ptsW":null,"res":"tope","plies":80,"balW":-153,"secs":11.1,"apertura":"2,-2,1>1,0,0 -2,3,0>-1,2,1 1,-2,3>0,0,2 -1,3,0>-1,2,0 2,-2,2>1,-1,1 -2,4,-1>-2,3,0"}
{"par":121,"whiteIs":"A","ptsW":null,"res":"tope","plies":80,"balW":200,"secs":8.2,"apertura":"2,-2,2>1,0,1 -2,4,0>-1,2,0 1,-3,3>1,-1,2 -1,2,0>0,0,2 3,-2,1>2,0,0 0,3,-1>0,2,-1"}
{"par":121,"whiteIs":"B","ptsW":null,"res":"tope","plies":80,"balW":-453,"secs":7.8,"apertura":"2,-2,2>1,0,1 -2,4,0>-1,2,0 1,-3,3>1,-1,2 -1,2,0>0,0,2 3,-2,1>2,0,0 0,3,-1>0,2,-1"}
{"par":122,"whiteIs":"A","ptsW":null,"res":"tope","plies":80,"balW":635,"secs":7.3,"apertura":"0,-2,4>-1,0,3 -3,3,1>-2,2,2 1,-3,3>0,-1,3 -3,3,2>-2,1,3 3,-2,1>2,0,0 -2,2,2>-2,1,2"}
{"par":122,"whiteIs":"B","ptsW":null,"res":"tope","plies":80,"balW":-265,"secs":7.3,"apertura":"0,-2,4>-1,0,3 -3,3,1>-2,2,2 1,-3,3>0,-1,3 -3,3,2>-2,1,3 3,-2,1>2,0,0 -2,2,2>-2,1,2"}
{"par":123,"whiteIs":"A","ptsW":null,"res":"tope","plies":80,"balW":488,"secs":8.7,"apertura":"1,-3,3>0,-1,3 1,3,-2>2,1,-1 2,-2,2>1,0,1 -1,3,0>-1,2,0 3,-2,1>2,-1,0 -1,3,-1>0,2,0"}
{"par":123,"whiteIs":"B","ptsW":null,"res":"tope","plies":80,"balW":-665,"secs":8.4,"apertura":"1,-3,3>0,-1,3 1,3,-2>2,1,-1 2,-2,2>1,0,1 -1,3,0>-1,2,0 3,-2,1>2,-1,0 -1,3,-1>0,2,0"}
{"par":124,"whiteIs":"A","ptsW":null,"res":"tope","plies":80,"balW":77,"secs":9.3,"apertura":"1,-3,3>1,-1,2 1,3,-3>2,1,-2 1,-1,2>-1,-1,3 0,3,-1>1,1,0 0,-2,3>0,-1,3 -2,4,0>-3,2,2"}
{"par":124,"whiteIs":"B","ptsW":null,"res":"tope","plies":80,"balW":-118,"secs":10.2,"apertura":"1,-3,3>1,-1,2 1,3,-3>2,1,-2 1,-1,2>-1,-1,3 0,3,-1>1,1,0 0,-2,3>0,-1,3 -2,4,0>-3,2,2"}
{"par":125,"whiteIs":"A","ptsW":null,"res":"tope","plies":80,"balW":1504,"secs":7.1,"apertura":"2,-2,1>2,-1,1 2,3,-3>3,1,-2 3,-2,0>3,-1,0 -2,3,0>-1,2,1 4,-2,-1>4,-1,-1 -2,4,0>-1,2,0"}
{"par":125,"whiteIs":"B","ptsW":null,"res":"tope","plies":80,"balW":-2124,"secs":7.8,"apertura":"2,-2,1>2,-1,1 2,3,-3>3,1,-2 3,-2,0>3,-1,0 -2,3,0>-1,2,1 4,-2,-1>4,-1,-1 -2,4,0>-1,2,0"}
{"par":126,"whiteIs":"A","ptsW":null,"res":"tope","plies":80,"balW":395,"secs":5.9,"apertura":"4,-3,1>3,-1,-1 -3,3,1>-2,1,2 3,-1,-1>4,1,-3 -3,4,0>-3,1,3 1,-2,2>1,-1,2 -3,1,3>-3,0,4"}
{"par":126,"whiteIs":"B","ptsW":null,"res":"tope","plies":80,"balW":-1233,"secs":8.8,"apertura":"4,-3,1>3,-1,-1 -3,3,1>-2,1,2 3,-1,-1>4,1,-3 -3,4,0>-3,1,3 1,-2,2>1,-1,2 -3,1,3>-3,0,4"}
{"par":127,"whiteIs":"A","ptsW":1,"res":"mate","plies":71,"balW":1018,"secs":5.6,"apertura":"4,-2,-1>3,0,-2 -1,3,0>0,1,1 3,-2,1>2,0,0 1,3,-2>1,2,-2 4,-3,1>4,-2,-1 0,4,-2>4,0,-2"}
{"par":127,"whiteIs":"B","ptsW":null,"res":"tope","plies":80,"balW":-323,"secs":10.9,"apertura":"4,-2,-1>3,0,-2 -1,3,0>0,1,1 3,-2,1>2,0,0 1,3,-2>1,2,-2 4,-3,1>4,-2,-1 0,4,-2>4,0,-2"}
{"par":128,"whiteIs":"A","ptsW":null,"res":"tope","plies":80,"balW":698,"secs":7.4,"apertura":"1,-2,3>0,-1,2 -3,3,1>-2,2,2 -1,-2,4>-1,-1,4 -3,3,2>-2,1,3 2,-3,2>1,-2,3 -3,4,0>-3,1,3"}
{"par":128,"whiteIs":"B","ptsW":null,"res":"tope","plies":80,"balW":-1522,"secs":6.2,"apertura":"1,-2,3>0,-1,2 -3,3,1>-2,2,2 -1,-2,4>-1,-1,4 -3,3,2>-2,1,3 2,-3,2>1,-2,3 -3,4,0>-3,1,3"}
{"par":129,"whiteIs":"A","ptsW":null,"res":"tope","plies":80,"balW":200,"secs":8.9,"apertura":"1,-3,3>1,-1,2 -1,3,0>-1,2,0 1,-2,3>0,0,2 -1,2,0>0,1,1 3,-2,1>2,-1,0 0,1,1>0,0,1"}
{"par":129,"whiteIs":"B","ptsW":null,"res":"tope","plies":80,"balW":-393,"secs":7.6,"apertura":"1,-3,3>1,-1,2 -1,3,0>-1,2,0 1,-2,3>0,0,2 -1,2,0>0,1,1 3,-2,1>2,-1,0 0,1,1>0,0,1"}
{"par":130,"whiteIs":"A","ptsW":null,"res":"tope","plies":80,"balW":513,"secs":7.6,"apertura":"0,-2,3>0,-1,3 -1,3,-1>0,2,0 4,-3,1>3,-1,-1 -1,4,-1>-1,3,-1 1,-2,2>0,0,1 0,2,0>0,1,0"}
{"par":130,"whiteIs":"B","ptsW":null,"res":"tope","plies":80,"balW":-200,"secs":8.6,"apertura":"0,-2,3>0,-1,3 -1,3,-1>0,2,0 4,-3,1>3,-1,-1 -1,4,-1>-1,3,-1 1,-2,2>0,0,1 0,2,0>0,1,0"}
{"par":131,"whiteIs":"A","ptsW":null,"res":"tope","plies":80,"balW":523,"secs":6.6,"apertura":"1,-3,3>2,-1,1 0,3,-2>1,2,-1 -1,-2,4>-1,-1,4 -3,3,2>-2,1,3 2,-3,3>1,-3,3 1,3,-3>2,1,-2"}
{"par":131,"whiteIs":"B","ptsW":null,"res":"tope","plies":80,"balW":-883,"secs":5.5,"apertura":"1,-3,3>2,-1,1 0,3,-2>1,2,-1 -1,-2,4>-1,-1,4 -3,3,2>-2,1,3 2,-3,3>1,-3,3 1,3,-3>2,1,-2"}
{"par":132,"whiteIs":"A","ptsW":null,"res":"tope","plies":80,"balW":-853,"secs":5.8,"apertura":"2,-2,2>1,0,1 -1,3,0>0,1,1 0,-2,3>0,-1,3 0,3,-1>0,2,-1 0,-1,3>-1,0,2 0,1,1>0,0,1"}
{"par":132,"whiteIs":"B","ptsW":null,"res":"tope","plies":80,"balW":-923,"secs":6.4,"apertura":"2,-2,2>1,0,1 -1,3,0>0,1,1 0,-2,3>0,-1,3 0,3,-1>0,2,-1 0,-1,3>-1,0,2 0,1,1>0,0,1"}
{"par":133,"whiteIs":"A","ptsW":null,"res":"tope","plies":80,"balW":853,"secs":7,"apertura":"3,-2,1>2,0,0 0,3,-1>0,2,-1 0,-2,3>0,-1,3 0,4,-2>0,2,0 2,0,0>1,1,-1 -1,4,-2>0,3,-1"}
{"par":133,"whiteIs":"B","ptsW":null,"res":"tope","plies":80,"balW":-1101,"secs":7.2,"apertura":"3,-2,1>2,0,0 0,3,-1>0,2,-1 0,-2,3>0,-1,3 0,4,-2>0,2,0 2,0,0>1,1,-1 -1,4,-2>0,3,-1"}
{"par":134,"whiteIs":"A","ptsW":null,"res":"tope","plies":80,"balW":140,"secs":6.6,"apertura":"4,-2,0>3,0,-1 0,3,-2>1,1,-1 1,-2,3>0,0,2 -2,4,0>0,2,-1 1,-3,4>1,0,1 2,3,-3>2,2,-3"}
{"par":134,"whiteIs":"B","ptsW":null,"res":"tope","plies":80,"balW":130,"secs":7.9,"apertura":"4,-2,0>3,0,-1 0,3,-2>1,1,-1 1,-2,3>0,0,2 -2,4,0>0,2,-1 1,-3,4>1,0,1 2,3,-3>2,2,-3"}
{"par":135,"whiteIs":"A","ptsW":null,"res":"tope","plies":80,"balW":1018,"secs":5.1,"apertura":"-1,-2,4>-1,-1,4 1,3,-3>2,2,-2 4,-2,0>3,-1,-1 0,3,-1>0,2,-1 4,-2,-1>3,0,-2 -3,3,2>-3,2,2"}
{"par":135,"whiteIs":"B","ptsW":null,"res":"tope","plies":80,"balW":-673,"secs":14.3,"apertura":"-1,-2,4>-1,-1,4 1,3,-3>2,2,-2 4,-2,0>3,-1,-1 0,3,-1>0,2,-1 4,-2,-1>3,0,-2 -3,3,2>-3,2,2"}
{"par":136,"whiteIs":"A","ptsW":null,"res":"tope","plies":80,"balW":335,"secs":6.3,"apertura":"2,-2,1>2,-1,1 0,3,-2>1,2,-1 3,-3,1>0,0,1 -3,3,1>-2,2,2 0,0,1>-3,0,4 0,3,-1>1,1,0"}
{"par":136,"whiteIs":"B","ptsW":null,"res":"tope","plies":80,"balW":-472,"secs":7.4,"apertura":"2,-2,1>2,-1,1 0,3,-2>1,2,-1 3,-3,1>0,0,1 -3,3,1>-2,2,2 0,0,1>-3,0,4 0,3,-1>1,1,0"}
{"par":137,"whiteIs":"A","ptsW":null,"res":"tope","plies":80,"balW":683,"secs":9.6,"apertura":"4,-3,1>3,-1,-1 1,3,-3>2,1,-2 -1,-2,4>-1,-1,4 -1,3,-1>0,1,0 3,-1,-1>4,1,-3 1,4,-3>1,3,-3"}
{"par":137,"whiteIs":"B","ptsW":null,"res":"tope","plies":80,"balW":-123,"secs":12.5,"apertura":"4,-3,1>3,-1,-1 1,3,-3>2,1,-2 -1,-2,4>-1,-1,4 -1,3,-1>0,1,0 3,-1,-1>4,1,-3 1,4,-3>1,3,-3"}
{"par":138,"whiteIs":"A","ptsW":null,"res":"tope","plies":80,"balW":-358,"secs":7.3,"apertura":"4,-2,-1>3,0,-2 0,3,-2>1,1,-1 0,-2,3>0,-1,3 -1,4,-1>0,3,-2 3,-2,0>2,0,-1 -2,4,-1>-1,4,-1"}
{"par":138,"whiteIs":"B","ptsW":null,"res":"tope","plies":80,"balW":-318,"secs":6.9,"apertura":"4,-2,-1>3,0,-2 0,3,-2>1,1,-1 0,-2,3>0,-1,3 -1,4,-1>0,3,-2 3,-2,0>2,0,-1 -2,4,-1>-1,4,-1"}
{"par":139,"whiteIs":"A","ptsW":null,"res":"tope","plies":80,"balW":341,"secs":7.5,"apertura":"4,-2,-1>3,0,-2 -2,3,1>-1,1,2 1,-3,3>-1,-1,4 -1,3,-1>0,1,0 1,-2,2>1,-1,2 -3,3,1>-2,2,2"}
{"par":139,"whiteIs":"B","ptsW":null,"res":"tope","plies":80,"balW":-783,"secs":10.6,"apertura":"4,-2,-1>3,0,-2 -2,3,1>-1,1,2 1,-3,3>-1,-1,4 -1,3,-1>0,1,0 1,-2,2>1,-1,2 -3,3,1>-2,2,2"}
{"par":140,"whiteIs":"A","ptsW":null,"res":"tope","plies":80,"balW":295,"secs":6,"apertura":"4,-2,-1>3,0,-2 0,3,-1>0,2,-1 0,-2,4>-1,-1,3 -1,3,0>0,1,1 4,-3,1>2,-1,0 1,3,-2>1,2,-2"}
{"par":140,"whiteIs":"B","ptsW":null,"res":"tope","plies":80,"balW":-159,"secs":7.1,"apertura":"4,-2,-1>3,0,-2 0,3,-1>0,2,-1 0,-2,4>-1,-1,3 -1,3,0>0,1,1 4,-3,1>2,-1,0 1,3,-2>1,2,-2"}
{"par":141,"whiteIs":"A","ptsW":null,"res":"tope","plies":80,"balW":100,"secs":9.9,"apertura":"0,-2,4>-1,0,3 -1,3,-1>0,1,0 1,-3,3>2,-1,1 2,3,-3>2,2,-3 4,-2,0>3,-1,-1 0,3,-2>1,1,-1"}
{"par":141,"whiteIs":"B","ptsW":null,"res":"tope","plies":80,"balW":-282,"secs":5.5,"apertura":"0,-2,4>-1,0,3 -1,3,-1>0,1,0 1,-3,3>2,-1,1 2,3,-3>2,2,-3 4,-2,0>3,-1,-1 0,3,-2>1,1,-1"}
{"par":142,"whiteIs":"A","ptsW":null,"res":"tope","plies":80,"balW":413,"secs":6.2,"apertura":"1,-2,2>0,0,1 -2,4,0>-1,2,0 3,-2,0>2,0,-1 0,4,-3>2,2,-2 0,-2,4>-1,-1,3 -1,2,0>-1,1,2"}
{"par":142,"whiteIs":"B","ptsW":null,"res":"tope","plies":80,"balW":-192,"secs":4.8,"apertura":"1,-2,2>0,0,1 -2,4,0>-1,2,0 3,-2,0>2,0,-1 0,4,-3>2,2,-2 0,-2,4>-1,-1,3 -1,2,0>-1,1,2"}
{"par":143,"whiteIs":"A","ptsW":null,"res":"tope","plies":80,"balW":706,"secs":8,"apertura":"0,-2,3>0,-1,3 1,3,-3>2,1,-2 1,-3,3>2,-1,1 0,3,-1>1,1,0 2,-1,1>0,0,1 -1,4,-2>0,2,-1"}
{"par":143,"whiteIs":"B","ptsW":null,"res":"tope","plies":80,"balW":-948,"secs":8.1,"apertura":"0,-2,3>0,-1,3 1,3,-3>2,1,-2 1,-3,3>2,-1,1 0,3,-1>1,1,0 2,-1,1>0,0,1 -1,4,-2>0,2,-1"}
{"par":144,"whiteIs":"A","ptsW":null,"res":"tope","plies":80,"balW":1141,"secs":7.7,"apertura":"1,-2,3>0,0,2 -2,3,0>-1,2,1 -1,-2,4>-1,-1,4 -1,3,-1>0,2,0 1,-3,3>1,-1,2 1,3,-2>2,1,-1"}
{"par":144,"whiteIs":"B","ptsW":null,"res":"tope","plies":80,"balW":-100,"secs":10.4,"apertura":"1,-2,3>0,0,2 -2,3,0>-1,2,1 -1,-2,4>-1,-1,4 -1,3,-1>0,2,0 1,-3,3>1,-1,2 1,3,-2>2,1,-1"}
{"par":145,"whiteIs":"A","ptsW":null,"res":"tope","plies":80,"balW":1076,"secs":8.2,"apertura":"1,-3,3>0,-1,3 2,3,-3>3,1,-2 4,-2,-1>4,-1,-1 -1,3,-1>0,2,0 0,-2,4>-1,-1,3 -3,3,2>-2,1,3"}
{"par":145,"whiteIs":"B","ptsW":null,"res":"tope","plies":80,"balW":-907,"secs":4.9,"apertura":"1,-3,3>0,-1,3 2,3,-3>3,1,-2 4,-2,-1>4,-1,-1 -1,3,-1>0,2,0 0,-2,4>-1,-1,3 -3,3,2>-2,1,3"}
{"par":146,"whiteIs":"A","ptsW":null,"res":"tope","plies":80,"balW":170,"secs":10.5,"apertura":"1,-3,3>1,-1,2 -2,3,1>-1,1,2 3,-2,0>3,-1,0 1,3,-3>2,2,-2 0,-2,3>-1,0,2 0,3,-1>1,1,0"}
{"par":146,"whiteIs":"B","ptsW":null,"res":"tope","plies":80,"balW":41,"secs":9.4,"apertura":"1,-3,3>1,-1,2 -2,3,1>-1,1,2 3,-2,0>3,-1,0 1,3,-3>2,2,-2 0,-2,3>-1,0,2 0,3,-1>1,1,0"}
{"par":147,"whiteIs":"A","ptsW":null,"res":"tope","plies":80,"balW":1382,"secs":6.8,"apertura":"2,-2,2>1,0,1 -2,3,1>-2,2,1 -1,-2,4>-2,0,3 -3,3,1>-2,1,2 3,-2,0>3,-1,0 -3,4,1>-2,3,1"}
{"par":147,"whiteIs":"B","ptsW":null,"res":"tope","plies":80,"balW":-41,"secs":11.2,"apertura":"2,-2,2>1,0,1 -2,3,1>-2,2,1 -1,-2,4>-2,0,3 -3,3,1>-2,1,2 3,-2,0>3,-1,0 -3,4,1>-2,3,1"}
{"par":148,"whiteIs":"A","ptsW":null,"res":"tope","plies":80,"balW":-310,"secs":7.7,"apertura":"2,-2,1>1,0,0 -3,3,2>-3,2,2 1,-2,3>0,0,2 2,3,-3>3,1,-2 1,-3,4>1,1,0 0,4,-3>2,2,-2"}
{"par":148,"whiteIs":"B","ptsW":null,"res":"tope","plies":80,"balW":-758,"secs":5.7,"apertura":"2,-2,1>1,0,0 -3,3,2>-3,2,2 1,-2,3>0,0,2 2,3,-3>3,1,-2 1,-3,4>1,1,0 0,4,-3>2,2,-2"}
{"par":149,"whiteIs":"A","ptsW":null,"res":"tope","plies":80,"balW":70,"secs":8.6,"apertura":"2,-2,2>1,-1,1 1,3,-3>2,1,-2 0,-2,3>0,-1,3 0,3,-1>0,2,-1 1,-1,1>1,0,1 -1,3,-1>0,2,0"}
{"par":149,"whiteIs":"B","ptsW":null,"res":"tope","plies":80,"balW":-500,"secs":5.7,"apertura":"2,-2,2>1,-1,1 1,3,-3>2,1,-2 0,-2,3>0,-1,3 0,3,-1>0,2,-1 1,-1,1>1,0,1 -1,3,-1>0,2,0"}
{"par":150,"whiteIs":"A","ptsW":null,"res":"tope","plies":80,"balW":-483,"secs":8.4,"apertura":"0,-2,3>-1,0,2 1,3,-2>2,1,-1 1,-3,3>-1,-1,4 -2,4,0>-3,2,2 3,-2,0>2,0,-1 0,4,-3>1,2,-1"}
{"par":150,"whiteIs":"B","ptsW":null,"res":"tope","plies":80,"balW":-858,"secs":14,"apertura":"0,-2,3>-1,0,2 1,3,-2>2,1,-1 1,-3,3>-1,-1,4 -2,4,0>-3,2,2 3,-2,0>2,0,-1 0,4,-3>1,2,-1"}
{"par":151,"whiteIs":"A","ptsW":null,"res":"tope","plies":80,"balW":893,"secs":7,"apertura":"3,-2,1>2,0,0 -2,4,0>-3,2,2 2,0,0>1,1,-1 -2,3,0>-1,2,1 1,-2,2>0,0,1 -1,2,1>-1,1,1"}
{"par":151,"whiteIs":"B","ptsW":null,"res":"tope","plies":80,"balW":-270,"secs":6,"apertura":"3,-2,1>2,0,0 -2,4,0>-3,2,2 2,0,0>1,1,-1 -2,3,0>-1,2,1 1,-2,2>0,0,1 -1,2,1>-1,1,1"}
{"par":152,"whiteIs":"A","ptsW":null,"res":"tope","plies":80,"balW":463,"secs":7.1,"apertura":"2,-2,2>1,-1,1 -2,4,0>-1,2,0 4,-2,0>3,-1,-1 -3,3,1>-2,2,2 2,-3,2>2,-2,2 1,3,-3>2,2,-2"}
{"par":152,"whiteIs":"B","ptsW":0,"res":"mate","plies":6,"balW":0,"secs":0.3,"apertura":"2,-2,2>1,-1,1 -2,4,0>-1,2,0 4,-2,0>3,-1,-1 -3,3,1>-2,2,2 2,-3,2>2,-2,2 1,3,-3>2,2,-2"}
{"par":153,"whiteIs":"A","ptsW":null,"res":"tope","plies":80,"balW":423,"secs":8.4,"apertura":"-1,-2,4>-2,0,3 -3,3,2>-2,1,3 1,-3,3>2,-1,1 -1,3,0>0,1,1 1,-2,2>1,-1,2 1,3,-2>1,2,-2"}
{"par":153,"whiteIs":"B","ptsW":null,"res":"tope","plies":80,"balW":-353,"secs":6,"apertura":"-1,-2,4>-2,0,3 -3,3,2>-2,1,3 1,-3,3>2,-1,1 -1,3,0>0,1,1 1,-2,2>1,-1,2 1,3,-2>1,2,-2"}
{"par":154,"whiteIs":"A","ptsW":null,"res":"tope","plies":80,"balW":1018,"secs":6.2,"apertura":"1,-3,3>0,-1,3 -2,4,0>-3,2,2 4,-2,0>3,-1,-1 0,3,-2>1,2,-1 -1,-2,4>-2,0,3 -1,3,0>-1,2,0"}
{"par":154,"whiteIs":"B","ptsW":null,"res":"tope","plies":80,"balW":-1109,"secs":6.3,"apertura":"1,-3,3>0,-1,3 -2,4,0>-3,2,2 4,-2,0>3,-1,-1 0,3,-2>1,2,-1 -1,-2,4>-2,0,3 -1,3,0>-1,2,0"}
{"par":155,"whiteIs":"A","ptsW":null,"res":"tope","plies":80,"balW":-781,"secs":5.9,"apertura":"0,-2,4>-1,0,3 0,3,-1>1,1,0 3,-2,0>2,0,-1 -1,3,-1>0,1,0 3,-3,1>3,0,-2 1,3,-3>2,1,-2"}
{"par":155,"whiteIs":"B","ptsW":0,"res":"mate","plies":54,"balW":-1081,"secs":5.8,"apertura":"0,-2,4>-1,0,3 0,3,-1>1,1,0 3,-2,0>2,0,-1 -1,3,-1>0,1,0 3,-3,1>3,0,-2 1,3,-3>2,1,-2"}
{"par":156,"whiteIs":"A","ptsW":0,"res":"mate","plies":56,"balW":193,"secs":4.8,"apertura":"1,-3,3>2,-1,1 -1,3,-1>0,2,0 4,-3,1>2,-1,0 0,2,0>0,1,0 2,-3,3>1,-3,3 -2,3,1>-1,1,2"}
{"par":156,"whiteIs":"B","ptsW":null,"res":"tope","plies":80,"balW":-583,"secs":7.8,"apertura":"1,-3,3>2,-1,1 -1,3,-1>0,2,0 4,-3,1>2,-1,0 0,2,0>0,1,0 2,-3,3>1,-3,3 -2,3,1>-1,1,2"}
{"par":157,"whiteIs":"A","ptsW":null,"res":"tope","plies":80,"balW":596,"secs":8.2,"apertura":"4,-3,1>2,-1,0 0,3,-2>1,1,-1 2,-1,0>4,-3,1 -2,4,0>-3,2,2 3,-2,0>2,0,-1 -3,2,2>-2,0,4"}
{"par":157,"whiteIs":"B","ptsW":null,"res":"tope","plies":80,"balW":-535,"secs":9.7,"apertura":"4,-3,1>2,-1,0 0,3,-2>1,1,-1 2,-1,0>4,-3,1 -2,4,0>-3,2,2 3,-2,0>2,0,-1 -3,2,2>-2,0,4"}
{"par":158,"whiteIs":"A","ptsW":null,"res":"tope","plies":80,"balW":7,"secs":8.9,"apertura":"4,-3,1>3,-1,-1 0,3,-1>1,1,0 4,-2,-1>3,0,-2 -1,4,-2>0,2,-1 1,-2,3>0,-1,2 0,4,-3>1,2,-1"}
{"par":158,"whiteIs":"B","ptsW":null,"res":"tope","plies":80,"balW":548,"secs":6.1,"apertura":"4,-3,1>3,-1,-1 0,3,-1>1,1,0 4,-2,-1>3,0,-2 -1,4,-2>0,2,-1 1,-2,3>0,-1,2 0,4,-3>1,2,-1"}
{"par":159,"whiteIs":"A","ptsW":null,"res":"tope","plies":80,"balW":1435,"secs":5.1,"apertura":"2,-2,2>1,-1,1 0,4,-3>2,2,-2 1,-2,2>1,-1,2 0,3,-1>0,2,-1 2,-3,3>1,-2,2 -3,3,1>-2,1,2"}
{"par":159,"whiteIs":"B","ptsW":0,"res":"mate","plies":48,"balW":-283,"secs":4.7,"apertura":"2,-2,2>1,-1,1 0,4,-3>2,2,-2 1,-2,2>1,-1,2 0,3,-1>0,2,-1 2,-3,3>1,-2,2 -3,3,1>-2,1,2"}
{"par":160,"whiteIs":"A","ptsW":null,"res":"tope","plies":80,"balW":177,"secs":8.4,"apertura":"3,-2,1>2,-1,0 0,3,-1>1,1,0 3,-2,0>3,-1,0 -3,3,1>-2,2,2 2,-3,2>4,-1,-2 -2,2,2>-2,1,2"}
{"par":160,"whiteIs":"B","ptsW":null,"res":"tope","plies":80,"balW":-800,"secs":5.6,"apertura":"3,-2,1>2,-1,0 0,3,-1>1,1,0 3,-2,0>3,-1,0 -3,3,1>-2,2,2 2,-3,2>4,-1,-2 -2,2,2>-2,1,2"}
{"par":161,"whiteIs":"A","ptsW":null,"res":"tope","plies":80,"balW":825,"secs":8.6,"apertura":"4,-2,-1>3,0,-2 -3,3,1>-2,2,2 4,-3,1>3,-1,-1 1,3,-3>2,2,-2 -1,-2,4>-2,0,3 -3,4,0>-3,1,3"}
{"par":161,"whiteIs":"B","ptsW":null,"res":"tope","plies":80,"balW":459,"secs":8.4,"apertura":"4,-2,-1>3,0,-2 -3,3,1>-2,2,2 4,-3,1>3,-1,-1 1,3,-3>2,2,-2 -1,-2,4>-2,0,3 -3,4,0>-3,1,3"}
{"par":162,"whiteIs":"A","ptsW":0,"res":"mate","plies":60,"balW":420,"secs":7.4,"apertura":"4,-3,1>2,-1,0 1,3,-2>1,2,-2 0,-2,3>0,-1,3 -2,4,0>-2,2,1 3,-2,0>2,0,-1 1,3,-3>2,2,-2"}
{"par":162,"whiteIs":"B","ptsW":null,"res":"tope","plies":80,"balW":306,"secs":5.4,"apertura":"4,-3,1>2,-1,0 1,3,-2>1,2,-2 0,-2,3>0,-1,3 -2,4,0>-2,2,1 3,-2,0>2,0,-1 1,3,-3>2,2,-2"}
{"par":163,"whiteIs":"A","ptsW":null,"res":"tope","plies":80,"balW":-681,"secs":6,"apertura":"4,-2,-1>4,-1,-1 1,3,-3>2,1,-2 0,-2,3>0,-1,3 -1,3,-1>0,2,0 3,-2,1>2,-1,0 2,1,-2>3,0,-1"}
{"par":163,"whiteIs":"B","ptsW":null,"res":"tope","plies":80,"balW":165,"secs":8.3,"apertura":"4,-2,-1>4,-1,-1 1,3,-3>2,1,-2 0,-2,3>0,-1,3 -1,3,-1>0,2,0 3,-2,1>2,-1,0 2,1,-2>3,0,-1"}
{"par":164,"whiteIs":"A","ptsW":null,"res":"tope","plies":80,"balW":-583,"secs":7.3,"apertura":"0,-2,4>-1,0,3 1,3,-2>2,1,-1 1,-2,2>1,-1,2 -1,3,0>0,1,1 0,-3,4>0,-2,4 0,4,-2>3,1,-2"}
{"par":164,"whiteIs":"B","ptsW":null,"res":"tope","plies":80,"balW":-425,"secs":8.1,"apertura":"0,-2,4>-1,0,3 1,3,-2>2,1,-1 1,-2,2>1,-1,2 -1,3,0>0,1,1 0,-3,4>0,-2,4 0,4,-2>3,1,-2"}
{"par":165,"whiteIs":"A","ptsW":null,"res":"tope","plies":80,"balW":-123,"secs":7.2,"apertura":"2,-2,1>2,-1,1 1,3,-3>2,2,-2 2,-2,2>1,0,1 -2,4,0>-1,2,0 4,-3,1>2,-1,0 -3,3,1>-2,1,2"}
{"par":165,"whiteIs":"B","ptsW":0,"res":"mate","plies":4,"balW":-100,"secs":0.2,"apertura":"2,-2,1>2,-1,1 1,3,-3>2,2,-2 2,-2,2>1,0,1 -2,4,0>-1,2,0 4,-3,1>2,-1,0 -3,3,1>-2,1,2"}
{"par":166,"whiteIs":"A","ptsW":null,"res":"tope","plies":80,"balW":613,"secs":6,"apertura":"1,-2,2>1,-1,2 2,3,-3>2,2,-3 1,-1,2>0,0,1 0,3,-1>1,1,0 4,-3,1>3,-1,-1 0,4,-3>2,2,-2"}
{"par":166,"whiteIs":"B","ptsW":null,"res":"tope","plies":80,"balW":-1381,"secs":9.7,"apertura":"1,-2,2>1,-1,2 2,3,-3>2,2,-3 1,-1,2>0,0,1 0,3,-1>1,1,0 4,-3,1>3,-1,-1 0,4,-3>2,2,-2"}
{"par":167,"whiteIs":"A","ptsW":null,"res":"tope","plies":80,"balW":938,"secs":6.5,"apertura":"2,-2,1>2,-1,1 -1,3,-1>0,2,0 0,-2,4>-1,-1,3 1,3,-2>1,2,-2 3,-2,1>2,-1,0 0,4,-2>1,3,-2"}
{"par":167,"whiteIs":"B","ptsW":null,"res":"tope","plies":80,"balW":338,"secs":7.3,"apertura":"2,-2,1>2,-1,1 -1,3,-1>0,2,0 0,-2,4>-1,-1,3 1,3,-2>1,2,-2 3,-2,1>2,-1,0 0,4,-2>1,3,-2"}
{"par":168,"whiteIs":"A","ptsW":null,"res":"tope","plies":80,"balW":583,"secs":6.8,"apertura":"0,-2,3>-1,0,2 -3,3,1>-2,2,2 1,-2,3>0,0,2 -2,3,1>-1,1,2 4,-2,0>3,0,-1 -1,3,0>0,1,1"}
{"par":168,"whiteIs":"B","ptsW":null,"res":"tope","plies":80,"balW":25,"secs":7,"apertura":"0,-2,3>-1,0,2 -3,3,1>-2,2,2 1,-2,3>0,0,2 -2,3,1>-1,1,2 4,-2,0>3,0,-1 -1,3,0>0,1,1"}
{"par":169,"whiteIs":"A","ptsW":null,"res":"tope","plies":80,"balW":1028,"secs":6,"apertura":"1,-3,3>1,-1,2 -2,3,0>-1,2,1 0,-2,4>-1,-1,3 -2,4,-1>-2,3,0 1,-3,4>-2,0,4 -1,2,1>-1,1,1"}
{"par":169,"whiteIs":"B","ptsW":null,"res":"tope","plies":80,"balW":-558,"secs":5.6,"apertura":"1,-3,3>1,-1,2 -2,3,0>-1,2,1 0,-2,4>-1,-1,3 -2,4,-1>-2,3,0 1,-3,4>-2,0,4 -1,2,1>-1,1,1"}
{"par":170,"whiteIs":"A","ptsW":null,"res":"tope","plies":80,"balW":919,"secs":8.8,"apertura":"4,-2,0>3,0,-1 -2,4,0>-1,2,0 3,-2,1>2,-1,0 -2,3,1>-1,1,2 0,-2,3>-1,0,2 -2,3,0>-1,2,1"}
{"par":170,"whiteIs":"B","ptsW":null,"res":"tope","plies":80,"balW":-230,"secs":7.3,"apertura":"4,-2,0>3,0,-1 -2,4,0>-1,2,0 3,-2,1>2,-1,0 -2,3,1>-1,1,2 0,-2,3>-1,0,2 -2,3,0>-1,2,1"}
{"par":171,"whiteIs":"A","ptsW":null,"res":"tope","plies":80,"balW":1529,"secs":7.8,"apertura":"4,-2,-1>3,0,-2 2,3,-3>2,2,-3 4,-3,1>4,-2,-1 1,3,-3>2,1,-2 1,-2,3>0,-1,2 0,4,-3>2,2,-2"}
{"par":171,"whiteIs":"B","ptsW":null,"res":"tope","plies":80,"balW":-613,"secs":8.9,"apertura":"4,-2,-1>3,0,-2 2,3,-3>2,2,-3 4,-3,1>4,-2,-1 1,3,-3>2,1,-2 1,-2,3>0,-1,2 0,4,-3>2,2,-2"}
{"par":172,"whiteIs":"A","ptsW":null,"res":"tope","plies":80,"balW":746,"secs":6.5,"apertura":"4,-2,0>3,-1,-1 -3,3,2>-2,1,3 -1,-2,4>-1,-1,4 0,3,-1>0,2,-1 2,-2,1>2,-1,1 -1,3,-1>0,2,0"}
{"par":172,"whiteIs":"B","ptsW":null,"res":"tope","plies":80,"balW":-760,"secs":8.6,"apertura":"4,-2,0>3,-1,-1 -3,3,2>-2,1,3 -1,-2,4>-1,-1,4 0,3,-1>0,2,-1 2,-2,1>2,-1,1 -1,3,-1>0,2,0"}
{"par":173,"whiteIs":"A","ptsW":1,"res":"mate","plies":1,"balW":100,"secs":0.1,"apertura":"1,-3,3>-1,-1,4 1,3,-3>2,2,-2 -1,-1,4>-2,1,2 0,3,-1>0,2,-1 3,-2,1>2,-1,0 0,2,-1>1,1,0"}
{"par":173,"whiteIs":"B","ptsW":1,"res":"mate","plies":1,"balW":100,"secs":0.1,"apertura":"1,-3,3>-1,-1,4 1,3,-3>2,2,-2 -1,-1,4>-2,1,2 0,3,-1>0,2,-1 3,-2,1>2,-1,0 0,2,-1>1,1,0"}
{"par":174,"whiteIs":"A","ptsW":null,"res":"tope","plies":80,"balW":617,"secs":6.8,"apertura":"3,-2,0>3,-1,0 -2,4,0>-3,2,2 4,-2,-1>4,-1,-1 2,3,-3>3,1,-2 2,-2,2>1,0,1 -2,3,0>-1,2,1"}
{"par":174,"whiteIs":"B","ptsW":null,"res":"tope","plies":80,"balW":-853,"secs":6.5,"apertura":"3,-2,0>3,-1,0 -2,4,0>-3,2,2 4,-2,-1>4,-1,-1 2,3,-3>3,1,-2 2,-2,2>1,0,1 -2,3,0>-1,2,1"}
{"par":175,"whiteIs":"A","ptsW":null,"res":"tope","plies":80,"balW":813,"secs":5.8,"apertura":"1,-3,3>1,-1,2 -1,3,0>0,1,1 0,-2,4>-1,0,3 0,3,-2>1,2,-1 2,-2,2>1,0,1 2,3,-3>2,2,-3"}
{"par":175,"whiteIs":"B","ptsW":null,"res":"tope","plies":80,"balW":-1964,"secs":5.4,"apertura":"1,-3,3>1,-1,2 -1,3,0>0,1,1 0,-2,4>-1,0,3 0,3,-2>1,2,-1 2,-2,2>1,0,1 2,3,-3>2,2,-3"}
{"par":176,"whiteIs":"A","ptsW":null,"res":"tope","plies":80,"balW":-123,"secs":6.4,"apertura":"2,-2,1>1,0,0 -2,3,1>-1,1,2 4,-2,0>3,-1,-1 2,3,-3>3,1,-2 3,-2,1>2,-1,0 0,3,-1>1,1,0"}
{"par":176,"whiteIs":"B","ptsW":null,"res":"tope","plies":80,"balW":-1106,"secs":7.1,"apertura":"2,-2,1>1,0,0 -2,3,1>-1,1,2 4,-2,0>3,-1,-1 2,3,-3>3,1,-2 3,-2,1>2,-1,0 0,3,-1>1,1,0"}
{"par":177,"whiteIs":"A","ptsW":null,"res":"tope","plies":80,"balW":-1086,"secs":9,"apertura":"1,-2,3>0,-1,2 0,3,-1>1,1,0 -1,-2,4>-1,-1,4 0,4,-3>1,2,-1 3,-2,0>3,-1,0 -2,3,1>-2,2,1"}
{"par":177,"whiteIs":"B","ptsW":null,"res":"tope","plies":80,"balW":-731,"secs":5.4,"apertura":"1,-2,3>0,-1,2 0,3,-1>1,1,0 -1,-2,4>-1,-1,4 0,4,-3>1,2,-1 3,-2,0>3,-1,0 -2,3,1>-2,2,1"}
{"par":178,"whiteIs":"A","ptsW":null,"res":"tope","plies":80,"balW":353,"secs":11.3,"apertura":"1,-3,3>1,-1,2 -3,3,2>-2,1,3 0,-2,3>0,-1,3 1,3,-3>2,2,-2 1,-1,2>1,0,0 0,3,-1>0,2,-1"}
{"par":178,"whiteIs":"B","ptsW":null,"res":"tope","plies":80,"balW":-293,"secs":6.6,"apertura":"1,-3,3>1,-1,2 -3,3,2>-2,1,3 0,-2,3>0,-1,3 1,3,-3>2,2,-2 1,-1,2>1,0,0 0,3,-1>0,2,-1"}
{"par":179,"whiteIs":"A","ptsW":null,"res":"tope","plies":80,"balW":1464,"secs":5.7,"apertura":"0,-2,4>-1,-1,3 2,3,-3>2,2,-3 1,-3,3>1,-1,2 0,3,-1>0,2,-1 1,-2,3>0,0,2 -3,3,1>-2,1,2"}
{"par":179,"whiteIs":"B","ptsW":0,"res":"mate","plies":76,"balW":-3180,"secs":6.2,"apertura":"0,-2,4>-1,-1,3 2,3,-3>2,2,-3 1,-3,3>1,-1,2 0,3,-1>0,2,-1 1,-2,3>0,0,2 -3,3,1>-2,1,2"}
{"par":180,"whiteIs":"A","ptsW":null,"res":"tope","plies":80,"balW":300,"secs":5.5,"apertura":"1,-2,3>0,-1,2 -2,4,0>-1,2,0 1,-3,4>1,2,-1 -1,2,0>-2,4,0 1,2,-1>1,-3,4 0,3,-1>0,2,-1"}
{"par":180,"whiteIs":"B","ptsW":null,"res":"tope","plies":80,"balW":190,"secs":5.3,"apertura":"1,-2,3>0,-1,2 -2,4,0>-1,2,0 1,-3,4>1,2,-1 -1,2,0>-2,4,0 1,2,-1>1,-3,4 0,3,-1>0,2,-1"}
{"par":181,"whiteIs":"A","ptsW":null,"res":"tope","plies":80,"balW":448,"secs":5.7,"apertura":"2,-2,1>1,0,0 1,3,-3>2,1,-2 4,-3,1>2,-2,1 -3,3,1>-2,2,2 1,0,0>1,1,0 2,1,-2>3,0,-1"}
{"par":181,"whiteIs":"B","ptsW":null,"res":"tope","plies":80,"balW":-583,"secs":8.1,"apertura":"2,-2,1>1,0,0 1,3,-3>2,1,-2 4,-3,1>2,-2,1 -3,3,1>-2,2,2 1,0,0>1,1,0 2,1,-2>3,0,-1"}
{"par":182,"whiteIs":"A","ptsW":null,"res":"tope","plies":80,"balW":483,"secs":6.8,"apertura":"2,-2,1>2,-1,1 1,3,-2>2,1,-1 3,-3,2>2,-2,1 0,4,-2>3,1,-2 1,-2,2>0,0,1 1,3,-3>2,1,-2"}
{"par":182,"whiteIs":"B","ptsW":null,"res":"tope","plies":80,"balW":-423,"secs":6.7,"apertura":"2,-2,1>2,-1,1 1,3,-2>2,1,-1 3,-3,2>2,-2,1 0,4,-2>3,1,-2 1,-2,2>0,0,1 1,3,-3>2,1,-2"}
{"par":183,"whiteIs":"A","ptsW":1,"res":"mate","plies":79,"balW":1824,"secs":5.3,"apertura":"4,-3,1>2,-1,0 -2,4,0>0,2,-1 3,-2,0>2,0,-1 -2,3,0>-1,1,1 1,-2,2>0,0,1 -2,3,1>-1,1,2"}
{"par":183,"whiteIs":"B","ptsW":null,"res":"tope","plies":80,"balW":246,"secs":4.5,"apertura":"4,-3,1>2,-1,0 -2,4,0>0,2,-1 3,-2,0>2,0,-1 -2,3,0>-1,1,1 1,-2,2>0,0,1 -2,3,1>-1,1,2"}
{"par":184,"whiteIs":"A","ptsW":null,"res":"tope","plies":80,"balW":200,"secs":8.1,"apertura":"2,-2,2>1,0,1 -2,4,0>-1,2,0 3,-2,1>2,0,0 -1,3,-1>0,1,0 1,-2,2>1,-1,2 -2,3,1>-2,2,1"}
{"par":184,"whiteIs":"B","ptsW":null,"res":"tope","plies":80,"balW":-1053,"secs":7,"apertura":"2,-2,2>1,0,1 -2,4,0>-1,2,0 3,-2,1>2,0,0 -1,3,-1>0,1,0 1,-2,2>1,-1,2 -2,3,1>-2,2,1"}
{"par":185,"whiteIs":"A","ptsW":null,"res":"tope","plies":80,"balW":653,"secs":4.2,"apertura":"1,-3,3>0,-1,3 -2,4,0>-1,2,0 -1,-2,4>-1,-1,4 -1,2,0>1,0,1 4,-2,0>3,-1,-1 1,3,-2>1,2,-2"}
{"par":185,"whiteIs":"B","ptsW":null,"res":"tope","plies":80,"balW":-938,"secs":3,"apertura":"1,-3,3>0,-1,3 -2,4,0>-1,2,0 -1,-2,4>-1,-1,4 -1,2,0>1,0,1 4,-2,0>3,-1,-1 1,3,-2>1,2,-2"}
{"par":186,"whiteIs":"A","ptsW":null,"res":"tope","plies":80,"balW":883,"secs":5.1,"apertura":"-1,-2,4>-1,-1,4 -1,3,0>-1,2,0 1,-2,2>0,0,1 2,3,-3>3,1,-2 1,-2,3>0,-1,2 0,4,-3>2,3,-3"}
{"par":186,"whiteIs":"B","ptsW":null,"res":"tope","plies":80,"balW":-241,"secs":6.4,"apertura":"-1,-2,4>-1,-1,4 -1,3,0>-1,2,0 1,-2,2>0,0,1 2,3,-3>3,1,-2 1,-2,3>0,-1,2 0,4,-3>2,3,-3"}
{"par":187,"whiteIs":"A","ptsW":null,"res":"tope","plies":80,"balW":118,"secs":4.4,"apertura":"0,-2,4>-1,0,3 1,3,-3>2,1,-2 4,-3,1>2,-1,0 -3,3,2>-2,1,3 4,-2,0>3,-1,-1 0,3,-1>1,1,0"}
{"par":187,"whiteIs":"B","ptsW":null,"res":"tope","plies":80,"balW":-528,"secs":4.7,"apertura":"0,-2,4>-1,0,3 1,3,-3>2,1,-2 4,-3,1>2,-1,0 -3,3,2>-2,1,3 4,-2,0>3,-1,-1 0,3,-1>1,1,0"}
{"par":188,"whiteIs":"A","ptsW":null,"res":"tope","plies":80,"balW":536,"secs":3.3,"apertura":"4,-2,0>3,-1,-1 0,4,-3>1,2,-1 3,-2,1>2,-1,0 1,2,-1>2,0,-1 4,-2,-1>4,-1,-1 1,3,-2>2,1,-1"}
{"par":188,"whiteIs":"B","ptsW":null,"res":"tope","plies":80,"balW":-53,"secs":5.3,"apertura":"4,-2,0>3,-1,-1 0,4,-3>1,2,-1 3,-2,1>2,-1,0 1,2,-1>2,0,-1 4,-2,-1>4,-1,-1 1,3,-2>2,1,-1"}
{"par":189,"whiteIs":"A","ptsW":null,"res":"tope","plies":80,"balW":818,"secs":3.8,"apertura":"3,-2,1>2,-1,0 -2,3,0>-1,2,1 0,-2,3>-1,0,2 0,3,-1>0,2,-1 2,-2,2>1,0,1 -1,3,-1>0,1,0"}
{"par":189,"whiteIs":"B","ptsW":null,"res":"tope","plies":80,"balW":-100,"secs":7,"apertura":"3,-2,1>2,-1,0 -2,3,0>-1,2,1 0,-2,3>-1,0,2 0,3,-1>0,2,-1 2,-2,2>1,0,1 -1,3,-1>0,1,0"}
{"par":190,"whiteIs":"A","ptsW":null,"res":"tope","plies":80,"balW":-565,"secs":3.5,"apertura":"-1,-2,4>-1,-1,4 -2,3,0>-1,1,1 1,-3,3>2,-1,1 -3,3,2>-2,1,3 2,-1,1>0,-1,2 -1,4,-1>-2,3,0"}
{"par":190,"whiteIs":"B","ptsW":null,"res":"tope","plies":80,"balW":-125,"secs":7.2,"apertura":"-1,-2,4>-1,-1,4 -2,3,0>-1,1,1 1,-3,3>2,-1,1 -3,3,2>-2,1,3 2,-1,1>0,-1,2 -1,4,-1>-2,3,0"}
{"par":191,"whiteIs":"A","ptsW":null,"res":"tope","plies":80,"balW":225,"secs":4.7,"apertura":"2,-2,2>1,0,1 -1,3,-1>0,2,0 3,-2,0>3,-1,0 -1,3,0>-1,2,0 0,-2,3>-1,0,2 0,4,-3>2,2,-2"}
{"par":191,"whiteIs":"B","ptsW":null,"res":"tope","plies":80,"balW":-435,"secs":5.6,"apertura":"2,-2,2>1,0,1 -1,3,-1>0,2,0 3,-2,0>3,-1,0 -1,3,0>-1,2,0 0,-2,3>-1,0,2 0,4,-3>2,2,-2"}
{"par":192,"whiteIs":"A","ptsW":null,"res":"tope","plies":80,"balW":628,"secs":5.1,"apertura":"0,-2,4>-1,0,3 -3,3,1>-2,1,2 2,-2,2>1,-1,1 -2,3,1>-1,1,2 4,-2,0>3,0,-1 1,3,-3>2,1,-2"}
{"par":192,"whiteIs":"B","ptsW":null,"res":"tope","plies":80,"balW":-105,"secs":3.4,"apertura":"0,-2,4>-1,0,3 -3,3,1>-2,1,2 2,-2,2>1,-1,1 -2,3,1>-1,1,2 4,-2,0>3,0,-1 1,3,-3>2,1,-2"}
{"par":193,"whiteIs":"A","ptsW":null,"res":"tope","plies":80,"balW":500,"secs":5.1,"apertura":"0,-2,4>-1,-1,3 -3,3,2>-2,1,3 2,-2,2>1,-1,1 -3,3,1>-2,1,2 1,-3,3>1,-1,2 -2,4,0>0,2,-1"}
{"par":193,"whiteIs":"B","ptsW":null,"res":"tope","plies":80,"balW":-813,"secs":3.5,"apertura":"0,-2,4>-1,-1,3 -3,3,2>-2,1,3 2,-2,2>1,-1,1 -3,3,1>-2,1,2 1,-3,3>1,-1,2 -2,4,0>0,2,-1"}
{"par":194,"whiteIs":"A","ptsW":1,"res":"mate","plies":65,"balW":470,"secs":5.9,"apertura":"3,-2,1>2,-1,0 -3,3,2>-3,2,2 4,-2,-1>4,-1,-1 -2,3,0>-1,2,1 2,-2,1>2,-1,1 -3,4,0>1,0,0"}
{"par":194,"whiteIs":"B","ptsW":null,"res":"tope","plies":80,"balW":65,"secs":6.1,"apertura":"3,-2,1>2,-1,0 -3,3,2>-3,2,2 4,-2,-1>4,-1,-1 -2,3,0>-1,2,1 2,-2,1>2,-1,1 -3,4,0>1,0,0"}
{"par":195,"whiteIs":"A","ptsW":null,"res":"tope","plies":80,"balW":-113,"secs":4.3,"apertura":"1,-2,3>0,-1,2 -2,4,0>0,2,-1 2,-3,2>1,-2,3 1,3,-3>2,1,-2 4,-2,-1>3,0,-2 0,4,-3>1,2,-1"}
{"par":195,"whiteIs":"B","ptsW":null,"res":"tope","plies":80,"balW":-300,"secs":5.4,"apertura":"1,-2,3>0,-1,2 -2,4,0>0,2,-1 2,-3,2>1,-2,3 1,3,-3>2,1,-2 4,-2,-1>3,0,-2 0,4,-3>1,2,-1"}
{"par":196,"whiteIs":"A","ptsW":null,"res":"tope","plies":80,"balW":970,"secs":8.9,"apertura":"1,-3,3>0,-1,3 0,3,-2>1,2,-1 0,-1,3>-2,-1,4 -2,3,1>-2,2,1 0,-2,4>-1,-1,3 -2,3,0>-1,1,1"}
{"par":196,"whiteIs":"B","ptsW":null,"res":"tope","plies":80,"balW":193,"secs":7.4,"apertura":"1,-3,3>0,-1,3 0,3,-2>1,2,-1 0,-1,3>-2,-1,4 -2,3,1>-2,2,1 0,-2,4>-1,-1,3 -2,3,0>-1,1,1"}
{"par":197,"whiteIs":"A","ptsW":1,"res":"mate","plies":73,"balW":1248,"secs":5,"apertura":"4,-2,-1>3,0,-2 0,4,-3>2,2,-2 2,-2,2>1,0,1 -3,3,2>-2,1,3 2,-3,2>2,-2,2 2,2,-2>2,0,-1"}
{"par":197,"whiteIs":"B","ptsW":null,"res":"tope","plies":80,"balW":-465,"secs":4.3,"apertura":"4,-2,-1>3,0,-2 0,4,-3>2,2,-2 2,-2,2>1,0,1 -3,3,2>-2,1,3 2,-3,2>2,-2,2 2,2,-2>2,0,-1"}
{"par":198,"whiteIs":"A","ptsW":null,"res":"tope","plies":80,"balW":-483,"secs":5.3,"apertura":"3,-2,0>3,-1,0 -2,4,0>-3,2,2 1,-3,3>0,-1,3 0,3,-2>1,2,-1 3,-3,1>3,1,-3 -2,3,0>-1,2,1"}
{"par":198,"whiteIs":"B","ptsW":null,"res":"tope","plies":80,"balW":-1271,"secs":4.1,"apertura":"3,-2,0>3,-1,0 -2,4,0>-3,2,2 1,-3,3>0,-1,3 0,3,-2>1,2,-1 3,-3,1>3,1,-3 -2,3,0>-1,2,1"}
{"par":199,"whiteIs":"A","ptsW":0,"res":"mate","plies":78,"balW":458,"secs":5.3,"apertura":"1,-3,3>-1,-1,4 1,3,-2>1,2,-2 1,-2,2>0,0,1 -2,3,0>-1,2,1 -1,-1,4>-2,1,2 -1,3,0>0,1,1"}
{"par":199,"whiteIs":"B","ptsW":null,"res":"tope","plies":80,"balW":-23,"secs":6.8,"apertura":"1,-3,3>-1,-1,4 1,3,-2>1,2,-2 1,-2,2>0,0,1 -2,3,0>-1,2,1 -1,-1,4>-2,1,2 -1,3,0>0,1,1"}
{"par":200,"whiteIs":"A","ptsW":null,"res":"tope","plies":80,"balW":558,"secs":6.2,"apertura":"1,-2,2>1,-1,2 0,3,-1>0,2,-1 2,-2,2>1,0,1 0,4,-3>2,2,-2 3,-2,0>2,0,-1 -2,3,1>-2,2,1"}
{"par":200,"whiteIs":"B","ptsW":null,"res":"tope","plies":80,"balW":-525,"secs":7.3,"apertura":"1,-2,2>1,-1,2 0,3,-1>0,2,-1 2,-2,2>1,0,1 0,4,-3>2,2,-2 3,-2,0>2,0,-1 -2,3,1>-2,2,1"}
