# {"fecha":"2026-08-03T22:53:22.984Z","modalidad":"salas","A":{"nombre":"t45","cfg":{"depth":24,"mobility":true,"order":true,"quiesce":true,"nodes":4500,"temperature":45}},"B":{"nombre":"t70","cfg":{"depth":24,"mobility":true,"order":true,"quiesce":true,"nodes":4500,"temperature":70}},"MAX_PLIES":80,"FIFTY":40,"OPENING_PLIES":6,"SEED":23000,"FIRST":1,"PAIRS":200,"libro":"libro.json"}
{"par":1,"whiteIs":"A","ptsW":1,"res":"mate","plies":61,"balW":1654,"secs":5.7,"apertura":"1,-3,3>1,-1,2 -1,3,-1>0,1,0 1,-1,2>-1,0,2 2,3,-3>2,2,-3 1,-2,2>0,0,1 -2,4,0>-3,2,2"}
{"par":1,"whiteIs":"B","ptsW":null,"res":"tope","plies":80,"balW":-24,"secs":9.5,"apertura":"1,-3,3>1,-1,2 -1,3,-1>0,1,0 1,-1,2>-1,0,2 2,3,-3>2,2,-3 1,-2,2>0,0,1 -2,4,0>-3,2,2"}
{"par":2,"whiteIs":"A","ptsW":null,"res":"tope","plies":80,"balW":548,"secs":8.9,"apertura":"3,-2,0>2,0,-1 -1,3,-1>0,2,0 2,-2,2>1,0,1 -3,3,2>-2,1,3 1,-2,3>0,0,2 -3,3,1>-2,2,2"}
{"par":2,"whiteIs":"B","ptsW":null,"res":"tope","plies":80,"balW":-1041,"secs":7.2,"apertura":"3,-2,0>2,0,-1 -1,3,-1>0,2,0 2,-2,2>1,0,1 -3,3,2>-2,1,3 1,-2,3>0,0,2 -3,3,1>-2,2,2"}
{"par":3,"whiteIs":"A","ptsW":null,"res":"tope","plies":80,"balW":112,"secs":20.5,"apertura":"0,-2,3>0,-1,3 -2,3,1>-2,2,1 1,-2,2>1,-1,2 0,4,-3>2,2,-2 2,-3,3>1,-2,2 2,2,-2>1,0,0"}
{"par":3,"whiteIs":"B","ptsW":null,"res":"tope","plies":80,"balW":-676,"secs":7.9,"apertura":"0,-2,3>0,-1,3 -2,3,1>-2,2,1 1,-2,2>1,-1,2 0,4,-3>2,2,-2 2,-3,3>1,-2,2 2,2,-2>1,0,0"}
{"par":4,"whiteIs":"A","ptsW":null,"res":"tope","plies":80,"balW":748,"secs":10,"apertura":"1,-2,2>0,0,1 -2,3,0>-1,1,1 2,-3,3>1,-2,2 -3,3,1>-2,1,2 1,-2,2>1,-1,2 0,4,-3>2,2,-2"}
{"par":4,"whiteIs":"B","ptsW":0,"res":"mate","plies":68,"balW":48,"secs":11,"apertura":"1,-2,2>0,0,1 -2,3,0>-1,1,1 2,-3,3>1,-2,2 -3,3,1>-2,1,2 1,-2,2>1,-1,2 0,4,-3>2,2,-2"}
{"par":5,"whiteIs":"A","ptsW":1,"res":"mate","plies":65,"balW":-190,"secs":6.2,"apertura":"1,-2,3>0,0,2 2,3,-3>2,2,-3 4,-2,-1>3,0,-2 -1,3,0>0,1,1 -1,-2,4>-2,0,3 0,3,-2>1,2,-1"}
{"par":5,"whiteIs":"B","ptsW":null,"res":"tope","plies":80,"balW":-232,"secs":13.7,"apertura":"1,-2,3>0,0,2 2,3,-3>2,2,-3 4,-2,-1>3,0,-2 -1,3,0>0,1,1 -1,-2,4>-2,0,3 0,3,-2>1,2,-1"}
{"par":6,"whiteIs":"A","ptsW":null,"res":"tope","plies":80,"balW":-52,"secs":9.5,"apertura":"2,-2,1>2,-1,1 1,3,-2>1,2,-2 3,-3,1>1,-1,1 0,4,-2>3,1,-2 1,-1,1>0,-1,2 -1,3,-1>0,2,0"}
{"par":6,"whiteIs":"B","ptsW":null,"res":"tope","plies":80,"balW":328,"secs":11.2,"apertura":"2,-2,1>2,-1,1 1,3,-2>1,2,-2 3,-3,1>1,-1,1 0,4,-2>3,1,-2 1,-1,1>0,-1,2 -1,3,-1>0,2,0"}
{"par":7,"whiteIs":"A","ptsW":null,"res":"tope","plies":80,"balW":-23,"secs":11.1,"apertura":"3,-2,0>2,0,-1 0,3,-1>0,2,-1 4,-3,1>3,-1,-1 0,3,-2>1,2,-1 1,-3,3>0,-1,3 -2,3,1>-2,2,1"}
{"par":7,"whiteIs":"B","ptsW":null,"res":"tope","plies":80,"balW":-613,"secs":7.8,"apertura":"3,-2,0>2,0,-1 0,3,-1>0,2,-1 4,-3,1>3,-1,-1 0,3,-2>1,2,-1 1,-3,3>0,-1,3 -2,3,1>-2,2,1"}
{"par":8,"whiteIs":"A","ptsW":null,"res":"tope","plies":80,"balW":630,"secs":12.1,"apertura":"1,-2,2>1,-1,2 1,3,-2>1,2,-2 0,-2,4>-1,-1,3 0,4,-2>4,0,-2 3,-2,1>2,-1,0 2,3,-3>2,2,-3"}
{"par":8,"whiteIs":"B","ptsW":null,"res":"tope","plies":80,"balW":-197,"secs":5.5,"apertura":"1,-2,2>1,-1,2 1,3,-2>1,2,-2 0,-2,4>-1,-1,3 0,4,-2>4,0,-2 3,-2,1>2,-1,0 2,3,-3>2,2,-3"}
{"par":9,"whiteIs":"A","ptsW":null,"res":"tope","plies":80,"balW":-265,"secs":15.9,"apertura":"4,-3,1>3,-1,-1 1,3,-3>2,2,-2 0,-2,4>-1,0,3 -2,4,0>-3,2,2 1,-2,3>0,-1,2 -3,2,2>-2,4,0"}
{"par":9,"whiteIs":"B","ptsW":null,"res":"tope","plies":80,"balW":-923,"secs":5.9,"apertura":"4,-3,1>3,-1,-1 1,3,-3>2,2,-2 0,-2,4>-1,0,3 -2,4,0>-3,2,2 1,-2,3>0,-1,2 -3,2,2>-2,4,0"}
{"par":10,"whiteIs":"A","ptsW":null,"res":"tope","plies":80,"balW":290,"secs":26.7,"apertura":"1,-3,3>1,-1,2 1,3,-2>2,1,-1 2,-2,1>2,-1,1 -3,3,2>-3,2,2 -1,-2,4>-1,-1,4 0,4,-2>4,0,-2"}
{"par":10,"whiteIs":"B","ptsW":null,"res":"tope","plies":80,"balW":-723,"secs":6.3,"apertura":"1,-3,3>1,-1,2 1,3,-2>2,1,-1 2,-2,1>2,-1,1 -3,3,2>-3,2,2 -1,-2,4>-1,-1,4 0,4,-2>4,0,-2"}
{"par":11,"whiteIs":"A","ptsW":null,"res":"tope","plies":80,"balW":177,"secs":12.4,"apertura":"2,-2,2>1,0,1 -3,3,1>-2,1,2 3,-2,0>2,0,-1 0,3,-2>1,2,-1 2,-2,1>1,0,0 -2,4,0>-3,2,2"}
{"par":11,"whiteIs":"B","ptsW":null,"res":"tope","plies":80,"balW":-212,"secs":12.8,"apertura":"2,-2,2>1,0,1 -3,3,1>-2,1,2 3,-2,0>2,0,-1 0,3,-2>1,2,-1 2,-2,1>1,0,0 -2,4,0>-3,2,2"}
{"par":12,"whiteIs":"A","ptsW":null,"res":"tope","plies":80,"balW":1041,"secs":9.7,"apertura":"1,-2,3>0,0,2 1,3,-2>1,2,-2 4,-3,1>3,-1,-1 -1,3,-1>0,2,0 0,0,2>-1,1,1 -3,3,1>-2,1,2"}
{"par":12,"whiteIs":"B","ptsW":null,"res":"tope","plies":80,"balW":-613,"secs":8.2,"apertura":"1,-2,3>0,0,2 1,3,-2>1,2,-2 4,-3,1>3,-1,-1 -1,3,-1>0,2,0 0,0,2>-1,1,1 -3,3,1>-2,1,2"}
{"par":13,"whiteIs":"A","ptsW":null,"res":"tope","plies":80,"balW":225,"secs":7.7,"apertura":"0,-2,3>0,-1,3 -3,3,1>-2,2,2 0,-1,3>-1,0,2 -1,3,0>0,1,1 2,-2,1>1,0,0 -3,3,2>-2,1,3"}
{"par":13,"whiteIs":"B","ptsW":null,"res":"tope","plies":80,"balW":-683,"secs":10.4,"apertura":"0,-2,3>0,-1,3 -3,3,1>-2,2,2 0,-1,3>-1,0,2 -1,3,0>0,1,1 2,-2,1>1,0,0 -3,3,2>-2,1,3"}
{"par":14,"whiteIs":"A","ptsW":null,"res":"tope","plies":80,"balW":42,"secs":10.8,"apertura":"3,-2,0>2,0,-1 -1,3,-1>0,1,0 4,-2,-1>3,0,-2 -2,4,0>-2,2,1 4,-3,1>4,-2,-1 -1,4,-1>-1,3,-1"}
{"par":14,"whiteIs":"B","ptsW":null,"res":"tope","plies":80,"balW":117,"secs":12,"apertura":"3,-2,0>2,0,-1 -1,3,-1>0,1,0 4,-2,-1>3,0,-2 -2,4,0>-2,2,1 4,-3,1>4,-2,-1 -1,4,-1>-1,3,-1"}
{"par":15,"whiteIs":"A","ptsW":null,"res":"tope","plies":80,"balW":-42,"secs":8.7,"apertura":"0,-2,4>-1,0,3 1,3,-2>2,1,-1 1,-3,3>2,-1,1 -2,4,0>0,2,-1 -1,0,3>-2,1,2 0,2,-1>1,0,1"}
{"par":15,"whiteIs":"B","ptsW":null,"res":"tope","plies":80,"balW":-2157,"secs":12,"apertura":"0,-2,4>-1,0,3 1,3,-2>2,1,-1 1,-3,3>2,-1,1 -2,4,0>0,2,-1 -1,0,3>-2,1,2 0,2,-1>1,0,1"}
{"par":16,"whiteIs":"A","ptsW":null,"res":"tope","plies":80,"balW":-87,"secs":8,"apertura":"1,-3,3>-1,-1,4 0,4,-3>1,2,-1 1,-2,3>0,-1,2 1,4,-3>0,4,-3 1,-3,4>1,1,0 1,2,-1>3,1,-3"}
{"par":16,"whiteIs":"B","ptsW":null,"res":"tope","plies":80,"balW":-628,"secs":6.9,"apertura":"1,-3,3>-1,-1,4 0,4,-3>1,2,-1 1,-2,3>0,-1,2 1,4,-3>0,4,-3 1,-3,4>1,1,0 1,2,-1>3,1,-3"}
{"par":17,"whiteIs":"A","ptsW":null,"res":"tope","plies":80,"balW":-290,"secs":12.2,"apertura":"0,-2,4>-1,-1,3 -1,3,-1>0,2,0 -1,-2,4>-2,0,3 -3,3,1>-2,2,2 4,-2,0>3,0,-1 -2,4,0>-2,2,1"}
{"par":17,"whiteIs":"B","ptsW":null,"res":"tope","plies":80,"balW":-442,"secs":6,"apertura":"0,-2,4>-1,-1,3 -1,3,-1>0,2,0 -1,-2,4>-2,0,3 -3,3,1>-2,2,2 4,-2,0>3,0,-1 -2,4,0>-2,2,1"}
{"par":18,"whiteIs":"A","ptsW":1,"res":"mate","plies":69,"balW":1824,"secs":9.2,"apertura":"3,-2,1>2,0,0 -3,3,2>-2,1,3 4,-2,0>3,-1,-1 -2,3,1>-2,2,1 4,-2,-1>3,0,-2 -1,3,0>0,1,1"}
{"par":18,"whiteIs":"B","ptsW":null,"res":"tope","plies":80,"balW":-71,"secs":9.5,"apertura":"3,-2,1>2,0,0 -3,3,2>-2,1,3 4,-2,0>3,-1,-1 -2,3,1>-2,2,1 4,-2,-1>3,0,-2 -1,3,0>0,1,1"}
{"par":19,"whiteIs":"A","ptsW":null,"res":"tope","plies":80,"balW":846,"secs":8.5,"apertura":"0,-2,3>0,-1,3 0,4,-3>1,2,-1 1,-3,3>-1,-1,4 1,2,-1>0,0,1 0,-2,4>-1,0,3 0,3,-2>1,2,-1"}
{"par":19,"whiteIs":"B","ptsW":0,"res":"mate","plies":72,"balW":-783,"secs":9.2,"apertura":"0,-2,3>0,-1,3 0,4,-3>1,2,-1 1,-3,3>-1,-1,4 1,2,-1>0,0,1 0,-2,4>-1,0,3 0,3,-2>1,2,-1"}
{"par":20,"whiteIs":"A","ptsW":null,"res":"tope","plies":80,"balW":55,"secs":7.9,"apertura":"3,-2,0>3,-1,0 -3,3,1>-2,2,2 4,-2,-1>3,0,-2 -3,4,0>-3,0,4 2,-2,1>1,0,0 -2,2,2>-2,1,2"}
{"par":20,"whiteIs":"B","ptsW":null,"res":"tope","plies":80,"balW":-1889,"secs":11.9,"apertura":"3,-2,0>3,-1,0 -3,3,1>-2,2,2 4,-2,-1>3,0,-2 -3,4,0>-3,0,4 2,-2,1>1,0,0 -2,2,2>-2,1,2"}
{"par":21,"whiteIs":"A","ptsW":null,"res":"tope","plies":80,"balW":-205,"secs":10.6,"apertura":"1,-3,3>0,-1,3 -2,4,0>-2,2,1 3,-2,0>2,0,-1 -1,3,-1>0,2,0 0,-1,3>-2,-1,4 -3,3,1>-2,2,2"}
{"par":21,"whiteIs":"B","ptsW":null,"res":"tope","plies":80,"balW":-553,"secs":7.1,"apertura":"1,-3,3>0,-1,3 -2,4,0>-2,2,1 3,-2,0>2,0,-1 -1,3,-1>0,2,0 0,-1,3>-2,-1,4 -3,3,1>-2,2,2"}
{"par":22,"whiteIs":"A","ptsW":null,"res":"tope","plies":80,"balW":818,"secs":6.6,"apertura":"0,-2,4>-1,-1,3 1,3,-2>1,2,-2 3,-2,0>2,0,-1 1,3,-3>2,2,-2 1,-2,2>1,-1,2 0,3,-1>1,1,0"}
{"par":22,"whiteIs":"B","ptsW":null,"res":"tope","plies":80,"balW":-1281,"secs":12.3,"apertura":"0,-2,4>-1,-1,3 1,3,-2>1,2,-2 3,-2,0>2,0,-1 1,3,-3>2,2,-2 1,-2,2>1,-1,2 0,3,-1>1,1,0"}
{"par":23,"whiteIs":"A","ptsW":null,"res":"tope","plies":80,"balW":946,"secs":8.5,"apertura":"4,-3,1>3,-1,-1 -2,3,1>-1,1,2 1,-2,2>1,-1,2 0,4,-3>2,2,-2 4,-3,0>4,-3,1 2,3,-3>2,2,-3"}
{"par":23,"whiteIs":"B","ptsW":null,"res":"tope","plies":80,"balW":-560,"secs":9.5,"apertura":"4,-3,1>3,-1,-1 -2,3,1>-1,1,2 1,-2,2>1,-1,2 0,4,-3>2,2,-2 4,-3,0>4,-3,1 2,3,-3>2,2,-3"}
{"par":24,"whiteIs":"A","ptsW":null,"res":"tope","plies":80,"balW":465,"secs":6.6,"apertura":"1,-3,3>-1,-1,4 0,4,-3>2,2,-2 -1,-1,4>0,-1,2 2,2,-2>3,0,-2 4,-3,1>3,-1,-1 3,0,-2>1,2,-1"}
{"par":24,"whiteIs":"B","ptsW":null,"res":"tope","plies":80,"balW":-17,"secs":6.7,"apertura":"1,-3,3>-1,-1,4 0,4,-3>2,2,-2 -1,-1,4>0,-1,2 2,2,-2>3,0,-2 4,-3,1>3,-1,-1 3,0,-2>1,2,-1"}
{"par":25,"whiteIs":"A","ptsW":null,"res":"tope","plies":80,"balW":30,"secs":6.1,"apertura":"-1,-2,4>-1,-1,4 -1,3,-1>0,2,0 1,-2,3>0,0,2 -2,4,-1>-1,3,-1 0,-2,3>-1,0,2 -3,3,1>-2,2,2"}
{"par":25,"whiteIs":"B","ptsW":null,"res":"tope","plies":80,"balW":-1311,"secs":8,"apertura":"-1,-2,4>-1,-1,4 -1,3,-1>0,2,0 1,-2,3>0,0,2 -2,4,-1>-1,3,-1 0,-2,3>-1,0,2 -3,3,1>-2,2,2"}
{"par":26,"whiteIs":"A","ptsW":null,"res":"tope","plies":80,"balW":558,"secs":7.2,"apertura":"1,-3,3>1,-1,2 -2,4,0>-2,2,1 -1,-2,4>-2,0,3 -1,3,-1>0,2,0 2,-2,2>1,0,1 -2,3,0>-1,1,1"}
{"par":26,"whiteIs":"B","ptsW":null,"res":"tope","plies":80,"balW":-328,"secs":8.7,"apertura":"1,-3,3>1,-1,2 -2,4,0>-2,2,1 -1,-2,4>-2,0,3 -1,3,-1>0,2,0 2,-2,2>1,0,1 -2,3,0>-1,1,1"}
{"par":27,"whiteIs":"A","ptsW":null,"res":"tope","plies":80,"balW":700,"secs":11.6,"apertura":"1,-2,2>1,-1,2 2,3,-3>2,2,-3 4,-2,0>3,0,-1 -2,3,0>-1,2,1 1,-3,3>-1,-1,4 -3,4,0>0,1,0"}
{"par":27,"whiteIs":"B","ptsW":null,"res":"tope","plies":80,"balW":-300,"secs":6.3,"apertura":"1,-2,2>1,-1,2 2,3,-3>2,2,-3 4,-2,0>3,0,-1 -2,3,0>-1,2,1 1,-3,3>-1,-1,4 -3,4,0>0,1,0"}
{"par":28,"whiteIs":"A","ptsW":null,"res":"tope","plies":80,"balW":100,"secs":7.5,"apertura":"1,-3,3>2,-1,1 -2,4,0>0,2,-1 2,-2,2>1,-1,1 0,2,-1>2,0,0 2,-1,1>1,1,-1 -2,3,1>-1,1,2"}
{"par":28,"whiteIs":"B","ptsW":null,"res":"tope","plies":80,"balW":53,"secs":6.3,"apertura":"1,-3,3>2,-1,1 -2,4,0>0,2,-1 2,-2,2>1,-1,1 0,2,-1>2,0,0 2,-1,1>1,1,-1 -2,3,1>-1,1,2"}
{"par":29,"whiteIs":"A","ptsW":null,"res":"tope","plies":80,"balW":1035,"secs":7.5,"apertura":"1,-3,3>1,-1,2 0,3,-2>1,2,-1 1,-1,2>-1,-1,3 -2,3,1>-1,1,2 -1,-1,3>1,-1,2 -2,4,0>-2,2,1"}
{"par":29,"whiteIs":"B","ptsW":null,"res":"tope","plies":80,"balW":416,"secs":6.7,"apertura":"1,-3,3>1,-1,2 0,3,-2>1,2,-1 1,-1,2>-1,-1,3 -2,3,1>-1,1,2 -1,-1,3>1,-1,2 -2,4,0>-2,2,1"}
{"par":30,"whiteIs":"A","ptsW":null,"res":"tope","plies":80,"balW":-135,"secs":12,"apertura":"1,-3,3>-1,-1,4 -3,3,1>-2,1,2 4,-2,-1>3,0,-2 -3,4,1>-3,3,1 0,-2,4>-1,0,3 -2,4,0>-1,2,0"}
{"par":30,"whiteIs":"B","ptsW":null,"res":"tope","plies":80,"balW":-1053,"secs":7.1,"apertura":"1,-3,3>-1,-1,4 -3,3,1>-2,1,2 4,-2,-1>3,0,-2 -3,4,1>-3,3,1 0,-2,4>-1,0,3 -2,4,0>-1,2,0"}
{"par":31,"whiteIs":"A","ptsW":null,"res":"tope","plies":80,"balW":1431,"secs":8.1,"apertura":"0,-2,4>-1,0,3 2,3,-3>2,2,-3 4,-3,1>2,-1,0 0,3,-1>0,2,-1 2,-1,0>1,1,0 -3,3,2>-2,1,3"}
{"par":31,"whiteIs":"B","ptsW":null,"res":"tope","plies":80,"balW":-107,"secs":6.3,"apertura":"0,-2,4>-1,0,3 2,3,-3>2,2,-3 4,-3,1>2,-1,0 0,3,-1>0,2,-1 2,-1,0>1,1,0 -3,3,2>-2,1,3"}
{"par":32,"whiteIs":"A","ptsW":null,"res":"tope","plies":80,"balW":330,"secs":7.2,"apertura":"1,-2,2>0,0,1 -2,4,0>0,2,-1 -1,-2,4>-1,-1,4 2,3,-3>3,1,-2 1,-3,3>1,-1,2 0,4,-3>1,2,-1"}
{"par":32,"whiteIs":"B","ptsW":null,"res":"tope","plies":80,"balW":-746,"secs":10,"apertura":"1,-2,2>0,0,1 -2,4,0>0,2,-1 -1,-2,4>-1,-1,4 2,3,-3>3,1,-2 1,-3,3>1,-1,2 0,4,-3>1,2,-1"}
{"par":33,"whiteIs":"A","ptsW":null,"res":"tope","plies":80,"balW":-70,"secs":7.3,"apertura":"3,-2,1>2,-1,0 2,3,-3>2,2,-3 0,-2,3>-1,0,2 -2,4,0>-1,2,0 3,-2,0>2,0,-1 -1,2,0>1,1,0"}
{"par":33,"whiteIs":"B","ptsW":null,"res":"tope","plies":80,"balW":-152,"secs":7,"apertura":"3,-2,1>2,-1,0 2,3,-3>2,2,-3 0,-2,3>-1,0,2 -2,4,0>-1,2,0 3,-2,0>2,0,-1 -1,2,0>1,1,0"}
{"par":34,"whiteIs":"A","ptsW":null,"res":"tope","plies":80,"balW":-365,"secs":8.4,"apertura":"1,-3,3>1,-1,2 1,3,-3>2,2,-2 0,-2,3>-1,0,2 -3,3,1>-2,2,2 3,-2,0>3,-1,0 -3,4,0>-3,0,4"}
{"par":34,"whiteIs":"B","ptsW":null,"res":"tope","plies":80,"balW":-1348,"secs":6.9,"apertura":"1,-3,3>1,-1,2 1,3,-3>2,2,-2 0,-2,3>-1,0,2 -3,3,1>-2,2,2 3,-2,0>3,-1,0 -3,4,0>-3,0,4"}
{"par":35,"whiteIs":"A","ptsW":null,"res":"tope","plies":80,"balW":658,"secs":6.8,"apertura":"1,-2,2>1,-1,2 -1,3,0>0,1,1 4,-2,0>3,-1,-1 -2,4,0>0,2,-1 0,-2,3>0,-1,3 0,3,-2>1,1,-1"}
{"par":35,"whiteIs":"B","ptsW":null,"res":"tope","plies":80,"balW":-348,"secs":9.5,"apertura":"1,-2,2>1,-1,2 -1,3,0>0,1,1 4,-2,0>3,-1,-1 -2,4,0>0,2,-1 0,-2,3>0,-1,3 0,3,-2>1,1,-1"}
{"par":36,"whiteIs":"A","ptsW":null,"res":"tope","plies":80,"balW":223,"secs":10,"apertura":"-1,-2,4>-1,-1,4 -1,3,-1>0,1,0 1,-3,3>2,-1,1 -2,4,0>-3,2,2 3,-2,0>3,-1,0 -2,4,-1>-2,4,0"}
{"par":36,"whiteIs":"B","ptsW":null,"res":"tope","plies":80,"balW":-2104,"secs":6.7,"apertura":"-1,-2,4>-1,-1,4 -1,3,-1>0,1,0 1,-3,3>2,-1,1 -2,4,0>-3,2,2 3,-2,0>3,-1,0 -2,4,-1>-2,4,0"}
{"par":37,"whiteIs":"A","ptsW":null,"res":"tope","plies":80,"balW":1011,"secs":5.5,"apertura":"2,-2,1>2,-1,1 -2,3,1>-1,1,2 2,-2,2>1,-1,1 1,3,-3>2,1,-2 4,-2,-1>4,-1,-1 -1,3,-1>0,2,0"}
{"par":37,"whiteIs":"B","ptsW":null,"res":"tope","plies":80,"balW":-335,"secs":14.9,"apertura":"2,-2,1>2,-1,1 -2,3,1>-1,1,2 2,-2,2>1,-1,1 1,3,-3>2,1,-2 4,-2,-1>4,-1,-1 -1,3,-1>0,2,0"}
{"par":38,"whiteIs":"A","ptsW":null,"res":"tope","plies":80,"balW":660,"secs":11,"apertura":"4,-3,1>3,-1,-1 -2,3,0>-1,2,1 -1,-2,4>-1,-1,4 0,3,-2>1,2,-1 3,-1,-1>1,0,1 2,3,-3>3,1,-2"}
{"par":38,"whiteIs":"B","ptsW":null,"res":"tope","plies":80,"balW":35,"secs":12.5,"apertura":"4,-3,1>3,-1,-1 -2,3,0>-1,2,1 -1,-2,4>-1,-1,4 0,3,-2>1,2,-1 3,-1,-1>1,0,1 2,3,-3>3,1,-2"}
{"par":39,"whiteIs":"A","ptsW":null,"res":"tope","plies":80,"balW":770,"secs":11.2,"apertura":"1,-2,3>0,0,2 -3,3,2>-3,2,2 1,-3,4>1,1,0 -2,3,1>-1,1,2 1,1,0>1,0,1 2,3,-3>3,1,-2"}
{"par":39,"whiteIs":"B","ptsW":null,"res":"tope","plies":80,"balW":-625,"secs":9.4,"apertura":"1,-2,3>0,0,2 -3,3,2>-3,2,2 1,-3,4>1,1,0 -2,3,1>-1,1,2 1,1,0>1,0,1 2,3,-3>3,1,-2"}
{"par":40,"whiteIs":"A","ptsW":null,"res":"tope","plies":80,"balW":-35,"secs":10.2,"apertura":"0,-2,3>0,-1,3 -2,3,1>-2,2,1 4,-2,-1>4,-1,-1 0,3,-1>0,2,-1 4,-3,1>2,-1,0 -1,3,-1>0,1,0"}
{"par":40,"whiteIs":"B","ptsW":null,"res":"tope","plies":80,"balW":-748,"secs":11.6,"apertura":"0,-2,3>0,-1,3 -2,3,1>-2,2,1 4,-2,-1>4,-1,-1 0,3,-1>0,2,-1 4,-3,1>2,-1,0 -1,3,-1>0,1,0"}
{"par":41,"whiteIs":"A","ptsW":null,"res":"tope","plies":80,"balW":296,"secs":8.8,"apertura":"1,-2,2>0,0,1 -2,4,0>-2,2,1 1,-2,3>0,0,2 -1,3,-1>0,1,0 1,-3,4>1,0,1 0,3,-2>1,2,-1"}
{"par":41,"whiteIs":"B","ptsW":null,"res":"tope","plies":80,"balW":-470,"secs":8.4,"apertura":"1,-2,2>0,0,1 -2,4,0>-2,2,1 1,-2,3>0,0,2 -1,3,-1>0,1,0 1,-3,4>1,0,1 0,3,-2>1,2,-1"}
{"par":42,"whiteIs":"A","ptsW":null,"res":"tope","plies":80,"balW":643,"secs":7.8,"apertura":"0,-2,3>0,-1,3 2,3,-3>3,1,-2 4,-2,-1>4,-1,-1 -3,3,1>-2,1,2 3,-2,0>3,-1,0 -2,4,0>-1,2,0"}
{"par":42,"whiteIs":"B","ptsW":null,"res":"tope","plies":80,"balW":-1231,"secs":6.3,"apertura":"0,-2,3>0,-1,3 2,3,-3>3,1,-2 4,-2,-1>4,-1,-1 -3,3,1>-2,1,2 3,-2,0>3,-1,0 -2,4,0>-1,2,0"}
{"par":43,"whiteIs":"A","ptsW":null,"res":"tope","plies":80,"balW":325,"secs":6.6,"apertura":"0,-2,4>-1,-1,3 -2,4,0>-1,2,0 4,-2,-1>4,-1,-1 1,3,-2>1,2,-2 4,-2,0>3,-1,-1 0,3,-1>1,1,0"}
{"par":43,"whiteIs":"B","ptsW":null,"res":"tope","plies":80,"balW":-1858,"secs":9.7,"apertura":"0,-2,4>-1,-1,3 -2,4,0>-1,2,0 4,-2,-1>4,-1,-1 1,3,-2>1,2,-2 4,-2,0>3,-1,-1 0,3,-1>1,1,0"}
{"par":44,"whiteIs":"A","ptsW":null,"res":"tope","plies":80,"balW":430,"secs":10.3,"apertura":"2,-2,1>2,-1,1 1,3,-2>2,1,-1 3,-3,1>1,-1,1 -2,3,0>-1,1,1 3,-2,1>2,-1,0 -3,4,0>-1,2,0"}
{"par":44,"whiteIs":"B","ptsW":null,"res":"tope","plies":80,"balW":-668,"secs":12,"apertura":"2,-2,1>2,-1,1 1,3,-2>2,1,-1 3,-3,1>1,-1,1 -2,3,0>-1,1,1 3,-2,1>2,-1,0 -3,4,0>-1,2,0"}
{"par":45,"whiteIs":"A","ptsW":null,"res":"tope","plies":80,"balW":-65,"secs":10.5,"apertura":"-1,-2,4>-1,-1,4 -1,3,-1>0,2,0 3,-2,0>3,-1,0 -1,3,0>0,1,1 1,-3,3>0,-1,3 0,3,-1>1,1,0"}
{"par":45,"whiteIs":"B","ptsW":null,"res":"tope","plies":80,"balW":-841,"secs":12,"apertura":"-1,-2,4>-1,-1,4 -1,3,-1>0,2,0 3,-2,0>3,-1,0 -1,3,0>0,1,1 1,-3,3>0,-1,3 0,3,-1>1,1,0"}
{"par":46,"whiteIs":"A","ptsW":null,"res":"tope","plies":80,"balW":976,"secs":10.3,"apertura":"1,-3,3>2,-1,1 0,3,-2>1,2,-1 2,-1,1>0,0,1 -2,4,0>0,2,-1 3,-2,1>2,-1,0 1,3,-3>2,2,-2"}
{"par":46,"whiteIs":"B","ptsW":null,"res":"tope","plies":80,"balW":-1358,"secs":9.8,"apertura":"1,-3,3>2,-1,1 0,3,-2>1,2,-1 2,-1,1>0,0,1 -2,4,0>0,2,-1 3,-2,1>2,-1,0 1,3,-3>2,2,-2"}
{"par":47,"whiteIs":"A","ptsW":null,"res":"tope","plies":80,"balW":172,"secs":11.2,"apertura":"1,-3,3>0,-1,3 -3,3,1>-2,1,2 0,-1,3>1,-3,3 2,3,-3>3,1,-2 1,-2,3>0,0,2 1,3,-3>2,1,-2"}
{"par":47,"whiteIs":"B","ptsW":null,"res":"tope","plies":80,"balW":-372,"secs":11,"apertura":"1,-3,3>0,-1,3 -3,3,1>-2,1,2 0,-1,3>1,-3,3 2,3,-3>3,1,-2 1,-2,3>0,0,2 1,3,-3>2,1,-2"}
{"par":48,"whiteIs":"A","ptsW":null,"res":"tope","plies":80,"balW":1435,"secs":9.5,"apertura":"4,-3,1>3,-1,-1 -1,3,-1>0,1,0 4,-2,-1>4,-1,-1 -2,3,0>-1,2,1 3,-2,1>2,-1,0 -3,3,1>-2,2,2"}
{"par":48,"whiteIs":"B","ptsW":null,"res":"tope","plies":80,"balW":-777,"secs":8.3,"apertura":"4,-3,1>3,-1,-1 -1,3,-1>0,1,0 4,-2,-1>4,-1,-1 -2,3,0>-1,2,1 3,-2,1>2,-1,0 -3,3,1>-2,2,2"}
{"par":49,"whiteIs":"A","ptsW":null,"res":"tope","plies":80,"balW":1669,"secs":6,"apertura":"1,-2,2>1,-1,2 2,3,-3>2,2,-3 1,-2,3>0,-1,2 -2,3,0>-1,1,1 0,-2,4>-1,-1,3 -1,1,1>0,0,2"}
{"par":49,"whiteIs":"B","ptsW":0,"res":"mate","plies":46,"balW":-383,"secs":5.3,"apertura":"1,-2,2>1,-1,2 2,3,-3>2,2,-3 1,-2,3>0,-1,2 -2,3,0>-1,1,1 0,-2,4>-1,-1,3 -1,1,1>0,0,2"}
{"par":50,"whiteIs":"A","ptsW":null,"res":"tope","plies":80,"balW":535,"secs":8.4,"apertura":"1,-3,3>1,-1,2 0,4,-3>1,2,-1 2,-2,1>1,0,0 1,2,-1>0,0,1 0,-2,3>-1,0,2 0,3,-2>1,2,-1"}
{"par":50,"whiteIs":"B","ptsW":null,"res":"tope","plies":80,"balW":358,"secs":10.8,"apertura":"1,-3,3>1,-1,2 0,4,-3>1,2,-1 2,-2,1>1,0,0 1,2,-1>0,0,1 0,-2,3>-1,0,2 0,3,-2>1,2,-1"}
{"par":51,"whiteIs":"A","ptsW":null,"res":"tope","plies":80,"balW":-645,"secs":7.5,"apertura":"4,-3,1>3,-1,-1 1,3,-2>2,1,-1 1,-3,3>-1,-1,4 -2,4,0>-3,2,2 0,-2,3>0,-1,3 0,4,-2>4,0,-2"}
{"par":51,"whiteIs":"B","ptsW":null,"res":"tope","plies":80,"balW":30,"secs":7.1,"apertura":"4,-3,1>3,-1,-1 1,3,-2>2,1,-1 1,-3,3>-1,-1,4 -2,4,0>-3,2,2 0,-2,3>0,-1,3 0,4,-2>4,0,-2"}
{"par":52,"whiteIs":"A","ptsW":null,"res":"tope","plies":80,"balW":0,"secs":11.6,"apertura":"3,-2,1>2,0,0 -2,3,1>-1,1,2 2,-2,2>1,0,1 -1,3,0>-1,2,0 1,-2,2>0,0,1 1,3,-3>2,1,-2"}
{"par":52,"whiteIs":"B","ptsW":null,"res":"tope","plies":80,"balW":-362,"secs":7.4,"apertura":"3,-2,1>2,0,0 -2,3,1>-1,1,2 2,-2,2>1,0,1 -1,3,0>-1,2,0 1,-2,2>0,0,1 1,3,-3>2,1,-2"}
{"par":53,"whiteIs":"A","ptsW":1,"res":"mate","plies":5,"balW":200,"secs":0.3,"apertura":"3,-2,0>3,-1,0 1,3,-2>2,1,-1 3,-1,0>2,0,-1 1,3,-3>2,2,-2 1,-3,3>-1,-1,4 2,2,-2>2,1,-2"}
{"par":53,"whiteIs":"B","ptsW":null,"res":"tope","plies":80,"balW":-313,"secs":11.3,"apertura":"3,-2,0>3,-1,0 1,3,-2>2,1,-1 3,-1,0>2,0,-1 1,3,-3>2,2,-2 1,-3,3>-1,-1,4 2,2,-2>2,1,-2"}
{"par":54,"whiteIs":"A","ptsW":null,"res":"tope","plies":80,"balW":223,"secs":13.3,"apertura":"4,-2,-1>3,0,-2 1,3,-3>2,2,-2 0,-2,3>-1,0,2 -1,3,-1>0,1,0 2,-2,2>1,0,1 -1,3,0>-1,2,0"}
{"par":54,"whiteIs":"B","ptsW":null,"res":"tope","plies":80,"balW":-665,"secs":10.1,"apertura":"4,-2,-1>3,0,-2 1,3,-3>2,2,-2 0,-2,3>-1,0,2 -1,3,-1>0,1,0 2,-2,2>1,0,1 -1,3,0>-1,2,0"}
{"par":55,"whiteIs":"A","ptsW":null,"res":"tope","plies":80,"balW":1106,"secs":8.5,"apertura":"3,-2,0>2,0,-1 -1,3,-1>0,2,0 4,-2,-1>3,0,-2 1,3,-2>1,2,-2 -1,-2,4>-2,0,3 -1,3,0>-1,2,0"}
{"par":55,"whiteIs":"B","ptsW":null,"res":"tope","plies":80,"balW":-1496,"secs":10.8,"apertura":"3,-2,0>2,0,-1 -1,3,-1>0,2,0 4,-2,-1>3,0,-2 1,3,-2>1,2,-2 -1,-2,4>-2,0,3 -1,3,0>-1,2,0"}
{"par":56,"whiteIs":"A","ptsW":null,"res":"tope","plies":80,"balW":152,"secs":21.7,"apertura":"1,-2,2>1,-1,2 -3,3,2>-3,2,2 0,-2,4>-1,-1,3 -2,4,0>-1,2,0 3,-2,1>2,0,0 0,3,-2>1,1,-1"}
{"par":56,"whiteIs":"B","ptsW":null,"res":"tope","plies":80,"balW":15,"secs":9.9,"apertura":"1,-2,2>1,-1,2 -3,3,2>-3,2,2 0,-2,4>-1,-1,3 -2,4,0>-1,2,0 3,-2,1>2,0,0 0,3,-2>1,1,-1"}
{"par":57,"whiteIs":"A","ptsW":null,"res":"tope","plies":80,"balW":358,"secs":13.5,"apertura":"0,-2,3>-1,0,2 -1,3,0>0,1,1 1,-2,3>0,-1,2 2,3,-3>2,2,-3 2,-3,2>1,-2,3 -1,3,-1>0,1,0"}
{"par":57,"whiteIs":"B","ptsW":null,"res":"tope","plies":80,"balW":-377,"secs":10.2,"apertura":"0,-2,3>-1,0,2 -1,3,0>0,1,1 1,-2,3>0,-1,2 2,3,-3>2,2,-3 2,-3,2>1,-2,3 -1,3,-1>0,1,0"}
{"par":58,"whiteIs":"A","ptsW":null,"res":"tope","plies":80,"balW":483,"secs":15.9,"apertura":"3,-2,0>2,0,-1 -3,3,2>-2,1,3 1,-2,2>1,-1,2 1,3,-3>2,2,-2 4,-2,-1>3,0,-2 -2,1,3>-2,0,3"}
{"par":58,"whiteIs":"B","ptsW":null,"res":"tope","plies":80,"balW":-513,"secs":8.3,"apertura":"3,-2,0>2,0,-1 -3,3,2>-2,1,3 1,-2,2>1,-1,2 1,3,-3>2,2,-2 4,-2,-1>3,0,-2 -2,1,3>-2,0,3"}
{"par":59,"whiteIs":"A","ptsW":null,"res":"tope","plies":80,"balW":200,"secs":7.4,"apertura":"3,-2,0>3,-1,0 2,3,-3>3,1,-2 4,-2,-1>3,0,-2 -3,3,2>-2,1,3 0,-2,3>-1,0,2 -2,3,1>-2,2,1"}
{"par":59,"whiteIs":"B","ptsW":null,"res":"tope","plies":80,"balW":-1894,"secs":7.1,"apertura":"3,-2,0>3,-1,0 2,3,-3>3,1,-2 4,-2,-1>3,0,-2 -3,3,2>-2,1,3 0,-2,3>-1,0,2 -2,3,1>-2,2,1"}
{"par":60,"whiteIs":"A","ptsW":null,"res":"tope","plies":80,"balW":248,"secs":10.2,"apertura":"4,-2,0>3,0,-1 -1,3,-1>0,2,0 3,0,-1>2,1,-2 1,3,-3>2,2,-2 1,-2,3>0,-1,2 0,2,0>0,1,0"}
{"par":60,"whiteIs":"B","ptsW":null,"res":"tope","plies":80,"balW":-1300,"secs":6.5,"apertura":"4,-2,0>3,0,-1 -1,3,-1>0,2,0 3,0,-1>2,1,-2 1,3,-3>2,2,-2 1,-2,3>0,-1,2 0,2,0>0,1,0"}
{"par":61,"whiteIs":"A","ptsW":0,"res":"mate","plies":70,"balW":225,"secs":8.9,"apertura":"4,-2,-1>3,0,-2 0,3,-2>1,2,-1 3,-2,1>2,-1,0 -1,4,-1>0,3,-2 1,-3,3>0,-1,3 2,3,-3>3,1,-2"}
{"par":61,"whiteIs":"B","ptsW":null,"res":"tope","plies":80,"balW":53,"secs":8.9,"apertura":"4,-2,-1>3,0,-2 0,3,-2>1,2,-1 3,-2,1>2,-1,0 -1,4,-1>0,3,-2 1,-3,3>0,-1,3 2,3,-3>3,1,-2"}
{"par":62,"whiteIs":"A","ptsW":null,"res":"tope","plies":80,"balW":1200,"secs":9.8,"apertura":"3,-2,1>2,-1,0 0,3,-1>1,1,0 4,-2,-1>4,-1,-1 1,3,-2>2,1,-1 -1,-2,4>-2,0,3 -1,4,-2>0,2,-1"}
{"par":62,"whiteIs":"B","ptsW":null,"res":"tope","plies":80,"balW":1664,"secs":7.7,"apertura":"3,-2,1>2,-1,0 0,3,-1>1,1,0 4,-2,-1>4,-1,-1 1,3,-2>2,1,-1 -1,-2,4>-2,0,3 -1,4,-2>0,2,-1"}
{"par":63,"whiteIs":"A","ptsW":null,"res":"tope","plies":80,"balW":706,"secs":10.3,"apertura":"4,-3,1>2,-1,0 1,3,-3>2,1,-2 2,-1,0>4,0,-2 1,3,-2>2,1,-1 4,-2,0>3,-1,-1 1,4,-3>1,0,1"}
{"par":63,"whiteIs":"B","ptsW":null,"res":"tope","plies":80,"balW":358,"secs":8.3,"apertura":"4,-3,1>2,-1,0 1,3,-3>2,1,-2 2,-1,0>4,0,-2 1,3,-2>2,1,-1 4,-2,0>3,-1,-1 1,4,-3>1,0,1"}
{"par":64,"whiteIs":"A","ptsW":null,"res":"tope","plies":80,"balW":506,"secs":11.6,"apertura":"0,-2,4>-1,0,3 -1,3,-1>0,1,0 1,-3,4>-1,-1,4 -2,4,0>-2,2,1 -1,-1,4>1,-3,4 -1,3,0>0,1,1"}
{"par":64,"whiteIs":"B","ptsW":null,"res":"tope","plies":80,"balW":-800,"secs":11.2,"apertura":"0,-2,4>-1,0,3 -1,3,-1>0,1,0 1,-3,4>-1,-1,4 -2,4,0>-2,2,1 -1,-1,4>1,-3,4 -1,3,0>0,1,1"}
{"par":65,"whiteIs":"A","ptsW":null,"res":"tope","plies":80,"balW":458,"secs":9.4,"apertura":"1,-2,3>0,0,2 2,3,-3>3,1,-2 0,-2,3>-1,0,2 -3,3,1>-2,1,2 2,-2,1>2,-1,1 -1,3,-1>0,1,0"}
{"par":65,"whiteIs":"B","ptsW":null,"res":"tope","plies":80,"balW":-1036,"secs":8.7,"apertura":"1,-2,3>0,0,2 2,3,-3>3,1,-2 0,-2,3>-1,0,2 -3,3,1>-2,1,2 2,-2,1>2,-1,1 -1,3,-1>0,1,0"}
{"par":66,"whiteIs":"A","ptsW":null,"res":"tope","plies":80,"balW":658,"secs":8.7,"apertura":"2,-2,2>1,-1,1 0,3,-2>1,2,-1 1,-3,3>0,-1,3 -3,3,2>-3,2,2 3,-2,0>2,0,-1 -1,3,0>0,1,1"}
{"par":66,"whiteIs":"B","ptsW":null,"res":"tope","plies":80,"balW":30,"secs":6.3,"apertura":"2,-2,2>1,-1,1 0,3,-2>1,2,-1 1,-3,3>0,-1,3 -3,3,2>-3,2,2 3,-2,0>2,0,-1 -1,3,0>0,1,1"}
{"par":67,"whiteIs":"A","ptsW":null,"res":"tope","plies":80,"balW":137,"secs":14,"apertura":"1,-3,3>-1,-1,4 0,4,-3>1,2,-1 0,-2,3>-1,0,2 1,2,-1>0,4,-3 -1,-1,4>-3,0,4 0,4,-3>1,2,-1"}
{"par":67,"whiteIs":"B","ptsW":null,"res":"tope","plies":80,"balW":-270,"secs":9.2,"apertura":"1,-3,3>-1,-1,4 0,4,-3>1,2,-1 0,-2,3>-1,0,2 1,2,-1>0,4,-3 -1,-1,4>-3,0,4 0,4,-3>1,2,-1"}
{"par":68,"whiteIs":"A","ptsW":1,"res":"mate","plies":1,"balW":100,"secs":0.1,"apertura":"1,-3,3>-1,-1,4 0,3,-2>1,1,-1 -1,-1,4>-3,1,3 2,3,-3>2,2,-3 0,-2,4>-1,0,3 0,4,-3>1,2,-1"}
{"par":68,"whiteIs":"B","ptsW":1,"res":"mate","plies":1,"balW":100,"secs":0.1,"apertura":"1,-3,3>-1,-1,4 0,3,-2>1,1,-1 -1,-1,4>-3,1,3 2,3,-3>2,2,-3 0,-2,4>-1,0,3 0,4,-3>1,2,-1"}
{"par":69,"whiteIs":"A","ptsW":null,"res":"tope","plies":80,"balW":836,"secs":10.3,"apertura":"1,-2,3>0,-1,2 -2,4,0>-2,2,1 3,-2,0>2,0,-1 0,4,-3>1,2,-1 3,-3,1>3,1,-3 1,3,-3>2,1,-2"}
{"par":69,"whiteIs":"B","ptsW":null,"res":"tope","plies":80,"balW":-335,"secs":7.4,"apertura":"1,-2,3>0,-1,2 -2,4,0>-2,2,1 3,-2,0>2,0,-1 0,4,-3>1,2,-1 3,-3,1>3,1,-3 1,3,-3>2,1,-2"}
{"par":70,"whiteIs":"A","ptsW":null,"res":"tope","plies":80,"balW":-48,"secs":6,"apertura":"0,-2,3>0,-1,3 1,3,-3>2,2,-2 1,-2,3>0,-1,2 0,3,-2>1,1,-1 2,-3,2>1,-2,3 -2,4,0>0,2,-1"}
{"par":70,"whiteIs":"B","ptsW":null,"res":"tope","plies":80,"balW":-778,"secs":5.6,"apertura":"0,-2,3>0,-1,3 1,3,-3>2,2,-2 1,-2,3>0,-1,2 0,3,-2>1,1,-1 2,-3,2>1,-2,3 -2,4,0>0,2,-1"}
{"par":71,"whiteIs":"A","ptsW":null,"res":"tope","plies":80,"balW":-93,"secs":6.5,"apertura":"1,-3,3>2,-1,1 -3,3,2>-3,2,2 1,-2,2>1,-1,2 -3,3,1>-2,1,2 3,-2,1>2,0,0 -2,3,0>-1,2,1"}
{"par":71,"whiteIs":"B","ptsW":null,"res":"tope","plies":80,"balW":-1183,"secs":9.5,"apertura":"1,-3,3>2,-1,1 -3,3,2>-3,2,2 1,-2,2>1,-1,2 -3,3,1>-2,1,2 3,-2,1>2,0,0 -2,3,0>-1,2,1"}
{"par":72,"whiteIs":"A","ptsW":null,"res":"tope","plies":80,"balW":700,"secs":6.4,"apertura":"2,-2,1>2,-1,1 -2,3,1>-1,1,2 3,-3,1>0,0,1 1,3,-3>2,2,-2 1,-2,2>1,-1,2 0,3,-2>1,1,-1"}
{"par":72,"whiteIs":"B","ptsW":null,"res":"tope","plies":80,"balW":-453,"secs":7.6,"apertura":"2,-2,1>2,-1,1 -2,3,1>-1,1,2 3,-3,1>0,0,1 1,3,-3>2,2,-2 1,-2,2>1,-1,2 0,3,-2>1,1,-1"}
{"par":73,"whiteIs":"A","ptsW":null,"res":"tope","plies":80,"balW":-265,"secs":7.8,"apertura":"1,-3,3>1,-1,2 1,3,-2>1,2,-2 1,-1,2>1,-3,3 0,4,-2>2,2,-2 3,-2,0>2,0,-1 2,2,-2>4,0,-2"}
{"par":73,"whiteIs":"B","ptsW":null,"res":"tope","plies":80,"balW":-2394,"secs":6.2,"apertura":"1,-3,3>1,-1,2 1,3,-2>1,2,-2 1,-1,2>1,-3,3 0,4,-2>2,2,-2 3,-2,0>2,0,-1 2,2,-2>4,0,-2"}
{"par":74,"whiteIs":"A","ptsW":null,"res":"tope","plies":80,"balW":-688,"secs":7.1,"apertura":"2,-2,2>1,0,1 -2,4,0>-2,2,1 2,-2,1>2,-1,1 -1,3,0>0,1,1 2,-3,3>2,-2,2 1,3,-3>2,2,-2"}
{"par":74,"whiteIs":"B","ptsW":null,"res":"tope","plies":80,"balW":-100,"secs":9.1,"apertura":"2,-2,2>1,0,1 -2,4,0>-2,2,1 2,-2,1>2,-1,1 -1,3,0>0,1,1 2,-3,3>2,-2,2 1,3,-3>2,2,-2"}
{"par":75,"whiteIs":"A","ptsW":null,"res":"tope","plies":80,"balW":1546,"secs":10.6,"apertura":"-1,-2,4>-1,-1,4 -1,3,0>0,1,1 1,-3,3>1,-1,2 0,3,-1>0,2,-1 1,-1,2>-1,-1,3 0,3,-2>1,2,-1"}
{"par":75,"whiteIs":"B","ptsW":null,"res":"tope","plies":80,"balW":-501,"secs":8.9,"apertura":"-1,-2,4>-1,-1,4 -1,3,0>0,1,1 1,-3,3>1,-1,2 0,3,-1>0,2,-1 1,-1,2>-1,-1,3 0,3,-2>1,2,-1"}
{"par":76,"whiteIs":"A","ptsW":null,"res":"tope","plies":80,"balW":676,"secs":9.9,"apertura":"2,-2,2>1,0,1 -3,3,1>-2,2,2 0,-2,3>0,-1,3 -2,4,0>-3,2,2 3,-2,0>2,0,-1 -3,2,2>-1,1,2"}
{"par":76,"whiteIs":"B","ptsW":null,"res":"tope","plies":80,"balW":-505,"secs":15.3,"apertura":"2,-2,2>1,0,1 -3,3,1>-2,2,2 0,-2,3>0,-1,3 -2,4,0>-3,2,2 3,-2,0>2,0,-1 -3,2,2>-1,1,2"}
{"par":77,"whiteIs":"A","ptsW":null,"res":"tope","plies":80,"balW":413,"secs":5.1,"apertura":"2,-2,2>1,0,1 0,4,-3>2,2,-2 3,-2,0>3,-1,0 -1,3,-1>0,1,0 1,-2,3>0,0,2 -3,3,2>-2,1,3"}
{"par":77,"whiteIs":"B","ptsW":null,"res":"tope","plies":80,"balW":-943,"secs":12.1,"apertura":"2,-2,2>1,0,1 0,4,-3>2,2,-2 3,-2,0>3,-1,0 -1,3,-1>0,1,0 1,-2,3>0,0,2 -3,3,2>-2,1,3"}
{"par":78,"whiteIs":"A","ptsW":null,"res":"tope","plies":80,"balW":200,"secs":7.5,"apertura":"0,-2,3>0,-1,3 0,3,-1>1,1,0 0,-1,3>-1,0,2 -2,3,1>-2,2,1 1,-3,3>1,-1,2 1,3,-3>2,1,-2"}
{"par":78,"whiteIs":"B","ptsW":null,"res":"tope","plies":80,"balW":-170,"secs":8.8,"apertura":"0,-2,3>0,-1,3 0,3,-1>1,1,0 0,-1,3>-1,0,2 -2,3,1>-2,2,1 1,-3,3>1,-1,2 1,3,-3>2,1,-2"}
{"par":79,"whiteIs":"A","ptsW":null,"res":"tope","plies":80,"balW":583,"secs":6.3,"apertura":"1,-2,3>0,0,2 2,3,-3>2,2,-3 1,-3,4>1,-1,2 -1,3,-1>0,2,0 1,-1,2>2,-1,1 -1,4,-1>-1,3,-1"}
{"par":79,"whiteIs":"B","ptsW":null,"res":"tope","plies":80,"balW":-1624,"secs":7.8,"apertura":"1,-2,3>0,0,2 2,3,-3>2,2,-3 1,-3,4>1,-1,2 -1,3,-1>0,2,0 1,-1,2>2,-1,1 -1,4,-1>-1,3,-1"}
{"par":80,"whiteIs":"A","ptsW":1,"res":"mate","plies":61,"balW":153,"secs":9.3,"apertura":"1,-3,3>0,-1,3 -3,3,1>-2,2,2 4,-3,1>3,-1,-1 -1,3,0>-1,2,0 3,-1,-1>3,1,-2 1,3,-2>2,1,-1"}
{"par":80,"whiteIs":"B","ptsW":null,"res":"tope","plies":80,"balW":-1771,"secs":6.9,"apertura":"1,-3,3>0,-1,3 -3,3,1>-2,2,2 4,-3,1>3,-1,-1 -1,3,0>-1,2,0 3,-1,-1>3,1,-2 1,3,-2>2,1,-1"}
{"par":81,"whiteIs":"A","ptsW":1,"res":"mate","plies":77,"balW":1083,"secs":12.8,"apertura":"1,-3,3>0,-1,3 -3,3,1>-2,2,2 0,-1,3>1,-1,1 -2,2,2>-2,1,2 4,-2,0>3,0,-1 -2,3,1>-2,2,1"}
{"par":81,"whiteIs":"B","ptsW":null,"res":"tope","plies":80,"balW":-1111,"secs":5.7,"apertura":"1,-3,3>0,-1,3 -3,3,1>-2,2,2 0,-1,3>1,-1,1 -2,2,2>-2,1,2 4,-2,0>3,0,-1 -2,3,1>-2,2,1"}
{"par":82,"whiteIs":"A","ptsW":1,"res":"mate","plies":3,"balW":100,"secs":0.2,"apertura":"2,-2,2>1,0,1 -1,3,-1>0,1,0 1,-3,3>-1,-1,4 0,3,-1>1,1,0 0,-2,4>-1,-1,3 0,4,-2>0,3,-1"}
{"par":82,"whiteIs":"B","ptsW":null,"res":"tope","plies":80,"balW":-783,"secs":9.7,"apertura":"2,-2,2>1,0,1 -1,3,-1>0,1,0 1,-3,3>-1,-1,4 0,3,-1>1,1,0 0,-2,4>-1,-1,3 0,4,-2>0,3,-1"}
{"par":83,"whiteIs":"A","ptsW":null,"res":"tope","plies":80,"balW":928,"secs":8.4,"apertura":"4,-2,0>3,0,-1 -3,3,1>-2,1,2 0,-2,3>-1,0,2 -2,1,2>-1,0,3 0,-2,4>-1,-1,3 1,3,-2>2,1,-1"}
{"par":83,"whiteIs":"B","ptsW":null,"res":"tope","plies":80,"balW":-1011,"secs":8.4,"apertura":"4,-2,0>3,0,-1 -3,3,1>-2,1,2 0,-2,3>-1,0,2 -2,1,2>-1,0,3 0,-2,4>-1,-1,3 1,3,-2>2,1,-1"}
{"par":84,"whiteIs":"A","ptsW":null,"res":"tope","plies":80,"balW":1206,"secs":6.4,"apertura":"2,-2,2>1,-1,1 0,4,-3>2,2,-2 3,-2,0>2,0,-1 0,3,-2>1,2,-1 1,-3,3>0,-1,3 2,2,-2>0,1,0"}
{"par":84,"whiteIs":"B","ptsW":null,"res":"tope","plies":80,"balW":-148,"secs":6.3,"apertura":"2,-2,2>1,-1,1 0,4,-3>2,2,-2 3,-2,0>2,0,-1 0,3,-2>1,2,-1 1,-3,3>0,-1,3 2,2,-2>0,1,0"}
{"par":85,"whiteIs":"A","ptsW":null,"res":"tope","plies":80,"balW":148,"secs":5.4,"apertura":"2,-2,1>2,-1,1 1,3,-2>1,2,-2 1,-3,3>-1,-1,4 -1,3,-1>0,2,0 -1,-1,4>1,-3,3 -3,3,2>-3,2,2"}
{"par":85,"whiteIs":"B","ptsW":null,"res":"tope","plies":80,"balW":-406,"secs":9.1,"apertura":"2,-2,1>2,-1,1 1,3,-2>1,2,-2 1,-3,3>-1,-1,4 -1,3,-1>0,2,0 -1,-1,4>1,-3,3 -3,3,2>-3,2,2"}
{"par":86,"whiteIs":"A","ptsW":null,"res":"tope","plies":80,"balW":170,"secs":9.1,"apertura":"4,-2,0>3,0,-1 -1,3,-1>0,1,0 1,-3,3>-1,-1,4 1,3,-3>2,2,-2 3,0,-1>2,1,-2 -3,3,1>-2,2,2"}
{"par":86,"whiteIs":"B","ptsW":null,"res":"tope","plies":80,"balW":-407,"secs":8.3,"apertura":"4,-2,0>3,0,-1 -1,3,-1>0,1,0 1,-3,3>-1,-1,4 1,3,-3>2,2,-2 3,0,-1>2,1,-2 -3,3,1>-2,2,2"}
{"par":87,"whiteIs":"A","ptsW":null,"res":"tope","plies":80,"balW":1468,"secs":9.8,"apertura":"3,-2,1>2,0,0 0,3,-1>0,2,-1 0,-2,4>-1,-1,3 2,3,-3>3,1,-2 2,-2,1>2,-1,1 -1,4,-2>0,3,-1"}
{"par":87,"whiteIs":"B","ptsW":null,"res":"tope","plies":80,"balW":-876,"secs":10,"apertura":"3,-2,1>2,0,0 0,3,-1>0,2,-1 0,-2,4>-1,-1,3 2,3,-3>3,1,-2 2,-2,1>2,-1,1 -1,4,-2>0,3,-1"}
{"par":88,"whiteIs":"A","ptsW":null,"res":"tope","plies":80,"balW":-100,"secs":11.8,"apertura":"0,-2,3>-1,0,2 0,3,-1>1,1,0 2,-2,2>1,-1,1 -2,3,0>-1,2,1 4,-2,-1>3,0,-2 0,4,-2>0,1,1"}
{"par":88,"whiteIs":"B","ptsW":null,"res":"tope","plies":80,"balW":-693,"secs":10.5,"apertura":"0,-2,3>-1,0,2 0,3,-1>1,1,0 2,-2,2>1,-1,1 -2,3,0>-1,2,1 4,-2,-1>3,0,-2 0,4,-2>0,1,1"}
{"par":89,"whiteIs":"A","ptsW":null,"res":"tope","plies":80,"balW":1906,"secs":8.5,"apertura":"3,-2,0>2,0,-1 0,3,-1>1,1,0 4,-2,0>3,0,-1 0,4,-3>2,2,-2 0,-2,4>-1,-1,3 1,3,-2>1,2,-2"}
{"par":89,"whiteIs":"B","ptsW":0,"res":"mate","plies":50,"balW":-823,"secs":11.7,"apertura":"3,-2,0>2,0,-1 0,3,-1>1,1,0 4,-2,0>3,0,-1 0,4,-3>2,2,-2 0,-2,4>-1,-1,3 1,3,-2>1,2,-2"}
{"par":90,"whiteIs":"A","ptsW":null,"res":"tope","plies":80,"balW":248,"secs":10.7,"apertura":"1,-3,3>2,-1,1 -3,3,1>-2,1,2 2,-1,1>0,-1,2 2,3,-3>3,1,-2 4,-2,0>3,-1,-1 -2,1,2>-1,0,3"}
{"par":90,"whiteIs":"B","ptsW":null,"res":"tope","plies":80,"balW":-855,"secs":7.7,"apertura":"1,-3,3>2,-1,1 -3,3,1>-2,1,2 2,-1,1>0,-1,2 2,3,-3>3,1,-2 4,-2,0>3,-1,-1 -2,1,2>-1,0,3"}
{"par":91,"whiteIs":"A","ptsW":null,"res":"tope","plies":80,"balW":100,"secs":10.3,"apertura":"3,-2,1>2,-1,0 -2,3,1>-1,1,2 0,-2,3>-1,0,2 1,3,-2>1,2,-2 -1,-2,4>-2,0,3 -2,4,0>0,2,-1"}
{"par":91,"whiteIs":"B","ptsW":null,"res":"tope","plies":80,"balW":-635,"secs":6.9,"apertura":"3,-2,1>2,-1,0 -2,3,1>-1,1,2 0,-2,3>-1,0,2 1,3,-2>1,2,-2 -1,-2,4>-2,0,3 -2,4,0>0,2,-1"}
{"par":92,"whiteIs":"A","ptsW":null,"res":"tope","plies":80,"balW":755,"secs":9.1,"apertura":"0,-2,3>-1,0,2 -3,3,1>-2,2,2 3,-2,1>2,-1,0 -2,4,0>-3,2,2 1,-2,3>0,0,2 -3,2,2>-1,1,2"}
{"par":92,"whiteIs":"B","ptsW":null,"res":"tope","plies":80,"balW":-541,"secs":7,"apertura":"0,-2,3>-1,0,2 -3,3,1>-2,2,2 3,-2,1>2,-1,0 -2,4,0>-3,2,2 1,-2,3>0,0,2 -3,2,2>-1,1,2"}
{"par":93,"whiteIs":"A","ptsW":null,"res":"tope","plies":80,"balW":475,"secs":8.3,"apertura":"4,-2,0>3,-1,-1 0,4,-3>1,2,-1 3,-1,-1>3,0,-1 2,3,-3>3,1,-2 2,-2,2>1,0,1 -2,3,1>-2,2,1"}
{"par":93,"whiteIs":"B","ptsW":null,"res":"tope","plies":80,"balW":-200,"secs":7,"apertura":"4,-2,0>3,-1,-1 0,4,-3>1,2,-1 3,-1,-1>3,0,-1 2,3,-3>3,1,-2 2,-2,2>1,0,1 -2,3,1>-2,2,1"}
{"par":94,"whiteIs":"A","ptsW":null,"res":"tope","plies":80,"balW":800,"secs":8.5,"apertura":"2,-2,1>2,-1,1 -2,3,0>-1,2,1 1,-3,3>0,-1,3 0,4,-3>1,2,-1 3,-2,0>3,-1,0 2,3,-3>3,1,-2"}
{"par":94,"whiteIs":"B","ptsW":null,"res":"tope","plies":80,"balW":-241,"secs":9.8,"apertura":"2,-2,1>2,-1,1 -2,3,0>-1,2,1 1,-3,3>0,-1,3 0,4,-3>1,2,-1 3,-2,0>3,-1,0 2,3,-3>3,1,-2"}
{"par":95,"whiteIs":"A","ptsW":null,"res":"tope","plies":80,"balW":493,"secs":7.8,"apertura":"-1,-2,4>-1,-1,4 -2,3,1>-2,2,1 2,-2,1>2,-1,1 -1,3,-1>0,2,0 4,-2,-1>4,-1,-1 -3,3,1>-2,1,2"}
{"par":95,"whiteIs":"B","ptsW":null,"res":"tope","plies":80,"balW":-1388,"secs":11.8,"apertura":"-1,-2,4>-1,-1,4 -2,3,1>-2,2,1 2,-2,1>2,-1,1 -1,3,-1>0,2,0 4,-2,-1>4,-1,-1 -3,3,1>-2,1,2"}
{"par":96,"whiteIs":"A","ptsW":null,"res":"tope","plies":80,"balW":913,"secs":9.4,"apertura":"0,-2,4>-1,-1,3 -2,3,1>-1,1,2 1,-2,3>0,0,2 -2,4,0>0,2,-1 4,-2,-1>4,-1,-1 -2,3,0>-1,1,1"}
{"par":96,"whiteIs":"B","ptsW":null,"res":"tope","plies":80,"balW":-513,"secs":7.5,"apertura":"0,-2,4>-1,-1,3 -2,3,1>-1,1,2 1,-2,3>0,0,2 -2,4,0>0,2,-1 4,-2,-1>4,-1,-1 -2,3,0>-1,1,1"}
{"par":97,"whiteIs":"A","ptsW":null,"res":"tope","plies":80,"balW":1148,"secs":11.3,"apertura":"3,-2,0>2,0,-1 -2,3,0>-1,2,1 3,-3,1>3,-2,0 1,3,-2>1,2,-2 1,-3,3>2,-1,1 -3,4,0>-1,2,0"}
{"par":97,"whiteIs":"B","ptsW":null,"res":"tope","plies":80,"balW":-648,"secs":6.5,"apertura":"3,-2,0>2,0,-1 -2,3,0>-1,2,1 3,-3,1>3,-2,0 1,3,-2>1,2,-2 1,-3,3>2,-1,1 -3,4,0>-1,2,0"}
{"par":98,"whiteIs":"A","ptsW":null,"res":"tope","plies":80,"balW":583,"secs":10.5,"apertura":"1,-3,3>-1,-1,4 -2,3,1>-2,2,1 -1,-1,4>1,-3,3 1,3,-2>2,1,-1 0,-2,3>-1,0,2 -1,3,0>0,1,1"}
{"par":98,"whiteIs":"B","ptsW":null,"res":"tope","plies":80,"balW":-1566,"secs":11,"apertura":"1,-3,3>-1,-1,4 -2,3,1>-2,2,1 -1,-1,4>1,-3,3 1,3,-2>2,1,-1 0,-2,3>-1,0,2 -1,3,0>0,1,1"}
{"par":99,"whiteIs":"A","ptsW":null,"res":"tope","plies":80,"balW":270,"secs":10.8,"apertura":"1,-3,3>-1,-1,4 1,3,-2>2,1,-1 -1,-1,4>-1,0,2 2,3,-3>2,2,-3 -1,-2,4>-1,-1,4 -1,3,0>-1,2,0"}
{"par":99,"whiteIs":"B","ptsW":null,"res":"tope","plies":80,"balW":-323,"secs":11.8,"apertura":"1,-3,3>-1,-1,4 1,3,-2>2,1,-1 -1,-1,4>-1,0,2 2,3,-3>2,2,-3 -1,-2,4>-1,-1,4 -1,3,0>-1,2,0"}
{"par":100,"whiteIs":"A","ptsW":null,"res":"tope","plies":80,"balW":630,"secs":13.1,"apertura":"2,-2,1>1,0,0 0,3,-1>0,2,-1 3,-2,0>3,-1,0 1,3,-2>1,2,-2 1,-2,2>0,0,1 -1,3,-1>0,1,0"}
{"par":100,"whiteIs":"B","ptsW":null,"res":"tope","plies":80,"balW":-418,"secs":12.5,"apertura":"2,-2,1>1,0,0 0,3,-1>0,2,-1 3,-2,0>3,-1,0 1,3,-2>1,2,-2 1,-2,2>0,0,1 -1,3,-1>0,1,0"}
{"par":101,"whiteIs":"A","ptsW":null,"res":"tope","plies":80,"balW":100,"secs":10.5,"apertura":"2,-2,2>1,0,1 -2,3,1>-1,1,2 1,-2,2>1,-1,2 -2,4,0>-2,2,1 -1,-2,4>-2,0,3 0,3,-1>0,2,-1"}
{"par":101,"whiteIs":"B","ptsW":null,"res":"tope","plies":80,"balW":-200,"secs":8.6,"apertura":"2,-2,2>1,0,1 -2,3,1>-1,1,2 1,-2,2>1,-1,2 -2,4,0>-2,2,1 -1,-2,4>-2,0,3 0,3,-1>0,2,-1"}
{"par":102,"whiteIs":"A","ptsW":null,"res":"tope","plies":80,"balW":-435,"secs":10,"apertura":"3,-2,1>2,0,0 -3,3,1>-2,2,2 2,-2,1>1,0,0 -1,3,-1>0,2,0 3,-3,1>-1,1,1 -1,3,0>-1,2,0"}
{"par":102,"whiteIs":"B","ptsW":null,"res":"tope","plies":80,"balW":-355,"secs":8.1,"apertura":"3,-2,1>2,0,0 -3,3,1>-2,2,2 2,-2,1>1,0,0 -1,3,-1>0,2,0 3,-3,1>-1,1,1 -1,3,0>-1,2,0"}
{"par":103,"whiteIs":"A","ptsW":null,"res":"tope","plies":80,"balW":901,"secs":7.5,"apertura":"2,-2,1>2,-1,1 0,3,-2>1,1,-1 1,-2,2>0,0,1 1,1,-1>2,0,0 2,-3,3>1,-2,2 -2,3,1>-1,1,2"}
{"par":103,"whiteIs":"B","ptsW":null,"res":"tope","plies":80,"balW":-370,"secs":8.6,"apertura":"2,-2,1>2,-1,1 0,3,-2>1,1,-1 1,-2,2>0,0,1 1,1,-1>2,0,0 2,-3,3>1,-2,2 -2,3,1>-1,1,2"}
{"par":104,"whiteIs":"A","ptsW":null,"res":"tope","plies":80,"balW":425,"secs":7.8,"apertura":"1,-2,2>0,0,1 -3,3,1>-2,2,2 1,-3,3>-1,-1,4 -3,3,2>-3,2,2 -1,-1,4>-3,0,4 -2,4,0>-1,2,0"}
{"par":104,"whiteIs":"B","ptsW":null,"res":"tope","plies":80,"balW":-30,"secs":6.7,"apertura":"1,-2,2>0,0,1 -3,3,1>-2,2,2 1,-3,3>-1,-1,4 -3,3,2>-3,2,2 -1,-1,4>-3,0,4 -2,4,0>-1,2,0"}
{"par":105,"whiteIs":"A","ptsW":null,"res":"tope","plies":80,"balW":200,"secs":9.1,"apertura":"2,-2,2>1,-1,1 -2,3,0>-1,2,1 0,-2,3>-1,0,2 1,3,-3>2,2,-2 3,-2,1>2,-1,0 -2,4,0>-1,2,0"}
{"par":105,"whiteIs":"B","ptsW":null,"res":"tope","plies":80,"balW":-248,"secs":5.4,"apertura":"2,-2,2>1,-1,1 -2,3,0>-1,2,1 0,-2,3>-1,0,2 1,3,-3>2,2,-2 3,-2,1>2,-1,0 -2,4,0>-1,2,0"}
{"par":106,"whiteIs":"A","ptsW":null,"res":"tope","plies":80,"balW":858,"secs":6.1,"apertura":"3,-2,1>2,-1,0 1,3,-2>1,2,-2 2,-3,2>3,-2,1 0,4,-2>1,3,-2 2,-1,0>2,0,0 -2,3,0>-1,1,1"}
{"par":106,"whiteIs":"B","ptsW":null,"res":"tope","plies":80,"balW":-223,"secs":10.3,"apertura":"3,-2,1>2,-1,0 1,3,-2>1,2,-2 2,-3,2>3,-2,1 0,4,-2>1,3,-2 2,-1,0>2,0,0 -2,3,0>-1,1,1"}
{"par":107,"whiteIs":"A","ptsW":null,"res":"tope","plies":80,"balW":170,"secs":10.8,"apertura":"-1,-2,4>-2,0,3 -1,3,-1>0,2,0 -2,0,3>-2,1,3 0,4,-3>1,2,-1 3,-2,0>2,0,-1 0,3,-1>1,1,0"}
{"par":107,"whiteIs":"B","ptsW":null,"res":"tope","plies":80,"balW":-1238,"secs":11.4,"apertura":"-1,-2,4>-2,0,3 -1,3,-1>0,2,0 -2,0,3>-2,1,3 0,4,-3>1,2,-1 3,-2,0>2,0,-1 0,3,-1>1,1,0"}
{"par":108,"whiteIs":"A","ptsW":null,"res":"tope","plies":80,"balW":1118,"secs":7.1,"apertura":"4,-2,-1>4,-1,-1 -2,4,0>-2,2,1 4,-1,-1>3,0,-2 -2,3,0>-1,1,1 1,-3,3>1,-1,2 -3,3,1>-2,2,2"}
{"par":108,"whiteIs":"B","ptsW":null,"res":"tope","plies":80,"balW":-1181,"secs":7.3,"apertura":"4,-2,-1>4,-1,-1 -2,4,0>-2,2,1 4,-1,-1>3,0,-2 -2,3,0>-1,1,1 1,-3,3>1,-1,2 -3,3,1>-2,2,2"}
{"par":109,"whiteIs":"A","ptsW":null,"res":"tope","plies":80,"balW":1288,"secs":7,"apertura":"2,-2,2>1,-1,1 0,3,-2>1,1,-1 3,-2,1>2,0,0 0,3,-1>1,1,0 -1,-2,4>-1,-1,4 1,3,-3>2,1,-2"}
{"par":109,"whiteIs":"B","ptsW":null,"res":"tope","plies":80,"balW":-383,"secs":10.9,"apertura":"2,-2,2>1,-1,1 0,3,-2>1,1,-1 3,-2,1>2,0,0 0,3,-1>1,1,0 -1,-2,4>-1,-1,4 1,3,-3>2,1,-2"}
{"par":110,"whiteIs":"A","ptsW":null,"res":"tope","plies":80,"balW":275,"secs":9.4,"apertura":"3,-2,1>2,-1,0 -2,3,1>-1,1,2 1,-2,2>1,-1,2 -2,4,0>0,2,-1 0,-2,3>-1,0,2 -2,3,0>-1,1,1"}
{"par":110,"whiteIs":"B","ptsW":null,"res":"tope","plies":80,"balW":-1541,"secs":8.8,"apertura":"3,-2,1>2,-1,0 -2,3,1>-1,1,2 1,-2,2>1,-1,2 -2,4,0>0,2,-1 0,-2,3>-1,0,2 -2,3,0>-1,1,1"}
{"par":111,"whiteIs":"A","ptsW":null,"res":"tope","plies":80,"balW":1235,"secs":6,"apertura":"2,-2,2>1,0,1 1,3,-2>1,2,-2 4,-3,1>2,-1,0 -2,3,0>-1,1,1 1,-3,3>0,-1,3 -3,4,0>-1,2,0"}
{"par":111,"whiteIs":"B","ptsW":null,"res":"tope","plies":80,"balW":-442,"secs":9.4,"apertura":"2,-2,2>1,0,1 1,3,-2>1,2,-2 4,-3,1>2,-1,0 -2,3,0>-1,1,1 1,-3,3>0,-1,3 -3,4,0>-1,2,0"}
{"par":112,"whiteIs":"A","ptsW":null,"res":"tope","plies":80,"balW":195,"secs":8.2,"apertura":"4,-2,-1>4,-1,-1 -2,3,1>-1,1,2 1,-2,3>0,-1,2 -3,3,1>-2,2,2 4,-2,0>3,-1,-1 -3,4,0>-3,3,1"}
{"par":112,"whiteIs":"B","ptsW":null,"res":"tope","plies":80,"balW":-565,"secs":9.3,"apertura":"4,-2,-1>4,-1,-1 -2,3,1>-1,1,2 1,-2,3>0,-1,2 -3,3,1>-2,2,2 4,-2,0>3,-1,-1 -3,4,0>-3,3,1"}
{"par":113,"whiteIs":"A","ptsW":null,"res":"tope","plies":80,"balW":458,"secs":9.8,"apertura":"4,-3,1>2,-1,0 -1,3,-1>0,2,0 1,-2,2>1,-1,2 1,3,-2>2,1,-1 4,-2,0>3,0,-1 0,4,-2>2,2,-2"}
{"par":113,"whiteIs":"B","ptsW":null,"res":"tope","plies":80,"balW":-225,"secs":5.7,"apertura":"4,-3,1>2,-1,0 -1,3,-1>0,2,0 1,-2,2>1,-1,2 1,3,-2>2,1,-1 4,-2,0>3,0,-1 0,4,-2>2,2,-2"}
{"par":114,"whiteIs":"A","ptsW":null,"res":"tope","plies":80,"balW":-228,"secs":10.1,"apertura":"-1,-2,4>-2,0,3 -2,4,0>-3,2,2 3,-2,0>2,0,-1 -2,3,0>-1,2,1 0,-2,4>-1,-1,3 -3,4,0>-1,2,0"}
{"par":114,"whiteIs":"B","ptsW":null,"res":"tope","plies":80,"balW":-889,"secs":7.3,"apertura":"-1,-2,4>-2,0,3 -2,4,0>-3,2,2 3,-2,0>2,0,-1 -2,3,0>-1,2,1 0,-2,4>-1,-1,3 -3,4,0>-1,2,0"}
{"par":115,"whiteIs":"A","ptsW":null,"res":"tope","plies":80,"balW":2136,"secs":5.8,"apertura":"1,-2,2>0,0,1 2,3,-3>2,2,-3 2,-2,2>1,0,1 1,3,-2>2,1,-1 4,-3,1>2,-1,0 -1,3,-1>0,2,0"}
{"par":115,"whiteIs":"B","ptsW":null,"res":"tope","plies":80,"balW":-643,"secs":9.7,"apertura":"1,-2,2>0,0,1 2,3,-3>2,2,-3 2,-2,2>1,0,1 1,3,-2>2,1,-1 4,-3,1>2,-1,0 -1,3,-1>0,2,0"}
{"par":116,"whiteIs":"A","ptsW":null,"res":"tope","plies":80,"balW":1298,"secs":11.4,"apertura":"4,-3,1>2,-1,0 0,3,-1>1,1,0 1,-3,3>1,-1,2 -3,3,2>-3,2,2 0,-2,3>-1,0,2 -3,3,1>-2,2,2"}
{"par":116,"whiteIs":"B","ptsW":null,"res":"tope","plies":80,"balW":-523,"secs":9.1,"apertura":"4,-3,1>2,-1,0 0,3,-1>1,1,0 1,-3,3>1,-1,2 -3,3,2>-3,2,2 0,-2,3>-1,0,2 -3,3,1>-2,2,2"}
{"par":117,"whiteIs":"A","ptsW":null,"res":"tope","plies":80,"balW":295,"secs":11.9,"apertura":"2,-2,2>1,-1,1 -1,3,-1>0,2,0 3,-2,0>2,0,-1 -1,4,-1>-1,3,-1 1,-2,3>0,-1,2 -2,3,1>-2,2,1"}
{"par":117,"whiteIs":"B","ptsW":null,"res":"tope","plies":80,"balW":-635,"secs":10.8,"apertura":"2,-2,2>1,-1,1 -1,3,-1>0,2,0 3,-2,0>2,0,-1 -1,4,-1>-1,3,-1 1,-2,3>0,-1,2 -2,3,1>-2,2,1"}
{"par":118,"whiteIs":"A","ptsW":null,"res":"tope","plies":80,"balW":373,"secs":7.5,"apertura":"4,-2,0>3,-1,-1 1,3,-3>2,2,-2 1,-3,3>1,-1,2 2,3,-3>2,2,-3 0,-2,4>-1,0,3 -2,4,0>-2,2,1"}
{"par":118,"whiteIs":"B","ptsW":null,"res":"tope","plies":80,"balW":-1018,"secs":10.2,"apertura":"4,-2,0>3,-1,-1 1,3,-3>2,2,-2 1,-3,3>1,-1,2 2,3,-3>2,2,-3 0,-2,4>-1,0,3 -2,4,0>-2,2,1"}
{"par":119,"whiteIs":"A","ptsW":0,"res":"mate","plies":80,"balW":365,"secs":7.2,"apertura":"4,-2,0>3,-1,-1 -3,3,2>-2,1,3 0,-2,4>-1,-1,3 -2,3,0>-1,2,1 3,-2,0>3,-1,0 -2,4,0>0,2,-1"}
{"par":119,"whiteIs":"B","ptsW":null,"res":"tope","plies":80,"balW":-1264,"secs":7.1,"apertura":"4,-2,0>3,-1,-1 -3,3,2>-2,1,3 0,-2,4>-1,-1,3 -2,3,0>-1,2,1 3,-2,0>3,-1,0 -2,4,0>0,2,-1"}
{"par":120,"whiteIs":"A","ptsW":null,"res":"tope","plies":80,"balW":270,"secs":9.5,"apertura":"2,-2,1>1,0,0 -2,3,0>-1,2,1 1,-2,3>0,0,2 -1,3,0>-1,2,0 2,-2,2>1,-1,1 -2,4,-1>-2,3,0"}
{"par":120,"whiteIs":"B","ptsW":null,"res":"tope","plies":80,"balW":-338,"secs":8.8,"apertura":"2,-2,1>1,0,0 -2,3,0>-1,2,1 1,-2,3>0,0,2 -1,3,0>-1,2,0 2,-2,2>1,-1,1 -2,4,-1>-2,3,0"}
{"par":121,"whiteIs":"A","ptsW":null,"res":"tope","plies":80,"balW":310,"secs":7,"apertura":"2,-2,2>1,0,1 -2,4,0>-1,2,0 1,-3,3>1,-1,2 -1,2,0>0,0,2 3,-2,1>2,0,0 0,3,-1>0,2,-1"}
{"par":121,"whiteIs":"B","ptsW":null,"res":"tope","plies":80,"balW":-358,"secs":8.2,"apertura":"2,-2,2>1,0,1 -2,4,0>-1,2,0 1,-3,3>1,-1,2 -1,2,0>0,0,2 3,-2,1>2,0,0 0,3,-1>0,2,-1"}
{"par":122,"whiteIs":"A","ptsW":null,"res":"tope","plies":80,"balW":-568,"secs":12,"apertura":"0,-2,4>-1,0,3 -3,3,1>-2,2,2 1,-3,3>0,-1,3 -3,3,2>-2,1,3 3,-2,1>2,0,0 -2,2,2>-2,1,2"}
{"par":122,"whiteIs":"B","ptsW":null,"res":"tope","plies":80,"balW":-240,"secs":8.2,"apertura":"0,-2,4>-1,0,3 -3,3,1>-2,2,2 1,-3,3>0,-1,3 -3,3,2>-2,1,3 3,-2,1>2,0,0 -2,2,2>-2,1,2"}
{"par":123,"whiteIs":"A","ptsW":null,"res":"tope","plies":80,"balW":-70,"secs":13.1,"apertura":"1,-3,3>0,-1,3 1,3,-2>2,1,-1 2,-2,2>1,0,1 -1,3,0>-1,2,0 3,-2,1>2,-1,0 -1,3,-1>0,2,0"}
{"par":123,"whiteIs":"B","ptsW":null,"res":"tope","plies":80,"balW":-1546,"secs":7.1,"apertura":"1,-3,3>0,-1,3 1,3,-2>2,1,-1 2,-2,2>1,0,1 -1,3,0>-1,2,0 3,-2,1>2,-1,0 -1,3,-1>0,2,0"}
{"par":124,"whiteIs":"A","ptsW":null,"res":"tope","plies":80,"balW":991,"secs":6.2,"apertura":"1,-3,3>1,-1,2 1,3,-3>2,1,-2 1,-1,2>-1,-1,3 0,3,-1>1,1,0 0,-2,3>0,-1,3 -2,4,0>-3,2,2"}
{"par":124,"whiteIs":"B","ptsW":null,"res":"tope","plies":80,"balW":-117,"secs":6.3,"apertura":"1,-3,3>1,-1,2 1,3,-3>2,1,-2 1,-1,2>-1,-1,3 0,3,-1>1,1,0 0,-2,3>0,-1,3 -2,4,0>-3,2,2"}
{"par":125,"whiteIs":"A","ptsW":null,"res":"tope","plies":80,"balW":976,"secs":6.2,"apertura":"2,-2,1>2,-1,1 2,3,-3>3,1,-2 3,-2,0>3,-1,0 -2,3,0>-1,2,1 4,-2,-1>4,-1,-1 -2,4,0>-1,2,0"}
{"par":125,"whiteIs":"B","ptsW":null,"res":"tope","plies":80,"balW":-690,"secs":6.2,"apertura":"2,-2,1>2,-1,1 2,3,-3>3,1,-2 3,-2,0>3,-1,0 -2,3,0>-1,2,1 4,-2,-1>4,-1,-1 -2,4,0>-1,2,0"}
{"par":126,"whiteIs":"A","ptsW":null,"res":"tope","plies":80,"balW":193,"secs":6.3,"apertura":"4,-3,1>3,-1,-1 -3,3,1>-2,1,2 3,-1,-1>4,1,-3 -3,4,0>-3,1,3 1,-2,2>1,-1,2 -3,1,3>-3,0,4"}
{"par":126,"whiteIs":"B","ptsW":null,"res":"tope","plies":80,"balW":-488,"secs":7.2,"apertura":"4,-3,1>3,-1,-1 -3,3,1>-2,1,2 3,-1,-1>4,1,-3 -3,4,0>-3,1,3 1,-2,2>1,-1,2 -3,1,3>-3,0,4"}
{"par":127,"whiteIs":"A","ptsW":null,"res":"tope","plies":80,"balW":1235,"secs":6.8,"apertura":"4,-2,-1>3,0,-2 -1,3,0>0,1,1 3,-2,1>2,0,0 1,3,-2>1,2,-2 4,-3,1>4,-2,-1 0,4,-2>4,0,-2"}
{"par":127,"whiteIs":"B","ptsW":null,"res":"tope","plies":80,"balW":723,"secs":6.4,"apertura":"4,-2,-1>3,0,-2 -1,3,0>0,1,1 3,-2,1>2,0,0 1,3,-2>1,2,-2 4,-3,1>4,-2,-1 0,4,-2>4,0,-2"}
{"par":128,"whiteIs":"A","ptsW":null,"res":"tope","plies":80,"balW":100,"secs":7.7,"apertura":"1,-2,3>0,-1,2 -3,3,1>-2,2,2 -1,-2,4>-1,-1,4 -3,3,2>-2,1,3 2,-3,2>1,-2,3 -3,4,0>-3,1,3"}
{"par":128,"whiteIs":"B","ptsW":null,"res":"tope","plies":80,"balW":-430,"secs":9.3,"apertura":"1,-2,3>0,-1,2 -3,3,1>-2,2,2 -1,-2,4>-1,-1,4 -3,3,2>-2,1,3 2,-3,2>1,-2,3 -3,4,0>-3,1,3"}
{"par":129,"whiteIs":"A","ptsW":null,"res":"tope","plies":80,"balW":801,"secs":6.1,"apertura":"1,-3,3>1,-1,2 -1,3,0>-1,2,0 1,-2,3>0,0,2 -1,2,0>0,1,1 3,-2,1>2,-1,0 0,1,1>0,0,1"}
{"par":129,"whiteIs":"B","ptsW":null,"res":"tope","plies":80,"balW":-518,"secs":7.9,"apertura":"1,-3,3>1,-1,2 -1,3,0>-1,2,0 1,-2,3>0,0,2 -1,2,0>0,1,1 3,-2,1>2,-1,0 0,1,1>0,0,1"}
{"par":130,"whiteIs":"A","ptsW":null,"res":"tope","plies":80,"balW":-203,"secs":6.8,"apertura":"0,-2,3>0,-1,3 -1,3,-1>0,2,0 4,-3,1>3,-1,-1 -1,4,-1>-1,3,-1 1,-2,2>0,0,1 0,2,0>0,1,0"}
{"par":130,"whiteIs":"B","ptsW":null,"res":"tope","plies":80,"balW":-383,"secs":11.2,"apertura":"0,-2,3>0,-1,3 -1,3,-1>0,2,0 4,-3,1>3,-1,-1 -1,4,-1>-1,3,-1 1,-2,2>0,0,1 0,2,0>0,1,0"}
{"par":131,"whiteIs":"A","ptsW":1,"res":"mate","plies":5,"balW":100,"secs":0.3,"apertura":"1,-3,3>2,-1,1 0,3,-2>1,2,-1 -1,-2,4>-1,-1,4 -3,3,2>-2,1,3 2,-3,3>1,-3,3 1,3,-3>2,1,-2"}
{"par":131,"whiteIs":"B","ptsW":null,"res":"tope","plies":80,"balW":-601,"secs":13.2,"apertura":"1,-3,3>2,-1,1 0,3,-2>1,2,-1 -1,-2,4>-1,-1,4 -3,3,2>-2,1,3 2,-3,3>1,-3,3 1,3,-3>2,1,-2"}
{"par":132,"whiteIs":"A","ptsW":null,"res":"tope","plies":80,"balW":400,"secs":9.4,"apertura":"2,-2,2>1,0,1 -1,3,0>0,1,1 0,-2,3>0,-1,3 0,3,-1>0,2,-1 0,-1,3>-1,0,2 0,1,1>0,0,1"}
{"par":132,"whiteIs":"B","ptsW":null,"res":"tope","plies":80,"balW":-535,"secs":8.7,"apertura":"2,-2,2>1,0,1 -1,3,0>0,1,1 0,-2,3>0,-1,3 0,3,-1>0,2,-1 0,-1,3>-1,0,2 0,1,1>0,0,1"}
{"par":133,"whiteIs":"A","ptsW":null,"res":"tope","plies":80,"balW":335,"secs":7.4,"apertura":"3,-2,1>2,0,0 0,3,-1>0,2,-1 0,-2,3>0,-1,3 0,4,-2>0,2,0 2,0,0>1,1,-1 -1,4,-2>0,3,-1"}
{"par":133,"whiteIs":"B","ptsW":null,"res":"tope","plies":80,"balW":-583,"secs":6.7,"apertura":"3,-2,1>2,0,0 0,3,-1>0,2,-1 0,-2,3>0,-1,3 0,4,-2>0,2,0 2,0,0>1,1,-1 -1,4,-2>0,3,-1"}
{"par":134,"whiteIs":"A","ptsW":null,"res":"tope","plies":80,"balW":-395,"secs":9,"apertura":"4,-2,0>3,0,-1 0,3,-2>1,1,-1 1,-2,3>0,0,2 -2,4,0>0,2,-1 1,-3,4>1,0,1 2,3,-3>2,2,-3"}
{"par":134,"whiteIs":"B","ptsW":null,"res":"tope","plies":80,"balW":-1311,"secs":12.7,"apertura":"4,-2,0>3,0,-1 0,3,-2>1,1,-1 1,-2,3>0,0,2 -2,4,0>0,2,-1 1,-3,4>1,0,1 2,3,-3>2,2,-3"}
{"par":135,"whiteIs":"A","ptsW":1,"res":"mate","plies":79,"balW":1018,"secs":5.4,"apertura":"-1,-2,4>-1,-1,4 1,3,-3>2,2,-2 4,-2,0>3,-1,-1 0,3,-1>0,2,-1 4,-2,-1>3,0,-2 -3,3,2>-3,2,2"}
{"par":135,"whiteIs":"B","ptsW":null,"res":"tope","plies":80,"balW":-23,"secs":9.3,"apertura":"-1,-2,4>-1,-1,4 1,3,-3>2,2,-2 4,-2,0>3,-1,-1 0,3,-1>0,2,-1 4,-2,-1>3,0,-2 -3,3,2>-3,2,2"}
{"par":136,"whiteIs":"A","ptsW":null,"res":"tope","plies":80,"balW":265,"secs":8.5,"apertura":"2,-2,1>2,-1,1 0,3,-2>1,2,-1 3,-3,1>0,0,1 -3,3,1>-2,2,2 0,0,1>-3,0,4 0,3,-1>1,1,0"}
{"par":136,"whiteIs":"B","ptsW":null,"res":"tope","plies":80,"balW":-223,"secs":5.1,"apertura":"2,-2,1>2,-1,1 0,3,-2>1,2,-1 3,-3,1>0,0,1 -3,3,1>-2,2,2 0,0,1>-3,0,4 0,3,-1>1,1,0"}
{"par":137,"whiteIs":"A","ptsW":null,"res":"tope","plies":80,"balW":100,"secs":11.9,"apertura":"4,-3,1>3,-1,-1 1,3,-3>2,1,-2 -1,-2,4>-1,-1,4 -1,3,-1>0,1,0 3,-1,-1>4,1,-3 1,4,-3>1,3,-3"}
{"par":137,"whiteIs":"B","ptsW":null,"res":"tope","plies":80,"balW":-165,"secs":6.7,"apertura":"4,-3,1>3,-1,-1 1,3,-3>2,1,-2 -1,-2,4>-1,-1,4 -1,3,-1>0,1,0 3,-1,-1>4,1,-3 1,4,-3>1,3,-3"}
{"par":138,"whiteIs":"A","ptsW":null,"res":"tope","plies":80,"balW":1291,"secs":10.4,"apertura":"4,-2,-1>3,0,-2 0,3,-2>1,1,-1 0,-2,3>0,-1,3 -1,4,-1>0,3,-2 3,-2,0>2,0,-1 -2,4,-1>-1,4,-1"}
{"par":138,"whiteIs":"B","ptsW":null,"res":"tope","plies":80,"balW":-1303,"secs":6.3,"apertura":"4,-2,-1>3,0,-2 0,3,-2>1,1,-1 0,-2,3>0,-1,3 -1,4,-1>0,3,-2 3,-2,0>2,0,-1 -2,4,-1>-1,4,-1"}
{"par":139,"whiteIs":"A","ptsW":null,"res":"tope","plies":80,"balW":125,"secs":7.6,"apertura":"4,-2,-1>3,0,-2 -2,3,1>-1,1,2 1,-3,3>-1,-1,4 -1,3,-1>0,1,0 1,-2,2>1,-1,2 -3,3,1>-2,2,2"}
{"par":139,"whiteIs":"B","ptsW":null,"res":"tope","plies":80,"balW":-788,"secs":9.8,"apertura":"4,-2,-1>3,0,-2 -2,3,1>-1,1,2 1,-3,3>-1,-1,4 -1,3,-1>0,1,0 1,-2,2>1,-1,2 -3,3,1>-2,2,2"}
{"par":140,"whiteIs":"A","ptsW":null,"res":"tope","plies":80,"balW":1599,"secs":5,"apertura":"4,-2,-1>3,0,-2 0,3,-1>0,2,-1 0,-2,4>-1,-1,3 -1,3,0>0,1,1 4,-3,1>2,-1,0 1,3,-2>1,2,-2"}
{"par":140,"whiteIs":"B","ptsW":null,"res":"tope","plies":80,"balW":-1804,"secs":7.2,"apertura":"4,-2,-1>3,0,-2 0,3,-1>0,2,-1 0,-2,4>-1,-1,3 -1,3,0>0,1,1 4,-3,1>2,-1,0 1,3,-2>1,2,-2"}
{"par":141,"whiteIs":"A","ptsW":null,"res":"tope","plies":80,"balW":100,"secs":6.8,"apertura":"0,-2,4>-1,0,3 -1,3,-1>0,1,0 1,-3,3>2,-1,1 2,3,-3>2,2,-3 4,-2,0>3,-1,-1 0,3,-2>1,1,-1"}
{"par":141,"whiteIs":"B","ptsW":0,"res":"mate","plies":60,"balW":-1711,"secs":9.5,"apertura":"0,-2,4>-1,0,3 -1,3,-1>0,1,0 1,-3,3>2,-1,1 2,3,-3>2,2,-3 4,-2,0>3,-1,-1 0,3,-2>1,1,-1"}
{"par":142,"whiteIs":"A","ptsW":null,"res":"tope","plies":80,"balW":-441,"secs":7.9,"apertura":"1,-2,2>0,0,1 -2,4,0>-1,2,0 3,-2,0>2,0,-1 0,4,-3>2,2,-2 0,-2,4>-1,-1,3 -1,2,0>-1,1,2"}
{"par":142,"whiteIs":"B","ptsW":null,"res":"tope","plies":80,"balW":-1141,"secs":6,"apertura":"1,-2,2>0,0,1 -2,4,0>-1,2,0 3,-2,0>2,0,-1 0,4,-3>2,2,-2 0,-2,4>-1,-1,3 -1,2,0>-1,1,2"}
{"par":143,"whiteIs":"A","ptsW":null,"res":"tope","plies":80,"balW":1211,"secs":13.3,"apertura":"0,-2,3>0,-1,3 1,3,-3>2,1,-2 1,-3,3>2,-1,1 0,3,-1>1,1,0 2,-1,1>0,0,1 -1,4,-2>0,2,-1"}
{"par":143,"whiteIs":"B","ptsW":null,"res":"tope","plies":80,"balW":-2052,"secs":6.3,"apertura":"0,-2,3>0,-1,3 1,3,-3>2,1,-2 1,-3,3>2,-1,1 0,3,-1>1,1,0 2,-1,1>0,0,1 -1,4,-2>0,2,-1"}
{"par":144,"whiteIs":"A","ptsW":null,"res":"tope","plies":80,"balW":258,"secs":11,"apertura":"1,-2,3>0,0,2 -2,3,0>-1,2,1 -1,-2,4>-1,-1,4 -1,3,-1>0,2,0 1,-3,3>1,-1,2 1,3,-2>2,1,-1"}
{"par":144,"whiteIs":"B","ptsW":null,"res":"tope","plies":80,"balW":-860,"secs":7.9,"apertura":"1,-2,3>0,0,2 -2,3,0>-1,2,1 -1,-2,4>-1,-1,4 -1,3,-1>0,2,0 1,-3,3>1,-1,2 1,3,-2>2,1,-1"}
{"par":145,"whiteIs":"A","ptsW":null,"res":"tope","plies":80,"balW":1574,"secs":6,"apertura":"1,-3,3>0,-1,3 2,3,-3>3,1,-2 4,-2,-1>4,-1,-1 -1,3,-1>0,2,0 0,-2,4>-1,-1,3 -3,3,2>-2,1,3"}
{"par":145,"whiteIs":"B","ptsW":null,"res":"tope","plies":80,"balW":-1222,"secs":12,"apertura":"1,-3,3>0,-1,3 2,3,-3>3,1,-2 4,-2,-1>4,-1,-1 -1,3,-1>0,2,0 0,-2,4>-1,-1,3 -3,3,2>-2,1,3"}
{"par":146,"whiteIs":"A","ptsW":null,"res":"tope","plies":80,"balW":891,"secs":11.5,"apertura":"1,-3,3>1,-1,2 -2,3,1>-1,1,2 3,-2,0>3,-1,0 1,3,-3>2,2,-2 0,-2,3>-1,0,2 0,3,-1>1,1,0"}
{"par":146,"whiteIs":"B","ptsW":null,"res":"tope","plies":80,"balW":-641,"secs":6.8,"apertura":"1,-3,3>1,-1,2 -2,3,1>-1,1,2 3,-2,0>3,-1,0 1,3,-3>2,2,-2 0,-2,3>-1,0,2 0,3,-1>1,1,0"}
{"par":147,"whiteIs":"A","ptsW":null,"res":"tope","plies":80,"balW":42,"secs":8.1,"apertura":"2,-2,2>1,0,1 -2,3,1>-2,2,1 -1,-2,4>-2,0,3 -3,3,1>-2,1,2 3,-2,0>3,-1,0 -3,4,1>-2,3,1"}
{"par":147,"whiteIs":"B","ptsW":null,"res":"tope","plies":80,"balW":-771,"secs":6.6,"apertura":"2,-2,2>1,0,1 -2,3,1>-2,2,1 -1,-2,4>-2,0,3 -3,3,1>-2,1,2 3,-2,0>3,-1,0 -3,4,1>-2,3,1"}
{"par":148,"whiteIs":"A","ptsW":null,"res":"tope","plies":80,"balW":197,"secs":7.2,"apertura":"2,-2,1>1,0,0 -3,3,2>-3,2,2 1,-2,3>0,0,2 2,3,-3>3,1,-2 1,-3,4>1,1,0 0,4,-3>2,2,-2"}
{"par":148,"whiteIs":"B","ptsW":null,"res":"tope","plies":80,"balW":-510,"secs":11.4,"apertura":"2,-2,1>1,0,0 -3,3,2>-3,2,2 1,-2,3>0,0,2 2,3,-3>3,1,-2 1,-3,4>1,1,0 0,4,-3>2,2,-2"}
{"par":149,"whiteIs":"A","ptsW":null,"res":"tope","plies":80,"balW":265,"secs":10,"apertura":"2,-2,2>1,-1,1 1,3,-3>2,1,-2 0,-2,3>0,-1,3 0,3,-1>0,2,-1 1,-1,1>1,0,1 -1,3,-1>0,2,0"}
{"par":149,"whiteIs":"B","ptsW":null,"res":"tope","plies":80,"balW":-1426,"secs":7.4,"apertura":"2,-2,2>1,-1,1 1,3,-3>2,1,-2 0,-2,3>0,-1,3 0,3,-1>0,2,-1 1,-1,1>1,0,1 -1,3,-1>0,2,0"}
{"par":150,"whiteIs":"A","ptsW":null,"res":"tope","plies":80,"balW":946,"secs":9.9,"apertura":"0,-2,3>-1,0,2 1,3,-2>2,1,-1 1,-3,3>-1,-1,4 -2,4,0>-3,2,2 3,-2,0>2,0,-1 0,4,-3>1,2,-1"}
{"par":150,"whiteIs":"B","ptsW":null,"res":"tope","plies":80,"balW":-876,"secs":6.5,"apertura":"0,-2,3>-1,0,2 1,3,-2>2,1,-1 1,-3,3>-1,-1,4 -2,4,0>-3,2,2 3,-2,0>2,0,-1 0,4,-3>1,2,-1"}
{"par":151,"whiteIs":"A","ptsW":null,"res":"tope","plies":80,"balW":240,"secs":8,"apertura":"3,-2,1>2,0,0 -2,4,0>-3,2,2 2,0,0>1,1,-1 -2,3,0>-1,2,1 1,-2,2>0,0,1 -1,2,1>-1,1,1"}
{"par":151,"whiteIs":"B","ptsW":null,"res":"tope","plies":80,"balW":-783,"secs":8.2,"apertura":"3,-2,1>2,0,0 -2,4,0>-3,2,2 2,0,0>1,1,-1 -2,3,0>-1,2,1 1,-2,2>0,0,1 -1,2,1>-1,1,1"}
{"par":152,"whiteIs":"A","ptsW":null,"res":"tope","plies":80,"balW":1018,"secs":9.1,"apertura":"2,-2,2>1,-1,1 -2,4,0>-1,2,0 4,-2,0>3,-1,-1 -3,3,1>-2,2,2 2,-3,2>2,-2,2 1,3,-3>2,2,-2"}
{"par":152,"whiteIs":"B","ptsW":null,"res":"tope","plies":80,"balW":-418,"secs":11.9,"apertura":"2,-2,2>1,-1,1 -2,4,0>-1,2,0 4,-2,0>3,-1,-1 -3,3,1>-2,2,2 2,-3,2>2,-2,2 1,3,-3>2,2,-2"}
{"par":153,"whiteIs":"A","ptsW":null,"res":"tope","plies":80,"balW":1241,"secs":8.1,"apertura":"-1,-2,4>-2,0,3 -3,3,2>-2,1,3 1,-3,3>2,-1,1 -1,3,0>0,1,1 1,-2,2>1,-1,2 1,3,-2>1,2,-2"}
{"par":153,"whiteIs":"B","ptsW":0,"res":"mate","plies":76,"balW":-330,"secs":4.9,"apertura":"-1,-2,4>-2,0,3 -3,3,2>-2,1,3 1,-3,3>2,-1,1 -1,3,0>0,1,1 1,-2,2>1,-1,2 1,3,-2>1,2,-2"}
{"par":154,"whiteIs":"A","ptsW":null,"res":"tope","plies":80,"balW":277,"secs":10.3,"apertura":"1,-3,3>0,-1,3 -2,4,0>-3,2,2 4,-2,0>3,-1,-1 0,3,-2>1,2,-1 -1,-2,4>-2,0,3 -1,3,0>-1,2,0"}
{"par":154,"whiteIs":"B","ptsW":null,"res":"tope","plies":80,"balW":-270,"secs":5.9,"apertura":"1,-3,3>0,-1,3 -2,4,0>-3,2,2 4,-2,0>3,-1,-1 0,3,-2>1,2,-1 -1,-2,4>-2,0,3 -1,3,0>-1,2,0"}
{"par":155,"whiteIs":"A","ptsW":null,"res":"tope","plies":80,"balW":428,"secs":8.7,"apertura":"0,-2,4>-1,0,3 0,3,-1>1,1,0 3,-2,0>2,0,-1 -1,3,-1>0,1,0 3,-3,1>3,0,-2 1,3,-3>2,1,-2"}
{"par":155,"whiteIs":"B","ptsW":null,"res":"tope","plies":80,"balW":-48,"secs":7.8,"apertura":"0,-2,4>-1,0,3 0,3,-1>1,1,0 3,-2,0>2,0,-1 -1,3,-1>0,1,0 3,-3,1>3,0,-2 1,3,-3>2,1,-2"}
{"par":156,"whiteIs":"A","ptsW":null,"res":"tope","plies":80,"balW":783,"secs":8.6,"apertura":"1,-3,3>2,-1,1 -1,3,-1>0,2,0 4,-3,1>2,-1,0 0,2,0>0,1,0 2,-3,3>1,-3,3 -2,3,1>-1,1,2"}
{"par":156,"whiteIs":"B","ptsW":null,"res":"tope","plies":80,"balW":523,"secs":8.2,"apertura":"1,-3,3>2,-1,1 -1,3,-1>0,2,0 4,-3,1>2,-1,0 0,2,0>0,1,0 2,-3,3>1,-3,3 -2,3,1>-1,1,2"}
{"par":157,"whiteIs":"A","ptsW":null,"res":"tope","plies":80,"balW":558,"secs":10.6,"apertura":"4,-3,1>2,-1,0 0,3,-2>1,1,-1 2,-1,0>4,-3,1 -2,4,0>-3,2,2 3,-2,0>2,0,-1 -3,2,2>-2,0,4"}
{"par":157,"whiteIs":"B","ptsW":0,"res":"mate","plies":2,"balW":-100,"secs":0.1,"apertura":"4,-3,1>2,-1,0 0,3,-2>1,1,-1 2,-1,0>4,-3,1 -2,4,0>-3,2,2 3,-2,0>2,0,-1 -3,2,2>-2,0,4"}
{"par":158,"whiteIs":"A","ptsW":null,"res":"tope","plies":80,"balW":1624,"secs":7.2,"apertura":"4,-3,1>3,-1,-1 0,3,-1>1,1,0 4,-2,-1>3,0,-2 -1,4,-2>0,2,-1 1,-2,3>0,-1,2 0,4,-3>1,2,-1"}
{"par":158,"whiteIs":"B","ptsW":null,"res":"tope","plies":80,"balW":-200,"secs":6,"apertura":"4,-3,1>3,-1,-1 0,3,-1>1,1,0 4,-2,-1>3,0,-2 -1,4,-2>0,2,-1 1,-2,3>0,-1,2 0,4,-3>1,2,-1"}
{"par":159,"whiteIs":"A","ptsW":null,"res":"tope","plies":80,"balW":1406,"secs":6.9,"apertura":"2,-2,2>1,-1,1 0,4,-3>2,2,-2 1,-2,2>1,-1,2 0,3,-1>0,2,-1 2,-3,3>1,-2,2 -3,3,1>-2,1,2"}
{"par":159,"whiteIs":"B","ptsW":null,"res":"tope","plies":80,"balW":-247,"secs":5.8,"apertura":"2,-2,2>1,-1,1 0,4,-3>2,2,-2 1,-2,2>1,-1,2 0,3,-1>0,2,-1 2,-3,3>1,-2,2 -3,3,1>-2,1,2"}
{"par":160,"whiteIs":"A","ptsW":1,"res":"mate","plies":57,"balW":770,"secs":6.7,"apertura":"3,-2,1>2,-1,0 0,3,-1>1,1,0 3,-2,0>3,-1,0 -3,3,1>-2,2,2 2,-3,2>4,-1,-2 -2,2,2>-2,1,2"}
{"par":160,"whiteIs":"B","ptsW":null,"res":"tope","plies":80,"balW":-660,"secs":5,"apertura":"3,-2,1>2,-1,0 0,3,-1>1,1,0 3,-2,0>3,-1,0 -3,3,1>-2,2,2 2,-3,2>4,-1,-2 -2,2,2>-2,1,2"}
{"par":161,"whiteIs":"A","ptsW":null,"res":"tope","plies":80,"balW":823,"secs":7.2,"apertura":"4,-2,-1>3,0,-2 -3,3,1>-2,2,2 4,-3,1>3,-1,-1 1,3,-3>2,2,-2 -1,-2,4>-2,0,3 -3,4,0>-3,1,3"}
{"par":161,"whiteIs":"B","ptsW":null,"res":"tope","plies":80,"balW":-613,"secs":7.4,"apertura":"4,-2,-1>3,0,-2 -3,3,1>-2,2,2 4,-3,1>3,-1,-1 1,3,-3>2,2,-2 -1,-2,4>-2,0,3 -3,4,0>-3,1,3"}
{"par":162,"whiteIs":"A","ptsW":null,"res":"tope","plies":80,"balW":1293,"secs":6.1,"apertura":"4,-3,1>2,-1,0 1,3,-2>1,2,-2 0,-2,3>0,-1,3 -2,4,0>-2,2,1 3,-2,0>2,0,-1 1,3,-3>2,2,-2"}
{"par":162,"whiteIs":"B","ptsW":null,"res":"tope","plies":80,"balW":-801,"secs":6.6,"apertura":"4,-3,1>2,-1,0 1,3,-2>1,2,-2 0,-2,3>0,-1,3 -2,4,0>-2,2,1 3,-2,0>2,0,-1 1,3,-3>2,2,-2"}
{"par":163,"whiteIs":"A","ptsW":null,"res":"tope","plies":80,"balW":775,"secs":6.8,"apertura":"4,-2,-1>4,-1,-1 1,3,-3>2,1,-2 0,-2,3>0,-1,3 -1,3,-1>0,2,0 3,-2,1>2,-1,0 2,1,-2>3,0,-1"}
{"par":163,"whiteIs":"B","ptsW":null,"res":"tope","plies":80,"balW":-930,"secs":6.4,"apertura":"4,-2,-1>4,-1,-1 1,3,-3>2,1,-2 0,-2,3>0,-1,3 -1,3,-1>0,2,0 3,-2,1>2,-1,0 2,1,-2>3,0,-1"}
{"par":164,"whiteIs":"A","ptsW":null,"res":"tope","plies":80,"balW":800,"secs":5.1,"apertura":"0,-2,4>-1,0,3 1,3,-2>2,1,-1 1,-2,2>1,-1,2 -1,3,0>0,1,1 0,-3,4>0,-2,4 0,4,-2>3,1,-2"}
{"par":164,"whiteIs":"B","ptsW":null,"res":"tope","plies":80,"balW":-150,"secs":7.3,"apertura":"0,-2,4>-1,0,3 1,3,-2>2,1,-1 1,-2,2>1,-1,2 -1,3,0>0,1,1 0,-3,4>0,-2,4 0,4,-2>3,1,-2"}
{"par":165,"whiteIs":"A","ptsW":null,"res":"tope","plies":80,"balW":275,"secs":6.7,"apertura":"2,-2,1>2,-1,1 1,3,-3>2,2,-2 2,-2,2>1,0,1 -2,4,0>-1,2,0 4,-3,1>2,-1,0 -3,3,1>-2,1,2"}
{"par":165,"whiteIs":"B","ptsW":null,"res":"tope","plies":80,"balW":-217,"secs":8.5,"apertura":"2,-2,1>2,-1,1 1,3,-3>2,2,-2 2,-2,2>1,0,1 -2,4,0>-1,2,0 4,-3,1>2,-1,0 -3,3,1>-2,1,2"}
{"par":166,"whiteIs":"A","ptsW":null,"res":"tope","plies":80,"balW":1011,"secs":6.3,"apertura":"1,-2,2>1,-1,2 2,3,-3>2,2,-3 1,-1,2>0,0,1 0,3,-1>1,1,0 4,-3,1>3,-1,-1 0,4,-3>2,2,-2"}
{"par":166,"whiteIs":"B","ptsW":null,"res":"tope","plies":80,"balW":-588,"secs":10.6,"apertura":"1,-2,2>1,-1,2 2,3,-3>2,2,-3 1,-1,2>0,0,1 0,3,-1>1,1,0 4,-3,1>3,-1,-1 0,4,-3>2,2,-2"}
{"par":167,"whiteIs":"A","ptsW":null,"res":"tope","plies":80,"balW":-70,"secs":4.7,"apertura":"2,-2,1>2,-1,1 -1,3,-1>0,2,0 0,-2,4>-1,-1,3 1,3,-2>1,2,-2 3,-2,1>2,-1,0 0,4,-2>1,3,-2"}
{"par":167,"whiteIs":"B","ptsW":null,"res":"tope","plies":80,"balW":120,"secs":6.8,"apertura":"2,-2,1>2,-1,1 -1,3,-1>0,2,0 0,-2,4>-1,-1,3 1,3,-2>1,2,-2 3,-2,1>2,-1,0 0,4,-2>1,3,-2"}
{"par":168,"whiteIs":"A","ptsW":1,"res":"mate","plies":65,"balW":1541,"secs":5,"apertura":"0,-2,3>-1,0,2 -3,3,1>-2,2,2 1,-2,3>0,0,2 -2,3,1>-1,1,2 4,-2,0>3,0,-1 -1,3,0>0,1,1"}
{"par":168,"whiteIs":"B","ptsW":null,"res":"tope","plies":80,"balW":-483,"secs":5.8,"apertura":"0,-2,3>-1,0,2 -3,3,1>-2,2,2 1,-2,3>0,0,2 -2,3,1>-1,1,2 4,-2,0>3,0,-1 -1,3,0>0,1,1"}
{"par":169,"whiteIs":"A","ptsW":null,"res":"tope","plies":80,"balW":565,"secs":5.3,"apertura":"1,-3,3>1,-1,2 -2,3,0>-1,2,1 0,-2,4>-1,-1,3 -2,4,-1>-2,3,0 1,-3,4>-2,0,4 -1,2,1>-1,1,1"}
{"par":169,"whiteIs":"B","ptsW":1,"res":"mate","plies":73,"balW":-335,"secs":5,"apertura":"1,-3,3>1,-1,2 -2,3,0>-1,2,1 0,-2,4>-1,-1,3 -2,4,-1>-2,3,0 1,-3,4>-2,0,4 -1,2,1>-1,1,1"}
{"par":170,"whiteIs":"A","ptsW":null,"res":"tope","plies":80,"balW":-595,"secs":6.3,"apertura":"4,-2,0>3,0,-1 -2,4,0>-1,2,0 3,-2,1>2,-1,0 -2,3,1>-1,1,2 0,-2,3>-1,0,2 -2,3,0>-1,2,1"}
{"par":170,"whiteIs":"B","ptsW":null,"res":"tope","plies":80,"balW":-248,"secs":11,"apertura":"4,-2,0>3,0,-1 -2,4,0>-1,2,0 3,-2,1>2,-1,0 -2,3,1>-1,1,2 0,-2,3>-1,0,2 -2,3,0>-1,2,1"}
{"par":171,"whiteIs":"A","ptsW":null,"res":"tope","plies":80,"balW":536,"secs":4.3,"apertura":"4,-2,-1>3,0,-2 2,3,-3>2,2,-3 4,-3,1>4,-2,-1 1,3,-3>2,1,-2 1,-2,3>0,-1,2 0,4,-3>2,2,-2"}
{"par":171,"whiteIs":"B","ptsW":null,"res":"tope","plies":80,"balW":-1874,"secs":6.8,"apertura":"4,-2,-1>3,0,-2 2,3,-3>2,2,-3 4,-3,1>4,-2,-1 1,3,-3>2,1,-2 1,-2,3>0,-1,2 0,4,-3>2,2,-2"}
{"par":172,"whiteIs":"A","ptsW":null,"res":"tope","plies":80,"balW":135,"secs":4.9,"apertura":"4,-2,0>3,-1,-1 -3,3,2>-2,1,3 -1,-2,4>-1,-1,4 0,3,-1>0,2,-1 2,-2,1>2,-1,1 -1,3,-1>0,2,0"}
{"par":172,"whiteIs":"B","ptsW":null,"res":"tope","plies":80,"balW":-100,"secs":3.7,"apertura":"4,-2,0>3,-1,-1 -3,3,2>-2,1,3 -1,-2,4>-1,-1,4 0,3,-1>0,2,-1 2,-2,1>2,-1,1 -1,3,-1>0,2,0"}
{"par":173,"whiteIs":"A","ptsW":1,"res":"mate","plies":1,"balW":100,"secs":0,"apertura":"1,-3,3>-1,-1,4 1,3,-3>2,2,-2 -1,-1,4>-2,1,2 0,3,-1>0,2,-1 3,-2,1>2,-1,0 0,2,-1>1,1,0"}
{"par":173,"whiteIs":"B","ptsW":1,"res":"mate","plies":1,"balW":100,"secs":0,"apertura":"1,-3,3>-1,-1,4 1,3,-3>2,2,-2 -1,-1,4>-2,1,2 0,3,-1>0,2,-1 3,-2,1>2,-1,0 0,2,-1>1,1,0"}
{"par":174,"whiteIs":"A","ptsW":null,"res":"tope","plies":80,"balW":630,"secs":8.6,"apertura":"3,-2,0>3,-1,0 -2,4,0>-3,2,2 4,-2,-1>4,-1,-1 2,3,-3>3,1,-2 2,-2,2>1,0,1 -2,3,0>-1,2,1"}
{"par":174,"whiteIs":"B","ptsW":null,"res":"tope","plies":80,"balW":-307,"secs":5.6,"apertura":"3,-2,0>3,-1,0 -2,4,0>-3,2,2 4,-2,-1>4,-1,-1 2,3,-3>3,1,-2 2,-2,2>1,0,1 -2,3,0>-1,2,1"}
{"par":175,"whiteIs":"A","ptsW":null,"res":"tope","plies":80,"balW":783,"secs":9.2,"apertura":"1,-3,3>1,-1,2 -1,3,0>0,1,1 0,-2,4>-1,0,3 0,3,-2>1,2,-1 2,-2,2>1,0,1 2,3,-3>2,2,-3"}
{"par":175,"whiteIs":"B","ptsW":null,"res":"tope","plies":80,"balW":-1641,"secs":6.7,"apertura":"1,-3,3>1,-1,2 -1,3,0>0,1,1 0,-2,4>-1,0,3 0,3,-2>1,2,-1 2,-2,2>1,0,1 2,3,-3>2,2,-3"}
{"par":176,"whiteIs":"A","ptsW":null,"res":"tope","plies":80,"balW":705,"secs":7.2,"apertura":"2,-2,1>1,0,0 -2,3,1>-1,1,2 4,-2,0>3,-1,-1 2,3,-3>3,1,-2 3,-2,1>2,-1,0 0,3,-1>1,1,0"}
{"par":176,"whiteIs":"B","ptsW":null,"res":"tope","plies":80,"balW":-1306,"secs":4.4,"apertura":"2,-2,1>1,0,0 -2,3,1>-1,1,2 4,-2,0>3,-1,-1 2,3,-3>3,1,-2 3,-2,1>2,-1,0 0,3,-1>1,1,0"}
{"par":177,"whiteIs":"A","ptsW":null,"res":"tope","plies":80,"balW":565,"secs":7.8,"apertura":"1,-2,3>0,-1,2 0,3,-1>1,1,0 -1,-2,4>-1,-1,4 0,4,-3>1,2,-1 3,-2,0>3,-1,0 -2,3,1>-2,2,1"}
{"par":177,"whiteIs":"B","ptsW":null,"res":"tope","plies":80,"balW":288,"secs":5.4,"apertura":"1,-2,3>0,-1,2 0,3,-1>1,1,0 -1,-2,4>-1,-1,4 0,4,-3>1,2,-1 3,-2,0>3,-1,0 -2,3,1>-2,2,1"}
{"par":178,"whiteIs":"A","ptsW":null,"res":"tope","plies":80,"balW":-400,"secs":6.8,"apertura":"1,-3,3>1,-1,2 -3,3,2>-2,1,3 0,-2,3>0,-1,3 1,3,-3>2,2,-2 1,-1,2>1,0,0 0,3,-1>0,2,-1"}
{"par":178,"whiteIs":"B","ptsW":null,"res":"tope","plies":80,"balW":-871,"secs":7.4,"apertura":"1,-3,3>1,-1,2 -3,3,2>-2,1,3 0,-2,3>0,-1,3 1,3,-3>2,2,-2 1,-1,2>1,0,0 0,3,-1>0,2,-1"}
{"par":179,"whiteIs":"A","ptsW":null,"res":"tope","plies":80,"balW":77,"secs":5.9,"apertura":"0,-2,4>-1,-1,3 2,3,-3>2,2,-3 1,-3,3>1,-1,2 0,3,-1>0,2,-1 1,-2,3>0,0,2 -3,3,1>-2,1,2"}
{"par":179,"whiteIs":"B","ptsW":null,"res":"tope","plies":80,"balW":142,"secs":5,"apertura":"0,-2,4>-1,-1,3 2,3,-3>2,2,-3 1,-3,3>1,-1,2 0,3,-1>0,2,-1 1,-2,3>0,0,2 -3,3,1>-2,1,2"}
{"par":180,"whiteIs":"A","ptsW":null,"res":"tope","plies":80,"balW":790,"secs":3.8,"apertura":"1,-2,3>0,-1,2 -2,4,0>-1,2,0 1,-3,4>1,2,-1 -1,2,0>-2,4,0 1,2,-1>1,-3,4 0,3,-1>0,2,-1"}
{"par":180,"whiteIs":"B","ptsW":null,"res":"tope","plies":80,"balW":-1952,"secs":11.2,"apertura":"1,-2,3>0,-1,2 -2,4,0>-1,2,0 1,-3,4>1,2,-1 -1,2,0>-2,4,0 1,2,-1>1,-3,4 0,3,-1>0,2,-1"}
{"par":181,"whiteIs":"A","ptsW":null,"res":"tope","plies":80,"balW":0,"secs":6.9,"apertura":"2,-2,1>1,0,0 1,3,-3>2,1,-2 4,-3,1>2,-2,1 -3,3,1>-2,2,2 1,0,0>1,1,0 2,1,-2>3,0,-1"}
{"par":181,"whiteIs":"B","ptsW":null,"res":"tope","plies":80,"balW":-283,"secs":9.4,"apertura":"2,-2,1>1,0,0 1,3,-3>2,1,-2 4,-3,1>2,-2,1 -3,3,1>-2,2,2 1,0,0>1,1,0 2,1,-2>3,0,-1"}
{"par":182,"whiteIs":"A","ptsW":null,"res":"tope","plies":80,"balW":1996,"secs":4.6,"apertura":"2,-2,1>2,-1,1 1,3,-2>2,1,-1 3,-3,2>2,-2,1 0,4,-2>3,1,-2 1,-2,2>0,0,1 1,3,-3>2,1,-2"}
{"par":182,"whiteIs":"B","ptsW":null,"res":"tope","plies":80,"balW":-907,"secs":7.2,"apertura":"2,-2,1>2,-1,1 1,3,-2>2,1,-1 3,-3,2>2,-2,1 0,4,-2>3,1,-2 1,-2,2>0,0,1 1,3,-3>2,1,-2"}
{"par":183,"whiteIs":"A","ptsW":1,"res":"mate","plies":55,"balW":1999,"secs":3.3,"apertura":"4,-3,1>2,-1,0 -2,4,0>0,2,-1 3,-2,0>2,0,-1 -2,3,0>-1,1,1 1,-2,2>0,0,1 -2,3,1>-1,1,2"}
{"par":183,"whiteIs":"B","ptsW":0,"res":"mate","plies":72,"balW":-2534,"secs":2.8,"apertura":"4,-3,1>2,-1,0 -2,4,0>0,2,-1 3,-2,0>2,0,-1 -2,3,0>-1,1,1 1,-2,2>0,0,1 -2,3,1>-1,1,2"}
{"par":184,"whiteIs":"A","ptsW":null,"res":"tope","plies":80,"balW":765,"secs":5.2,"apertura":"2,-2,2>1,0,1 -2,4,0>-1,2,0 3,-2,1>2,0,0 -1,3,-1>0,1,0 1,-2,2>1,-1,2 -2,3,1>-2,2,1"}
{"par":184,"whiteIs":"B","ptsW":null,"res":"tope","plies":80,"balW":153,"secs":3.8,"apertura":"2,-2,2>1,0,1 -2,4,0>-1,2,0 3,-2,1>2,0,0 -1,3,-1>0,1,0 1,-2,2>1,-1,2 -2,3,1>-2,2,1"}
{"par":185,"whiteIs":"A","ptsW":null,"res":"tope","plies":80,"balW":-158,"secs":4.2,"apertura":"1,-3,3>0,-1,3 -2,4,0>-1,2,0 -1,-2,4>-1,-1,4 -1,2,0>1,0,1 4,-2,0>3,-1,-1 1,3,-2>1,2,-2"}
{"par":185,"whiteIs":"B","ptsW":null,"res":"tope","plies":80,"balW":-1589,"secs":3.4,"apertura":"1,-3,3>0,-1,3 -2,4,0>-1,2,0 -1,-2,4>-1,-1,4 -1,2,0>1,0,1 4,-2,0>3,-1,-1 1,3,-2>1,2,-2"}
{"par":186,"whiteIs":"A","ptsW":null,"res":"tope","plies":80,"balW":-377,"secs":4.5,"apertura":"-1,-2,4>-1,-1,4 -1,3,0>-1,2,0 1,-2,2>0,0,1 2,3,-3>3,1,-2 1,-2,3>0,-1,2 0,4,-3>2,3,-3"}
{"par":186,"whiteIs":"B","ptsW":null,"res":"tope","plies":80,"balW":123,"secs":6.4,"apertura":"-1,-2,4>-1,-1,4 -1,3,0>-1,2,0 1,-2,2>0,0,1 2,3,-3>3,1,-2 1,-2,3>0,-1,2 0,4,-3>2,3,-3"}
{"par":187,"whiteIs":"A","ptsW":null,"res":"tope","plies":80,"balW":546,"secs":4.7,"apertura":"0,-2,4>-1,0,3 1,3,-3>2,1,-2 4,-3,1>2,-1,0 -3,3,2>-2,1,3 4,-2,0>3,-1,-1 0,3,-1>1,1,0"}
{"par":187,"whiteIs":"B","ptsW":null,"res":"tope","plies":80,"balW":-1118,"secs":5.3,"apertura":"0,-2,4>-1,0,3 1,3,-3>2,1,-2 4,-3,1>2,-1,0 -3,3,2>-2,1,3 4,-2,0>3,-1,-1 0,3,-1>1,1,0"}
{"par":188,"whiteIs":"A","ptsW":null,"res":"tope","plies":80,"balW":207,"secs":3.6,"apertura":"4,-2,0>3,-1,-1 0,4,-3>1,2,-1 3,-2,1>2,-1,0 1,2,-1>2,0,-1 4,-2,-1>4,-1,-1 1,3,-2>2,1,-1"}
{"par":188,"whiteIs":"B","ptsW":null,"res":"tope","plies":80,"balW":-510,"secs":3.9,"apertura":"4,-2,0>3,-1,-1 0,4,-3>1,2,-1 3,-2,1>2,-1,0 1,2,-1>2,0,-1 4,-2,-1>4,-1,-1 1,3,-2>2,1,-1"}
{"par":189,"whiteIs":"A","ptsW":null,"res":"tope","plies":80,"balW":1366,"secs":4.1,"apertura":"3,-2,1>2,-1,0 -2,3,0>-1,2,1 0,-2,3>-1,0,2 0,3,-1>0,2,-1 2,-2,2>1,0,1 -1,3,-1>0,1,0"}
{"par":189,"whiteIs":"B","ptsW":null,"res":"tope","plies":80,"balW":-1148,"secs":6.1,"apertura":"3,-2,1>2,-1,0 -2,3,0>-1,2,1 0,-2,3>-1,0,2 0,3,-1>0,2,-1 2,-2,2>1,0,1 -1,3,-1>0,1,0"}
{"par":190,"whiteIs":"A","ptsW":null,"res":"tope","plies":80,"balW":458,"secs":4.2,"apertura":"-1,-2,4>-1,-1,4 -2,3,0>-1,1,1 1,-3,3>2,-1,1 -3,3,2>-2,1,3 2,-1,1>0,-1,2 -1,4,-1>-2,3,0"}
{"par":190,"whiteIs":"B","ptsW":null,"res":"tope","plies":80,"balW":-435,"secs":6.4,"apertura":"-1,-2,4>-1,-1,4 -2,3,0>-1,1,1 1,-3,3>2,-1,1 -3,3,2>-2,1,3 2,-1,1>0,-1,2 -1,4,-1>-2,3,0"}
{"par":191,"whiteIs":"A","ptsW":null,"res":"tope","plies":80,"balW":846,"secs":6.1,"apertura":"2,-2,2>1,0,1 -1,3,-1>0,2,0 3,-2,0>3,-1,0 -1,3,0>-1,2,0 0,-2,3>-1,0,2 0,4,-3>2,2,-2"}
{"par":191,"whiteIs":"B","ptsW":null,"res":"tope","plies":80,"balW":-342,"secs":5.6,"apertura":"2,-2,2>1,0,1 -1,3,-1>0,2,0 3,-2,0>3,-1,0 -1,3,0>-1,2,0 0,-2,3>-1,0,2 0,4,-3>2,2,-2"}
{"par":192,"whiteIs":"A","ptsW":null,"res":"tope","plies":80,"balW":1218,"secs":5.5,"apertura":"0,-2,4>-1,0,3 -3,3,1>-2,1,2 2,-2,2>1,-1,1 -2,3,1>-1,1,2 4,-2,0>3,0,-1 1,3,-3>2,1,-2"}
{"par":192,"whiteIs":"B","ptsW":0,"res":"mate","plies":38,"balW":-75,"secs":2,"apertura":"0,-2,4>-1,0,3 -3,3,1>-2,1,2 2,-2,2>1,-1,1 -2,3,1>-1,1,2 4,-2,0>3,0,-1 1,3,-3>2,1,-2"}
{"par":193,"whiteIs":"A","ptsW":null,"res":"tope","plies":80,"balW":1241,"secs":4.1,"apertura":"0,-2,4>-1,-1,3 -3,3,2>-2,1,3 2,-2,2>1,-1,1 -3,3,1>-2,1,2 1,-3,3>1,-1,2 -2,4,0>0,2,-1"}
{"par":193,"whiteIs":"B","ptsW":null,"res":"tope","plies":80,"balW":-793,"secs":4.5,"apertura":"0,-2,4>-1,-1,3 -3,3,2>-2,1,3 2,-2,2>1,-1,1 -3,3,1>-2,1,2 1,-3,3>1,-1,2 -2,4,0>0,2,-1"}
{"par":194,"whiteIs":"A","ptsW":null,"res":"tope","plies":80,"balW":628,"secs":5,"apertura":"3,-2,1>2,-1,0 -3,3,2>-3,2,2 4,-2,-1>4,-1,-1 -2,3,0>-1,2,1 2,-2,1>2,-1,1 -3,4,0>1,0,0"}
{"par":194,"whiteIs":"B","ptsW":null,"res":"tope","plies":80,"balW":-536,"secs":3.1,"apertura":"3,-2,1>2,-1,0 -3,3,2>-3,2,2 4,-2,-1>4,-1,-1 -2,3,0>-1,2,1 2,-2,1>2,-1,1 -3,4,0>1,0,0"}
{"par":195,"whiteIs":"A","ptsW":null,"res":"tope","plies":80,"balW":783,"secs":3.2,"apertura":"1,-2,3>0,-1,2 -2,4,0>0,2,-1 2,-3,2>1,-2,3 1,3,-3>2,1,-2 4,-2,-1>3,0,-2 0,4,-3>1,2,-1"}
{"par":195,"whiteIs":"B","ptsW":null,"res":"tope","plies":80,"balW":-393,"secs":4.8,"apertura":"1,-2,3>0,-1,2 -2,4,0>0,2,-1 2,-3,2>1,-2,3 1,3,-3>2,1,-2 4,-2,-1>3,0,-2 0,4,-3>1,2,-1"}
{"par":196,"whiteIs":"A","ptsW":null,"res":"tope","plies":80,"balW":-295,"secs":5.6,"apertura":"1,-3,3>0,-1,3 0,3,-2>1,2,-1 0,-1,3>-2,-1,4 -2,3,1>-2,2,1 0,-2,4>-1,-1,3 -2,3,0>-1,1,1"}
{"par":196,"whiteIs":"B","ptsW":null,"res":"tope","plies":80,"balW":-542,"secs":17.9,"apertura":"1,-3,3>0,-1,3 0,3,-2>1,2,-1 0,-1,3>-2,-1,4 -2,3,1>-2,2,1 0,-2,4>-1,-1,3 -2,3,0>-1,1,1"}
{"par":197,"whiteIs":"A","ptsW":null,"res":"tope","plies":80,"balW":-170,"secs":3.5,"apertura":"4,-2,-1>3,0,-2 0,4,-3>2,2,-2 2,-2,2>1,0,1 -3,3,2>-2,1,3 2,-3,2>2,-2,2 2,2,-2>2,0,-1"}
{"par":197,"whiteIs":"B","ptsW":null,"res":"tope","plies":80,"balW":-513,"secs":5.9,"apertura":"4,-2,-1>3,0,-2 0,4,-3>2,2,-2 2,-2,2>1,0,1 -3,3,2>-2,1,3 2,-3,2>2,-2,2 2,2,-2>2,0,-1"}
{"par":198,"whiteIs":"A","ptsW":null,"res":"tope","plies":80,"balW":30,"secs":6.4,"apertura":"3,-2,0>3,-1,0 -2,4,0>-3,2,2 1,-3,3>0,-1,3 0,3,-2>1,2,-1 3,-3,1>3,1,-3 -2,3,0>-1,2,1"}
{"par":198,"whiteIs":"B","ptsW":null,"res":"tope","plies":80,"balW":388,"secs":3.7,"apertura":"3,-2,0>3,-1,0 -2,4,0>-3,2,2 1,-3,3>0,-1,3 0,3,-2>1,2,-1 3,-3,1>3,1,-3 -2,3,0>-1,2,1"}
{"par":199,"whiteIs":"A","ptsW":null,"res":"tope","plies":80,"balW":823,"secs":4.3,"apertura":"1,-3,3>-1,-1,4 1,3,-2>1,2,-2 1,-2,2>0,0,1 -2,3,0>-1,2,1 -1,-1,4>-2,1,2 -1,3,0>0,1,1"}
{"par":199,"whiteIs":"B","ptsW":null,"res":"tope","plies":80,"balW":518,"secs":4.6,"apertura":"1,-3,3>-1,-1,4 1,3,-2>1,2,-2 1,-2,2>0,0,1 -2,3,0>-1,2,1 -1,-1,4>-2,1,2 -1,3,0>0,1,1"}
{"par":200,"whiteIs":"A","ptsW":null,"res":"tope","plies":80,"balW":400,"secs":8.3,"apertura":"1,-2,2>1,-1,2 0,3,-1>0,2,-1 2,-2,2>1,0,1 0,4,-3>2,2,-2 3,-2,0>2,0,-1 -2,3,1>-2,2,1"}
{"par":200,"whiteIs":"B","ptsW":null,"res":"tope","plies":80,"balW":-1371,"secs":2.9,"apertura":"1,-2,2>1,-1,2 0,3,-1>0,2,-1 2,-2,2>1,0,1 0,4,-3>2,2,-2 3,-2,0>2,0,-1 -2,3,1>-2,2,1"}
