# {"fecha":"2026-08-03T22:53:22.964Z","modalidad":"salas","A":{"nombre":"sin_temp","cfg":{"depth":24,"mobility":true,"order":true,"quiesce":true,"nodes":4500}},"B":{"nombre":"t0","cfg":{"depth":24,"mobility":true,"order":true,"quiesce":true,"nodes":4500,"temperature":0.0001}},"MAX_PLIES":80,"FIFTY":40,"OPENING_PLIES":6,"SEED":23000,"FIRST":1,"PAIRS":200,"libro":"libro.json"}
{"par":1,"whiteIs":"A","ptsW":null,"res":"tope","plies":80,"balW":813,"secs":5.7,"apertura":"1,-3,3>1,-1,2 -1,3,-1>0,1,0 1,-1,2>-1,0,2 2,3,-3>2,2,-3 1,-2,2>0,0,1 -2,4,0>-3,2,2"}
{"par":1,"whiteIs":"B","ptsW":null,"res":"tope","plies":80,"balW":-453,"secs":6.4,"apertura":"1,-3,3>1,-1,2 -1,3,-1>0,1,0 1,-1,2>-1,0,2 2,3,-3>2,2,-3 1,-2,2>0,0,1 -2,4,0>-3,2,2"}
{"par":2,"whiteIs":"A","ptsW":null,"res":"tope","plies":80,"balW":-300,"secs":4.7,"apertura":"3,-2,0>2,0,-1 -1,3,-1>0,2,0 2,-2,2>1,0,1 -3,3,2>-2,1,3 1,-2,3>0,0,2 -3,3,1>-2,2,2"}
{"par":2,"whiteIs":"B","ptsW":0,"res":"mate","plies":36,"balW":-277,"secs":3.2,"apertura":"3,-2,0>2,0,-1 -1,3,-1>0,2,0 2,-2,2>1,0,1 -3,3,2>-2,1,3 1,-2,3>0,0,2 -3,3,1>-2,2,2"}
{"par":3,"whiteIs":"A","ptsW":null,"res":"tope","plies":80,"balW":58,"secs":8.2,"apertura":"0,-2,3>0,-1,3 -2,3,1>-2,2,1 1,-2,2>1,-1,2 0,4,-3>2,2,-2 2,-3,3>1,-2,2 2,2,-2>1,0,0"}
{"par":3,"whiteIs":"B","ptsW":null,"res":"tope","plies":80,"balW":-723,"secs":5.1,"apertura":"0,-2,3>0,-1,3 -2,3,1>-2,2,1 1,-2,2>1,-1,2 0,4,-3>2,2,-2 2,-3,3>1,-2,2 2,2,-2>1,0,0"}
{"par":4,"whiteIs":"A","ptsW":null,"res":"tope","plies":80,"balW":0,"secs":6.9,"apertura":"1,-2,2>0,0,1 -2,3,0>-1,1,1 2,-3,3>1,-2,2 -3,3,1>-2,1,2 1,-2,2>1,-1,2 0,4,-3>2,2,-2"}
{"par":4,"whiteIs":"B","ptsW":0,"res":"mate","plies":36,"balW":-793,"secs":2.6,"apertura":"1,-2,2>0,0,1 -2,3,0>-1,1,1 2,-3,3>1,-2,2 -3,3,1>-2,1,2 1,-2,2>1,-1,2 0,4,-3>2,2,-2"}
{"par":5,"whiteIs":"A","ptsW":null,"res":"tope","plies":80,"balW":325,"secs":6.4,"apertura":"1,-2,3>0,0,2 2,3,-3>2,2,-3 4,-2,-1>3,0,-2 -1,3,0>0,1,1 -1,-2,4>-2,0,3 0,3,-2>1,2,-1"}
{"par":5,"whiteIs":"B","ptsW":null,"res":"tope","plies":80,"balW":-35,"secs":4.7,"apertura":"1,-2,3>0,0,2 2,3,-3>2,2,-3 4,-2,-1>3,0,-2 -1,3,0>0,1,1 -1,-2,4>-2,0,3 0,3,-2>1,2,-1"}
{"par":6,"whiteIs":"A","ptsW":null,"res":"tope","plies":80,"balW":423,"secs":6.9,"apertura":"2,-2,1>2,-1,1 1,3,-2>1,2,-2 3,-3,1>1,-1,1 0,4,-2>3,1,-2 1,-1,1>0,-1,2 -1,3,-1>0,2,0"}
{"par":6,"whiteIs":"B","ptsW":null,"res":"tope","plies":80,"balW":188,"secs":8,"apertura":"2,-2,1>2,-1,1 1,3,-2>1,2,-2 3,-3,1>1,-1,1 0,4,-2>3,1,-2 1,-1,1>0,-1,2 -1,3,-1>0,2,0"}
{"par":7,"whiteIs":"A","ptsW":null,"res":"tope","plies":80,"balW":-918,"secs":7.3,"apertura":"3,-2,0>2,0,-1 0,3,-1>0,2,-1 4,-3,1>3,-1,-1 0,3,-2>1,2,-1 1,-3,3>0,-1,3 -2,3,1>-2,2,1"}
{"par":7,"whiteIs":"B","ptsW":0,"res":"mate","plies":70,"balW":-1946,"secs":4.4,"apertura":"3,-2,0>2,0,-1 0,3,-1>0,2,-1 4,-3,1>3,-1,-1 0,3,-2>1,2,-1 1,-3,3>0,-1,3 -2,3,1>-2,2,1"}
{"par":8,"whiteIs":"A","ptsW":null,"res":"tope","plies":80,"balW":70,"secs":7.5,"apertura":"1,-2,2>1,-1,2 1,3,-2>1,2,-2 0,-2,4>-1,-1,3 0,4,-2>4,0,-2 3,-2,1>2,-1,0 2,3,-3>2,2,-3"}
{"par":8,"whiteIs":"B","ptsW":null,"res":"tope","plies":80,"balW":117,"secs":7.6,"apertura":"1,-2,2>1,-1,2 1,3,-2>1,2,-2 0,-2,4>-1,-1,3 0,4,-2>4,0,-2 3,-2,1>2,-1,0 2,3,-3>2,2,-3"}
{"par":9,"whiteIs":"A","ptsW":null,"res":"tope","plies":80,"balW":-210,"secs":8.4,"apertura":"4,-3,1>3,-1,-1 1,3,-3>2,2,-2 0,-2,4>-1,0,3 -2,4,0>-3,2,2 1,-2,3>0,-1,2 -3,2,2>-2,4,0"}
{"par":9,"whiteIs":"B","ptsW":null,"res":"tope","plies":80,"balW":-928,"secs":6.5,"apertura":"4,-3,1>3,-1,-1 1,3,-3>2,2,-2 0,-2,4>-1,0,3 -2,4,0>-3,2,2 1,-2,3>0,-1,2 -3,2,2>-2,4,0"}
{"par":10,"whiteIs":"A","ptsW":1,"res":"mate","plies":45,"balW":613,"secs":3.5,"apertura":"1,-3,3>1,-1,2 1,3,-2>2,1,-1 2,-2,1>2,-1,1 -3,3,2>-3,2,2 -1,-2,4>-1,-1,4 0,4,-2>4,0,-2"}
{"par":10,"whiteIs":"B","ptsW":null,"res":"tope","plies":80,"balW":155,"secs":6.7,"apertura":"1,-3,3>1,-1,2 1,3,-2>2,1,-1 2,-2,1>2,-1,1 -3,3,2>-3,2,2 -1,-2,4>-1,-1,4 0,4,-2>4,0,-2"}
{"par":11,"whiteIs":"A","ptsW":null,"res":"tope","plies":80,"balW":-418,"secs":7.1,"apertura":"2,-2,2>1,0,1 -3,3,1>-2,1,2 3,-2,0>2,0,-1 0,3,-2>1,2,-1 2,-2,1>1,0,0 -2,4,0>-3,2,2"}
{"par":11,"whiteIs":"B","ptsW":null,"res":"tope","plies":80,"balW":-93,"secs":6,"apertura":"2,-2,2>1,0,1 -3,3,1>-2,1,2 3,-2,0>2,0,-1 0,3,-2>1,2,-1 2,-2,1>1,0,0 -2,4,0>-3,2,2"}
{"par":12,"whiteIs":"A","ptsW":null,"res":"tope","plies":80,"balW":1231,"secs":7.4,"apertura":"1,-2,3>0,0,2 1,3,-2>1,2,-2 4,-3,1>3,-1,-1 -1,3,-1>0,2,0 0,0,2>-1,1,1 -3,3,1>-2,1,2"}
{"par":12,"whiteIs":"B","ptsW":null,"res":"tope","plies":80,"balW":-7,"secs":7.5,"apertura":"1,-2,3>0,0,2 1,3,-2>1,2,-2 4,-3,1>3,-1,-1 -1,3,-1>0,2,0 0,0,2>-1,1,1 -3,3,1>-2,1,2"}
{"par":13,"whiteIs":"A","ptsW":1,"res":"mate","plies":61,"balW":753,"secs":4.9,"apertura":"0,-2,3>0,-1,3 -3,3,1>-2,2,2 0,-1,3>-1,0,2 -1,3,0>0,1,1 2,-2,1>1,0,0 -3,3,2>-2,1,3"}
{"par":13,"whiteIs":"B","ptsW":null,"res":"tope","plies":80,"balW":-170,"secs":7.2,"apertura":"0,-2,3>0,-1,3 -3,3,1>-2,2,2 0,-1,3>-1,0,2 -1,3,0>0,1,1 2,-2,1>1,0,0 -3,3,2>-2,1,3"}
{"par":14,"whiteIs":"A","ptsW":null,"res":"tope","plies":80,"balW":0,"secs":6.4,"apertura":"3,-2,0>2,0,-1 -1,3,-1>0,1,0 4,-2,-1>3,0,-2 -2,4,0>-2,2,1 4,-3,1>4,-2,-1 -1,4,-1>-1,3,-1"}
{"par":14,"whiteIs":"B","ptsW":null,"res":"tope","plies":80,"balW":498,"secs":5.8,"apertura":"3,-2,0>2,0,-1 -1,3,-1>0,1,0 4,-2,-1>3,0,-2 -2,4,0>-2,2,1 4,-3,1>4,-2,-1 -1,4,-1>-1,3,-1"}
{"par":15,"whiteIs":"A","ptsW":null,"res":"tope","plies":80,"balW":-15,"secs":5.9,"apertura":"0,-2,4>-1,0,3 1,3,-2>2,1,-1 1,-3,3>2,-1,1 -2,4,0>0,2,-1 -1,0,3>-2,1,2 0,2,-1>1,0,1"}
{"par":15,"whiteIs":"B","ptsW":null,"res":"tope","plies":80,"balW":48,"secs":7.2,"apertura":"0,-2,4>-1,0,3 1,3,-2>2,1,-1 1,-3,3>2,-1,1 -2,4,0>0,2,-1 -1,0,3>-2,1,2 0,2,-1>1,0,1"}
{"par":16,"whiteIs":"A","ptsW":null,"res":"tope","plies":80,"balW":2322,"secs":5.9,"apertura":"1,-3,3>-1,-1,4 0,4,-3>1,2,-1 1,-2,3>0,-1,2 1,4,-3>0,4,-3 1,-3,4>1,1,0 1,2,-1>3,1,-3"}
{"par":16,"whiteIs":"B","ptsW":null,"res":"tope","plies":80,"balW":77,"secs":5.5,"apertura":"1,-3,3>-1,-1,4 0,4,-3>1,2,-1 1,-2,3>0,-1,2 1,4,-3>0,4,-3 1,-3,4>1,1,0 1,2,-1>3,1,-3"}
{"par":17,"whiteIs":"A","ptsW":0,"res":"mate","plies":12,"balW":248,"secs":0.9,"apertura":"0,-2,4>-1,-1,3 -1,3,-1>0,2,0 -1,-2,4>-2,0,3 -3,3,1>-2,2,2 4,-2,0>3,0,-1 -2,4,0>-2,2,1"}
{"par":17,"whiteIs":"B","ptsW":0,"res":"mate","plies":4,"balW":0,"secs":0.2,"apertura":"0,-2,4>-1,-1,3 -1,3,-1>0,2,0 -1,-2,4>-2,0,3 -3,3,1>-2,2,2 4,-2,0>3,0,-1 -2,4,0>-2,2,1"}
{"par":18,"whiteIs":"A","ptsW":null,"res":"tope","plies":80,"balW":-300,"secs":8.3,"apertura":"3,-2,1>2,0,0 -3,3,2>-2,1,3 4,-2,0>3,-1,-1 -2,3,1>-2,2,1 4,-2,-1>3,0,-2 -1,3,0>0,1,1"}
{"par":18,"whiteIs":"B","ptsW":null,"res":"tope","plies":80,"balW":-788,"secs":8,"apertura":"3,-2,1>2,0,0 -3,3,2>-2,1,3 4,-2,0>3,-1,-1 -2,3,1>-2,2,1 4,-2,-1>3,0,-2 -1,3,0>0,1,1"}
{"par":19,"whiteIs":"A","ptsW":null,"res":"tope","plies":80,"balW":608,"secs":7,"apertura":"0,-2,3>0,-1,3 0,4,-3>1,2,-1 1,-3,3>-1,-1,4 1,2,-1>0,0,1 0,-2,4>-1,0,3 0,3,-2>1,2,-1"}
{"par":19,"whiteIs":"B","ptsW":null,"res":"tope","plies":80,"balW":-260,"secs":6.7,"apertura":"0,-2,3>0,-1,3 0,4,-3>1,2,-1 1,-3,3>-1,-1,4 1,2,-1>0,0,1 0,-2,4>-1,0,3 0,3,-2>1,2,-1"}
{"par":20,"whiteIs":"A","ptsW":1,"res":"mate","plies":63,"balW":-23,"secs":4.4,"apertura":"3,-2,0>3,-1,0 -3,3,1>-2,2,2 4,-2,-1>3,0,-2 -3,4,0>-3,0,4 2,-2,1>1,0,0 -2,2,2>-2,1,2"}
{"par":20,"whiteIs":"B","ptsW":null,"res":"tope","plies":80,"balW":-348,"secs":5,"apertura":"3,-2,0>3,-1,0 -3,3,1>-2,2,2 4,-2,-1>3,0,-2 -3,4,0>-3,0,4 2,-2,1>1,0,0 -2,2,2>-2,1,2"}
{"par":21,"whiteIs":"A","ptsW":null,"res":"tope","plies":80,"balW":335,"secs":6.4,"apertura":"1,-3,3>0,-1,3 -2,4,0>-2,2,1 3,-2,0>2,0,-1 -1,3,-1>0,2,0 0,-1,3>-2,-1,4 -3,3,1>-2,2,2"}
{"par":21,"whiteIs":"B","ptsW":0,"res":"mate","plies":76,"balW":-2457,"secs":6.1,"apertura":"1,-3,3>0,-1,3 -2,4,0>-2,2,1 3,-2,0>2,0,-1 -1,3,-1>0,2,0 0,-1,3>-2,-1,4 -3,3,1>-2,2,2"}
{"par":22,"whiteIs":"A","ptsW":null,"res":"tope","plies":80,"balW":128,"secs":6,"apertura":"0,-2,4>-1,-1,3 1,3,-2>1,2,-2 3,-2,0>2,0,-1 1,3,-3>2,2,-2 1,-2,2>1,-1,2 0,3,-1>1,1,0"}
{"par":22,"whiteIs":"B","ptsW":0,"res":"mate","plies":80,"balW":113,"secs":6.2,"apertura":"0,-2,4>-1,-1,3 1,3,-2>1,2,-2 3,-2,0>2,0,-1 1,3,-3>2,2,-2 1,-2,2>1,-1,2 0,3,-1>1,1,0"}
{"par":23,"whiteIs":"A","ptsW":null,"res":"tope","plies":80,"balW":1083,"secs":6.8,"apertura":"4,-3,1>3,-1,-1 -2,3,1>-1,1,2 1,-2,2>1,-1,2 0,4,-3>2,2,-2 4,-3,0>4,-3,1 2,3,-3>2,2,-3"}
{"par":23,"whiteIs":"B","ptsW":null,"res":"tope","plies":80,"balW":-2332,"secs":7,"apertura":"4,-3,1>3,-1,-1 -2,3,1>-1,1,2 1,-2,2>1,-1,2 0,4,-3>2,2,-2 4,-3,0>4,-3,1 2,3,-3>2,2,-3"}
{"par":24,"whiteIs":"A","ptsW":null,"res":"tope","plies":80,"balW":-277,"secs":9.2,"apertura":"1,-3,3>-1,-1,4 0,4,-3>2,2,-2 -1,-1,4>0,-1,2 2,2,-2>3,0,-2 4,-3,1>3,-1,-1 3,0,-2>1,2,-1"}
{"par":24,"whiteIs":"B","ptsW":0,"res":"mate","plies":70,"balW":-568,"secs":6.9,"apertura":"1,-3,3>-1,-1,4 0,4,-3>2,2,-2 -1,-1,4>0,-1,2 2,2,-2>3,0,-2 4,-3,1>3,-1,-1 3,0,-2>1,2,-1"}
{"par":25,"whiteIs":"A","ptsW":null,"res":"tope","plies":80,"balW":335,"secs":6.9,"apertura":"-1,-2,4>-1,-1,4 -1,3,-1>0,2,0 1,-2,3>0,0,2 -2,4,-1>-1,3,-1 0,-2,3>-1,0,2 -3,3,1>-2,2,2"}
{"par":25,"whiteIs":"B","ptsW":1,"res":"mate","plies":59,"balW":1129,"secs":5.4,"apertura":"-1,-2,4>-1,-1,4 -1,3,-1>0,2,0 1,-2,3>0,0,2 -2,4,-1>-1,3,-1 0,-2,3>-1,0,2 -3,3,1>-2,2,2"}
{"par":26,"whiteIs":"A","ptsW":1,"res":"mate","plies":39,"balW":410,"secs":2.6,"apertura":"1,-3,3>1,-1,2 -2,4,0>-2,2,1 -1,-2,4>-2,0,3 -1,3,-1>0,2,0 2,-2,2>1,0,1 -2,3,0>-1,1,1"}
{"par":26,"whiteIs":"B","ptsW":null,"res":"tope","plies":80,"balW":-258,"secs":4.6,"apertura":"1,-3,3>1,-1,2 -2,4,0>-2,2,1 -1,-2,4>-2,0,3 -1,3,-1>0,2,0 2,-2,2>1,0,1 -2,3,0>-1,1,1"}
{"par":27,"whiteIs":"A","ptsW":null,"res":"tope","plies":80,"balW":-300,"secs":9.4,"apertura":"1,-2,2>1,-1,2 2,3,-3>2,2,-3 4,-2,0>3,0,-1 -2,3,0>-1,2,1 1,-3,3>-1,-1,4 -3,4,0>0,1,0"}
{"par":27,"whiteIs":"B","ptsW":null,"res":"tope","plies":80,"balW":-513,"secs":7.9,"apertura":"1,-2,2>1,-1,2 2,3,-3>2,2,-3 4,-2,0>3,0,-1 -2,3,0>-1,2,1 1,-3,3>-1,-1,4 -3,4,0>0,1,0"}
{"par":28,"whiteIs":"A","ptsW":null,"res":"tope","plies":80,"balW":-400,"secs":7.7,"apertura":"1,-3,3>2,-1,1 -2,4,0>0,2,-1 2,-2,2>1,-1,1 0,2,-1>2,0,0 2,-1,1>1,1,-1 -2,3,1>-1,1,2"}
{"par":28,"whiteIs":"B","ptsW":null,"res":"tope","plies":80,"balW":200,"secs":4.5,"apertura":"1,-3,3>2,-1,1 -2,4,0>0,2,-1 2,-2,2>1,-1,1 0,2,-1>2,0,0 2,-1,1>1,1,-1 -2,3,1>-1,1,2"}
{"par":29,"whiteIs":"A","ptsW":null,"res":"tope","plies":80,"balW":-583,"secs":5.2,"apertura":"1,-3,3>1,-1,2 0,3,-2>1,2,-1 1,-1,2>-1,-1,3 -2,3,1>-1,1,2 -1,-1,3>1,-1,2 -2,4,0>-2,2,1"}
{"par":29,"whiteIs":"B","ptsW":0,"res":"mate","plies":58,"balW":-790,"secs":3.2,"apertura":"1,-3,3>1,-1,2 0,3,-2>1,2,-1 1,-1,2>-1,-1,3 -2,3,1>-1,1,2 -1,-1,3>1,-1,2 -2,4,0>-2,2,1"}
{"par":30,"whiteIs":"A","ptsW":1,"res":"mate","plies":15,"balW":348,"secs":1.4,"apertura":"1,-3,3>-1,-1,4 -3,3,1>-2,1,2 4,-2,-1>3,0,-2 -3,4,1>-3,3,1 0,-2,4>-1,0,3 -2,4,0>-1,2,0"}
{"par":30,"whiteIs":"B","ptsW":null,"res":"tope","plies":80,"balW":-125,"secs":6.2,"apertura":"1,-3,3>-1,-1,4 -3,3,1>-2,1,2 4,-2,-1>3,0,-2 -3,4,1>-3,3,1 0,-2,4>-1,0,3 -2,4,0>-1,2,0"}
{"par":31,"whiteIs":"A","ptsW":null,"res":"tope","plies":80,"balW":-75,"secs":5.5,"apertura":"0,-2,4>-1,0,3 2,3,-3>2,2,-3 4,-3,1>2,-1,0 0,3,-1>0,2,-1 2,-1,0>1,1,0 -3,3,2>-2,1,3"}
{"par":31,"whiteIs":"B","ptsW":0.5,"res":"repetition","plies":41,"balW":-163,"secs":2.7,"apertura":"0,-2,4>-1,0,3 2,3,-3>2,2,-3 4,-3,1>2,-1,0 0,3,-1>0,2,-1 2,-1,0>1,1,0 -3,3,2>-2,1,3"}
{"par":32,"whiteIs":"A","ptsW":1,"res":"mate","plies":69,"balW":2505,"secs":5.3,"apertura":"1,-2,2>0,0,1 -2,4,0>0,2,-1 -1,-2,4>-1,-1,4 2,3,-3>3,1,-2 1,-3,3>1,-1,2 0,4,-3>1,2,-1"}
{"par":32,"whiteIs":"B","ptsW":null,"res":"tope","plies":80,"balW":-383,"secs":8.5,"apertura":"1,-2,2>0,0,1 -2,4,0>0,2,-1 -1,-2,4>-1,-1,4 2,3,-3>3,1,-2 1,-3,3>1,-1,2 0,4,-3>1,2,-1"}
{"par":33,"whiteIs":"A","ptsW":0,"res":"mate","plies":54,"balW":-248,"secs":5,"apertura":"3,-2,1>2,-1,0 2,3,-3>2,2,-3 0,-2,3>-1,0,2 -2,4,0>-1,2,0 3,-2,0>2,0,-1 -1,2,0>1,1,0"}
{"par":33,"whiteIs":"B","ptsW":null,"res":"tope","plies":80,"balW":-348,"secs":7.8,"apertura":"3,-2,1>2,-1,0 2,3,-3>2,2,-3 0,-2,3>-1,0,2 -2,4,0>-1,2,0 3,-2,0>2,0,-1 -1,2,0>1,1,0"}
{"par":34,"whiteIs":"A","ptsW":null,"res":"tope","plies":80,"balW":328,"secs":10.8,"apertura":"1,-3,3>1,-1,2 1,3,-3>2,2,-2 0,-2,3>-1,0,2 -3,3,1>-2,2,2 3,-2,0>3,-1,0 -3,4,0>-3,0,4"}
{"par":34,"whiteIs":"B","ptsW":null,"res":"tope","plies":80,"balW":400,"secs":7.1,"apertura":"1,-3,3>1,-1,2 1,3,-3>2,2,-2 0,-2,3>-1,0,2 -3,3,1>-2,2,2 3,-2,0>3,-1,0 -3,4,0>-3,0,4"}
{"par":35,"whiteIs":"A","ptsW":1,"res":"mate","plies":71,"balW":856,"secs":7.2,"apertura":"1,-2,2>1,-1,2 -1,3,0>0,1,1 4,-2,0>3,-1,-1 -2,4,0>0,2,-1 0,-2,3>0,-1,3 0,3,-2>1,1,-1"}
{"par":35,"whiteIs":"B","ptsW":null,"res":"tope","plies":80,"balW":48,"secs":5.9,"apertura":"1,-2,2>1,-1,2 -1,3,0>0,1,1 4,-2,0>3,-1,-1 -2,4,0>0,2,-1 0,-2,3>0,-1,3 0,3,-2>1,1,-1"}
{"par":36,"whiteIs":"A","ptsW":null,"res":"tope","plies":80,"balW":475,"secs":4.6,"apertura":"-1,-2,4>-1,-1,4 -1,3,-1>0,1,0 1,-3,3>2,-1,1 -2,4,0>-3,2,2 3,-2,0>3,-1,0 -2,4,-1>-2,4,0"}
{"par":36,"whiteIs":"B","ptsW":null,"res":"tope","plies":80,"balW":338,"secs":7.5,"apertura":"-1,-2,4>-1,-1,4 -1,3,-1>0,1,0 1,-3,3>2,-1,1 -2,4,0>-3,2,2 3,-2,0>3,-1,0 -2,4,-1>-2,4,0"}
{"par":37,"whiteIs":"A","ptsW":1,"res":"mate","plies":73,"balW":1694,"secs":6.6,"apertura":"2,-2,1>2,-1,1 -2,3,1>-1,1,2 2,-2,2>1,-1,1 1,3,-3>2,1,-2 4,-2,-1>4,-1,-1 -1,3,-1>0,2,0"}
{"par":37,"whiteIs":"B","ptsW":null,"res":"tope","plies":80,"balW":-286,"secs":9.5,"apertura":"2,-2,1>2,-1,1 -2,3,1>-1,1,2 2,-2,2>1,-1,1 1,3,-3>2,1,-2 4,-2,-1>4,-1,-1 -1,3,-1>0,2,0"}
{"par":38,"whiteIs":"A","ptsW":null,"res":"tope","plies":80,"balW":1681,"secs":4.8,"apertura":"4,-3,1>3,-1,-1 -2,3,0>-1,2,1 -1,-2,4>-1,-1,4 0,3,-2>1,2,-1 3,-1,-1>1,0,1 2,3,-3>3,1,-2"}
{"par":38,"whiteIs":"B","ptsW":null,"res":"tope","plies":80,"balW":170,"secs":5.2,"apertura":"4,-3,1>3,-1,-1 -2,3,0>-1,2,1 -1,-2,4>-1,-1,4 0,3,-2>1,2,-1 3,-1,-1>1,0,1 2,3,-3>3,1,-2"}
{"par":39,"whiteIs":"A","ptsW":1,"res":"mate","plies":61,"balW":2099,"secs":4.2,"apertura":"1,-2,3>0,0,2 -3,3,2>-3,2,2 1,-3,4>1,1,0 -2,3,1>-1,1,2 1,1,0>1,0,1 2,3,-3>3,1,-2"}
{"par":39,"whiteIs":"B","ptsW":null,"res":"tope","plies":80,"balW":748,"secs":4.8,"apertura":"1,-2,3>0,0,2 -3,3,2>-3,2,2 1,-3,4>1,1,0 -2,3,1>-1,1,2 1,1,0>1,0,1 2,3,-3>3,1,-2"}
{"par":40,"whiteIs":"A","ptsW":null,"res":"tope","plies":80,"balW":833,"secs":6,"apertura":"0,-2,3>0,-1,3 -2,3,1>-2,2,1 4,-2,-1>4,-1,-1 0,3,-1>0,2,-1 4,-3,1>2,-1,0 -1,3,-1>0,1,0"}
{"par":40,"whiteIs":"B","ptsW":null,"res":"tope","plies":80,"balW":-248,"secs":5.7,"apertura":"0,-2,3>0,-1,3 -2,3,1>-2,2,1 4,-2,-1>4,-1,-1 0,3,-1>0,2,-1 4,-3,1>2,-1,0 -1,3,-1>0,1,0"}
{"par":41,"whiteIs":"A","ptsW":null,"res":"tope","plies":80,"balW":258,"secs":7.7,"apertura":"1,-2,2>0,0,1 -2,4,0>-2,2,1 1,-2,3>0,0,2 -1,3,-1>0,1,0 1,-3,4>1,0,1 0,3,-2>1,2,-1"}
{"par":41,"whiteIs":"B","ptsW":0,"res":"mate","plies":64,"balW":-300,"secs":4,"apertura":"1,-2,2>0,0,1 -2,4,0>-2,2,1 1,-2,3>0,0,2 -1,3,-1>0,1,0 1,-3,4>1,0,1 0,3,-2>1,2,-1"}
{"par":42,"whiteIs":"A","ptsW":1,"res":"mate","plies":67,"balW":413,"secs":6.5,"apertura":"0,-2,3>0,-1,3 2,3,-3>3,1,-2 4,-2,-1>4,-1,-1 -3,3,1>-2,1,2 3,-2,0>3,-1,0 -2,4,0>-1,2,0"}
{"par":42,"whiteIs":"B","ptsW":0,"res":"mate","plies":8,"balW":0,"secs":0.5,"apertura":"0,-2,3>0,-1,3 2,3,-3>3,1,-2 4,-2,-1>4,-1,-1 -3,3,1>-2,1,2 3,-2,0>3,-1,0 -2,4,0>-1,2,0"}
{"par":43,"whiteIs":"A","ptsW":null,"res":"tope","plies":80,"balW":1248,"secs":6,"apertura":"0,-2,4>-1,-1,3 -2,4,0>-1,2,0 4,-2,-1>4,-1,-1 1,3,-2>1,2,-2 4,-2,0>3,-1,-1 0,3,-1>1,1,0"}
{"par":43,"whiteIs":"B","ptsW":0,"res":"mate","plies":60,"balW":-723,"secs":5.1,"apertura":"0,-2,4>-1,-1,3 -2,4,0>-1,2,0 4,-2,-1>4,-1,-1 1,3,-2>1,2,-2 4,-2,0>3,-1,-1 0,3,-1>1,1,0"}
{"par":44,"whiteIs":"A","ptsW":null,"res":"tope","plies":80,"balW":783,"secs":9.3,"apertura":"2,-2,1>2,-1,1 1,3,-2>2,1,-1 3,-3,1>1,-1,1 -2,3,0>-1,1,1 3,-2,1>2,-1,0 -3,4,0>-1,2,0"}
{"par":44,"whiteIs":"B","ptsW":null,"res":"tope","plies":80,"balW":75,"secs":7.2,"apertura":"2,-2,1>2,-1,1 1,3,-2>2,1,-1 3,-3,1>1,-1,1 -2,3,0>-1,1,1 3,-2,1>2,-1,0 -3,4,0>-1,2,0"}
{"par":45,"whiteIs":"A","ptsW":null,"res":"tope","plies":80,"balW":383,"secs":4.5,"apertura":"-1,-2,4>-1,-1,4 -1,3,-1>0,2,0 3,-2,0>3,-1,0 -1,3,0>0,1,1 1,-3,3>0,-1,3 0,3,-1>1,1,0"}
{"par":45,"whiteIs":"B","ptsW":null,"res":"tope","plies":80,"balW":-848,"secs":6,"apertura":"-1,-2,4>-1,-1,4 -1,3,-1>0,2,0 3,-2,0>3,-1,0 -1,3,0>0,1,1 1,-3,3>0,-1,3 0,3,-1>1,1,0"}
{"par":46,"whiteIs":"A","ptsW":null,"res":"tope","plies":80,"balW":383,"secs":6.3,"apertura":"1,-3,3>2,-1,1 0,3,-2>1,2,-1 2,-1,1>0,0,1 -2,4,0>0,2,-1 3,-2,1>2,-1,0 1,3,-3>2,2,-2"}
{"par":46,"whiteIs":"B","ptsW":null,"res":"tope","plies":80,"balW":-700,"secs":5.5,"apertura":"1,-3,3>2,-1,1 0,3,-2>1,2,-1 2,-1,1>0,0,1 -2,4,0>0,2,-1 3,-2,1>2,-1,0 1,3,-3>2,2,-2"}
{"par":47,"whiteIs":"A","ptsW":null,"res":"tope","plies":80,"balW":-758,"secs":4.7,"apertura":"1,-3,3>0,-1,3 -3,3,1>-2,1,2 0,-1,3>1,-3,3 2,3,-3>3,1,-2 1,-2,3>0,0,2 1,3,-3>2,1,-2"}
{"par":47,"whiteIs":"B","ptsW":null,"res":"tope","plies":80,"balW":-435,"secs":6.7,"apertura":"1,-3,3>0,-1,3 -3,3,1>-2,1,2 0,-1,3>1,-3,3 2,3,-3>3,1,-2 1,-2,3>0,0,2 1,3,-3>2,1,-2"}
{"par":48,"whiteIs":"A","ptsW":null,"res":"tope","plies":80,"balW":65,"secs":6.8,"apertura":"4,-3,1>3,-1,-1 -1,3,-1>0,1,0 4,-2,-1>4,-1,-1 -2,3,0>-1,2,1 3,-2,1>2,-1,0 -3,3,1>-2,2,2"}
{"par":48,"whiteIs":"B","ptsW":null,"res":"tope","plies":80,"balW":-1681,"secs":8.5,"apertura":"4,-3,1>3,-1,-1 -1,3,-1>0,1,0 4,-2,-1>4,-1,-1 -2,3,0>-1,2,1 3,-2,1>2,-1,0 -3,3,1>-2,2,2"}
{"par":49,"whiteIs":"A","ptsW":null,"res":"tope","plies":80,"balW":683,"secs":5.1,"apertura":"1,-2,2>1,-1,2 2,3,-3>2,2,-3 1,-2,3>0,-1,2 -2,3,0>-1,1,1 0,-2,4>-1,-1,3 -1,1,1>0,0,2"}
{"par":49,"whiteIs":"B","ptsW":0,"res":"mate","plies":40,"balW":-1111,"secs":3.1,"apertura":"1,-2,2>1,-1,2 2,3,-3>2,2,-3 1,-2,3>0,-1,2 -2,3,0>-1,1,1 0,-2,4>-1,-1,3 -1,1,1>0,0,2"}
{"par":50,"whiteIs":"A","ptsW":null,"res":"tope","plies":80,"balW":-1546,"secs":6.4,"apertura":"1,-3,3>1,-1,2 0,4,-3>1,2,-1 2,-2,1>1,0,0 1,2,-1>0,0,1 0,-2,3>-1,0,2 0,3,-2>1,2,-1"}
{"par":50,"whiteIs":"B","ptsW":null,"res":"tope","plies":80,"balW":158,"secs":5.8,"apertura":"1,-3,3>1,-1,2 0,4,-3>1,2,-1 2,-2,1>1,0,0 1,2,-1>0,0,1 0,-2,3>-1,0,2 0,3,-2>1,2,-1"}
{"par":51,"whiteIs":"A","ptsW":null,"res":"tope","plies":80,"balW":-117,"secs":7.7,"apertura":"4,-3,1>3,-1,-1 1,3,-2>2,1,-1 1,-3,3>-1,-1,4 -2,4,0>-3,2,2 0,-2,3>0,-1,3 0,4,-2>4,0,-2"}
{"par":51,"whiteIs":"B","ptsW":null,"res":"tope","plies":80,"balW":-1681,"secs":4.2,"apertura":"4,-3,1>3,-1,-1 1,3,-2>2,1,-1 1,-3,3>-1,-1,4 -2,4,0>-3,2,2 0,-2,3>0,-1,3 0,4,-2>4,0,-2"}
{"par":52,"whiteIs":"A","ptsW":null,"res":"tope","plies":80,"balW":390,"secs":6.9,"apertura":"3,-2,1>2,0,0 -2,3,1>-1,1,2 2,-2,2>1,0,1 -1,3,0>-1,2,0 1,-2,2>0,0,1 1,3,-3>2,1,-2"}
{"par":52,"whiteIs":"B","ptsW":null,"res":"tope","plies":80,"balW":-135,"secs":5.2,"apertura":"3,-2,1>2,0,0 -2,3,1>-1,1,2 2,-2,2>1,0,1 -1,3,0>-1,2,0 1,-2,2>0,0,1 1,3,-3>2,1,-2"}
{"par":53,"whiteIs":"A","ptsW":1,"res":"mate","plies":13,"balW":100,"secs":0.8,"apertura":"3,-2,0>3,-1,0 1,3,-2>2,1,-1 3,-1,0>2,0,-1 1,3,-3>2,2,-2 1,-3,3>-1,-1,4 2,2,-2>2,1,-2"}
{"par":53,"whiteIs":"B","ptsW":null,"res":"tope","plies":80,"balW":-75,"secs":6,"apertura":"3,-2,0>3,-1,0 1,3,-2>2,1,-1 3,-1,0>2,0,-1 1,3,-3>2,2,-2 1,-3,3>-1,-1,4 2,2,-2>2,1,-2"}
{"par":54,"whiteIs":"A","ptsW":1,"res":"mate","plies":67,"balW":-90,"secs":5.9,"apertura":"4,-2,-1>3,0,-2 1,3,-3>2,2,-2 0,-2,3>-1,0,2 -1,3,-1>0,1,0 2,-2,2>1,0,1 -1,3,0>-1,2,0"}
{"par":54,"whiteIs":"B","ptsW":0,"res":"mate","plies":54,"balW":-1116,"secs":4.3,"apertura":"4,-2,-1>3,0,-2 1,3,-3>2,2,-2 0,-2,3>-1,0,2 -1,3,-1>0,1,0 2,-2,2>1,0,1 -1,3,0>-1,2,0"}
{"par":55,"whiteIs":"A","ptsW":null,"res":"tope","plies":80,"balW":1158,"secs":5.2,"apertura":"3,-2,0>2,0,-1 -1,3,-1>0,2,0 4,-2,-1>3,0,-2 1,3,-2>1,2,-2 -1,-2,4>-2,0,3 -1,3,0>-1,2,0"}
{"par":55,"whiteIs":"B","ptsW":null,"res":"tope","plies":80,"balW":-853,"secs":6.1,"apertura":"3,-2,0>2,0,-1 -1,3,-1>0,2,0 4,-2,-1>3,0,-2 1,3,-2>1,2,-2 -1,-2,4>-2,0,3 -1,3,0>-1,2,0"}
{"par":56,"whiteIs":"A","ptsW":null,"res":"tope","plies":80,"balW":-140,"secs":6.6,"apertura":"1,-2,2>1,-1,2 -3,3,2>-3,2,2 0,-2,4>-1,-1,3 -2,4,0>-1,2,0 3,-2,1>2,0,0 0,3,-2>1,1,-1"}
{"par":56,"whiteIs":"B","ptsW":0,"res":"mate","plies":80,"balW":-1316,"secs":4.9,"apertura":"1,-2,2>1,-1,2 -3,3,2>-3,2,2 0,-2,4>-1,-1,3 -2,4,0>-1,2,0 3,-2,1>2,0,0 0,3,-2>1,1,-1"}
{"par":57,"whiteIs":"A","ptsW":1,"res":"mate","plies":47,"balW":100,"secs":4.2,"apertura":"0,-2,3>-1,0,2 -1,3,0>0,1,1 1,-2,3>0,-1,2 2,3,-3>2,2,-3 2,-3,2>1,-2,3 -1,3,-1>0,1,0"}
{"par":57,"whiteIs":"B","ptsW":null,"res":"tope","plies":80,"balW":706,"secs":7.2,"apertura":"0,-2,3>-1,0,2 -1,3,0>0,1,1 1,-2,3>0,-1,2 2,3,-3>2,2,-3 2,-3,2>1,-2,3 -1,3,-1>0,1,0"}
{"par":58,"whiteIs":"A","ptsW":1,"res":"mate","plies":53,"balW":1291,"secs":4.3,"apertura":"3,-2,0>2,0,-1 -3,3,2>-2,1,3 1,-2,2>1,-1,2 1,3,-3>2,2,-2 4,-2,-1>3,0,-2 -2,1,3>-2,0,3"}
{"par":58,"whiteIs":"B","ptsW":null,"res":"tope","plies":80,"balW":-723,"secs":5.5,"apertura":"3,-2,0>2,0,-1 -3,3,2>-2,1,3 1,-2,2>1,-1,2 1,3,-3>2,2,-2 4,-2,-1>3,0,-2 -2,1,3>-2,0,3"}
{"par":59,"whiteIs":"A","ptsW":null,"res":"tope","plies":80,"balW":135,"secs":6,"apertura":"3,-2,0>3,-1,0 2,3,-3>3,1,-2 4,-2,-1>3,0,-2 -3,3,2>-2,1,3 0,-2,3>-1,0,2 -2,3,1>-2,2,1"}
{"par":59,"whiteIs":"B","ptsW":null,"res":"tope","plies":80,"balW":1165,"secs":6.7,"apertura":"3,-2,0>3,-1,0 2,3,-3>3,1,-2 4,-2,-1>3,0,-2 -3,3,2>-2,1,3 0,-2,3>-1,0,2 -2,3,1>-2,2,1"}
{"par":60,"whiteIs":"A","ptsW":null,"res":"tope","plies":80,"balW":-23,"secs":7.5,"apertura":"4,-2,0>3,0,-1 -1,3,-1>0,2,0 3,0,-1>2,1,-2 1,3,-3>2,2,-2 1,-2,3>0,-1,2 0,2,0>0,1,0"}
{"par":60,"whiteIs":"B","ptsW":null,"res":"tope","plies":80,"balW":-1165,"secs":6.5,"apertura":"4,-2,0>3,0,-1 -1,3,-1>0,2,0 3,0,-1>2,1,-2 1,3,-3>2,2,-2 1,-2,3>0,-1,2 0,2,0>0,1,0"}
{"par":61,"whiteIs":"A","ptsW":1,"res":"mate","plies":69,"balW":966,"secs":6.2,"apertura":"4,-2,-1>3,0,-2 0,3,-2>1,2,-1 3,-2,1>2,-1,0 -1,4,-1>0,3,-2 1,-3,3>0,-1,3 2,3,-3>3,1,-2"}
{"par":61,"whiteIs":"B","ptsW":null,"res":"tope","plies":80,"balW":87,"secs":6.1,"apertura":"4,-2,-1>3,0,-2 0,3,-2>1,2,-1 3,-2,1>2,-1,0 -1,4,-1>0,3,-2 1,-3,3>0,-1,3 2,3,-3>3,1,-2"}
{"par":62,"whiteIs":"A","ptsW":1,"res":"mate","plies":59,"balW":1041,"secs":6.4,"apertura":"3,-2,1>2,-1,0 0,3,-1>1,1,0 4,-2,-1>4,-1,-1 1,3,-2>2,1,-1 -1,-2,4>-2,0,3 -1,4,-2>0,2,-1"}
{"par":62,"whiteIs":"B","ptsW":null,"res":"tope","plies":80,"balW":100,"secs":6.6,"apertura":"3,-2,1>2,-1,0 0,3,-1>1,1,0 4,-2,-1>4,-1,-1 1,3,-2>2,1,-1 -1,-2,4>-2,0,3 -1,4,-2>0,2,-1"}
{"par":63,"whiteIs":"A","ptsW":null,"res":"tope","plies":80,"balW":1129,"secs":5.3,"apertura":"4,-3,1>2,-1,0 1,3,-3>2,1,-2 2,-1,0>4,0,-2 1,3,-2>2,1,-1 4,-2,0>3,-1,-1 1,4,-3>1,0,1"}
{"par":63,"whiteIs":"B","ptsW":null,"res":"tope","plies":80,"balW":-1646,"secs":6,"apertura":"4,-3,1>2,-1,0 1,3,-3>2,1,-2 2,-1,0>4,0,-2 1,3,-2>2,1,-1 4,-2,0>3,-1,-1 1,4,-3>1,0,1"}
{"par":64,"whiteIs":"A","ptsW":null,"res":"tope","plies":80,"balW":165,"secs":7.6,"apertura":"0,-2,4>-1,0,3 -1,3,-1>0,1,0 1,-3,4>-1,-1,4 -2,4,0>-2,2,1 -1,-1,4>1,-3,4 -1,3,0>0,1,1"}
{"par":64,"whiteIs":"B","ptsW":0,"res":"mate","plies":24,"balW":313,"secs":1.7,"apertura":"0,-2,4>-1,0,3 -1,3,-1>0,1,0 1,-3,4>-1,-1,4 -2,4,0>-2,2,1 -1,-1,4>1,-3,4 -1,3,0>0,1,1"}
{"par":65,"whiteIs":"A","ptsW":null,"res":"tope","plies":80,"balW":-265,"secs":8,"apertura":"1,-2,3>0,0,2 2,3,-3>3,1,-2 0,-2,3>-1,0,2 -3,3,1>-2,1,2 2,-2,1>2,-1,1 -1,3,-1>0,1,0"}
{"par":65,"whiteIs":"B","ptsW":null,"res":"tope","plies":80,"balW":-625,"secs":8.9,"apertura":"1,-2,3>0,0,2 2,3,-3>3,1,-2 0,-2,3>-1,0,2 -3,3,1>-2,1,2 2,-2,1>2,-1,1 -1,3,-1>0,1,0"}
{"par":66,"whiteIs":"A","ptsW":null,"res":"tope","plies":80,"balW":-923,"secs":6.3,"apertura":"2,-2,2>1,-1,1 0,3,-2>1,2,-1 1,-3,3>0,-1,3 -3,3,2>-3,2,2 3,-2,0>2,0,-1 -1,3,0>0,1,1"}
{"par":66,"whiteIs":"B","ptsW":null,"res":"tope","plies":80,"balW":238,"secs":6.9,"apertura":"2,-2,2>1,-1,1 0,3,-2>1,2,-1 1,-3,3>0,-1,3 -3,3,2>-3,2,2 3,-2,0>2,0,-1 -1,3,0>0,1,1"}
{"par":67,"whiteIs":"A","ptsW":null,"res":"tope","plies":80,"balW":-348,"secs":4.8,"apertura":"1,-3,3>-1,-1,4 0,4,-3>1,2,-1 0,-2,3>-1,0,2 1,2,-1>0,4,-3 -1,-1,4>-3,0,4 0,4,-3>1,2,-1"}
{"par":67,"whiteIs":"B","ptsW":0,"res":"mate","plies":74,"balW":-1151,"secs":4.8,"apertura":"1,-3,3>-1,-1,4 0,4,-3>1,2,-1 0,-2,3>-1,0,2 1,2,-1>0,4,-3 -1,-1,4>-3,0,4 0,4,-3>1,2,-1"}
{"par":68,"whiteIs":"A","ptsW":1,"res":"mate","plies":1,"balW":100,"secs":0.1,"apertura":"1,-3,3>-1,-1,4 0,3,-2>1,1,-1 -1,-1,4>-3,1,3 2,3,-3>2,2,-3 0,-2,4>-1,0,3 0,4,-3>1,2,-1"}
{"par":68,"whiteIs":"B","ptsW":1,"res":"mate","plies":1,"balW":100,"secs":0.1,"apertura":"1,-3,3>-1,-1,4 0,3,-2>1,1,-1 -1,-1,4>-3,1,3 2,3,-3>2,2,-3 0,-2,4>-1,0,3 0,4,-3>1,2,-1"}
{"par":69,"whiteIs":"A","ptsW":null,"res":"tope","plies":80,"balW":317,"secs":6.9,"apertura":"1,-2,3>0,-1,2 -2,4,0>-2,2,1 3,-2,0>2,0,-1 0,4,-3>1,2,-1 3,-3,1>3,1,-3 1,3,-3>2,1,-2"}
{"par":69,"whiteIs":"B","ptsW":0,"res":"mate","plies":62,"balW":-1228,"secs":5,"apertura":"1,-2,3>0,-1,2 -2,4,0>-2,2,1 3,-2,0>2,0,-1 0,4,-3>1,2,-1 3,-3,1>3,1,-3 1,3,-3>2,1,-2"}
{"par":70,"whiteIs":"A","ptsW":null,"res":"tope","plies":80,"balW":200,"secs":6,"apertura":"0,-2,3>0,-1,3 1,3,-3>2,2,-2 1,-2,3>0,-1,2 0,3,-2>1,1,-1 2,-3,2>1,-2,3 -2,4,0>0,2,-1"}
{"par":70,"whiteIs":"B","ptsW":0,"res":"mate","plies":76,"balW":-1281,"secs":4.9,"apertura":"0,-2,3>0,-1,3 1,3,-3>2,2,-2 1,-2,3>0,-1,2 0,3,-2>1,1,-1 2,-3,2>1,-2,3 -2,4,0>0,2,-1"}
{"par":71,"whiteIs":"A","ptsW":null,"res":"tope","plies":80,"balW":-48,"secs":5.5,"apertura":"1,-3,3>2,-1,1 -3,3,2>-3,2,2 1,-2,2>1,-1,2 -3,3,1>-2,1,2 3,-2,1>2,0,0 -2,3,0>-1,2,1"}
{"par":71,"whiteIs":"B","ptsW":null,"res":"tope","plies":80,"balW":-300,"secs":5.1,"apertura":"1,-3,3>2,-1,1 -3,3,2>-3,2,2 1,-2,2>1,-1,2 -3,3,1>-2,1,2 3,-2,1>2,0,0 -2,3,0>-1,2,1"}
{"par":72,"whiteIs":"A","ptsW":null,"res":"tope","plies":80,"balW":516,"secs":8.6,"apertura":"2,-2,1>2,-1,1 -2,3,1>-1,1,2 3,-3,1>0,0,1 1,3,-3>2,2,-2 1,-2,2>1,-1,2 0,3,-2>1,1,-1"}
{"par":72,"whiteIs":"B","ptsW":null,"res":"tope","plies":80,"balW":-265,"secs":6.9,"apertura":"2,-2,1>2,-1,1 -2,3,1>-1,1,2 3,-3,1>0,0,1 1,3,-3>2,2,-2 1,-2,2>1,-1,2 0,3,-2>1,1,-1"}
{"par":73,"whiteIs":"A","ptsW":null,"res":"tope","plies":80,"balW":-365,"secs":5.9,"apertura":"1,-3,3>1,-1,2 1,3,-2>1,2,-2 1,-1,2>1,-3,3 0,4,-2>2,2,-2 3,-2,0>2,0,-1 2,2,-2>4,0,-2"}
{"par":73,"whiteIs":"B","ptsW":null,"res":"tope","plies":80,"balW":-225,"secs":9.2,"apertura":"1,-3,3>1,-1,2 1,3,-2>1,2,-2 1,-1,2>1,-3,3 0,4,-2>2,2,-2 3,-2,0>2,0,-1 2,2,-2>4,0,-2"}
{"par":74,"whiteIs":"A","ptsW":null,"res":"tope","plies":80,"balW":313,"secs":6.7,"apertura":"2,-2,2>1,0,1 -2,4,0>-2,2,1 2,-2,1>2,-1,1 -1,3,0>0,1,1 2,-3,3>2,-2,2 1,3,-3>2,2,-2"}
{"par":74,"whiteIs":"B","ptsW":null,"res":"tope","plies":80,"balW":-341,"secs":8,"apertura":"2,-2,2>1,0,1 -2,4,0>-2,2,1 2,-2,1>2,-1,1 -1,3,0>0,1,1 2,-3,3>2,-2,2 1,3,-3>2,2,-2"}
{"par":75,"whiteIs":"A","ptsW":1,"res":"mate","plies":63,"balW":228,"secs":6.8,"apertura":"-1,-2,4>-1,-1,4 -1,3,0>0,1,1 1,-3,3>1,-1,2 0,3,-1>0,2,-1 1,-1,2>-1,-1,3 0,3,-2>1,2,-1"}
{"par":75,"whiteIs":"B","ptsW":null,"res":"tope","plies":80,"balW":-1716,"secs":5.9,"apertura":"-1,-2,4>-1,-1,4 -1,3,0>0,1,1 1,-3,3>1,-1,2 0,3,-1>0,2,-1 1,-1,2>-1,-1,3 0,3,-2>1,2,-1"}
{"par":76,"whiteIs":"A","ptsW":null,"res":"tope","plies":80,"balW":100,"secs":4.6,"apertura":"2,-2,2>1,0,1 -3,3,1>-2,2,2 0,-2,3>0,-1,3 -2,4,0>-3,2,2 3,-2,0>2,0,-1 -3,2,2>-1,1,2"}
{"par":76,"whiteIs":"B","ptsW":null,"res":"tope","plies":80,"balW":-18,"secs":5.6,"apertura":"2,-2,2>1,0,1 -3,3,1>-2,2,2 0,-2,3>0,-1,3 -2,4,0>-3,2,2 3,-2,0>2,0,-1 -3,2,2>-1,1,2"}
{"par":77,"whiteIs":"A","ptsW":null,"res":"tope","plies":80,"balW":506,"secs":5.2,"apertura":"2,-2,2>1,0,1 0,4,-3>2,2,-2 3,-2,0>3,-1,0 -1,3,-1>0,1,0 1,-2,3>0,0,2 -3,3,2>-2,1,3"}
{"par":77,"whiteIs":"B","ptsW":null,"res":"tope","plies":80,"balW":-153,"secs":5.5,"apertura":"2,-2,2>1,0,1 0,4,-3>2,2,-2 3,-2,0>3,-1,0 -1,3,-1>0,1,0 1,-2,3>0,0,2 -3,3,2>-2,1,3"}
{"par":78,"whiteIs":"A","ptsW":null,"res":"tope","plies":80,"balW":-458,"secs":5.6,"apertura":"0,-2,3>0,-1,3 0,3,-1>1,1,0 0,-1,3>-1,0,2 -2,3,1>-2,2,1 1,-3,3>1,-1,2 1,3,-3>2,1,-2"}
{"par":78,"whiteIs":"B","ptsW":0,"res":"mate","plies":72,"balW":-1516,"secs":4.6,"apertura":"0,-2,3>0,-1,3 0,3,-1>1,1,0 0,-1,3>-1,0,2 -2,3,1>-2,2,1 1,-3,3>1,-1,2 1,3,-3>2,1,-2"}
{"par":79,"whiteIs":"A","ptsW":null,"res":"tope","plies":80,"balW":608,"secs":6,"apertura":"1,-2,3>0,0,2 2,3,-3>2,2,-3 1,-3,4>1,-1,2 -1,3,-1>0,2,0 1,-1,2>2,-1,1 -1,4,-1>-1,3,-1"}
{"par":79,"whiteIs":"B","ptsW":null,"res":"tope","plies":80,"balW":-600,"secs":5.8,"apertura":"1,-2,3>0,0,2 2,3,-3>2,2,-3 1,-3,4>1,-1,2 -1,3,-1>0,2,0 1,-1,2>2,-1,1 -1,4,-1>-1,3,-1"}
{"par":80,"whiteIs":"A","ptsW":null,"res":"tope","plies":80,"balW":-100,"secs":8.7,"apertura":"1,-3,3>0,-1,3 -3,3,1>-2,2,2 4,-3,1>3,-1,-1 -1,3,0>-1,2,0 3,-1,-1>3,1,-2 1,3,-2>2,1,-1"}
{"par":80,"whiteIs":"B","ptsW":null,"res":"tope","plies":80,"balW":-916,"secs":5.5,"apertura":"1,-3,3>0,-1,3 -3,3,1>-2,2,2 4,-3,1>3,-1,-1 -1,3,0>-1,2,0 3,-1,-1>3,1,-2 1,3,-2>2,1,-1"}
{"par":81,"whiteIs":"A","ptsW":null,"res":"tope","plies":80,"balW":-200,"secs":7.3,"apertura":"1,-3,3>0,-1,3 -3,3,1>-2,2,2 0,-1,3>1,-1,1 -2,2,2>-2,1,2 4,-2,0>3,0,-1 -2,3,1>-2,2,1"}
{"par":81,"whiteIs":"B","ptsW":0,"res":"mate","plies":74,"balW":-1787,"secs":4.1,"apertura":"1,-3,3>0,-1,3 -3,3,1>-2,2,2 0,-1,3>1,-1,1 -2,2,2>-2,1,2 4,-2,0>3,0,-1 -2,3,1>-2,2,1"}
{"par":82,"whiteIs":"A","ptsW":1,"res":"mate","plies":7,"balW":0,"secs":0.5,"apertura":"2,-2,2>1,0,1 -1,3,-1>0,1,0 1,-3,3>-1,-1,4 0,3,-1>1,1,0 0,-2,4>-1,-1,3 0,4,-2>0,3,-1"}
{"par":82,"whiteIs":"B","ptsW":null,"res":"tope","plies":80,"balW":-165,"secs":5.2,"apertura":"2,-2,2>1,0,1 -1,3,-1>0,1,0 1,-3,3>-1,-1,4 0,3,-1>1,1,0 0,-2,4>-1,-1,3 0,4,-2>0,3,-1"}
{"par":83,"whiteIs":"A","ptsW":null,"res":"tope","plies":80,"balW":851,"secs":6,"apertura":"4,-2,0>3,0,-1 -3,3,1>-2,1,2 0,-2,3>-1,0,2 -2,1,2>-1,0,3 0,-2,4>-1,-1,3 1,3,-2>2,1,-1"}
{"par":83,"whiteIs":"B","ptsW":null,"res":"tope","plies":80,"balW":293,"secs":6.4,"apertura":"4,-2,0>3,0,-1 -3,3,1>-2,1,2 0,-2,3>-1,0,2 -2,1,2>-1,0,3 0,-2,4>-1,-1,3 1,3,-2>2,1,-1"}
{"par":84,"whiteIs":"A","ptsW":null,"res":"tope","plies":80,"balW":-100,"secs":9,"apertura":"2,-2,2>1,-1,1 0,4,-3>2,2,-2 3,-2,0>2,0,-1 0,3,-2>1,2,-1 1,-3,3>0,-1,3 2,2,-2>0,1,0"}
{"par":84,"whiteIs":"B","ptsW":null,"res":"tope","plies":80,"balW":-328,"secs":5.5,"apertura":"2,-2,2>1,-1,1 0,4,-3>2,2,-2 3,-2,0>2,0,-1 0,3,-2>1,2,-1 1,-3,3>0,-1,3 2,2,-2>0,1,0"}
{"par":85,"whiteIs":"A","ptsW":null,"res":"tope","plies":80,"balW":-207,"secs":7.1,"apertura":"2,-2,1>2,-1,1 1,3,-2>1,2,-2 1,-3,3>-1,-1,4 -1,3,-1>0,2,0 -1,-1,4>1,-3,3 -3,3,2>-3,2,2"}
{"par":85,"whiteIs":"B","ptsW":null,"res":"tope","plies":80,"balW":-1081,"secs":5.7,"apertura":"2,-2,1>2,-1,1 1,3,-2>1,2,-2 1,-3,3>-1,-1,4 -1,3,-1>0,2,0 -1,-1,4>1,-3,3 -3,3,2>-3,2,2"}
{"par":86,"whiteIs":"A","ptsW":null,"res":"tope","plies":80,"balW":300,"secs":6,"apertura":"4,-2,0>3,0,-1 -1,3,-1>0,1,0 1,-3,3>-1,-1,4 1,3,-3>2,2,-2 3,0,-1>2,1,-2 -3,3,1>-2,2,2"}
{"par":86,"whiteIs":"B","ptsW":null,"res":"tope","plies":80,"balW":-741,"secs":6.9,"apertura":"4,-2,0>3,0,-1 -1,3,-1>0,1,0 1,-3,3>-1,-1,4 1,3,-3>2,2,-2 3,0,-1>2,1,-2 -3,3,1>-2,2,2"}
{"par":87,"whiteIs":"A","ptsW":1,"res":"mate","plies":75,"balW":2147,"secs":4.2,"apertura":"3,-2,1>2,0,0 0,3,-1>0,2,-1 0,-2,4>-1,-1,3 2,3,-3>3,1,-2 2,-2,1>2,-1,1 -1,4,-2>0,3,-1"}
{"par":87,"whiteIs":"B","ptsW":null,"res":"tope","plies":80,"balW":-635,"secs":4.7,"apertura":"3,-2,1>2,0,0 0,3,-1>0,2,-1 0,-2,4>-1,-1,3 2,3,-3>3,1,-2 2,-2,1>2,-1,1 -1,4,-2>0,3,-1"}
{"par":88,"whiteIs":"A","ptsW":null,"res":"tope","plies":80,"balW":1764,"secs":4.9,"apertura":"0,-2,3>-1,0,2 0,3,-1>1,1,0 2,-2,2>1,-1,1 -2,3,0>-1,2,1 4,-2,-1>3,0,-2 0,4,-2>0,1,1"}
{"par":88,"whiteIs":"B","ptsW":null,"res":"tope","plies":80,"balW":-465,"secs":4.6,"apertura":"0,-2,3>-1,0,2 0,3,-1>1,1,0 2,-2,2>1,-1,1 -2,3,0>-1,2,1 4,-2,-1>3,0,-2 0,4,-2>0,1,1"}
{"par":89,"whiteIs":"A","ptsW":null,"res":"tope","plies":80,"balW":318,"secs":4.7,"apertura":"3,-2,0>2,0,-1 0,3,-1>1,1,0 4,-2,0>3,0,-1 0,4,-3>2,2,-2 0,-2,4>-1,-1,3 1,3,-2>1,2,-2"}
{"par":89,"whiteIs":"B","ptsW":null,"res":"tope","plies":80,"balW":165,"secs":6,"apertura":"3,-2,0>2,0,-1 0,3,-1>1,1,0 4,-2,0>3,0,-1 0,4,-3>2,2,-2 0,-2,4>-1,-1,3 1,3,-2>1,2,-2"}
{"par":90,"whiteIs":"A","ptsW":0,"res":"mate","plies":46,"balW":100,"secs":4.7,"apertura":"1,-3,3>2,-1,1 -3,3,1>-2,1,2 2,-1,1>0,-1,2 2,3,-3>3,1,-2 4,-2,0>3,-1,-1 -2,1,2>-1,0,3"}
{"par":90,"whiteIs":"B","ptsW":null,"res":"tope","plies":80,"balW":258,"secs":6.3,"apertura":"1,-3,3>2,-1,1 -3,3,1>-2,1,2 2,-1,1>0,-1,2 2,3,-3>3,1,-2 4,-2,0>3,-1,-1 -2,1,2>-1,0,3"}
{"par":91,"whiteIs":"A","ptsW":null,"res":"tope","plies":80,"balW":-329,"secs":5.8,"apertura":"3,-2,1>2,-1,0 -2,3,1>-1,1,2 0,-2,3>-1,0,2 1,3,-2>1,2,-2 -1,-2,4>-2,0,3 -2,4,0>0,2,-1"}
{"par":91,"whiteIs":"B","ptsW":null,"res":"tope","plies":80,"balW":100,"secs":6.4,"apertura":"3,-2,1>2,-1,0 -2,3,1>-1,1,2 0,-2,3>-1,0,2 1,3,-2>1,2,-2 -1,-2,4>-2,0,3 -2,4,0>0,2,-1"}
{"par":92,"whiteIs":"A","ptsW":null,"res":"tope","plies":80,"balW":-248,"secs":5.8,"apertura":"0,-2,3>-1,0,2 -3,3,1>-2,2,2 3,-2,1>2,-1,0 -2,4,0>-3,2,2 1,-2,3>0,0,2 -3,2,2>-1,1,2"}
{"par":92,"whiteIs":"B","ptsW":null,"res":"tope","plies":80,"balW":117,"secs":4.1,"apertura":"0,-2,3>-1,0,2 -3,3,1>-2,2,2 3,-2,1>2,-1,0 -2,4,0>-3,2,2 1,-2,3>0,0,2 -3,2,2>-1,1,2"}
{"par":93,"whiteIs":"A","ptsW":null,"res":"tope","plies":80,"balW":-628,"secs":5.2,"apertura":"4,-2,0>3,-1,-1 0,4,-3>1,2,-1 3,-1,-1>3,0,-1 2,3,-3>3,1,-2 2,-2,2>1,0,1 -2,3,1>-2,2,1"}
{"par":93,"whiteIs":"B","ptsW":null,"res":"tope","plies":80,"balW":-906,"secs":5.8,"apertura":"4,-2,0>3,-1,-1 0,4,-3>1,2,-1 3,-1,-1>3,0,-1 2,3,-3>3,1,-2 2,-2,2>1,0,1 -2,3,1>-2,2,1"}
{"par":94,"whiteIs":"A","ptsW":1,"res":"mate","plies":39,"balW":1126,"secs":3.7,"apertura":"2,-2,1>2,-1,1 -2,3,0>-1,2,1 1,-3,3>0,-1,3 0,4,-3>1,2,-1 3,-2,0>3,-1,0 2,3,-3>3,1,-2"}
{"par":94,"whiteIs":"B","ptsW":null,"res":"tope","plies":80,"balW":0,"secs":9.4,"apertura":"2,-2,1>2,-1,1 -2,3,0>-1,2,1 1,-3,3>0,-1,3 0,4,-3>1,2,-1 3,-2,0>3,-1,0 2,3,-3>3,1,-2"}
{"par":95,"whiteIs":"A","ptsW":null,"res":"tope","plies":80,"balW":317,"secs":5.5,"apertura":"-1,-2,4>-1,-1,4 -2,3,1>-2,2,1 2,-2,1>2,-1,1 -1,3,-1>0,2,0 4,-2,-1>4,-1,-1 -3,3,1>-2,1,2"}
{"par":95,"whiteIs":"B","ptsW":null,"res":"tope","plies":80,"balW":-288,"secs":5.2,"apertura":"-1,-2,4>-1,-1,4 -2,3,1>-2,2,1 2,-2,1>2,-1,1 -1,3,-1>0,2,0 4,-2,-1>4,-1,-1 -3,3,1>-2,1,2"}
{"par":96,"whiteIs":"A","ptsW":null,"res":"tope","plies":80,"balW":1646,"secs":5.2,"apertura":"0,-2,4>-1,-1,3 -2,3,1>-1,1,2 1,-2,3>0,0,2 -2,4,0>0,2,-1 4,-2,-1>4,-1,-1 -2,3,0>-1,1,1"}
{"par":96,"whiteIs":"B","ptsW":null,"res":"tope","plies":80,"balW":293,"secs":5.6,"apertura":"0,-2,4>-1,-1,3 -2,3,1>-1,1,2 1,-2,3>0,0,2 -2,4,0>0,2,-1 4,-2,-1>4,-1,-1 -2,3,0>-1,1,1"}
{"par":97,"whiteIs":"A","ptsW":null,"res":"tope","plies":80,"balW":-170,"secs":5.5,"apertura":"3,-2,0>2,0,-1 -2,3,0>-1,2,1 3,-3,1>3,-2,0 1,3,-2>1,2,-2 1,-3,3>2,-1,1 -3,4,0>-1,2,0"}
{"par":97,"whiteIs":"B","ptsW":0,"res":"mate","plies":60,"balW":-107,"secs":5.4,"apertura":"3,-2,0>2,0,-1 -2,3,0>-1,2,1 3,-3,1>3,-2,0 1,3,-2>1,2,-2 1,-3,3>2,-1,1 -3,4,0>-1,2,0"}
{"par":98,"whiteIs":"A","ptsW":null,"res":"tope","plies":80,"balW":-48,"secs":6.3,"apertura":"1,-3,3>-1,-1,4 -2,3,1>-2,2,1 -1,-1,4>1,-3,3 1,3,-2>2,1,-1 0,-2,3>-1,0,2 -1,3,0>0,1,1"}
{"par":98,"whiteIs":"B","ptsW":null,"res":"tope","plies":80,"balW":-881,"secs":5.5,"apertura":"1,-3,3>-1,-1,4 -2,3,1>-2,2,1 -1,-1,4>1,-3,3 1,3,-2>2,1,-1 0,-2,3>-1,0,2 -1,3,0>0,1,1"}
{"par":99,"whiteIs":"A","ptsW":null,"res":"tope","plies":80,"balW":358,"secs":6.1,"apertura":"1,-3,3>-1,-1,4 1,3,-2>2,1,-1 -1,-1,4>-1,0,2 2,3,-3>2,2,-3 -1,-2,4>-1,-1,4 -1,3,0>-1,2,0"}
{"par":99,"whiteIs":"B","ptsW":null,"res":"tope","plies":80,"balW":-535,"secs":4.6,"apertura":"1,-3,3>-1,-1,4 1,3,-2>2,1,-1 -1,-1,4>-1,0,2 2,3,-3>2,2,-3 -1,-2,4>-1,-1,4 -1,3,0>-1,2,0"}
{"par":100,"whiteIs":"A","ptsW":null,"res":"tope","plies":80,"balW":-117,"secs":6.7,"apertura":"2,-2,1>1,0,0 0,3,-1>0,2,-1 3,-2,0>3,-1,0 1,3,-2>1,2,-2 1,-2,2>0,0,1 -1,3,-1>0,1,0"}
{"par":100,"whiteIs":"B","ptsW":0,"res":"mate","plies":66,"balW":-608,"secs":5.1,"apertura":"2,-2,1>1,0,0 0,3,-1>0,2,-1 3,-2,0>3,-1,0 1,3,-2>1,2,-2 1,-2,2>0,0,1 -1,3,-1>0,1,0"}
{"par":101,"whiteIs":"A","ptsW":null,"res":"tope","plies":80,"balW":-200,"secs":6.9,"apertura":"2,-2,2>1,0,1 -2,3,1>-1,1,2 1,-2,2>1,-1,2 -2,4,0>-2,2,1 -1,-2,4>-2,0,3 0,3,-1>0,2,-1"}
{"par":101,"whiteIs":"B","ptsW":0,"res":"mate","plies":44,"balW":-846,"secs":3.2,"apertura":"2,-2,2>1,0,1 -2,3,1>-1,1,2 1,-2,2>1,-1,2 -2,4,0>-2,2,1 -1,-2,4>-2,0,3 0,3,-1>0,2,-1"}
{"par":102,"whiteIs":"A","ptsW":null,"res":"tope","plies":80,"balW":71,"secs":5,"apertura":"3,-2,1>2,0,0 -3,3,1>-2,2,2 2,-2,1>1,0,0 -1,3,-1>0,2,0 3,-3,1>-1,1,1 -1,3,0>-1,2,0"}
{"par":102,"whiteIs":"B","ptsW":null,"res":"tope","plies":80,"balW":-1557,"secs":5.5,"apertura":"3,-2,1>2,0,0 -3,3,1>-2,2,2 2,-2,1>1,0,0 -1,3,-1>0,2,0 3,-3,1>-1,1,1 -1,3,0>-1,2,0"}
{"par":103,"whiteIs":"A","ptsW":null,"res":"tope","plies":80,"balW":-30,"secs":8.2,"apertura":"2,-2,1>2,-1,1 0,3,-2>1,1,-1 1,-2,2>0,0,1 1,1,-1>2,0,0 2,-3,3>1,-2,2 -2,3,1>-1,1,2"}
{"par":103,"whiteIs":"B","ptsW":null,"res":"tope","plies":80,"balW":-1431,"secs":4,"apertura":"2,-2,1>2,-1,1 0,3,-2>1,1,-1 1,-2,2>0,0,1 1,1,-1>2,0,0 2,-3,3>1,-2,2 -2,3,1>-1,1,2"}
{"par":104,"whiteIs":"A","ptsW":null,"res":"tope","plies":80,"balW":248,"secs":7.4,"apertura":"1,-2,2>0,0,1 -3,3,1>-2,2,2 1,-3,3>-1,-1,4 -3,3,2>-3,2,2 -1,-1,4>-3,0,4 -2,4,0>-1,2,0"}
{"par":104,"whiteIs":"B","ptsW":0,"res":"mate","plies":38,"balW":-358,"secs":4,"apertura":"1,-2,2>0,0,1 -3,3,1>-2,2,2 1,-3,3>-1,-1,4 -3,3,2>-3,2,2 -1,-1,4>-3,0,4 -2,4,0>-1,2,0"}
{"par":105,"whiteIs":"A","ptsW":1,"res":"mate","plies":69,"balW":1281,"secs":4.2,"apertura":"2,-2,2>1,-1,1 -2,3,0>-1,2,1 0,-2,3>-1,0,2 1,3,-3>2,2,-2 3,-2,1>2,-1,0 -2,4,0>-1,2,0"}
{"par":105,"whiteIs":"B","ptsW":null,"res":"tope","plies":80,"balW":-48,"secs":6.8,"apertura":"2,-2,2>1,-1,1 -2,3,0>-1,2,1 0,-2,3>-1,0,2 1,3,-3>2,2,-2 3,-2,1>2,-1,0 -2,4,0>-1,2,0"}
{"par":106,"whiteIs":"A","ptsW":null,"res":"tope","plies":80,"balW":-816,"secs":5.1,"apertura":"3,-2,1>2,-1,0 1,3,-2>1,2,-2 2,-3,2>3,-2,1 0,4,-2>1,3,-2 2,-1,0>2,0,0 -2,3,0>-1,1,1"}
{"par":106,"whiteIs":"B","ptsW":null,"res":"tope","plies":80,"balW":-770,"secs":5.3,"apertura":"3,-2,1>2,-1,0 1,3,-2>1,2,-2 2,-3,2>3,-2,1 0,4,-2>1,3,-2 2,-1,0>2,0,0 -2,3,0>-1,1,1"}
{"par":107,"whiteIs":"A","ptsW":null,"res":"tope","plies":80,"balW":536,"secs":6.1,"apertura":"-1,-2,4>-2,0,3 -1,3,-1>0,2,0 -2,0,3>-2,1,3 0,4,-3>1,2,-1 3,-2,0>2,0,-1 0,3,-1>1,1,0"}
{"par":107,"whiteIs":"B","ptsW":0,"res":"mate","plies":74,"balW":-1771,"secs":5.4,"apertura":"-1,-2,4>-2,0,3 -1,3,-1>0,2,0 -2,0,3>-2,1,3 0,4,-3>1,2,-1 3,-2,0>2,0,-1 0,3,-1>1,1,0"}
{"par":108,"whiteIs":"A","ptsW":null,"res":"tope","plies":80,"balW":-818,"secs":5.8,"apertura":"4,-2,-1>4,-1,-1 -2,4,0>-2,2,1 4,-1,-1>3,0,-2 -2,3,0>-1,1,1 1,-3,3>1,-1,2 -3,3,1>-2,2,2"}
{"par":108,"whiteIs":"B","ptsW":null,"res":"tope","plies":80,"balW":-166,"secs":4.5,"apertura":"4,-2,-1>4,-1,-1 -2,4,0>-2,2,1 4,-1,-1>3,0,-2 -2,3,0>-1,1,1 1,-3,3>1,-1,2 -3,3,1>-2,2,2"}
{"par":109,"whiteIs":"A","ptsW":null,"res":"tope","plies":80,"balW":525,"secs":7.6,"apertura":"2,-2,2>1,-1,1 0,3,-2>1,1,-1 3,-2,1>2,0,0 0,3,-1>1,1,0 -1,-2,4>-1,-1,4 1,3,-3>2,1,-2"}
{"par":109,"whiteIs":"B","ptsW":0,"res":"mate","plies":72,"balW":-2522,"secs":5.9,"apertura":"2,-2,2>1,-1,1 0,3,-2>1,1,-1 3,-2,1>2,0,0 0,3,-1>1,1,0 -1,-2,4>-1,-1,4 1,3,-3>2,1,-2"}
{"par":110,"whiteIs":"A","ptsW":null,"res":"tope","plies":80,"balW":135,"secs":6.5,"apertura":"3,-2,1>2,-1,0 -2,3,1>-1,1,2 1,-2,2>1,-1,2 -2,4,0>0,2,-1 0,-2,3>-1,0,2 -2,3,0>-1,1,1"}
{"par":110,"whiteIs":"B","ptsW":null,"res":"tope","plies":80,"balW":-1418,"secs":5.9,"apertura":"3,-2,1>2,-1,0 -2,3,1>-1,1,2 1,-2,2>1,-1,2 -2,4,0>0,2,-1 0,-2,3>-1,0,2 -2,3,0>-1,1,1"}
{"par":111,"whiteIs":"A","ptsW":null,"res":"tope","plies":80,"balW":87,"secs":4.5,"apertura":"2,-2,2>1,0,1 1,3,-2>1,2,-2 4,-3,1>2,-1,0 -2,3,0>-1,1,1 1,-3,3>0,-1,3 -3,4,0>-1,2,0"}
{"par":111,"whiteIs":"B","ptsW":null,"res":"tope","plies":80,"balW":-811,"secs":8.2,"apertura":"2,-2,2>1,0,1 1,3,-2>1,2,-2 4,-3,1>2,-1,0 -2,3,0>-1,1,1 1,-3,3>0,-1,3 -3,4,0>-1,2,0"}
{"par":112,"whiteIs":"A","ptsW":null,"res":"tope","plies":80,"balW":483,"secs":4.5,"apertura":"4,-2,-1>4,-1,-1 -2,3,1>-1,1,2 1,-2,3>0,-1,2 -3,3,1>-2,2,2 4,-2,0>3,-1,-1 -3,4,0>-3,3,1"}
{"par":112,"whiteIs":"B","ptsW":null,"res":"tope","plies":80,"balW":-1764,"secs":7.1,"apertura":"4,-2,-1>4,-1,-1 -2,3,1>-1,1,2 1,-2,3>0,-1,2 -3,3,1>-2,2,2 4,-2,0>3,-1,-1 -3,4,0>-3,3,1"}
{"par":113,"whiteIs":"A","ptsW":null,"res":"tope","plies":80,"balW":170,"secs":6.5,"apertura":"4,-3,1>2,-1,0 -1,3,-1>0,2,0 1,-2,2>1,-1,2 1,3,-2>2,1,-1 4,-2,0>3,0,-1 0,4,-2>2,2,-2"}
{"par":113,"whiteIs":"B","ptsW":0,"res":"mate","plies":72,"balW":-1471,"secs":6.1,"apertura":"4,-3,1>2,-1,0 -1,3,-1>0,2,0 1,-2,2>1,-1,2 1,3,-2>2,1,-1 4,-2,0>3,0,-1 0,4,-2>2,2,-2"}
{"par":114,"whiteIs":"A","ptsW":null,"res":"tope","plies":80,"balW":875,"secs":5.8,"apertura":"-1,-2,4>-2,0,3 -2,4,0>-3,2,2 3,-2,0>2,0,-1 -2,3,0>-1,2,1 0,-2,4>-1,-1,3 -3,4,0>-1,2,0"}
{"par":114,"whiteIs":"B","ptsW":1,"res":"mate","plies":65,"balW":948,"secs":4.7,"apertura":"-1,-2,4>-2,0,3 -2,4,0>-3,2,2 3,-2,0>2,0,-1 -2,3,0>-1,2,1 0,-2,4>-1,-1,3 -3,4,0>-1,2,0"}
{"par":115,"whiteIs":"A","ptsW":0,"res":"mate","plies":68,"balW":-398,"secs":5.6,"apertura":"1,-2,2>0,0,1 2,3,-3>2,2,-3 2,-2,2>1,0,1 1,3,-2>2,1,-1 4,-3,1>2,-1,0 -1,3,-1>0,2,0"}
{"par":115,"whiteIs":"B","ptsW":0,"res":"mate","plies":78,"balW":-1494,"secs":5,"apertura":"1,-2,2>0,0,1 2,3,-3>2,2,-3 2,-2,2>1,0,1 1,3,-2>2,1,-1 4,-3,1>2,-1,0 -1,3,-1>0,2,0"}
{"par":116,"whiteIs":"A","ptsW":null,"res":"tope","plies":80,"balW":265,"secs":4.5,"apertura":"4,-3,1>2,-1,0 0,3,-1>1,1,0 1,-3,3>1,-1,2 -3,3,2>-3,2,2 0,-2,3>-1,0,2 -3,3,1>-2,2,2"}
{"par":116,"whiteIs":"B","ptsW":null,"res":"tope","plies":80,"balW":-683,"secs":5.6,"apertura":"4,-3,1>2,-1,0 0,3,-1>1,1,0 1,-3,3>1,-1,2 -3,3,2>-3,2,2 0,-2,3>-1,0,2 -3,3,1>-2,2,2"}
{"par":117,"whiteIs":"A","ptsW":null,"res":"tope","plies":80,"balW":-388,"secs":7.2,"apertura":"2,-2,2>1,-1,1 -1,3,-1>0,2,0 3,-2,0>2,0,-1 -1,4,-1>-1,3,-1 1,-2,3>0,-1,2 -2,3,1>-2,2,1"}
{"par":117,"whiteIs":"B","ptsW":null,"res":"tope","plies":80,"balW":-1041,"secs":6.6,"apertura":"2,-2,2>1,-1,1 -1,3,-1>0,2,0 3,-2,0>2,0,-1 -1,4,-1>-1,3,-1 1,-2,3>0,-1,2 -2,3,1>-2,2,1"}
{"par":118,"whiteIs":"A","ptsW":null,"res":"tope","plies":80,"balW":715,"secs":7.3,"apertura":"4,-2,0>3,-1,-1 1,3,-3>2,2,-2 1,-3,3>1,-1,2 2,3,-3>2,2,-3 0,-2,4>-1,0,3 -2,4,0>-2,2,1"}
{"par":118,"whiteIs":"B","ptsW":1,"res":"mate","plies":23,"balW":676,"secs":2.5,"apertura":"4,-2,0>3,-1,-1 1,3,-3>2,2,-2 1,-3,3>1,-1,2 2,3,-3>2,2,-3 0,-2,4>-1,0,3 -2,4,0>-2,2,1"}
{"par":119,"whiteIs":"A","ptsW":null,"res":"tope","plies":80,"balW":358,"secs":9.2,"apertura":"4,-2,0>3,-1,-1 -3,3,2>-2,1,3 0,-2,4>-1,-1,3 -2,3,0>-1,2,1 3,-2,0>3,-1,0 -2,4,0>0,2,-1"}
{"par":119,"whiteIs":"B","ptsW":null,"res":"tope","plies":80,"balW":-888,"secs":8.4,"apertura":"4,-2,0>3,-1,-1 -3,3,2>-2,1,3 0,-2,4>-1,-1,3 -2,3,0>-1,2,1 3,-2,0>3,-1,0 -2,4,0>0,2,-1"}
{"par":120,"whiteIs":"A","ptsW":null,"res":"tope","plies":80,"balW":-23,"secs":6,"apertura":"2,-2,1>1,0,0 -2,3,0>-1,2,1 1,-2,3>0,0,2 -1,3,0>-1,2,0 2,-2,2>1,-1,1 -2,4,-1>-2,3,0"}
{"par":120,"whiteIs":"B","ptsW":null,"res":"tope","plies":80,"balW":628,"secs":5.8,"apertura":"2,-2,1>1,0,0 -2,3,0>-1,2,1 1,-2,3>0,0,2 -1,3,0>-1,2,0 2,-2,2>1,-1,1 -2,4,-1>-2,3,0"}
{"par":121,"whiteIs":"A","ptsW":null,"res":"tope","plies":80,"balW":398,"secs":6.9,"apertura":"2,-2,2>1,0,1 -2,4,0>-1,2,0 1,-3,3>1,-1,2 -1,2,0>0,0,2 3,-2,1>2,0,0 0,3,-1>0,2,-1"}
{"par":121,"whiteIs":"B","ptsW":null,"res":"tope","plies":80,"balW":-448,"secs":5.1,"apertura":"2,-2,2>1,0,1 -2,4,0>-1,2,0 1,-3,3>1,-1,2 -1,2,0>0,0,2 3,-2,1>2,0,0 0,3,-1>0,2,-1"}
{"par":122,"whiteIs":"A","ptsW":1,"res":"mate","plies":23,"balW":-100,"secs":1.9,"apertura":"0,-2,4>-1,0,3 -3,3,1>-2,2,2 1,-3,3>0,-1,3 -3,3,2>-2,1,3 3,-2,1>2,0,0 -2,2,2>-2,1,2"}
{"par":122,"whiteIs":"B","ptsW":null,"res":"tope","plies":80,"balW":-383,"secs":5.5,"apertura":"0,-2,4>-1,0,3 -3,3,1>-2,2,2 1,-3,3>0,-1,3 -3,3,2>-2,1,3 3,-2,1>2,0,0 -2,2,2>-2,1,2"}
{"par":123,"whiteIs":"A","ptsW":null,"res":"tope","plies":80,"balW":-340,"secs":7.6,"apertura":"1,-3,3>0,-1,3 1,3,-2>2,1,-1 2,-2,2>1,0,1 -1,3,0>-1,2,0 3,-2,1>2,-1,0 -1,3,-1>0,2,0"}
{"par":123,"whiteIs":"B","ptsW":null,"res":"tope","plies":80,"balW":-482,"secs":5.7,"apertura":"1,-3,3>0,-1,3 1,3,-2>2,1,-1 2,-2,2>1,0,1 -1,3,0>-1,2,0 3,-2,1>2,-1,0 -1,3,-1>0,2,0"}
{"par":124,"whiteIs":"A","ptsW":null,"res":"tope","plies":80,"balW":983,"secs":5.6,"apertura":"1,-3,3>1,-1,2 1,3,-3>2,1,-2 1,-1,2>-1,-1,3 0,3,-1>1,1,0 0,-2,3>0,-1,3 -2,4,0>-3,2,2"}
{"par":124,"whiteIs":"B","ptsW":null,"res":"tope","plies":80,"balW":-818,"secs":6.8,"apertura":"1,-3,3>1,-1,2 1,3,-3>2,1,-2 1,-1,2>-1,-1,3 0,3,-1>1,1,0 0,-2,3>0,-1,3 -2,4,0>-3,2,2"}
{"par":125,"whiteIs":"A","ptsW":0,"res":"mate","plies":4,"balW":-100,"secs":0.3,"apertura":"2,-2,1>2,-1,1 2,3,-3>3,1,-2 3,-2,0>3,-1,0 -2,3,0>-1,2,1 4,-2,-1>4,-1,-1 -2,4,0>-1,2,0"}
{"par":125,"whiteIs":"B","ptsW":0,"res":"mate","plies":4,"balW":-100,"secs":0.2,"apertura":"2,-2,1>2,-1,1 2,3,-3>3,1,-2 3,-2,0>3,-1,0 -2,3,0>-1,2,1 4,-2,-1>4,-1,-1 -2,4,0>-1,2,0"}
{"par":126,"whiteIs":"A","ptsW":1,"res":"mate","plies":27,"balW":0,"secs":1.3,"apertura":"4,-3,1>3,-1,-1 -3,3,1>-2,1,2 3,-1,-1>4,1,-3 -3,4,0>-3,1,3 1,-2,2>1,-1,2 -3,1,3>-3,0,4"}
{"par":126,"whiteIs":"B","ptsW":null,"res":"tope","plies":80,"balW":-200,"secs":4.8,"apertura":"4,-3,1>3,-1,-1 -3,3,1>-2,1,2 3,-1,-1>4,1,-3 -3,4,0>-3,1,3 1,-2,2>1,-1,2 -3,1,3>-3,0,4"}
{"par":127,"whiteIs":"A","ptsW":1,"res":"mate","plies":63,"balW":1934,"secs":4.7,"apertura":"4,-2,-1>3,0,-2 -1,3,0>0,1,1 3,-2,1>2,0,0 1,3,-2>1,2,-2 4,-3,1>4,-2,-1 0,4,-2>4,0,-2"}
{"par":127,"whiteIs":"B","ptsW":null,"res":"tope","plies":80,"balW":660,"secs":5,"apertura":"4,-2,-1>3,0,-2 -1,3,0>0,1,1 3,-2,1>2,0,0 1,3,-2>1,2,-2 4,-3,1>4,-2,-1 0,4,-2>4,0,-2"}
{"par":128,"whiteIs":"A","ptsW":null,"res":"tope","plies":80,"balW":2522,"secs":6.5,"apertura":"1,-2,3>0,-1,2 -3,3,1>-2,2,2 -1,-2,4>-1,-1,4 -3,3,2>-2,1,3 2,-3,2>1,-2,3 -3,4,0>-3,1,3"}
{"par":128,"whiteIs":"B","ptsW":null,"res":"tope","plies":80,"balW":-465,"secs":5,"apertura":"1,-2,3>0,-1,2 -3,3,1>-2,2,2 -1,-2,4>-1,-1,4 -3,3,2>-2,1,3 2,-3,2>1,-2,3 -3,4,0>-3,1,3"}
{"par":129,"whiteIs":"A","ptsW":null,"res":"tope","plies":80,"balW":476,"secs":5.6,"apertura":"1,-3,3>1,-1,2 -1,3,0>-1,2,0 1,-2,3>0,0,2 -1,2,0>0,1,1 3,-2,1>2,-1,0 0,1,1>0,0,1"}
{"par":129,"whiteIs":"B","ptsW":1,"res":"mate","plies":25,"balW":628,"secs":1.6,"apertura":"1,-3,3>1,-1,2 -1,3,0>-1,2,0 1,-2,3>0,0,2 -1,2,0>0,1,1 3,-2,1>2,-1,0 0,1,1>0,0,1"}
{"par":130,"whiteIs":"A","ptsW":null,"res":"tope","plies":80,"balW":-365,"secs":6.1,"apertura":"0,-2,3>0,-1,3 -1,3,-1>0,2,0 4,-3,1>3,-1,-1 -1,4,-1>-1,3,-1 1,-2,2>0,0,1 0,2,0>0,1,0"}
{"par":130,"whiteIs":"B","ptsW":null,"res":"tope","plies":80,"balW":-1083,"secs":5.7,"apertura":"0,-2,3>0,-1,3 -1,3,-1>0,2,0 4,-3,1>3,-1,-1 -1,4,-1>-1,3,-1 1,-2,2>0,0,1 0,2,0>0,1,0"}
{"par":131,"whiteIs":"A","ptsW":null,"res":"tope","plies":80,"balW":-130,"secs":6,"apertura":"1,-3,3>2,-1,1 0,3,-2>1,2,-1 -1,-2,4>-1,-1,4 -3,3,2>-2,1,3 2,-3,3>1,-3,3 1,3,-3>2,1,-2"}
{"par":131,"whiteIs":"B","ptsW":null,"res":"tope","plies":80,"balW":-360,"secs":5.1,"apertura":"1,-3,3>2,-1,1 0,3,-2>1,2,-1 -1,-2,4>-1,-1,4 -3,3,2>-2,1,3 2,-3,3>1,-3,3 1,3,-3>2,1,-2"}
{"par":132,"whiteIs":"A","ptsW":1,"res":"mate","plies":69,"balW":655,"secs":5.8,"apertura":"2,-2,2>1,0,1 -1,3,0>0,1,1 0,-2,3>0,-1,3 0,3,-1>0,2,-1 0,-1,3>-1,0,2 0,1,1>0,0,1"}
{"par":132,"whiteIs":"B","ptsW":0,"res":"mate","plies":6,"balW":100,"secs":0.3,"apertura":"2,-2,2>1,0,1 -1,3,0>0,1,1 0,-2,3>0,-1,3 0,3,-1>0,2,-1 0,-1,3>-1,0,2 0,1,1>0,0,1"}
{"par":133,"whiteIs":"A","ptsW":null,"res":"tope","plies":80,"balW":-258,"secs":6.6,"apertura":"3,-2,1>2,0,0 0,3,-1>0,2,-1 0,-2,3>0,-1,3 0,4,-2>0,2,0 2,0,0>1,1,-1 -1,4,-2>0,3,-1"}
{"par":133,"whiteIs":"B","ptsW":null,"res":"tope","plies":80,"balW":-613,"secs":7.6,"apertura":"3,-2,1>2,0,0 0,3,-1>0,2,-1 0,-2,3>0,-1,3 0,4,-2>0,2,0 2,0,0>1,1,-1 -1,4,-2>0,3,-1"}
{"par":134,"whiteIs":"A","ptsW":null,"res":"tope","plies":80,"balW":1343,"secs":5.7,"apertura":"4,-2,0>3,0,-1 0,3,-2>1,1,-1 1,-2,3>0,0,2 -2,4,0>0,2,-1 1,-3,4>1,0,1 2,3,-3>2,2,-3"}
{"par":134,"whiteIs":"B","ptsW":null,"res":"tope","plies":80,"balW":-195,"secs":6.5,"apertura":"4,-2,0>3,0,-1 0,3,-2>1,1,-1 1,-2,3>0,0,2 -2,4,0>0,2,-1 1,-3,4>1,0,1 2,3,-3>2,2,-3"}
{"par":135,"whiteIs":"A","ptsW":null,"res":"tope","plies":80,"balW":0,"secs":6.4,"apertura":"-1,-2,4>-1,-1,4 1,3,-3>2,2,-2 4,-2,0>3,-1,-1 0,3,-1>0,2,-1 4,-2,-1>3,0,-2 -3,3,2>-3,2,2"}
{"par":135,"whiteIs":"B","ptsW":null,"res":"tope","plies":80,"balW":306,"secs":5.8,"apertura":"-1,-2,4>-1,-1,4 1,3,-3>2,2,-2 4,-2,0>3,-1,-1 0,3,-1>0,2,-1 4,-2,-1>3,0,-2 -3,3,2>-3,2,2"}
{"par":136,"whiteIs":"A","ptsW":null,"res":"tope","plies":80,"balW":198,"secs":5.6,"apertura":"2,-2,1>2,-1,1 0,3,-2>1,2,-1 3,-3,1>0,0,1 -3,3,1>-2,2,2 0,0,1>-3,0,4 0,3,-1>1,1,0"}
{"par":136,"whiteIs":"B","ptsW":0,"res":"mate","plies":40,"balW":-655,"secs":2.2,"apertura":"2,-2,1>2,-1,1 0,3,-2>1,2,-1 3,-3,1>0,0,1 -3,3,1>-2,2,2 0,0,1>-3,0,4 0,3,-1>1,1,0"}
{"par":137,"whiteIs":"A","ptsW":1,"res":"mate","plies":39,"balW":535,"secs":2.3,"apertura":"4,-3,1>3,-1,-1 1,3,-3>2,1,-2 -1,-2,4>-1,-1,4 -1,3,-1>0,1,0 3,-1,-1>4,1,-3 1,4,-3>1,3,-3"}
{"par":137,"whiteIs":"B","ptsW":null,"res":"tope","plies":80,"balW":118,"secs":6.4,"apertura":"4,-3,1>3,-1,-1 1,3,-3>2,1,-2 -1,-2,4>-1,-1,4 -1,3,-1>0,1,0 3,-1,-1>4,1,-3 1,4,-3>1,3,-3"}
{"par":138,"whiteIs":"A","ptsW":null,"res":"tope","plies":80,"balW":1015,"secs":7.6,"apertura":"4,-2,-1>3,0,-2 0,3,-2>1,1,-1 0,-2,3>0,-1,3 -1,4,-1>0,3,-2 3,-2,0>2,0,-1 -2,4,-1>-1,4,-1"}
{"par":138,"whiteIs":"B","ptsW":null,"res":"tope","plies":80,"balW":-1611,"secs":5,"apertura":"4,-2,-1>3,0,-2 0,3,-2>1,1,-1 0,-2,3>0,-1,3 -1,4,-1>0,3,-2 3,-2,0>2,0,-1 -2,4,-1>-1,4,-1"}
{"par":139,"whiteIs":"A","ptsW":null,"res":"tope","plies":80,"balW":52,"secs":9.3,"apertura":"4,-2,-1>3,0,-2 -2,3,1>-1,1,2 1,-3,3>-1,-1,4 -1,3,-1>0,1,0 1,-2,2>1,-1,2 -3,3,1>-2,2,2"}
{"par":139,"whiteIs":"B","ptsW":null,"res":"tope","plies":80,"balW":-893,"secs":6.8,"apertura":"4,-2,-1>3,0,-2 -2,3,1>-1,1,2 1,-3,3>-1,-1,4 -1,3,-1>0,1,0 1,-2,2>1,-1,2 -3,3,1>-2,2,2"}
{"par":140,"whiteIs":"A","ptsW":null,"res":"tope","plies":80,"balW":518,"secs":7.4,"apertura":"4,-2,-1>3,0,-2 0,3,-1>0,2,-1 0,-2,4>-1,-1,3 -1,3,0>0,1,1 4,-3,1>2,-1,0 1,3,-2>1,2,-2"}
{"par":140,"whiteIs":"B","ptsW":null,"res":"tope","plies":80,"balW":-165,"secs":5.5,"apertura":"4,-2,-1>3,0,-2 0,3,-1>0,2,-1 0,-2,4>-1,-1,3 -1,3,0>0,1,1 4,-3,1>2,-1,0 1,3,-2>1,2,-2"}
{"par":141,"whiteIs":"A","ptsW":null,"res":"tope","plies":80,"balW":396,"secs":5.5,"apertura":"0,-2,4>-1,0,3 -1,3,-1>0,1,0 1,-3,3>2,-1,1 2,3,-3>2,2,-3 4,-2,0>3,-1,-1 0,3,-2>1,1,-1"}
{"par":141,"whiteIs":"B","ptsW":null,"res":"tope","plies":80,"balW":633,"secs":5.8,"apertura":"0,-2,4>-1,0,3 -1,3,-1>0,1,0 1,-3,3>2,-1,1 2,3,-3>2,2,-3 4,-2,0>3,-1,-1 0,3,-2>1,1,-1"}
{"par":142,"whiteIs":"A","ptsW":1,"res":"mate","plies":67,"balW":2264,"secs":5,"apertura":"1,-2,2>0,0,1 -2,4,0>-1,2,0 3,-2,0>2,0,-1 0,4,-3>2,2,-2 0,-2,4>-1,-1,3 -1,2,0>-1,1,2"}
{"par":142,"whiteIs":"B","ptsW":null,"res":"tope","plies":80,"balW":-2164,"secs":4.2,"apertura":"1,-2,2>0,0,1 -2,4,0>-1,2,0 3,-2,0>2,0,-1 0,4,-3>2,2,-2 0,-2,4>-1,-1,3 -1,2,0>-1,1,2"}
{"par":143,"whiteIs":"A","ptsW":null,"res":"tope","plies":80,"balW":203,"secs":6.2,"apertura":"0,-2,3>0,-1,3 1,3,-3>2,1,-2 1,-3,3>2,-1,1 0,3,-1>1,1,0 2,-1,1>0,0,1 -1,4,-2>0,2,-1"}
{"par":143,"whiteIs":"B","ptsW":null,"res":"tope","plies":80,"balW":383,"secs":6.2,"apertura":"0,-2,3>0,-1,3 1,3,-3>2,1,-2 1,-3,3>2,-1,1 0,3,-1>1,1,0 2,-1,1>0,0,1 -1,4,-2>0,2,-1"}
{"par":144,"whiteIs":"A","ptsW":null,"res":"tope","plies":80,"balW":-148,"secs":8,"apertura":"1,-2,3>0,0,2 -2,3,0>-1,2,1 -1,-2,4>-1,-1,4 -1,3,-1>0,2,0 1,-3,3>1,-1,2 1,3,-2>2,1,-1"}
{"par":144,"whiteIs":"B","ptsW":null,"res":"tope","plies":80,"balW":-72,"secs":5.8,"apertura":"1,-2,3>0,0,2 -2,3,0>-1,2,1 -1,-2,4>-1,-1,4 -1,3,-1>0,2,0 1,-3,3>1,-1,2 1,3,-2>2,1,-1"}
{"par":145,"whiteIs":"A","ptsW":null,"res":"tope","plies":80,"balW":-140,"secs":4.8,"apertura":"1,-3,3>0,-1,3 2,3,-3>3,1,-2 4,-2,-1>4,-1,-1 -1,3,-1>0,2,0 0,-2,4>-1,-1,3 -3,3,2>-2,1,3"}
{"par":145,"whiteIs":"B","ptsW":null,"res":"tope","plies":80,"balW":706,"secs":4.9,"apertura":"1,-3,3>0,-1,3 2,3,-3>3,1,-2 4,-2,-1>4,-1,-1 -1,3,-1>0,2,0 0,-2,4>-1,-1,3 -3,3,2>-2,1,3"}
{"par":146,"whiteIs":"A","ptsW":null,"res":"tope","plies":80,"balW":759,"secs":5.7,"apertura":"1,-3,3>1,-1,2 -2,3,1>-1,1,2 3,-2,0>3,-1,0 1,3,-3>2,2,-2 0,-2,3>-1,0,2 0,3,-1>1,1,0"}
{"par":146,"whiteIs":"B","ptsW":null,"res":"tope","plies":80,"balW":-200,"secs":5.6,"apertura":"1,-3,3>1,-1,2 -2,3,1>-1,1,2 3,-2,0>3,-1,0 1,3,-3>2,2,-2 0,-2,3>-1,0,2 0,3,-1>1,1,0"}
{"par":147,"whiteIs":"A","ptsW":1,"res":"mate","plies":71,"balW":1604,"secs":5,"apertura":"2,-2,2>1,0,1 -2,3,1>-2,2,1 -1,-2,4>-2,0,3 -3,3,1>-2,1,2 3,-2,0>3,-1,0 -3,4,1>-2,3,1"}
{"par":147,"whiteIs":"B","ptsW":null,"res":"tope","plies":80,"balW":-490,"secs":5.5,"apertura":"2,-2,2>1,0,1 -2,3,1>-2,2,1 -1,-2,4>-2,0,3 -3,3,1>-2,1,2 3,-2,0>3,-1,0 -3,4,1>-2,3,1"}
{"par":148,"whiteIs":"A","ptsW":null,"res":"tope","plies":80,"balW":-270,"secs":6.1,"apertura":"2,-2,1>1,0,0 -3,3,2>-3,2,2 1,-2,3>0,0,2 2,3,-3>3,1,-2 1,-3,4>1,1,0 0,4,-3>2,2,-2"}
{"par":148,"whiteIs":"B","ptsW":0,"res":"mate","plies":78,"balW":-2764,"secs":4.8,"apertura":"2,-2,1>1,0,0 -3,3,2>-3,2,2 1,-2,3>0,0,2 2,3,-3>3,1,-2 1,-3,4>1,1,0 0,4,-3>2,2,-2"}
{"par":149,"whiteIs":"A","ptsW":1,"res":"mate","plies":77,"balW":906,"secs":5.4,"apertura":"2,-2,2>1,-1,1 1,3,-3>2,1,-2 0,-2,3>0,-1,3 0,3,-1>0,2,-1 1,-1,1>1,0,1 -1,3,-1>0,2,0"}
{"par":149,"whiteIs":"B","ptsW":null,"res":"tope","plies":80,"balW":-428,"secs":5,"apertura":"2,-2,2>1,-1,1 1,3,-3>2,1,-2 0,-2,3>0,-1,3 0,3,-1>0,2,-1 1,-1,1>1,0,1 -1,3,-1>0,2,0"}
{"par":150,"whiteIs":"A","ptsW":null,"res":"tope","plies":80,"balW":535,"secs":6.2,"apertura":"0,-2,3>-1,0,2 1,3,-2>2,1,-1 1,-3,3>-1,-1,4 -2,4,0>-3,2,2 3,-2,0>2,0,-1 0,4,-3>1,2,-1"}
{"par":150,"whiteIs":"B","ptsW":0,"res":"mate","plies":72,"balW":-1211,"secs":4.5,"apertura":"0,-2,3>-1,0,2 1,3,-2>2,1,-1 1,-3,3>-1,-1,4 -2,4,0>-3,2,2 3,-2,0>2,0,-1 0,4,-3>1,2,-1"}
{"par":151,"whiteIs":"A","ptsW":null,"res":"tope","plies":80,"balW":-588,"secs":8.6,"apertura":"3,-2,1>2,0,0 -2,4,0>-3,2,2 2,0,0>1,1,-1 -2,3,0>-1,2,1 1,-2,2>0,0,1 -1,2,1>-1,1,1"}
{"par":151,"whiteIs":"B","ptsW":null,"res":"tope","plies":80,"balW":-348,"secs":7.4,"apertura":"3,-2,1>2,0,0 -2,4,0>-3,2,2 2,0,0>1,1,-1 -2,3,0>-1,2,1 1,-2,2>0,0,1 -1,2,1>-1,1,1"}
{"par":152,"whiteIs":"A","ptsW":1,"res":"mate","plies":71,"balW":2224,"secs":5.4,"apertura":"2,-2,2>1,-1,1 -2,4,0>-1,2,0 4,-2,0>3,-1,-1 -3,3,1>-2,2,2 2,-3,2>2,-2,2 1,3,-3>2,2,-2"}
{"par":152,"whiteIs":"B","ptsW":null,"res":"tope","plies":80,"balW":0,"secs":7.8,"apertura":"2,-2,2>1,-1,1 -2,4,0>-1,2,0 4,-2,0>3,-1,-1 -3,3,1>-2,2,2 2,-3,2>2,-2,2 1,3,-3>2,2,-2"}
{"par":153,"whiteIs":"A","ptsW":null,"res":"tope","plies":80,"balW":500,"secs":4.8,"apertura":"-1,-2,4>-2,0,3 -3,3,2>-2,1,3 1,-3,3>2,-1,1 -1,3,0>0,1,1 1,-2,2>1,-1,2 1,3,-2>1,2,-2"}
{"par":153,"whiteIs":"B","ptsW":0,"res":"mate","plies":48,"balW":-798,"secs":5.3,"apertura":"-1,-2,4>-2,0,3 -3,3,2>-2,1,3 1,-3,3>2,-1,1 -1,3,0>0,1,1 1,-2,2>1,-1,2 1,3,-2>1,2,-2"}
{"par":154,"whiteIs":"A","ptsW":null,"res":"tope","plies":80,"balW":-583,"secs":6.5,"apertura":"1,-3,3>0,-1,3 -2,4,0>-3,2,2 4,-2,0>3,-1,-1 0,3,-2>1,2,-1 -1,-2,4>-2,0,3 -1,3,0>-1,2,0"}
{"par":154,"whiteIs":"B","ptsW":null,"res":"tope","plies":80,"balW":-263,"secs":7.7,"apertura":"1,-3,3>0,-1,3 -2,4,0>-3,2,2 4,-2,0>3,-1,-1 0,3,-2>1,2,-1 -1,-2,4>-2,0,3 -1,3,0>-1,2,0"}
{"par":155,"whiteIs":"A","ptsW":1,"res":"mate","plies":73,"balW":2182,"secs":4.1,"apertura":"0,-2,4>-1,0,3 0,3,-1>1,1,0 3,-2,0>2,0,-1 -1,3,-1>0,1,0 3,-3,1>3,0,-2 1,3,-3>2,1,-2"}
{"par":155,"whiteIs":"B","ptsW":null,"res":"tope","plies":80,"balW":335,"secs":5.3,"apertura":"0,-2,4>-1,0,3 0,3,-1>1,1,0 3,-2,0>2,0,-1 -1,3,-1>0,1,0 3,-3,1>3,0,-2 1,3,-3>2,1,-2"}
{"par":156,"whiteIs":"A","ptsW":null,"res":"tope","plies":80,"balW":2727,"secs":4.6,"apertura":"1,-3,3>2,-1,1 -1,3,-1>0,2,0 4,-3,1>2,-1,0 0,2,0>0,1,0 2,-3,3>1,-3,3 -2,3,1>-1,1,2"}
{"par":156,"whiteIs":"B","ptsW":null,"res":"tope","plies":80,"balW":58,"secs":7.7,"apertura":"1,-3,3>2,-1,1 -1,3,-1>0,2,0 4,-3,1>2,-1,0 0,2,0>0,1,0 2,-3,3>1,-3,3 -2,3,1>-1,1,2"}
{"par":157,"whiteIs":"A","ptsW":null,"res":"tope","plies":80,"balW":-233,"secs":5.9,"apertura":"4,-3,1>2,-1,0 0,3,-2>1,1,-1 2,-1,0>4,-3,1 -2,4,0>-3,2,2 3,-2,0>2,0,-1 -3,2,2>-2,0,4"}
{"par":157,"whiteIs":"B","ptsW":null,"res":"tope","plies":80,"balW":623,"secs":4.7,"apertura":"4,-3,1>2,-1,0 0,3,-2>1,1,-1 2,-1,0>4,-3,1 -2,4,0>-3,2,2 3,-2,0>2,0,-1 -3,2,2>-2,0,4"}
{"par":158,"whiteIs":"A","ptsW":null,"res":"tope","plies":80,"balW":148,"secs":5.9,"apertura":"4,-3,1>3,-1,-1 0,3,-1>1,1,0 4,-2,-1>3,0,-2 -1,4,-2>0,2,-1 1,-2,3>0,-1,2 0,4,-3>1,2,-1"}
{"par":158,"whiteIs":"B","ptsW":0,"res":"mate","plies":74,"balW":-465,"secs":5.6,"apertura":"4,-3,1>3,-1,-1 0,3,-1>1,1,0 4,-2,-1>3,0,-2 -1,4,-2>0,2,-1 1,-2,3>0,-1,2 0,4,-3>1,2,-1"}
{"par":159,"whiteIs":"A","ptsW":null,"res":"tope","plies":80,"balW":270,"secs":5.6,"apertura":"2,-2,2>1,-1,1 0,4,-3>2,2,-2 1,-2,2>1,-1,2 0,3,-1>0,2,-1 2,-3,3>1,-2,2 -3,3,1>-2,1,2"}
{"par":159,"whiteIs":"B","ptsW":null,"res":"tope","plies":80,"balW":-1464,"secs":5.9,"apertura":"2,-2,2>1,-1,1 0,4,-3>2,2,-2 1,-2,2>1,-1,2 0,3,-1>0,2,-1 2,-3,3>1,-2,2 -3,3,1>-2,1,2"}
{"par":160,"whiteIs":"A","ptsW":null,"res":"tope","plies":80,"balW":318,"secs":6.2,"apertura":"3,-2,1>2,-1,0 0,3,-1>1,1,0 3,-2,0>3,-1,0 -3,3,1>-2,2,2 2,-3,2>4,-1,-2 -2,2,2>-2,1,2"}
{"par":160,"whiteIs":"B","ptsW":null,"res":"tope","plies":80,"balW":1033,"secs":5.6,"apertura":"3,-2,1>2,-1,0 0,3,-1>1,1,0 3,-2,0>3,-1,0 -3,3,1>-2,2,2 2,-3,2>4,-1,-2 -2,2,2>-2,1,2"}
{"par":161,"whiteIs":"A","ptsW":null,"res":"tope","plies":80,"balW":1266,"secs":5.6,"apertura":"4,-2,-1>3,0,-2 -3,3,1>-2,2,2 4,-3,1>3,-1,-1 1,3,-3>2,2,-2 -1,-2,4>-2,0,3 -3,4,0>-3,1,3"}
{"par":161,"whiteIs":"B","ptsW":null,"res":"tope","plies":80,"balW":853,"secs":4.7,"apertura":"4,-2,-1>3,0,-2 -3,3,1>-2,2,2 4,-3,1>3,-1,-1 1,3,-3>2,2,-2 -1,-2,4>-2,0,3 -3,4,0>-3,1,3"}
{"par":162,"whiteIs":"A","ptsW":null,"res":"tope","plies":80,"balW":848,"secs":5.4,"apertura":"4,-3,1>2,-1,0 1,3,-2>1,2,-2 0,-2,3>0,-1,3 -2,4,0>-2,2,1 3,-2,0>2,0,-1 1,3,-3>2,2,-2"}
{"par":162,"whiteIs":"B","ptsW":null,"res":"tope","plies":80,"balW":-1306,"secs":5.4,"apertura":"4,-3,1>2,-1,0 1,3,-2>1,2,-2 0,-2,3>0,-1,3 -2,4,0>-2,2,1 3,-2,0>2,0,-1 1,3,-3>2,2,-2"}
{"par":163,"whiteIs":"A","ptsW":1,"res":"mate","plies":71,"balW":542,"secs":5.9,"apertura":"4,-2,-1>4,-1,-1 1,3,-3>2,1,-2 0,-2,3>0,-1,3 -1,3,-1>0,2,0 3,-2,1>2,-1,0 2,1,-2>3,0,-1"}
{"par":163,"whiteIs":"B","ptsW":null,"res":"tope","plies":80,"balW":-195,"secs":5,"apertura":"4,-2,-1>4,-1,-1 1,3,-3>2,1,-2 0,-2,3>0,-1,3 -1,3,-1>0,2,0 3,-2,1>2,-1,0 2,1,-2>3,0,-1"}
{"par":164,"whiteIs":"A","ptsW":null,"res":"tope","plies":80,"balW":-148,"secs":5.3,"apertura":"0,-2,4>-1,0,3 1,3,-2>2,1,-1 1,-2,2>1,-1,2 -1,3,0>0,1,1 0,-3,4>0,-2,4 0,4,-2>3,1,-2"}
{"par":164,"whiteIs":"B","ptsW":null,"res":"tope","plies":80,"balW":18,"secs":5.3,"apertura":"0,-2,4>-1,0,3 1,3,-2>2,1,-1 1,-2,2>1,-1,2 -1,3,0>0,1,1 0,-3,4>0,-2,4 0,4,-2>3,1,-2"}
{"par":165,"whiteIs":"A","ptsW":null,"res":"tope","plies":80,"balW":518,"secs":5.9,"apertura":"2,-2,1>2,-1,1 1,3,-3>2,2,-2 2,-2,2>1,0,1 -2,4,0>-1,2,0 4,-3,1>2,-1,0 -3,3,1>-2,1,2"}
{"par":165,"whiteIs":"B","ptsW":null,"res":"tope","plies":80,"balW":300,"secs":5.1,"apertura":"2,-2,1>2,-1,1 1,3,-3>2,2,-2 2,-2,2>1,0,1 -2,4,0>-1,2,0 4,-3,1>2,-1,0 -3,3,1>-2,1,2"}
{"par":166,"whiteIs":"A","ptsW":null,"res":"tope","plies":80,"balW":755,"secs":8.5,"apertura":"1,-2,2>1,-1,2 2,3,-3>2,2,-3 1,-1,2>0,0,1 0,3,-1>1,1,0 4,-3,1>3,-1,-1 0,4,-3>2,2,-2"}
{"par":166,"whiteIs":"B","ptsW":null,"res":"tope","plies":80,"balW":-476,"secs":8.8,"apertura":"1,-2,2>1,-1,2 2,3,-3>2,2,-3 1,-1,2>0,0,1 0,3,-1>1,1,0 4,-3,1>3,-1,-1 0,4,-3>2,2,-2"}
{"par":167,"whiteIs":"A","ptsW":null,"res":"tope","plies":80,"balW":100,"secs":6.4,"apertura":"2,-2,1>2,-1,1 -1,3,-1>0,2,0 0,-2,4>-1,-1,3 1,3,-2>1,2,-2 3,-2,1>2,-1,0 0,4,-2>1,3,-2"}
{"par":167,"whiteIs":"B","ptsW":null,"res":"tope","plies":80,"balW":-35,"secs":8.4,"apertura":"2,-2,1>2,-1,1 -1,3,-1>0,2,0 0,-2,4>-1,-1,3 1,3,-2>1,2,-2 3,-2,1>2,-1,0 0,4,-2>1,3,-2"}
{"par":168,"whiteIs":"A","ptsW":null,"res":"tope","plies":80,"balW":488,"secs":6.7,"apertura":"0,-2,3>-1,0,2 -3,3,1>-2,2,2 1,-2,3>0,0,2 -2,3,1>-1,1,2 4,-2,0>3,0,-1 -1,3,0>0,1,1"}
{"par":168,"whiteIs":"B","ptsW":0,"res":"mate","plies":60,"balW":-2029,"secs":5.2,"apertura":"0,-2,3>-1,0,2 -3,3,1>-2,2,2 1,-2,3>0,0,2 -2,3,1>-1,1,2 4,-2,0>3,0,-1 -1,3,0>0,1,1"}
{"par":169,"whiteIs":"A","ptsW":1,"res":"mate","plies":11,"balW":816,"secs":0.7,"apertura":"1,-3,3>1,-1,2 -2,3,0>-1,2,1 0,-2,4>-1,-1,3 -2,4,-1>-2,3,0 1,-3,4>-2,0,4 -1,2,1>-1,1,1"}
{"par":169,"whiteIs":"B","ptsW":0,"res":"mate","plies":20,"balW":100,"secs":2,"apertura":"1,-3,3>1,-1,2 -2,3,0>-1,2,1 0,-2,4>-1,-1,3 -2,4,-1>-2,3,0 1,-3,4>-2,0,4 -1,2,1>-1,1,1"}
{"par":170,"whiteIs":"A","ptsW":null,"res":"tope","plies":80,"balW":-83,"secs":7.5,"apertura":"4,-2,0>3,0,-1 -2,4,0>-1,2,0 3,-2,1>2,-1,0 -2,3,1>-1,1,2 0,-2,3>-1,0,2 -2,3,0>-1,2,1"}
{"par":170,"whiteIs":"B","ptsW":null,"res":"tope","plies":80,"balW":-753,"secs":9.2,"apertura":"4,-2,0>3,0,-1 -2,4,0>-1,2,0 3,-2,1>2,-1,0 -2,3,1>-1,1,2 0,-2,3>-1,0,2 -2,3,0>-1,2,1"}
{"par":171,"whiteIs":"A","ptsW":null,"res":"tope","plies":80,"balW":-433,"secs":5.1,"apertura":"4,-2,-1>3,0,-2 2,3,-3>2,2,-3 4,-3,1>4,-2,-1 1,3,-3>2,1,-2 1,-2,3>0,-1,2 0,4,-3>2,2,-2"}
{"par":171,"whiteIs":"B","ptsW":null,"res":"tope","plies":80,"balW":-1018,"secs":4.5,"apertura":"4,-2,-1>3,0,-2 2,3,-3>2,2,-3 4,-3,1>4,-2,-1 1,3,-3>2,1,-2 1,-2,3>0,-1,2 0,4,-3>2,2,-2"}
{"par":172,"whiteIs":"A","ptsW":null,"res":"tope","plies":80,"balW":-246,"secs":5.1,"apertura":"4,-2,0>3,-1,-1 -3,3,2>-2,1,3 -1,-2,4>-1,-1,4 0,3,-1>0,2,-1 2,-2,1>2,-1,1 -1,3,-1>0,2,0"}
{"par":172,"whiteIs":"B","ptsW":null,"res":"tope","plies":80,"balW":-1381,"secs":5.5,"apertura":"4,-2,0>3,-1,-1 -3,3,2>-2,1,3 -1,-2,4>-1,-1,4 0,3,-1>0,2,-1 2,-2,1>2,-1,1 -1,3,-1>0,2,0"}
{"par":173,"whiteIs":"A","ptsW":1,"res":"mate","plies":1,"balW":100,"secs":0.1,"apertura":"1,-3,3>-1,-1,4 1,3,-3>2,2,-2 -1,-1,4>-2,1,2 0,3,-1>0,2,-1 3,-2,1>2,-1,0 0,2,-1>1,1,0"}
{"par":173,"whiteIs":"B","ptsW":1,"res":"mate","plies":1,"balW":100,"secs":0.1,"apertura":"1,-3,3>-1,-1,4 1,3,-3>2,2,-2 -1,-1,4>-2,1,2 0,3,-1>0,2,-1 3,-2,1>2,-1,0 0,2,-1>1,1,0"}
{"par":174,"whiteIs":"A","ptsW":null,"res":"tope","plies":80,"balW":-441,"secs":5.4,"apertura":"3,-2,0>3,-1,0 -2,4,0>-3,2,2 4,-2,-1>4,-1,-1 2,3,-3>3,1,-2 2,-2,2>1,0,1 -2,3,0>-1,2,1"}
{"par":174,"whiteIs":"B","ptsW":null,"res":"tope","plies":80,"balW":-618,"secs":7.7,"apertura":"3,-2,0>3,-1,0 -2,4,0>-3,2,2 4,-2,-1>4,-1,-1 2,3,-3>3,1,-2 2,-2,2>1,0,1 -2,3,0>-1,2,1"}
{"par":175,"whiteIs":"A","ptsW":1,"res":"mate","plies":75,"balW":1041,"secs":6.4,"apertura":"1,-3,3>1,-1,2 -1,3,0>0,1,1 0,-2,4>-1,0,3 0,3,-2>1,2,-1 2,-2,2>1,0,1 2,3,-3>2,2,-3"}
{"par":175,"whiteIs":"B","ptsW":null,"res":"tope","plies":80,"balW":676,"secs":6.3,"apertura":"1,-3,3>1,-1,2 -1,3,0>0,1,1 0,-2,4>-1,0,3 0,3,-2>1,2,-1 2,-2,2>1,0,1 2,3,-3>2,2,-3"}
{"par":176,"whiteIs":"A","ptsW":null,"res":"tope","plies":80,"balW":-217,"secs":5.1,"apertura":"2,-2,1>1,0,0 -2,3,1>-1,1,2 4,-2,0>3,-1,-1 2,3,-3>3,1,-2 3,-2,1>2,-1,0 0,3,-1>1,1,0"}
{"par":176,"whiteIs":"B","ptsW":null,"res":"tope","plies":80,"balW":-458,"secs":8.8,"apertura":"2,-2,1>1,0,0 -2,3,1>-1,1,2 4,-2,0>3,-1,-1 2,3,-3>3,1,-2 3,-2,1>2,-1,0 0,3,-1>1,1,0"}
{"par":177,"whiteIs":"A","ptsW":1,"res":"mate","plies":73,"balW":768,"secs":5.4,"apertura":"1,-2,3>0,-1,2 0,3,-1>1,1,0 -1,-2,4>-1,-1,4 0,4,-3>1,2,-1 3,-2,0>3,-1,0 -2,3,1>-2,2,1"}
{"par":177,"whiteIs":"B","ptsW":null,"res":"tope","plies":80,"balW":100,"secs":7.9,"apertura":"1,-2,3>0,-1,2 0,3,-1>1,1,0 -1,-2,4>-1,-1,4 0,4,-3>1,2,-1 3,-2,0>3,-1,0 -2,3,1>-2,2,1"}
{"par":178,"whiteIs":"A","ptsW":null,"res":"tope","plies":80,"balW":-200,"secs":5.9,"apertura":"1,-3,3>1,-1,2 -3,3,2>-2,1,3 0,-2,3>0,-1,3 1,3,-3>2,2,-2 1,-1,2>1,0,0 0,3,-1>0,2,-1"}
{"par":178,"whiteIs":"B","ptsW":0,"res":"mate","plies":58,"balW":-1516,"secs":3.6,"apertura":"1,-3,3>1,-1,2 -3,3,2>-2,1,3 0,-2,3>0,-1,3 1,3,-3>2,2,-2 1,-1,2>1,0,0 0,3,-1>0,2,-1"}
{"par":179,"whiteIs":"A","ptsW":null,"res":"tope","plies":80,"balW":683,"secs":5.2,"apertura":"0,-2,4>-1,-1,3 2,3,-3>2,2,-3 1,-3,3>1,-1,2 0,3,-1>0,2,-1 1,-2,3>0,0,2 -3,3,1>-2,1,2"}
{"par":179,"whiteIs":"B","ptsW":null,"res":"tope","plies":80,"balW":-217,"secs":8.6,"apertura":"0,-2,4>-1,-1,3 2,3,-3>2,2,-3 1,-3,3>1,-1,2 0,3,-1>0,2,-1 1,-2,3>0,0,2 -3,3,1>-2,1,2"}
{"par":180,"whiteIs":"A","ptsW":1,"res":"mate","plies":25,"balW":383,"secs":1.5,"apertura":"1,-2,3>0,-1,2 -2,4,0>-1,2,0 1,-3,4>1,2,-1 -1,2,0>-2,4,0 1,2,-1>1,-3,4 0,3,-1>0,2,-1"}
{"par":180,"whiteIs":"B","ptsW":null,"res":"tope","plies":80,"balW":148,"secs":7.6,"apertura":"1,-2,3>0,-1,2 -2,4,0>-1,2,0 1,-3,4>1,2,-1 -1,2,0>-2,4,0 1,2,-1>1,-3,4 0,3,-1>0,2,-1"}
{"par":181,"whiteIs":"A","ptsW":null,"res":"tope","plies":80,"balW":-340,"secs":4.9,"apertura":"2,-2,1>1,0,0 1,3,-3>2,1,-2 4,-3,1>2,-2,1 -3,3,1>-2,2,2 1,0,0>1,1,0 2,1,-2>3,0,-1"}
{"par":181,"whiteIs":"B","ptsW":null,"res":"tope","plies":80,"balW":-248,"secs":5.3,"apertura":"2,-2,1>1,0,0 1,3,-3>2,1,-2 4,-3,1>2,-2,1 -3,3,1>-2,2,2 1,0,0>1,1,0 2,1,-2>3,0,-1"}
{"par":182,"whiteIs":"A","ptsW":null,"res":"tope","plies":80,"balW":-205,"secs":6.1,"apertura":"2,-2,1>2,-1,1 1,3,-2>2,1,-1 3,-3,2>2,-2,1 0,4,-2>3,1,-2 1,-2,2>0,0,1 1,3,-3>2,1,-2"}
{"par":182,"whiteIs":"B","ptsW":0,"res":"mate","plies":66,"balW":-798,"secs":5.3,"apertura":"2,-2,1>2,-1,1 1,3,-2>2,1,-1 3,-3,2>2,-2,1 0,4,-2>3,1,-2 1,-2,2>0,0,1 1,3,-3>2,1,-2"}
{"par":183,"whiteIs":"A","ptsW":null,"res":"tope","plies":80,"balW":1023,"secs":5.6,"apertura":"4,-3,1>2,-1,0 -2,4,0>0,2,-1 3,-2,0>2,0,-1 -2,3,0>-1,1,1 1,-2,2>0,0,1 -2,3,1>-1,1,2"}
{"par":183,"whiteIs":"B","ptsW":null,"res":"tope","plies":80,"balW":-93,"secs":7.6,"apertura":"4,-3,1>2,-1,0 -2,4,0>0,2,-1 3,-2,0>2,0,-1 -2,3,0>-1,1,1 1,-2,2>0,0,1 -2,3,1>-1,1,2"}
{"par":184,"whiteIs":"A","ptsW":null,"res":"tope","plies":80,"balW":1098,"secs":5.2,"apertura":"2,-2,2>1,0,1 -2,4,0>-1,2,0 3,-2,1>2,0,0 -1,3,-1>0,1,0 1,-2,2>1,-1,2 -2,3,1>-2,2,1"}
{"par":184,"whiteIs":"B","ptsW":null,"res":"tope","plies":80,"balW":200,"secs":5.4,"apertura":"2,-2,2>1,0,1 -2,4,0>-1,2,0 3,-2,1>2,0,0 -1,3,-1>0,1,0 1,-2,2>1,-1,2 -2,3,1>-2,2,1"}
{"par":185,"whiteIs":"A","ptsW":null,"res":"tope","plies":80,"balW":100,"secs":4.8,"apertura":"1,-3,3>0,-1,3 -2,4,0>-1,2,0 -1,-2,4>-1,-1,4 -1,2,0>1,0,1 4,-2,0>3,-1,-1 1,3,-2>1,2,-2"}
{"par":185,"whiteIs":"B","ptsW":null,"res":"tope","plies":80,"balW":193,"secs":5.9,"apertura":"1,-3,3>0,-1,3 -2,4,0>-1,2,0 -1,-2,4>-1,-1,4 -1,2,0>1,0,1 4,-2,0>3,-1,-1 1,3,-2>1,2,-2"}
{"par":186,"whiteIs":"A","ptsW":null,"res":"tope","plies":80,"balW":776,"secs":5.2,"apertura":"-1,-2,4>-1,-1,4 -1,3,0>-1,2,0 1,-2,2>0,0,1 2,3,-3>3,1,-2 1,-2,3>0,-1,2 0,4,-3>2,3,-3"}
{"par":186,"whiteIs":"B","ptsW":null,"res":"tope","plies":80,"balW":-1139,"secs":5,"apertura":"-1,-2,4>-1,-1,4 -1,3,0>-1,2,0 1,-2,2>0,0,1 2,3,-3>3,1,-2 1,-2,3>0,-1,2 0,4,-3>2,3,-3"}
{"par":187,"whiteIs":"A","ptsW":1,"res":"mate","plies":75,"balW":2852,"secs":4.3,"apertura":"0,-2,4>-1,0,3 1,3,-3>2,1,-2 4,-3,1>2,-1,0 -3,3,2>-2,1,3 4,-2,0>3,-1,-1 0,3,-1>1,1,0"}
{"par":187,"whiteIs":"B","ptsW":null,"res":"tope","plies":80,"balW":148,"secs":5.4,"apertura":"0,-2,4>-1,0,3 1,3,-3>2,1,-2 4,-3,1>2,-1,0 -3,3,2>-2,1,3 4,-2,0>3,-1,-1 0,3,-1>1,1,0"}
{"par":188,"whiteIs":"A","ptsW":null,"res":"tope","plies":80,"balW":1023,"secs":5.4,"apertura":"4,-2,0>3,-1,-1 0,4,-3>1,2,-1 3,-2,1>2,-1,0 1,2,-1>2,0,-1 4,-2,-1>4,-1,-1 1,3,-2>2,1,-1"}
{"par":188,"whiteIs":"B","ptsW":null,"res":"tope","plies":80,"balW":383,"secs":6.3,"apertura":"4,-2,0>3,-1,-1 0,4,-3>1,2,-1 3,-2,1>2,-1,0 1,2,-1>2,0,-1 4,-2,-1>4,-1,-1 1,3,-2>2,1,-1"}
{"par":189,"whiteIs":"A","ptsW":1,"res":"mate","plies":73,"balW":818,"secs":6.7,"apertura":"3,-2,1>2,-1,0 -2,3,0>-1,2,1 0,-2,3>-1,0,2 0,3,-1>0,2,-1 2,-2,2>1,0,1 -1,3,-1>0,1,0"}
{"par":189,"whiteIs":"B","ptsW":null,"res":"tope","plies":80,"balW":-1253,"secs":5.3,"apertura":"3,-2,1>2,-1,0 -2,3,0>-1,2,1 0,-2,3>-1,0,2 0,3,-1>0,2,-1 2,-2,2>1,0,1 -1,3,-1>0,1,0"}
{"par":190,"whiteIs":"A","ptsW":null,"res":"tope","plies":80,"balW":-458,"secs":5.3,"apertura":"-1,-2,4>-1,-1,4 -2,3,0>-1,1,1 1,-3,3>2,-1,1 -3,3,2>-2,1,3 2,-1,1>0,-1,2 -1,4,-1>-2,3,0"}
{"par":190,"whiteIs":"B","ptsW":0,"res":"mate","plies":32,"balW":-155,"secs":2.4,"apertura":"-1,-2,4>-1,-1,4 -2,3,0>-1,1,1 1,-3,3>2,-1,1 -3,3,2>-2,1,3 2,-1,1>0,-1,2 -1,4,-1>-2,3,0"}
{"par":191,"whiteIs":"A","ptsW":null,"res":"tope","plies":80,"balW":1211,"secs":6.3,"apertura":"2,-2,2>1,0,1 -1,3,-1>0,2,0 3,-2,0>3,-1,0 -1,3,0>-1,2,0 0,-2,3>-1,0,2 0,4,-3>2,2,-2"}
{"par":191,"whiteIs":"B","ptsW":null,"res":"tope","plies":80,"balW":130,"secs":5.5,"apertura":"2,-2,2>1,0,1 -1,3,-1>0,2,0 3,-2,0>3,-1,0 -1,3,0>-1,2,0 0,-2,3>-1,0,2 0,4,-3>2,2,-2"}
{"par":192,"whiteIs":"A","ptsW":1,"res":"mate","plies":23,"balW":130,"secs":1.8,"apertura":"0,-2,4>-1,0,3 -3,3,1>-2,1,2 2,-2,2>1,-1,1 -2,3,1>-1,1,2 4,-2,0>3,0,-1 1,3,-3>2,1,-2"}
{"par":192,"whiteIs":"B","ptsW":null,"res":"tope","plies":80,"balW":-358,"secs":5.1,"apertura":"0,-2,4>-1,0,3 -3,3,1>-2,1,2 2,-2,2>1,-1,1 -2,3,1>-1,1,2 4,-2,0>3,0,-1 1,3,-3>2,1,-2"}
{"par":193,"whiteIs":"A","ptsW":null,"res":"tope","plies":80,"balW":300,"secs":6.6,"apertura":"0,-2,4>-1,-1,3 -3,3,2>-2,1,3 2,-2,2>1,-1,1 -3,3,1>-2,1,2 1,-3,3>1,-1,2 -2,4,0>0,2,-1"}
{"par":193,"whiteIs":"B","ptsW":null,"res":"tope","plies":80,"balW":813,"secs":8.1,"apertura":"0,-2,4>-1,-1,3 -3,3,2>-2,1,3 2,-2,2>1,-1,1 -3,3,1>-2,1,2 1,-3,3>1,-1,2 -2,4,0>0,2,-1"}
{"par":194,"whiteIs":"A","ptsW":null,"res":"tope","plies":80,"balW":1989,"secs":4.6,"apertura":"3,-2,1>2,-1,0 -3,3,2>-3,2,2 4,-2,-1>4,-1,-1 -2,3,0>-1,2,1 2,-2,1>2,-1,1 -3,4,0>1,0,0"}
{"par":194,"whiteIs":"B","ptsW":null,"res":"tope","plies":80,"balW":460,"secs":5.9,"apertura":"3,-2,1>2,-1,0 -3,3,2>-3,2,2 4,-2,-1>4,-1,-1 -2,3,0>-1,2,1 2,-2,1>2,-1,1 -3,4,0>1,0,0"}
{"par":195,"whiteIs":"A","ptsW":null,"res":"tope","plies":80,"balW":177,"secs":7.1,"apertura":"1,-2,3>0,-1,2 -2,4,0>0,2,-1 2,-3,2>1,-2,3 1,3,-3>2,1,-2 4,-2,-1>3,0,-2 0,4,-3>1,2,-1"}
{"par":195,"whiteIs":"B","ptsW":1,"res":"mate","plies":65,"balW":-658,"secs":3.9,"apertura":"1,-2,3>0,-1,2 -2,4,0>0,2,-1 2,-3,2>1,-2,3 1,3,-3>2,1,-2 4,-2,-1>3,0,-2 0,4,-3>1,2,-1"}
{"par":196,"whiteIs":"A","ptsW":null,"res":"tope","plies":80,"balW":193,"secs":7.6,"apertura":"1,-3,3>0,-1,3 0,3,-2>1,2,-1 0,-1,3>-2,-1,4 -2,3,1>-2,2,1 0,-2,4>-1,-1,3 -2,3,0>-1,1,1"}
{"par":196,"whiteIs":"B","ptsW":0,"res":"mate","plies":78,"balW":-1016,"secs":5.3,"apertura":"1,-3,3>0,-1,3 0,3,-2>1,2,-1 0,-1,3>-2,-1,4 -2,3,1>-2,2,1 0,-2,4>-1,-1,3 -2,3,0>-1,1,1"}
{"par":197,"whiteIs":"A","ptsW":null,"res":"tope","plies":80,"balW":272,"secs":6.6,"apertura":"4,-2,-1>3,0,-2 0,4,-3>2,2,-2 2,-2,2>1,0,1 -3,3,2>-2,1,3 2,-3,2>2,-2,2 2,2,-2>2,0,-1"}
{"par":197,"whiteIs":"B","ptsW":0,"res":"mate","plies":56,"balW":-699,"secs":4.4,"apertura":"4,-2,-1>3,0,-2 0,4,-3>2,2,-2 2,-2,2>1,0,1 -3,3,2>-2,1,3 2,-3,2>2,-2,2 2,2,-2>2,0,-1"}
{"par":198,"whiteIs":"A","ptsW":null,"res":"tope","plies":80,"balW":848,"secs":6.6,"apertura":"3,-2,0>3,-1,0 -2,4,0>-3,2,2 1,-3,3>0,-1,3 0,3,-2>1,2,-1 3,-3,1>3,1,-3 -2,3,0>-1,2,1"}
{"par":198,"whiteIs":"B","ptsW":0,"res":"mate","plies":72,"balW":-1734,"secs":5.3,"apertura":"3,-2,0>3,-1,0 -2,4,0>-3,2,2 1,-3,3>0,-1,3 0,3,-2>1,2,-1 3,-3,1>3,1,-3 -2,3,0>-1,2,1"}
{"par":199,"whiteIs":"A","ptsW":null,"res":"tope","plies":80,"balW":100,"secs":4.9,"apertura":"1,-3,3>-1,-1,4 1,3,-2>1,2,-2 1,-2,2>0,0,1 -2,3,0>-1,2,1 -1,-1,4>-2,1,2 -1,3,0>0,1,1"}
{"par":199,"whiteIs":"B","ptsW":null,"res":"tope","plies":80,"balW":-318,"secs":7.5,"apertura":"1,-3,3>-1,-1,4 1,3,-2>1,2,-2 1,-2,2>0,0,1 -2,3,0>-1,2,1 -1,-1,4>-2,1,2 -1,3,0>0,1,1"}
{"par":200,"whiteIs":"A","ptsW":null,"res":"tope","plies":80,"balW":310,"secs":5.7,"apertura":"1,-2,2>1,-1,2 0,3,-1>0,2,-1 2,-2,2>1,0,1 0,4,-3>2,2,-2 3,-2,0>2,0,-1 -2,3,1>-2,2,1"}
{"par":200,"whiteIs":"B","ptsW":null,"res":"tope","plies":80,"balW":-370,"secs":4.6,"apertura":"1,-2,2>1,-1,2 0,3,-1>0,2,-1 2,-2,2>1,0,1 0,4,-3>2,2,-2 3,-2,0>2,0,-1 -2,3,1>-2,2,1"}
