{"par":1,"whiteIs":"A","ptsW":0,"res":"mate","plies":90,"balW":-1211,"secs":3.7,"apertura":"1,-3,3>1,-1,2 -1,3,-1>0,1,0 1,-1,2>-1,0,2 2,3,-3>2,2,-3 1,-2,2>0,0,1 -2,4,0>-3,2,2"}
{"par":1,"whiteIs":"B","ptsW":null,"res":"tope","plies":110,"balW":-1429,"secs":6,"apertura":"1,-3,3>1,-1,2 -1,3,-1>0,1,0 1,-1,2>-1,0,2 2,3,-3>2,2,-3 1,-2,2>0,0,1 -2,4,0>-3,2,2"}
{"par":2,"whiteIs":"A","ptsW":0,"res":"mate","plies":56,"balW":-382,"secs":2.7,"apertura":"3,-2,0>2,0,-1 -1,3,-1>0,2,0 2,-2,2>1,0,1 -3,3,2>-2,1,3 1,-2,3>0,0,2 -3,3,1>-2,2,2"}
{"par":2,"whiteIs":"B","ptsW":0.5,"res":"repetition","plies":35,"balW":0,"secs":1.8,"apertura":"3,-2,0>2,0,-1 -1,3,-1>0,2,0 2,-2,2>1,0,1 -3,3,2>-2,1,3 1,-2,3>0,0,2 -3,3,1>-2,2,2"}
{"par":3,"whiteIs":"A","ptsW":0,"res":"mate","plies":90,"balW":-318,"secs":3.5,"apertura":"0,-2,3>0,-1,3 -2,3,1>-2,2,1 1,-2,2>1,-1,2 0,4,-3>2,2,-2 2,-3,3>1,-2,2 2,2,-2>1,0,0"}
{"par":3,"whiteIs":"B","ptsW":1,"res":"mate","plies":93,"balW":465,"secs":6.6,"apertura":"0,-2,3>0,-1,3 -2,3,1>-2,2,1 1,-2,2>1,-1,2 0,4,-3>2,2,-2 2,-3,3>1,-2,2 2,2,-2>1,0,0"}
{"par":4,"whiteIs":"A","ptsW":0.5,"res":"repetition","plies":81,"balW":-1036,"secs":2.2,"apertura":"1,-2,2>0,0,1 -2,3,0>-1,1,1 2,-3,3>1,-2,2 -3,3,1>-2,1,2 1,-2,2>1,-1,2 0,4,-3>2,2,-2"}
{"par":4,"whiteIs":"B","ptsW":1,"res":"mate","plies":93,"balW":387,"secs":4.7,"apertura":"1,-2,2>0,0,1 -2,3,0>-1,1,1 2,-3,3>1,-2,2 -3,3,1>-2,1,2 1,-2,2>1,-1,2 0,4,-3>2,2,-2"}
{"par":5,"whiteIs":"A","ptsW":0.5,"res":"repetition","plies":47,"balW":-42,"secs":1.8,"apertura":"1,-2,3>0,0,2 2,3,-3>2,2,-3 4,-2,-1>3,0,-2 -1,3,0>0,1,1 -1,-2,4>-2,0,3 0,3,-2>1,2,-1"}
{"par":5,"whiteIs":"B","ptsW":0,"res":"mate","plies":56,"balW":-358,"secs":2.6,"apertura":"1,-2,3>0,0,2 2,3,-3>2,2,-3 4,-2,-1>3,0,-2 -1,3,0>0,1,1 -1,-2,4>-2,0,3 0,3,-2>1,2,-1"}
{"par":6,"whiteIs":"A","ptsW":1,"res":"mate","plies":75,"balW":1501,"secs":5.4,"apertura":"2,-2,1>2,-1,1 1,3,-2>1,2,-2 3,-3,1>1,-1,1 0,4,-2>3,1,-2 1,-1,1>0,-1,2 -1,3,-1>0,2,0"}
{"par":6,"whiteIs":"B","ptsW":null,"res":"tope","plies":110,"balW":-277,"secs":7.7,"apertura":"2,-2,1>2,-1,1 1,3,-2>1,2,-2 3,-3,1>1,-1,1 0,4,-2>3,1,-2 1,-1,1>0,-1,2 -1,3,-1>0,2,0"}
{"par":7,"whiteIs":"A","ptsW":1,"res":"mate","plies":39,"balW":648,"secs":0.9,"apertura":"3,-2,0>2,0,-1 0,3,-1>0,2,-1 4,-3,1>3,-1,-1 0,3,-2>1,2,-1 1,-3,3>0,-1,3 -2,3,1>-2,2,1"}
{"par":7,"whiteIs":"B","ptsW":null,"res":"tope","plies":110,"balW":630,"secs":5.5,"apertura":"3,-2,0>2,0,-1 0,3,-1>0,2,-1 4,-3,1>3,-1,-1 0,3,-2>1,2,-1 1,-3,3>0,-1,3 -2,3,1>-2,2,1"}
{"par":8,"whiteIs":"A","ptsW":1,"res":"mate","plies":85,"balW":-383,"secs":2.6,"apertura":"1,-2,2>1,-1,2 1,3,-2>1,2,-2 0,-2,4>-1,-1,3 0,4,-2>4,0,-2 3,-2,1>2,-1,0 2,3,-3>2,2,-3"}
{"par":8,"whiteIs":"B","ptsW":null,"res":"tope","plies":110,"balW":1300,"secs":2.9,"apertura":"1,-2,2>1,-1,2 1,3,-2>1,2,-2 0,-2,4>-1,-1,3 0,4,-2>4,0,-2 3,-2,1>2,-1,0 2,3,-3>2,2,-3"}
{"par":9,"whiteIs":"A","ptsW":null,"res":"tope","plies":110,"balW":-100,"secs":5.5,"apertura":"4,-3,1>3,-1,-1 1,3,-3>2,2,-2 0,-2,4>-1,0,3 -2,4,0>-3,2,2 1,-2,3>0,-1,2 -3,2,2>-2,4,0"}
{"par":9,"whiteIs":"B","ptsW":0,"res":"mate","plies":66,"balW":130,"secs":2.9,"apertura":"4,-3,1>3,-1,-1 1,3,-3>2,2,-2 0,-2,4>-1,0,3 -2,4,0>-3,2,2 1,-2,3>0,-1,2 -3,2,2>-2,4,0"}
{"par":10,"whiteIs":"A","ptsW":1,"res":"mate","plies":81,"balW":1781,"secs":1.9,"apertura":"1,-3,3>1,-1,2 1,3,-2>2,1,-1 2,-2,1>2,-1,1 -3,3,2>-3,2,2 -1,-2,4>-1,-1,4 0,4,-2>4,0,-2"}
{"par":10,"whiteIs":"B","ptsW":1,"res":"mate","plies":81,"balW":1336,"secs":3.2,"apertura":"1,-3,3>1,-1,2 1,3,-2>2,1,-1 2,-2,1>2,-1,1 -3,3,2>-3,2,2 -1,-2,4>-1,-1,4 0,4,-2>4,0,-2"}
{"par":11,"whiteIs":"A","ptsW":0,"res":"mate","plies":66,"balW":-2822,"secs":1.9,"apertura":"2,-2,2>1,0,1 -3,3,1>-2,1,2 3,-2,0>2,0,-1 0,3,-2>1,2,-1 2,-2,1>1,0,0 -2,4,0>-3,2,2"}
{"par":11,"whiteIs":"B","ptsW":0,"res":"mate","plies":42,"balW":-2022,"secs":1.3,"apertura":"2,-2,2>1,0,1 -3,3,1>-2,1,2 3,-2,0>2,0,-1 0,3,-2>1,2,-1 2,-2,1>1,0,0 -2,4,0>-3,2,2"}
{"par":12,"whiteIs":"A","ptsW":0.5,"res":"repetition","plies":21,"balW":48,"secs":0.5,"apertura":"1,-2,3>0,0,2 1,3,-2>1,2,-2 4,-3,1>3,-1,-1 -1,3,-1>0,2,0 0,0,2>-1,1,1 -3,3,1>-2,1,2"}
{"par":12,"whiteIs":"B","ptsW":null,"res":"tope","plies":110,"balW":483,"secs":4.5,"apertura":"1,-2,3>0,0,2 1,3,-2>1,2,-2 4,-3,1>3,-1,-1 -1,3,-1>0,2,0 0,0,2>-1,1,1 -3,3,1>-2,1,2"}
{"par":13,"whiteIs":"A","ptsW":0,"res":"mate","plies":94,"balW":-478,"secs":3.8,"apertura":"0,-2,3>0,-1,3 -3,3,1>-2,2,2 0,-1,3>-1,0,2 -1,3,0>0,1,1 2,-2,1>1,0,0 -3,3,2>-2,1,3"}
{"par":13,"whiteIs":"B","ptsW":null,"res":"tope","plies":110,"balW":795,"secs":4.4,"apertura":"0,-2,3>0,-1,3 -3,3,1>-2,2,2 0,-1,3>-1,0,2 -1,3,0>0,1,1 2,-2,1>1,0,0 -3,3,2>-2,1,3"}
{"par":14,"whiteIs":"A","ptsW":0,"res":"mate","plies":96,"balW":-2316,"secs":2.2,"apertura":"3,-2,0>2,0,-1 -1,3,-1>0,1,0 4,-2,-1>3,0,-2 -2,4,0>-2,2,1 4,-3,1>4,-2,-1 -1,4,-1>-1,3,-1"}
{"par":14,"whiteIs":"B","ptsW":1,"res":"mate","plies":97,"balW":-536,"secs":4.1,"apertura":"3,-2,0>2,0,-1 -1,3,-1>0,1,0 4,-2,-1>3,0,-2 -2,4,0>-2,2,1 4,-3,1>4,-2,-1 -1,4,-1>-1,3,-1"}
{"par":15,"whiteIs":"A","ptsW":1,"res":"mate","plies":57,"balW":230,"secs":2.3,"apertura":"0,-2,4>-1,0,3 1,3,-2>2,1,-1 1,-3,3>2,-1,1 -2,4,0>0,2,-1 -1,0,3>-2,1,2 0,2,-1>1,0,1"}
{"par":15,"whiteIs":"B","ptsW":0,"res":"mate","plies":96,"balW":-18,"secs":3.3,"apertura":"0,-2,4>-1,0,3 1,3,-2>2,1,-1 1,-3,3>2,-1,1 -2,4,0>0,2,-1 -1,0,3>-2,1,2 0,2,-1>1,0,1"}
{"par":16,"whiteIs":"A","ptsW":0,"res":"mate","plies":104,"balW":-175,"secs":3.7,"apertura":"1,-3,3>-1,-1,4 0,4,-3>1,2,-1 1,-2,3>0,-1,2 1,4,-3>0,4,-3 1,-3,4>1,1,0 1,2,-1>3,1,-3"}
{"par":16,"whiteIs":"B","ptsW":0,"res":"mate","plies":76,"balW":-541,"secs":2.2,"apertura":"1,-3,3>-1,-1,4 0,4,-3>1,2,-1 1,-2,3>0,-1,2 1,4,-3>0,4,-3 1,-3,4>1,1,0 1,2,-1>3,1,-3"}
{"par":17,"whiteIs":"A","ptsW":0,"res":"mate","plies":8,"balW":-100,"secs":0.2,"apertura":"0,-2,4>-1,-1,3 -1,3,-1>0,2,0 -1,-2,4>-2,0,3 -3,3,1>-2,2,2 4,-2,0>3,0,-1 -2,4,0>-2,2,1"}
{"par":17,"whiteIs":"B","ptsW":1,"res":"mate","plies":89,"balW":195,"secs":3.4,"apertura":"0,-2,4>-1,-1,3 -1,3,-1>0,2,0 -1,-2,4>-2,0,3 -3,3,1>-2,2,2 4,-2,0>3,0,-1 -2,4,0>-2,2,1"}
{"par":18,"whiteIs":"A","ptsW":1,"res":"mate","plies":79,"balW":1183,"secs":2.5,"apertura":"3,-2,1>2,0,0 -3,3,2>-2,1,3 4,-2,0>3,-1,-1 -2,3,1>-2,2,1 4,-2,-1>3,0,-2 -1,3,0>0,1,1"}
{"par":18,"whiteIs":"B","ptsW":0,"res":"mate","plies":72,"balW":-1176,"secs":2.4,"apertura":"3,-2,1>2,0,0 -3,3,2>-2,1,3 4,-2,0>3,-1,-1 -2,3,1>-2,2,1 4,-2,-1>3,0,-2 -1,3,0>0,1,1"}
{"par":19,"whiteIs":"A","ptsW":1,"res":"mate","plies":49,"balW":2547,"secs":1.1,"apertura":"0,-2,3>0,-1,3 0,4,-3>1,2,-1 1,-3,3>-1,-1,4 1,2,-1>0,0,1 0,-2,4>-1,0,3 0,3,-2>1,2,-1"}
{"par":19,"whiteIs":"B","ptsW":1,"res":"mate","plies":7,"balW":0,"secs":0.1,"apertura":"0,-2,3>0,-1,3 0,4,-3>1,2,-1 1,-3,3>-1,-1,4 1,2,-1>0,0,1 0,-2,4>-1,0,3 0,3,-2>1,2,-1"}
{"par":20,"whiteIs":"A","ptsW":null,"res":"tope","plies":110,"balW":-1987,"secs":2,"apertura":"3,-2,0>3,-1,0 -3,3,1>-2,2,2 4,-2,-1>3,0,-2 -3,4,0>-3,0,4 2,-2,1>1,0,0 -2,2,2>-2,1,2"}
{"par":20,"whiteIs":"B","ptsW":0,"res":"mate","plies":60,"balW":-1548,"secs":1.7,"apertura":"3,-2,0>3,-1,0 -3,3,1>-2,2,2 4,-2,-1>3,0,-2 -3,4,0>-3,0,4 2,-2,1>1,0,0 -2,2,2>-2,1,2"}
