{"par":41,"whiteIs":"A","ptsW":0,"res":"mate","plies":92,"balW":-1176,"secs":3.6,"apertura":"1,-2,2>0,0,1 -2,4,0>-2,2,1 1,-2,3>0,0,2 -1,3,-1>0,1,0 1,-3,4>1,0,1 0,3,-2>1,2,-1"}
{"par":41,"whiteIs":"B","ptsW":0,"res":"mate","plies":36,"balW":-310,"secs":1.7,"apertura":"1,-2,2>0,0,1 -2,4,0>-2,2,1 1,-2,3>0,0,2 -1,3,-1>0,1,0 1,-3,4>1,0,1 0,3,-2>1,2,-1"}
{"par":42,"whiteIs":"A","ptsW":1,"res":"mate","plies":85,"balW":1406,"secs":4.3,"apertura":"0,-2,3>0,-1,3 2,3,-3>3,1,-2 4,-2,-1>4,-1,-1 -3,3,1>-2,1,2 3,-2,0>3,-1,0 -2,4,0>-1,2,0"}
{"par":42,"whiteIs":"B","ptsW":1,"res":"mate","plies":101,"balW":-165,"secs":3.2,"apertura":"0,-2,3>0,-1,3 2,3,-3>3,1,-2 4,-2,-1>4,-1,-1 -3,3,1>-2,1,2 3,-2,0>3,-1,0 -2,4,0>-1,2,0"}
{"par":43,"whiteIs":"A","ptsW":0,"res":"mate","plies":92,"balW":-177,"secs":4.1,"apertura":"0,-2,4>-1,-1,3 -2,4,0>-1,2,0 4,-2,-1>4,-1,-1 1,3,-2>1,2,-2 4,-2,0>3,-1,-1 0,3,-1>1,1,0"}
{"par":43,"whiteIs":"B","ptsW":null,"res":"tope","plies":110,"balW":1401,"secs":4,"apertura":"0,-2,4>-1,-1,3 -2,4,0>-1,2,0 4,-2,-1>4,-1,-1 1,3,-2>1,2,-2 4,-2,0>3,-1,-1 0,3,-1>1,1,0"}
{"par":44,"whiteIs":"A","ptsW":0,"res":"mate","plies":42,"balW":-635,"secs":1.6,"apertura":"2,-2,1>2,-1,1 1,3,-2>2,1,-1 3,-3,1>1,-1,1 -2,3,0>-1,1,1 3,-2,1>2,-1,0 -3,4,0>-1,2,0"}
{"par":44,"whiteIs":"B","ptsW":0.5,"res":"repetition","plies":12,"balW":0,"secs":0.1,"apertura":"2,-2,1>2,-1,1 1,3,-2>2,1,-1 3,-3,1>1,-1,1 -2,3,0>-1,1,1 3,-2,1>2,-1,0 -3,4,0>-1,2,0"}
{"par":45,"whiteIs":"A","ptsW":null,"res":"tope","plies":110,"balW":725,"secs":4.7,"apertura":"-1,-2,4>-1,-1,4 -1,3,-1>0,2,0 3,-2,0>3,-1,0 -1,3,0>0,1,1 1,-3,3>0,-1,3 0,3,-1>1,1,0"}
{"par":45,"whiteIs":"B","ptsW":0,"res":"mate","plies":26,"balW":-765,"secs":0.8,"apertura":"-1,-2,4>-1,-1,4 -1,3,-1>0,2,0 3,-2,0>3,-1,0 -1,3,0>0,1,1 1,-3,3>0,-1,3 0,3,-1>1,1,0"}
{"par":46,"whiteIs":"A","ptsW":1,"res":"mate","plies":43,"balW":1899,"secs":2.1,"apertura":"1,-3,3>2,-1,1 0,3,-2>1,2,-1 2,-1,1>0,0,1 -2,4,0>0,2,-1 3,-2,1>2,-1,0 1,3,-3>2,2,-2"}
{"par":46,"whiteIs":"B","ptsW":1,"res":"mate","plies":71,"balW":806,"secs":2.5,"apertura":"1,-3,3>2,-1,1 0,3,-2>1,2,-1 2,-1,1>0,0,1 -2,4,0>0,2,-1 3,-2,1>2,-1,0 1,3,-3>2,2,-2"}
{"par":47,"whiteIs":"A","ptsW":1,"res":"mate","plies":109,"balW":-188,"secs":4.1,"apertura":"1,-3,3>0,-1,3 -3,3,1>-2,1,2 0,-1,3>1,-3,3 2,3,-3>3,1,-2 1,-2,3>0,0,2 1,3,-3>2,1,-2"}
{"par":47,"whiteIs":"B","ptsW":1,"res":"mate","plies":77,"balW":738,"secs":4,"apertura":"1,-3,3>0,-1,3 -3,3,1>-2,1,2 0,-1,3>1,-3,3 2,3,-3>3,1,-2 1,-2,3>0,0,2 1,3,-3>2,1,-2"}
{"par":48,"whiteIs":"A","ptsW":null,"res":"tope","plies":110,"balW":-2066,"secs":4.7,"apertura":"4,-3,1>3,-1,-1 -1,3,-1>0,1,0 4,-2,-1>4,-1,-1 -2,3,0>-1,2,1 3,-2,1>2,-1,0 -3,3,1>-2,2,2"}
{"par":48,"whiteIs":"B","ptsW":1,"res":"mate","plies":93,"balW":570,"secs":4.4,"apertura":"4,-3,1>3,-1,-1 -1,3,-1>0,1,0 4,-2,-1>4,-1,-1 -2,3,0>-1,2,1 3,-2,1>2,-1,0 -3,3,1>-2,2,2"}
{"par":49,"whiteIs":"A","ptsW":0,"res":"mate","plies":80,"balW":-1418,"secs":2.6,"apertura":"1,-2,2>1,-1,2 2,3,-3>2,2,-3 1,-2,3>0,-1,2 -2,3,0>-1,1,1 0,-2,4>-1,-1,3 -1,1,1>0,0,2"}
{"par":49,"whiteIs":"B","ptsW":0.5,"res":"repetition","plies":101,"balW":-65,"secs":4.2,"apertura":"1,-2,2>1,-1,2 2,3,-3>2,2,-3 1,-2,3>0,-1,2 -2,3,0>-1,1,1 0,-2,4>-1,-1,3 -1,1,1>0,0,2"}
{"par":50,"whiteIs":"A","ptsW":1,"res":"mate","plies":79,"balW":883,"secs":2.9,"apertura":"1,-3,3>1,-1,2 0,4,-3>1,2,-1 2,-2,1>1,0,0 1,2,-1>0,0,1 0,-2,3>-1,0,2 0,3,-2>1,2,-1"}
{"par":50,"whiteIs":"B","ptsW":1,"res":"mate","plies":77,"balW":-25,"secs":2.7,"apertura":"1,-3,3>1,-1,2 0,4,-3>1,2,-1 2,-2,1>1,0,0 1,2,-1>0,0,1 0,-2,3>-1,0,2 0,3,-2>1,2,-1"}
{"par":51,"whiteIs":"A","ptsW":1,"res":"mate","plies":101,"balW":1246,"secs":3.5,"apertura":"4,-3,1>3,-1,-1 1,3,-2>2,1,-1 1,-3,3>-1,-1,4 -2,4,0>-3,2,2 0,-2,3>0,-1,3 0,4,-2>4,0,-2"}
{"par":51,"whiteIs":"B","ptsW":null,"res":"tope","plies":110,"balW":-295,"secs":4.9,"apertura":"4,-3,1>3,-1,-1 1,3,-2>2,1,-1 1,-3,3>-1,-1,4 -2,4,0>-3,2,2 0,-2,3>0,-1,3 0,4,-2>4,0,-2"}
{"par":52,"whiteIs":"A","ptsW":0,"res":"mate","plies":80,"balW":128,"secs":3.3,"apertura":"3,-2,1>2,0,0 -2,3,1>-1,1,2 2,-2,2>1,0,1 -1,3,0>-1,2,0 1,-2,2>0,0,1 1,3,-3>2,1,-2"}
{"par":52,"whiteIs":"B","ptsW":1,"res":"mate","plies":103,"balW":2169,"secs":3,"apertura":"3,-2,1>2,0,0 -2,3,1>-1,1,2 2,-2,2>1,0,1 -1,3,0>-1,2,0 1,-2,2>0,0,1 1,3,-3>2,1,-2"}
{"par":53,"whiteIs":"A","ptsW":1,"res":"mate","plies":81,"balW":265,"secs":4.4,"apertura":"3,-2,0>3,-1,0 1,3,-2>2,1,-1 3,-1,0>2,0,-1 1,3,-3>2,2,-2 1,-3,3>-1,-1,4 2,2,-2>2,1,-2"}
{"par":53,"whiteIs":"B","ptsW":1,"res":"mate","plies":75,"balW":1083,"secs":2.5,"apertura":"3,-2,0>3,-1,0 1,3,-2>2,1,-1 3,-1,0>2,0,-1 1,3,-3>2,2,-2 1,-3,3>-1,-1,4 2,2,-2>2,1,-2"}
{"par":54,"whiteIs":"A","ptsW":null,"res":"tope","plies":110,"balW":1204,"secs":4.1,"apertura":"4,-2,-1>3,0,-2 1,3,-3>2,2,-2 0,-2,3>-1,0,2 -1,3,-1>0,1,0 2,-2,2>1,0,1 -1,3,0>-1,2,0"}
{"par":54,"whiteIs":"B","ptsW":1,"res":"mate","plies":43,"balW":-100,"secs":1.6,"apertura":"4,-2,-1>3,0,-2 1,3,-3>2,2,-2 0,-2,3>-1,0,2 -1,3,-1>0,1,0 2,-2,2>1,0,1 -1,3,0>-1,2,0"}
{"par":55,"whiteIs":"A","ptsW":1,"res":"mate","plies":93,"balW":1023,"secs":3.7,"apertura":"3,-2,0>2,0,-1 -1,3,-1>0,2,0 4,-2,-1>3,0,-2 1,3,-2>1,2,-2 -1,-2,4>-2,0,3 -1,3,0>-1,2,0"}
{"par":55,"whiteIs":"B","ptsW":null,"res":"tope","plies":110,"balW":-848,"secs":3.8,"apertura":"3,-2,0>2,0,-1 -1,3,-1>0,2,0 4,-2,-1>3,0,-2 1,3,-2>1,2,-2 -1,-2,4>-2,0,3 -1,3,0>-1,2,0"}
{"par":56,"whiteIs":"A","ptsW":null,"res":"tope","plies":110,"balW":541,"secs":4,"apertura":"1,-2,2>1,-1,2 -3,3,2>-3,2,2 0,-2,4>-1,-1,3 -2,4,0>-1,2,0 3,-2,1>2,0,0 0,3,-2>1,1,-1"}
{"par":56,"whiteIs":"B","ptsW":1,"res":"mate","plies":107,"balW":-65,"secs":3.2,"apertura":"1,-2,2>1,-1,2 -3,3,2>-3,2,2 0,-2,4>-1,-1,3 -2,4,0>-1,2,0 3,-2,1>2,0,0 0,3,-2>1,1,-1"}
{"par":57,"whiteIs":"A","ptsW":null,"res":"tope","plies":110,"balW":1413,"secs":4,"apertura":"0,-2,3>-1,0,2 -1,3,0>0,1,1 1,-2,3>0,-1,2 2,3,-3>2,2,-3 2,-3,2>1,-2,3 -1,3,-1>0,1,0"}
{"par":57,"whiteIs":"B","ptsW":null,"res":"tope","plies":110,"balW":-318,"secs":2.3,"apertura":"0,-2,3>-1,0,2 -1,3,0>0,1,1 1,-2,3>0,-1,2 2,3,-3>2,2,-3 2,-3,2>1,-2,3 -1,3,-1>0,1,0"}
{"par":58,"whiteIs":"A","ptsW":0,"res":"mate","plies":12,"balW":0,"secs":0.2,"apertura":"3,-2,0>2,0,-1 -3,3,2>-2,1,3 1,-2,2>1,-1,2 1,3,-3>2,2,-2 4,-2,-1>3,0,-2 -2,1,3>-2,0,3"}
{"par":58,"whiteIs":"B","ptsW":1,"res":"mate","plies":71,"balW":587,"secs":1.7,"apertura":"3,-2,0>2,0,-1 -3,3,2>-2,1,3 1,-2,2>1,-1,2 1,3,-3>2,2,-2 4,-2,-1>3,0,-2 -2,1,3>-2,0,3"}
{"par":59,"whiteIs":"A","ptsW":null,"res":"tope","plies":110,"balW":-95,"secs":2.3,"apertura":"3,-2,0>3,-1,0 2,3,-3>3,1,-2 4,-2,-1>3,0,-2 -3,3,2>-2,1,3 0,-2,3>-1,0,2 -2,3,1>-2,2,1"}
{"par":59,"whiteIs":"B","ptsW":1,"res":"mate","plies":89,"balW":113,"secs":2.2,"apertura":"3,-2,0>3,-1,0 2,3,-3>3,1,-2 4,-2,-1>3,0,-2 -3,3,2>-2,1,3 0,-2,3>-1,0,2 -2,3,1>-2,2,1"}
{"par":60,"whiteIs":"A","ptsW":1,"res":"mate","plies":93,"balW":1606,"secs":2.5,"apertura":"4,-2,0>3,0,-1 -1,3,-1>0,2,0 3,0,-1>2,1,-2 1,3,-3>2,2,-2 1,-2,3>0,-1,2 0,2,0>0,1,0"}
{"par":60,"whiteIs":"B","ptsW":1,"res":"mate","plies":77,"balW":1229,"secs":3.1,"apertura":"4,-2,0>3,0,-1 -1,3,-1>0,2,0 3,0,-1>2,1,-2 1,3,-3>2,2,-2 1,-2,3>0,-1,2 0,2,0>0,1,0"}
